<!doctype html public "-//w3c//dtd html 4.0 transitional//en">
<html><head>
<title>Static Call Graph - [.\obj\GPRS_OS.axf]</title></head>
<body><HR>
<H1>Static Call Graph for image .\obj\GPRS_OS.axf</H1><HR>
<BR><P>#&#060CALLGRAPH&#062# ARM Linker, RVCT3.1 [Build 942]: Last Updated: Mon Nov 02 15:27:29 2009
<BR><P>
<H3>Maximum Stack Usage =       1504 bytes + Unknown(Functions without stacksize, Cycles, Untraceable Function Pointers)</H3><H3>
Call chain for Maximum Stack Depth:</H3>
NewMessage
<P>
<H3>
Functions with no stack information
</H3><UL>
 <LI><a href="#[c80cd0]">Reset_Handler</a>
 <LI><a href="#[c80d18]">__user_initial_stackheap</a>
 <LI><a href="#[c81700]">IRQ_Handler</a>
 <LI><a href="#[c81e58]">Timer0_Handler</a>
 <LI><a href="#[c81d80]">Uart0_Handler</a>
 <LI><a href="#[c81d38]">Uart1_Handler</a>
 <LI><a href="#[c81cf0]">Uart2_Handler</a>
 <LI><a href="#[c81ca8]">Uart3_Handler</a>
 <LI><a href="#[c81f30]">CAN_Handler</a>
 <LI><a href="#[c81e10]">Timer1_Handler</a>
 <LI><a href="#[c81dc8]">Timer2_Handler</a>
 <LI><a href="#[c81ee8]">EINT2_Handler</a>
 <LI><a href="#[c80c88]">SoftwareInterrupt</a>
 <LI><a href="#[c81628]">OSIntCtxSw</a>
 <LI><a href="#[c7ee18]">__OSStartHighRdy</a>
 <LI><a href="#[c80f10]">Undef_Handler</a>
 <LI><a href="#[c80ec8]">PAbt_Handler</a>
 <LI><a href="#[c80e80]">DAbt_Handler</a>
 <LI><a href="#[c80e38]">FIQ_Handler</a>
</UL>
</UL>
<P>
<H3>
Mutually Recursive functions
</H3> <LI><a href="#[c80f10]">Undef_Handler</a>&nbsp;&nbsp;&nbsp;&rArr;&nbsp;&nbsp;&nbsp;<a href="#[c80f10]">Undef_Handler</a><BR>
 <LI><a href="#[c80ec8]">PAbt_Handler</a>&nbsp;&nbsp;&nbsp;&rArr;&nbsp;&nbsp;&nbsp;<a href="#[c80ec8]">PAbt_Handler</a><BR>
 <LI><a href="#[c80e80]">DAbt_Handler</a>&nbsp;&nbsp;&nbsp;&rArr;&nbsp;&nbsp;&nbsp;<a href="#[c80e80]">DAbt_Handler</a><BR>
</UL>
<P>
<H3>
Function Pointers
</H3><UL>
 <LI><a href="#[1051240]">Init</a>
 <LI><a href="#[1051120]">Open</a>
 <LI><a href="#[1051048]">Close</a>
 <LI><a href="#[1050e98]">Write</a>
 <LI><a href="#[1050f70]">Read</a>
 <LI><a href="#[c80cd0]">Reset_Handler</a>
 <LI><a href="#[c80f10]">Undef_Handler</a>
 <LI><a href="#[c80c88]">SoftwareInterrupt</a>
 <LI><a href="#[c80ec8]">PAbt_Handler</a>
 <LI><a href="#[c80e80]">DAbt_Handler</a>
 <LI><a href="#[c80e38]">FIQ_Handler</a>
 <LI><a href="#[18719f0]">__main</a>
 <LI><a href="#[1979de8]">__ARM_get_argv</a>
 <LI><a href="#[c81ee8]">EINT2_Handler</a>
 <LI><a href="#[c81e10]">Timer1_Handler</a>
 <LI><a href="#[c81dc8]">Timer2_Handler</a>
 <LI><a href="#[c81e58]">Timer0_Handler</a>
 <LI><a href="#[c81d80]">Uart0_Handler</a>
 <LI><a href="#[c81d38]">Uart1_Handler</a>
 <LI><a href="#[c81cf0]">Uart2_Handler</a>
 <LI><a href="#[c81ca8]">Uart3_Handler</a>
 <LI><a href="#[c81f30]">CAN_Handler</a>
 <LI><a href="#[14a95e0]">CE_High</a>
 <LI><a href="#[14a9598]">CE_Low</a>
 <LI><a href="#[18753a8]">main</a>
 <LI><a href="#[197ab50]">__I_use_semihosting</a>
 <LI><a href="#[c81628]">OSIntCtxSw</a>
 <LI><a href="#[c81628]">OSIntCtxSw</a>
 <LI><a href="#[c7ee18]">__OSStartHighRdy</a>
 <LI><a href="#[c756c8]">nand_calculate_ecc</a>
 <LI><a href="#[c75680]">nand_correct_data</a>
 <LI><a href="#[c75638]">Crc</a>
 <LI><a href="#[c755f0]">CheckSum</a>
 <LI><a href="#[c755a8]">CheckAdd</a>
 <LI><a href="#[c75560]">Crc1021</a>
 <LI><a href="#[10564c8]">Asc2Bcd</a>
 <LI><a href="#[1056480]">Bcd2Asc</a>
 <LI><a href="#[1056438]">Asc2Algorism</a>
 <LI><a href="#[10563f0]">Algorism2Asc</a>
 <LI><a href="#[1056360]">Asc2HexBuf</a>
 <LI><a href="#[10562d0]">HexBuf2Asc</a>
 <LI><a href="#[1056288]">Asc2Hex</a>
 <LI><a href="#[1056240]">Hex2Asc</a>
 <LI><a href="#[1056090]">Asc2Float</a>
 <LI><a href="#[10561f8]">Bcd2Hex</a>
 <LI><a href="#[10561b0]">Hex2Bcd</a>
 <LI><a href="#[1056168]">JugeAscBcd</a>
 <LI><a href="#[10560d8]">JugeAscHex</a>
 <LI><a href="#[1056048]">JugeAscFloat</a>
 <LI><a href="#[1056120]">JugeHexBcd</a>
 <LI><a href="#[1056000]">ClsArray</a>
 <LI><a href="#[1055fb8]">MoveByte</a>
 <LI><a href="#[1055f70]">CompareBuf</a>
 <LI><a href="#[1055f28]">CompareVa</a>
 <LI><a href="#[1055ee0]">Strsize</a>
 <LI><a href="#[1055e50]">Strsize16</a>
 <LI><a href="#[1055e98]">StrATChar</a>
 <LI><a href="#[1055e08]">LookStr</a>
 <LI><a href="#[1055d30]">LookEnable</a>
 <LI><a href="#[1055dc0]">LookStrInLength</a>
 <LI><a href="#[1055d78]">LookStrDown</a>
 <LI><a href="#[1055ce8]">LookShowChar</a>
 <LI><a href="#[1055c58]">SeekStr</a>
 <LI><a href="#[1055c10]">MemSpace</a>
 <LI><a href="#[1055b38]">JugeBufType</a>
 <LI><a href="#[10559d0]">PhoPdu</a>
 <LI><a href="#[1055a60]">gsmEncode7bit</a>
 <LI><a href="#[1055a18]">PduNumber</a>
 <LI><a href="#[10558b0]">ExpPdu</a>
 <LI><a href="#[1055988]">Bit72Bit8</a>
 <LI><a href="#[1055868]">GetCsq</a>
 <LI><a href="#[1055aa8]">StrToUni</a>
 <LI><a href="#[10558f8]">UniToStr</a>
 <LI><a href="#[1055b80]">INT322IPAsc</a>
 <LI><a href="#[1055bc8]">IPAsc2INT32</a>
 <LI><a href="#[1055820]">IP2Char</a>
 <LI><a href="#[10557d8]">Char2IP</a>
 <LI><a href="#[1055790]">LookBufInLength</a>
 <LI><a href="#[1053238]">Juge</a>
 <LI><a href="#[1053088]">Next</a>
 <LI><a href="#[1052f20]">Back</a>
 <LI><a href="#[1052ed8]">GetWeek</a>
 <LI><a href="#[104ec20]">Init</a>
 <LI><a href="#[104eb90]">Read</a>
 <LI><a href="#[104eb00]">Write</a>
 <LI><a href="#[104cbd0]">Open</a>
 <LI><a href="#[104cb40]">Start</a>
 <LI><a href="#[104caf8]">RwSpi</a>
 <LI><a href="#[104cab0]">Write</a>
 <LI><a href="#[104ca68]">Read</a>
 <LI><a href="#[104c9d8]">JugeByte</a>
 <LI><a href="#[104ca20]">JugeBuf</a>
 <LI><a href="#[104c990]">End</a>
 <LI><a href="#[104c948]">Close</a>
 <LI><a href="#[104ad18]">Init</a>
 <LI><a href="#[104ab20]">Open</a>
 <LI><a href="#[104a970]">Close</a>
 <LI><a href="#[104a658]">Read</a>
 <LI><a href="#[104a4a8]">Write</a>
 <LI><a href="#[1047e28]">Init</a>
 <LI><a href="#[1047de0]">Open</a>
 <LI><a href="#[1047d50]">Read</a>
 <LI><a href="#[1047d98]">Close</a>
 <LI><a href="#[10458a8]">Init</a>
 <LI><a href="#[1045860]">Open</a>
 <LI><a href="#[1045590]">Read</a>
 <LI><a href="#[1045548]">Close</a>
 <LI><a href="#[1043080]">Init</a>
 <LI><a href="#[1043038]">Read</a>
 <LI><a href="#[1042ff0]">Huawei_CloseShow</a>
 <LI><a href="#[1042f60]">GetChipID</a>
 <LI><a href="#[1042f18]">Huawei_GetModermState</a>
 <LI><a href="#[1042ed0]">Huawei_GetModermCard</a>
 <LI><a href="#[1042e40]">Huawei_GetCenterNumber</a>
 <LI><a href="#[1042df8]">Huawei_GetMessage</a>
 <LI><a href="#[1042db0]">Huawei_SetTxtOrPdu</a>
 <LI><a href="#[1042d68]">Huawei_SeeTxtOrPdu</a>
 <LI><a href="#[1042d20]">Huawei_MsgSend</a>
 <LI><a href="#[1042cd8]">Huawei_MsgSendData</a>
 <LI><a href="#[1042c90]">Huawei_SeeCarrier</a>
 <LI><a href="#[1042c48]">Huawei_SQ</a>
 <LI><a href="#[1042c00]">Huawei_DelMsg</a>
 <LI><a href="#[1042bb8]">Huawei_Set_Mem</a>
 <LI><a href="#[1042b70]">Huawei_MessSet</a>
 <LI><a href="#[1042b28]">Huawei_Upadate</a>
 <LI><a href="#[1042ae0]">Huawei_Reg</a>
 <LI><a href="#[1042a98]">Huawei_CLIP</a>
 <LI><a href="#[1042a50]">Huawei_ATD</a>
 <LI><a href="#[1042a08]">Huawei_Chup</a>
 <LI><a href="#[10429c0]">Huawei_ATA</a>
 <LI><a href="#[1042978]">Huawei_IMEI</a>
 <LI><a href="#[1042930]">Huawei_CGDCONT</a>
 <LI><a href="#[10428e8]">Huawei_Etcpip</a>
 <LI><a href="#[10428a0]">Huawei_IOMODE</a>
 <LI><a href="#[1042858]">Huawei_IPOPENX</a>
 <LI><a href="#[1042810]">Huawei_IPSENDX</a>
 <LI><a href="#[10427c8]">Huawei_SeeDataRead</a>
 <LI><a href="#[1042780]">Huawei_IPDR</a>
 <LI><a href="#[1042618]">Huawei_IPCLOSE</a>
 <LI><a href="#[10425d0]">Huawei_LogOnTCPIP</a>
 <LI><a href="#[1042738]">Huawei_JugeETCPIP</a>
 <LI><a href="#[10426f0]">Huawei_DNSR</a>
 <LI><a href="#[10426a8]">Huawei_IPR</a>
 <LI><a href="#[1042660]">Huawei_CLCC</a>
 <LI><a href="#[1042588]">Huawei_SEEIPCLOSE</a>
 <LI><a href="#[1042540]">Huawei_PowerDown</a>
 <LI><a href="#[10424f8]">Huawei_SeeCGDCONT</a>
 <LI><a href="#[10424b0]">Huawei_SendExtension</a>
 <LI><a href="#[1042468]">Huawei_SetVolume</a>
 <LI><a href="#[124f5d0]">Init</a>
 <LI><a href="#[124f300]">PowerUp</a>
 <LI><a href="#[124f2b8]">PowerDown</a>
 <LI><a href="#[124f270]">Read</a>
 <LI><a href="#[124c358]">Init1</a>
 <LI><a href="#[124c0d0]">Open1</a>
 <LI><a href="#[124c040]">Close1</a>
 <LI><a href="#[124be90]">Read1</a>
 <LI><a href="#[124be00]">GetState1</a>
 <LI><a href="#[1249298]">Init</a>
 <LI><a href="#[1249250]">Open</a>
 <LI><a href="#[1249208]">Close</a>
 <LI><a href="#[1249178]">Read</a>
 <LI><a href="#[12469c0]">Init</a>
 <LI><a href="#[1246978]">Open</a>
 <LI><a href="#[1246930]">Close</a>
 <LI><a href="#[12468a0]">Read</a>
 <LI><a href="#[1243600]">Init</a>
 <LI><a href="#[12435b8]">Open</a>
 <LI><a href="#[1243570]">Close</a>
 <LI><a href="#[1243528]">Read</a>
 <LI><a href="#[12434e0]">GetState</a>
 <LI><a href="#[1243450]">Get</a>
 <LI><a href="#[12433c0]">GetID2Par</a>
 <LI><a href="#[1243408]">GetPar2ID</a>
 <LI><a href="#[1243498]">GetSi</a>
 <LI><a href="#[12ef840]">Init</a>
 <LI><a href="#[12ef7f8]">Open</a>
 <LI><a href="#[12ef7b0]">Close</a>
 <LI><a href="#[12ef3c0]">Read</a>
 <LI><a href="#[12ef378]">GetState</a>
 <LI><a href="#[12ec318]">Host_Answer</a>
 <LI><a href="#[12ec2d0]">Host_DeliverCentr</a>
 <LI><a href="#[12ec288]">Host_SysInfor</a>
 <LI><a href="#[12ec240]">Host_Phone</a>
 <LI><a href="#[12ec1f8]">Host_InitStart</a>
 <LI><a href="#[12ec1b0]">Host_InitOver</a>
 <LI><a href="#[12ec168]">Host_HostSoft</a>
 <LI><a href="#[12ec120]">Host_ConInfor</a>
 <LI><a href="#[12ec048]">Host_ParAnswer</a>
 <LI><a href="#[12ec5e8]">Init</a>
 <LI><a href="#[12ec5a0]">Open</a>
 <LI><a href="#[12ec3a8]">Close</a>
 <LI><a href="#[12ec3f0]">Read1</a>
 <LI><a href="#[12e9350]">Init</a>
 <LI><a href="#[12e9308]">Open</a>
 <LI><a href="#[12e92c0]">Close</a>
 <LI><a href="#[12e9230]">Read</a>
 <LI><a href="#[12e91e8]">GetState</a>
 <LI><a href="#[12e63d0]">Init</a>
 <LI><a href="#[12e6388]">Open</a>
 <LI><a href="#[12e6340]">Close</a>
 <LI><a href="#[12e6268]">Read</a>
 <LI><a href="#[12e3428]">Init</a>
 <LI><a href="#[12e33e0]">Open</a>
 <LI><a href="#[12e3398]">Close</a>
 <LI><a href="#[12e3350]">Read</a>
 <LI><a href="#[12e09d0]">Init</a>
 <LI><a href="#[12e0988]">Open</a>
 <LI><a href="#[12e0940]">Close</a>
 <LI><a href="#[12e0868]">Read</a>
 <LI><a href="#[12bdbf0]">Init</a>
 <LI><a href="#[12bdba8]">Open</a>
 <LI><a href="#[12bdb60]">Close</a>
 <LI><a href="#[12bda40]">Read</a>
 <LI><a href="#[12bb108]">Init</a>
 <LI><a href="#[12bb0c0]">Open</a>
 <LI><a href="#[12bb078]">Close</a>
 <LI><a href="#[12bafe8]">Read</a>
 <LI><a href="#[12b8b40]">Init</a>
 <LI><a href="#[12b8af8]">Open</a>
 <LI><a href="#[12b8ab0]">Close</a>
 <LI><a href="#[12b8a68]">Read</a>
 <LI><a href="#[12b63b0]">Init</a>
 <LI><a href="#[12b6368]">Open</a>
 <LI><a href="#[12b6320]">Close</a>
 <LI><a href="#[12b62d8]">Read</a>
 <LI><a href="#[12b3b98]">Init1</a>
 <LI><a href="#[12b3910]">CreateBin1</a>
 <LI><a href="#[12b3880]">CreateRecoder1</a>
 <LI><a href="#[12b3688]">Open1</a>
 <LI><a href="#[12b35f8]">Close1</a>
 <LI><a href="#[12b3568]">ReadBin1</a>
 <LI><a href="#[12b34d8]">WriteBin1</a>
 <LI><a href="#[12b3400]">ReadRecoder2</a>
 <LI><a href="#[12b32e0]">WriteRecoder2</a>
 <LI><a href="#[12b3298]">GetJlNum1</a>
 <LI><a href="#[12b3208]">Seek1</a>
 <LI><a href="#[12b3178]">SeekSize1</a>
 <LI><a href="#[12b3130]">ReadHeadTail</a>
 <LI><a href="#[12b30e8]">ReadPor</a>
 <LI><a href="#[12b30a0]">GetPointNum</a>
 <LI><a href="#[12b0700]">Init</a>
 <LI><a href="#[12b06b8]">Open</a>
 <LI><a href="#[12b0670]">Close</a>
 <LI><a href="#[145bbf0]">Init</a>
 <LI><a href="#[145bba8]">InitSys1</a>
 <LI><a href="#[145bb60]">InitMessage1</a>
 <LI><a href="#[145bb18]">InitPhone1</a>
 <LI><a href="#[145bad0]">InitGprs1</a>
 <LI><a href="#[145ba40]">OpenSys1</a>
 <LI><a href="#[145b9b0]">OpenMessage1</a>
 <LI><a href="#[145b920]">OpenIP1</a>
 <LI><a href="#[145b890]">OpenPhone1</a>
 <LI><a href="#[145b848]">CloseSys1</a>
 <LI><a href="#[145b7b8]">CloseMessage1</a>
 <LI><a href="#[145b800]">CloseIP1</a>
 <LI><a href="#[145b770]">ClosePhone1</a>
 <LI><a href="#[145b380]">ReadMessage1</a>
 <LI><a href="#[145b2f0]">ReadIP1</a>
 <LI><a href="#[145b260]">ReadPhone1</a>
 <LI><a href="#[145b1d0]">AgreePhone1</a>
 <LI><a href="#[145b140]">CloseCall1</a>
 <LI><a href="#[145b0b0]">SendMessage1</a>
 <LI><a href="#[145b068]">SendIP1</a>
 <LI><a href="#[145afd8]">SendPhone1</a>
 <LI><a href="#[145af48]">SetVolume1</a>
 <LI><a href="#[145b6e0]">GetSysState1</a>
 <LI><a href="#[145b650]">GetMessageState1</a>
 <LI><a href="#[145b5c0]">GetPhoneState1</a>
 <LI><a href="#[145b530]">GetIPState1</a>
 <LI><a href="#[145b410]">DNSRIP1</a>
 <LI><a href="#[145b4a0]">GetIpPro1</a>
 <LI><a href="#[1457658]">Init</a>
 <LI><a href="#[14575c8]">Open</a>
 <LI><a href="#[1457580]">Close</a>
 <LI><a href="#[1457538]">Read</a>
 <LI><a href="#[14574f0]">Enable</a>
 <LI><a href="#[14574a8]">DisEnable</a>
 <LI><a href="#[1457460]">GetEnable</a>
 <LI><a href="#[1457418]">GetPro</a>
 <LI><a href="#[14573d0]">EditPro</a>
 <LI><a href="#[1454300]">Init</a>
 <LI><a href="#[14542b8]">Open</a>
 <LI><a href="#[1454270]">Close</a>
 <LI><a href="#[1451048]">Init</a>
 <LI><a href="#[1451000]">Open</a>
 <LI><a href="#[1450fb8]">Close</a>
 <LI><a href="#[1450f70]">Get</a>
 <LI><a href="#[1556990]">Explain_Answer</a>
 <LI><a href="#[1556948]">Explain_Track</a>
 <LI><a href="#[1556900]">Explain_SetPar</a>
 <LI><a href="#[15568b8]">Explain_AmendMenum</a>
 <LI><a href="#[1556870]">Explain_LoaderTxt</a>
 <LI><a href="#[1556828]">Explain_LoaderTxtMenum</a>
 <LI><a href="#[15567e0]">Explain_SetPhone</a>
 <LI><a href="#[1556798]">Explain_CallAnswer</a>
 <LI><a href="#[1556750]">Explain_UpdateSoftWare</a>
 <LI><a href="#[1556708]">Explain_LookPar</a>
 <LI><a href="#[15566c0]">Explain_Contrl</a>
 <LI><a href="#[1556678]">Explain_ConfineCall</a>
 <LI><a href="#[1556630]">Explain_ConfigCentrSever</a>
 <LI><a href="#[15565a0]">Explain_LookJpg</a>
 <LI><a href="#[1556558]">Explain_JpgIng</a>
 <LI><a href="#[1556510]">Explain_SetVidType</a>
 <LI><a href="#[15564c8]">Explain_TabelList</a>
 <LI><a href="#[1556480]">Explain_WorkParTimer</a>
 <LI><a href="#[1556438]">Explain_WorkParSpace</a>
 <LI><a href="#[15563f0]">Explain_LookLog</a>
 <LI><a href="#[15563a8]">Explain_SetWaringTerm</a>
 <LI><a href="#[1556360]">Explain_SetRound</a>
 <LI><a href="#[1556318]">Explain_DelRound</a>
 <LI><a href="#[15562d0]">Explain_SetRectangle</a>
 <LI><a href="#[1556288]">Explain_DelRectangle</a>
 <LI><a href="#[1556240]">Explain_SetPolygon</a>
 <LI><a href="#[15561f8]">Explain_DelPolygon</a>
 <LI><a href="#[15561b0]">Explain_SetRoadMap</a>
 <LI><a href="#[1556168]">Explain_DelRoadMap</a>
 <LI><a href="#[1556120]">Explain_Reduce</a>
 <LI><a href="#[15560d8]">Explain_Driver</a>
 <LI><a href="#[1556090]">Explain_Navigation</a>
 <LI><a href="#[1556048]">Explain_HandTxt</a>
 <LI><a href="#[1556000]">Explain_HandAttemper</a>
 <LI><a href="#[1555fb8]">Explain_AmendForm</a>
 <LI><a href="#[1555f70]">Explain_UpLoaderForm</a>
 <LI><a href="#[1555f28]">Explain_UpLoaderFormSuc</a>
 <LI><a href="#[1555ee0]">Explain_UpLoaderFormErro</a>
 <LI><a href="#[1555e98]">Explain_UpLoaderCan</a>
 <LI><a href="#[15569d8]">Explain</a>
 <LI><a href="#[1552200]">Explain_GetSeverComPar</a>
 <LI><a href="#[1552200]">Explain_GetSeverComPar</a>
 <LI><a href="#[1552200]">Explain_GetSeverComPar</a>
 <LI><a href="#[1552200]">Explain_GetSeverComPar</a>
 <LI><a href="#[15521b8]">Explain_Answer</a>
 <LI><a href="#[1552200]">Explain_GetSeverComPar</a>
 <LI><a href="#[1552170]">Explain_Menum</a>
 <LI><a href="#[1552128]">Explain_TxtMenum</a>
 <LI><a href="#[15520e0]">Explain_LookPar</a>
 <LI><a href="#[1552098]">Explain_UpdateSoftWare</a>
 <LI><a href="#[1552050]">Explain_Waring</a>
 <LI><a href="#[1552008]">Explain_UploaderJpg1</a>
 <LI><a href="#[1551fc0]">Explain_UploaderJpg2</a>
 <LI><a href="#[1551f78]">Explain_UploaderPar</a>
 <LI><a href="#[1551f30]">Explain_UploaderLog</a>
 <LI><a href="#[1551ee8]">Explain_UpLoaderWarning</a>
 <LI><a href="#[1551ea0]">Explain_OutRoadMap</a>
 <LI><a href="#[1551e58]">Explain_UpLoaderReduce</a>
 <LI><a href="#[1551e10]">Explain_UpLoaderDriver</a>
 <LI><a href="#[1551dc8]">Explain_UpLoaderHandMess</a>
 <LI><a href="#[1551d80]">Explain_NoSem</a>
 <LI><a href="#[1551d38]">Explain_UpLoaderFrom</a>
 <LI><a href="#[1551cf0]">Explain_OverFromErro</a>
 <LI><a href="#[1551ca8]">Explain_PriceData</a>
 <LI><a href="#[1552248]">Explain</a>
 <LI><a href="#[154df38]">Init</a>
 <LI><a href="#[154dea8]">Open</a>
 <LI><a href="#[154de60]">Close</a>
 <LI><a href="#[154de18]">Read</a>
 <LI><a href="#[154dcf8]">Write</a>
 <LI><a href="#[154dcb0]">GetPar2ID</a>
 <LI><a href="#[14ab870]">Init</a>
 <LI><a href="#[14ab798]">ReadID</a>
 <LI><a href="#[14ab6c0]">LookBad</a>
 <LI><a href="#[14ab678]">JugeByte</a>
 <LI><a href="#[14ab630]">JugeBuf</a>
 <LI><a href="#[14ab5e8]">Ease</a>
 <LI><a href="#[14ab5a0]">FMwrPg</a>
 <LI><a href="#[14ab708]">FMrdPg517</a>
 <LI><a href="#[14a9628]">Init</a>
 <LI><a href="#[14a9550]">ReadID</a>
 <LI><a href="#[14a9508]">JugeByte</a>
 <LI><a href="#[14a94c0]">JugeBuf</a>
 <LI><a href="#[14a9280]">Ease</a>
 <LI><a href="#[14a9238]">Write</a>
 <LI><a href="#[14a91f0]">Read</a>
 <LI><a href="#[14a6fa0]">Open</a>
 <LI><a href="#[14a7030]">FormatFlash</a>
 <LI><a href="#[14a7078]">CreatBad</a>
 <LI><a href="#[14a6f58]">JugeFlash</a>
 <LI><a href="#[14a6f10]">WriteFlash</a>
 <LI><a href="#[14a6ec8]">ReadFlash</a>
 <LI><a href="#[14a6e80]">EaseFlash</a>
 <LI><a href="#[14a4e40]">Open</a>
 <LI><a href="#[14a4db0]">Read</a>
 <LI><a href="#[14a4c90]">Write</a>
 <LI><a href="#[14a4c48]">Ease</a>
 <LI><a href="#[149ddc0]">ReadFlow</a>
 <LI><a href="#[149dc10]">WriteFlow</a>
 <LI><a href="#[149dd30]">ReadDataFlow</a>
 <LI><a href="#[149dbc8]">GetFlowWaringType</a>
 <LI><a href="#[149daf0]">GetPhonesSize</a>
 <LI><a href="#[149daa8]">GetPhoneCut</a>
 <LI><a href="#[149da60]">WritePhone</a>
 <LI><a href="#[149da18]">ClearState</a>
 <LI><a href="#[149d9d0]">GetState</a>
 <LI><a href="#[149d988]">SetState</a>
 <LI><a href="#[149db38]">AddSpace</a>
 <LI><a href="#[149db80]">ReadSpace</a>
 <LI><a href="#[149dce8]">ReadParTable</a>
 <LI><a href="#[149d940]">GetAreaData</a>
 <LI><a href="#[149d8b0]">AccessAear</a>
 <LI><a href="#[149d868]">DelAear</a>
 <LI><a href="#[1498c10]">LogInfor</a>
 <LI><a href="#[1498bc8]">Orientation</a>
 <LI><a href="#[1498bc8]">Orientation</a>
 <LI><a href="#[1498bc8]">Orientation</a>
 <LI><a href="#[1498b80]">Menum</a>
 <LI><a href="#[1498b38]">TxtMenum</a>
 <LI><a href="#[1498af0]">LookPar</a>
 <LI><a href="#[1498aa8]">UpdateSoftWare</a>
 <LI><a href="#[1498a60]">Waring</a>
 <LI><a href="#[1498a18]">UploaderJpg1</a>
 <LI><a href="#[1498988]">UploaderJpg2</a>
 <LI><a href="#[1498940]">UploaderPar</a>
 <LI><a href="#[1498868]">UploaderLog</a>
 <LI><a href="#[1498820]">UpLoaderWarning</a>
 <LI><a href="#[14987d8]">OutRoadMap</a>
 <LI><a href="#[1498790]">UpLoaderReduce1</a>
 <LI><a href="#[1498748]">UpLoaderDriver</a>
 <LI><a href="#[1498700]">UpLoaderHandMess</a>
 <LI><a href="#[1499240]">Init</a>
 <LI><a href="#[1498e98]">NoSemSend</a>
 <LI><a href="#[1498ce8]">WriteFlow</a>
 <LI><a href="#[1498ca0]">WriteCommand</a>
 <LI><a href="#[1498c58]">Answer</a>
 <LI><a href="#[1493338]">AgreeData</a>
 <LI><a href="#[14932f0]">Orientation</a>
 <LI><a href="#[14932a8]">Track</a>
 <LI><a href="#[1493260]">SetPar1</a>
 <LI><a href="#[1493218]">UnlockWaring</a>
 <LI><a href="#[14931d0]">AmendMenum</a>
 <LI><a href="#[1493188]">LoaderTxt</a>
 <LI><a href="#[1493140]">LoaderTxtMenum</a>
 <LI><a href="#[14930f8]">SetPhone</a>
 <LI><a href="#[14930b0]">CallAnswer</a>
 <LI><a href="#[1493068]">UpdateSoftWare</a>
 <LI><a href="#[1493020]">LookPar</a>
 <LI><a href="#[1492fd8]">Contrl</a>
 <LI><a href="#[1492f90]">ConfineCall</a>
 <LI><a href="#[1492f48]">ConfigCentrSever</a>
 <LI><a href="#[1492f00]">Activation</a>
 <LI><a href="#[1492eb8]">LookJpg</a>
 <LI><a href="#[1492e70]">JpgIng</a>
 <LI><a href="#[1492e28]">SetVidType</a>
 <LI><a href="#[1492de0]">TabelList</a>
 <LI><a href="#[1492d98]">LookWorkPar</a>
 <LI><a href="#[1492d50]">WorkParTimer</a>
 <LI><a href="#[1492d08]">WorkParSpace</a>
 <LI><a href="#[1492cc0]">LookLog</a>
 <LI><a href="#[1492c78]">SetWaringTerm</a>
 <LI><a href="#[1492c30]">LookWaringTerm</a>
 <LI><a href="#[1492be8]">SetRound</a>
 <LI><a href="#[1492ba0]">DelRound</a>
 <LI><a href="#[1492b58]">SetRectangle</a>
 <LI><a href="#[1492b10]">DelRectangle</a>
 <LI><a href="#[1492ac8]">SetPolygon</a>
 <LI><a href="#[1492a80]">DelPolygon</a>
 <LI><a href="#[1492a38]">SetRoadMap</a>
 <LI><a href="#[14929f0]">DelRoadMap</a>
 <LI><a href="#[14929a8]">Reduce</a>
 <LI><a href="#[1492960]">Driver</a>
 <LI><a href="#[1492918]">Navigation</a>
 <LI><a href="#[14928d0]">HandTxt</a>
 <LI><a href="#[1492888]">HandAttemper</a>
 <LI><a href="#[1492840]">AmendForm</a>
 <LI><a href="#[14927f8]">UpLoaderForm</a>
 <LI><a href="#[14927b0]">UpLoaderFormSuc</a>
 <LI><a href="#[1492768]">UpLoaderFormErro</a>
 <LI><a href="#[1492720]">UpLoaderCan</a>
 <LI><a href="#[148d578]">Init</a>
 <LI><a href="#[14884f8]">AccOper</a>
 <LI><a href="#[14884b0]">OpenGps</a>
 <LI><a href="#[14884b0]">OpenGps</a>
 <LI><a href="#[14884b0]">OpenGps</a>
 <LI><a href="#[14884b0]">OpenGps</a>
 <LI><a href="#[14884b0]">OpenGps</a>
 <LI><a href="#[14884b0]">OpenGps</a>
 <LI><a href="#[14884b0]">OpenGps</a>
 <LI><a href="#[14884b0]">OpenGps</a>
 <LI><a href="#[14884b0]">OpenGps</a>
 <LI><a href="#[14884b0]">OpenGps</a>
 <LI><a href="#[14884b0]">OpenGps</a>
 <LI><a href="#[14884b0]">OpenGps</a>
 <LI><a href="#[14884b0]">OpenGps</a>
 <LI><a href="#[1488468]">OpenGprs</a>
 <LI><a href="#[1488468]">OpenGprs</a>
 <LI><a href="#[1488468]">OpenGprs</a>
 <LI><a href="#[1488468]">OpenGprs</a>
 <LI><a href="#[1488468]">OpenGprs</a>
 <LI><a href="#[1488468]">OpenGprs</a>
 <LI><a href="#[1488468]">OpenGprs</a>
 <LI><a href="#[1488468]">OpenGprs</a>
 <LI><a href="#[1488468]">OpenGprs</a>
 <LI><a href="#[1488468]">OpenGprs</a>
 <LI><a href="#[1488468]">OpenGprs</a>
 <LI><a href="#[1488468]">OpenGprs</a>
 <LI><a href="#[1488468]">OpenGprs</a>
 <LI><a href="#[1488420]">CloseGps</a>
 <LI><a href="#[14883d8]">CloseGprs</a>
 <LI><a href="#[1482ad8]">Init</a>
 <LI><a href="#[1482898]">GetData</a>
 <LI><a href="#[17caff8]">InitSpace</a>
 <LI><a href="#[17caf20]">GetGps</a>
 <LI><a href="#[17caed8]">Space_Track</a>
 <LI><a href="#[17cae90]">Space_WorkParSpace</a>
 <LI><a href="#[17c73b8]">Juge</a>
 <LI><a href="#[17c3560]">Init</a>
 <LI><a href="#[17beba8]">Order_Phone</a>
 <LI><a href="#[17beb18]">SeePar</a>
 <LI><a href="#[17bead0]">SetPar</a>
 <LI><a href="#[17bea88]">Log</a>
 <LI><a href="#[17bea40]">Voic</a>
 <LI><a href="#[17be9f8]">LCDRef</a>
 <LI><a href="#[17bec80]">Init</a>
 <LI><a href="#[17bec38]">GetData</a>
 <LI><a href="#[1819d50]">Init</a>
 <LI><a href="#[1819b10]">ptFunNewPhone</a>
 <LI><a href="#[1819cc0]">ptFunHupWork</a>
 <LI><a href="#[1819c78]">NewMessage</a>
 <LI><a href="#[1819ac8]">CloseCall</a>
 <LI><a href="#[1814a30]">Init</a>
 <LI><a href="#[180d248]">ClearTimer</a>
 <LI><a href="#[180d1b8]">ChargeLogin</a>
 <LI><a href="#[180d170]">ChargeLoadDev</a>
 <LI><a href="#[180d488]">Init</a>
 <LI><a href="#[180d440]">OpenGps</a>
 <LI><a href="#[180d3f8]">CloseGps</a>
 <LI><a href="#[180d2d8]">OpenGprs</a>
 <LI><a href="#[180d290]">CloseGprs</a>
 <LI><a href="#[180d368]">OpenGprsNo</a>
 <LI><a href="#[180d200]">OpenUart</a>
 <LI><a href="#[1051240]">Init</a>
 <LI><a href="#[1051120]">Open</a>
 <LI><a href="#[1051048]">Close</a>
 <LI><a href="#[1050e98]">Write</a>
 <LI><a href="#[1050f70]">Read</a>
</UL>
<P>
<H3>
Global Symbols
</H3>
<P><STRONG><a name="[c80cd0]"></a>Reset_Handler</STRONG> (ARM, 0 bytes, Stack size unknown bytes, startup.o(RESET))
<BR><BR>[Stack]<UL><LI>Max Depth = 4 + Unknown Stack Size
<LI>Call Chain = Reset_Handler &rArr; TargetResetInit
</UL>
<BR>[Calls]<UL><LI><a href="#[c82200]">&gt;&gt;</a>&nbsp;&nbsp;&nbsp;TargetResetInit
</UL>
<BR>[Address Reference Count : 1]<UL><LI> startup.o(RESET)
</UL>
<P><STRONG><a name="[18719f0]"></a>__main</STRONG> (ARM, 8 bytes, Stack size 0 bytes, __main.o(!!!main))
<BR><BR>[Stack]<UL><LI>Max Depth = 64 + Unknown Stack Size
<LI>Call Chain = __main &rArr; __rt_entry &rArr; __rt_lib_init &rArr; _rand_init &rArr; srand
</UL>
<BR>[Calls]<UL><LI><a href="#[186e7e8]">&gt;&gt;</a>&nbsp;&nbsp;&nbsp;__rt_entry
<LI><a href="#[1976240]">&gt;&gt;</a>&nbsp;&nbsp;&nbsp;__scatterload
</UL>

<P><STRONG><a name="[1976240]"></a>__scatterload</STRONG> (ARM, 0 bytes, Stack size unknown bytes, __scatter.o(!!!scatter))
<BR><BR>[Called By]<UL><LI><a href="#[18719f0]">&gt;&gt;</a>&nbsp;&nbsp;&nbsp;__main
</UL>

<P><STRONG><a name="[19761f8]"></a>__scatterload_rt2</STRONG> (ARM, 52 bytes, Stack size unknown bytes, __scatter.o(!!!scatter), UNUSED)
<BR><BR>[Calls]<UL><LI><a href="#[186e7e8]">&gt;&gt;</a>&nbsp;&nbsp;&nbsp;__rt_entry
</UL>

<P><STRONG><a name="[19761b0]"></a>__scatterload_null</STRONG> (ARM, 0 bytes, Stack size unknown bytes, __scatter.o(!!!scatter), UNUSED)

<P><STRONG><a name="[19764c8]"></a>__decompress</STRONG> (ARM, 92 bytes, Stack size unknown bytes, __dczerorl2.o(!!dczerorl2), UNUSED)

<P><STRONG><a name="[1976480]"></a>__decompress1</STRONG> (ARM, 0 bytes, Stack size unknown bytes, __dczerorl2.o(!!dczerorl2), UNUSED)

<P><STRONG><a name="[1975f70]"></a>__scatterload_zeroinit</STRONG> (ARM, 44 bytes, Stack size unknown bytes, __scatter_zi.o(!!handler_zi), UNUSED)

<P><STRONG><a name="[197c6f8]"></a>__ARM_argv_veneer</STRONG> (ARM, 16 bytes, Stack size 0 bytes, lib_init.o(.emb_text))
<BR><BR>[Called By]<UL><LI><a href="#[197c668]">&gt;&gt;</a>&nbsp;&nbsp;&nbsp;__rt_lib_init (via Veneer)
</UL>

<P><STRONG><a name="[c822d8]"></a>ConfigurePLL</STRONG> (ARM, 304 bytes, Stack size 0 bytes, target.o(.text))
<BR><BR>[Called By]<UL><LI><a href="#[c82200]">&gt;&gt;</a>&nbsp;&nbsp;&nbsp;TargetResetInit
</UL>

<P><STRONG><a name="[c82290]"></a>GPIOResetInit</STRONG> (ARM, 120 bytes, Stack size 0 bytes, target.o(.text))
<BR><BR>[Called By]<UL><LI><a href="#[c82200]">&gt;&gt;</a>&nbsp;&nbsp;&nbsp;TargetResetInit
</UL>

<P><STRONG><a name="[c82248]"></a>init_VIC</STRONG> (ARM, 88 bytes, Stack size 0 bytes, target.o(.text))
<BR><BR>[Called By]<UL><LI><a href="#[c82200]">&gt;&gt;</a>&nbsp;&nbsp;&nbsp;TargetResetInit
</UL>

<P><STRONG><a name="[c82200]"></a>TargetResetInit</STRONG> (ARM, 92 bytes, Stack size 4 bytes, target.o(.text))
<BR><BR>[Stack]<UL><LI>Max Depth = 4<LI>Call Chain = TargetResetInit
</UL>
<BR>[Calls]<UL><LI><a href="#[c82248]">&gt;&gt;</a>&nbsp;&nbsp;&nbsp;init_VIC
<LI><a href="#[c82290]">&gt;&gt;</a>&nbsp;&nbsp;&nbsp;GPIOResetInit
<LI><a href="#[c822d8]">&gt;&gt;</a>&nbsp;&nbsp;&nbsp;ConfigurePLL
</UL>
<BR>[Called By]<UL><LI><a href="#[c80cd0]">&gt;&gt;</a>&nbsp;&nbsp;&nbsp;Reset_Handler
</UL>

<P><STRONG><a name="[c821b8]"></a>Install_IRQ</STRONG> (ARM, 92 bytes, Stack size 8 bytes, target.o(.text))
<BR><BR>[Stack]<UL><LI>Max Depth = 8<LI>Call Chain = Install_IRQ
</UL>
<BR>[Called By]<UL><LI><a href="#[c82008]">&gt;&gt;</a>&nbsp;&nbsp;&nbsp;VIC_Setup
</UL>

<P><STRONG><a name="[c82170]"></a>init_port</STRONG> (ARM, 72 bytes, Stack size 0 bytes, target.o(.text))
<BR><BR>[Called By]<UL><LI><a href="#[c81fc0]">&gt;&gt;</a>&nbsp;&nbsp;&nbsp;TargetInit
</UL>

<P><STRONG><a name="[c82128]"></a>IRQ_Exception</STRONG> (ARM, 8 bytes, Stack size 0 bytes, target.o(.text), UNUSED)
<BR><BR>[Called By]<UL><LI><a href="#[c81700]">&gt;&gt;</a>&nbsp;&nbsp;&nbsp;IRQ_Handler
</UL>

<P><STRONG><a name="[c820e0]"></a>FIQ_Exception</STRONG> (ARM, 8 bytes, Stack size 0 bytes, target.o(.text))
<BR><BR>[Called By]<UL><LI><a href="#[c80e38]">&gt;&gt;</a>&nbsp;&nbsp;&nbsp;FIQ_Handler
</UL>

<P><STRONG><a name="[c82098]"></a>Timer0_Exception</STRONG> (ARM, 36 bytes, Stack size 8 bytes, target.o(.text))
<BR><BR>[Stack]<UL><LI>Max Depth = 16<LI>Call Chain = Timer0_Exception &rArr; OSTimeTick
</UL>
<BR>[Calls]<UL><LI><a href="#[c81ea0]">&gt;&gt;</a>&nbsp;&nbsp;&nbsp;OSTimeTick
</UL>
<BR>[Called By]<UL><LI><a href="#[c81e58]">&gt;&gt;</a>&nbsp;&nbsp;&nbsp;Timer0_Handler
</UL>

<P><STRONG><a name="[c82050]"></a>Timer0Init</STRONG> (ARM, 48 bytes, Stack size 0 bytes, target.o(.text))
<BR><BR>[Called By]<UL><LI><a href="#[c81fc0]">&gt;&gt;</a>&nbsp;&nbsp;&nbsp;TargetInit
</UL>

<P><STRONG><a name="[c82008]"></a>VIC_Setup</STRONG> (ARM, 156 bytes, Stack size 4 bytes, target.o(.text))
<BR><BR>[Stack]<UL><LI>Max Depth = 12<LI>Call Chain = VIC_Setup &rArr; Install_IRQ
</UL>
<BR>[Calls]<UL><LI><a href="#[c821b8]">&gt;&gt;</a>&nbsp;&nbsp;&nbsp;Install_IRQ
</UL>
<BR>[Called By]<UL><LI><a href="#[c81fc0]">&gt;&gt;</a>&nbsp;&nbsp;&nbsp;TargetInit
</UL>

<P><STRONG><a name="[c81fc0]"></a>TargetInit</STRONG> (ARM, 44 bytes, Stack size 8 bytes, target.o(.text))
<BR><BR>[Stack]<UL><LI>Max Depth = 20<LI>Call Chain = TargetInit &rArr; VIC_Setup &rArr; Install_IRQ
</UL>
<BR>[Calls]<UL><LI><a href="#[c82008]">&gt;&gt;</a>&nbsp;&nbsp;&nbsp;VIC_Setup
<LI><a href="#[c82050]">&gt;&gt;</a>&nbsp;&nbsp;&nbsp;Timer0Init
<LI><a href="#[c82170]">&gt;&gt;</a>&nbsp;&nbsp;&nbsp;init_port
<LI><a href="#[c82bd8]">&gt;&gt;</a>&nbsp;&nbsp;&nbsp;InitWTD
<LI><a href="#[1873848]">&gt;&gt;</a>&nbsp;&nbsp;&nbsp;srand (via Veneer)
</UL>
<BR>[Called By]<UL><LI><a href="#[18753a8]">&gt;&gt;</a>&nbsp;&nbsp;&nbsp;main
</UL>

<P><STRONG><a name="[c81f78]"></a>WatchDog</STRONG> (ARM, 72 bytes, Stack size 0 bytes, target.o(.text))
<BR><BR>[Called By]<UL><LI><a href="#[c7f1c8]">&gt;&gt;</a>&nbsp;&nbsp;&nbsp;OSTaskIdleHook
<LI><a href="#[1047d50]">&gt;&gt;</a>&nbsp;&nbsp;&nbsp;Read
<LI><a href="#[1050ee0]">&gt;&gt;</a>&nbsp;&nbsp;&nbsp;Write0
<LI><a href="#[124f540]">&gt;&gt;</a>&nbsp;&nbsp;&nbsp;ModermCom1
<LI><a href="#[12e08b0]">&gt;&gt;</a>&nbsp;&nbsp;&nbsp;Send
<LI><a href="#[12e08f8]">&gt;&gt;</a>&nbsp;&nbsp;&nbsp;Agree
<LI><a href="#[12ec4c8]">&gt;&gt;</a>&nbsp;&nbsp;&nbsp;AgreeData
<LI><a href="#[12ef450]">&gt;&gt;</a>&nbsp;&nbsp;&nbsp;JugeOrder
<LI><a href="#[1454348]">&gt;&gt;</a>&nbsp;&nbsp;&nbsp;Task
<LI><a href="#[14576a0]">&gt;&gt;</a>&nbsp;&nbsp;&nbsp;Task
<LI><a href="#[154dd40]">&gt;&gt;</a>&nbsp;&nbsp;&nbsp;Write1
<LI><a href="#[154dd88]">&gt;&gt;</a>&nbsp;&nbsp;&nbsp;WriteSig
<LI><a href="#[1814be0]">&gt;&gt;</a>&nbsp;&nbsp;&nbsp;GetSevPar
<LI><a href="#[1814c28]">&gt;&gt;</a>&nbsp;&nbsp;&nbsp;GetSevParSigle
</UL>

<P><STRONG><a name="[c80d18]"></a>__user_initial_stackheap</STRONG> (ARM, 0 bytes, Stack size unknown bytes, startup.o(.text))
<BR><BR>[Called By]<UL><LI><a href="#[186e1c0]">&gt;&gt;</a>&nbsp;&nbsp;&nbsp;__user_setup_stackheap
</UL>

<P><STRONG><a name="[c7f4e0]"></a>OSTaskStkInit</STRONG> (ARM, 232 bytes, Stack size 8 bytes, os_cpu_c.o(.text))
<BR><BR>[Stack]<UL><LI>Max Depth = 8<LI>Call Chain = OSTaskStkInit
</UL>
<BR>[Called By]<UL><LI><a href="#[c77628]">&gt;&gt;</a>&nbsp;&nbsp;&nbsp;OSTaskCreate
<LI><a href="#[c7d370]">&gt;&gt;</a>&nbsp;&nbsp;&nbsp;OSTaskCreateExt
</UL>

<P><STRONG><a name="[c7f498]"></a>SWI_Exception</STRONG> (ARM, 336 bytes, Stack size 4 bytes, os_cpu_c.o(.text))
<BR><BR>[Stack]<UL><LI>Max Depth = 4<LI>Call Chain = SWI_Exception
</UL>
<BR>[Called By]<UL><LI><a href="#[c80c88]">&gt;&gt;</a>&nbsp;&nbsp;&nbsp;SoftwareInterrupt
</UL>

<P><STRONG><a name="[c7f450]"></a>OSStartHighRdy</STRONG> (ARM, 16 bytes, Stack size 8 bytes, os_cpu_c.o(.text))
<BR><BR>[Stack]<UL><LI>Max Depth = 8<LI>Call Chain = OSStartHighRdy
</UL>
<BR>[Called By]<UL><LI><a href="#[c7d5f8]">&gt;&gt;</a>&nbsp;&nbsp;&nbsp;OSStart
</UL>

<P><STRONG><a name="[c7f408]"></a>OSInitHookBegin</STRONG> (ARM, 4 bytes, Stack size 0 bytes, os_cpu_c.o(.text))
<BR><BR>[Called By]<UL><LI><a href="#[c7d760]">&gt;&gt;</a>&nbsp;&nbsp;&nbsp;OSInit
</UL>

<P><STRONG><a name="[c7f3c0]"></a>OSInitHookEnd</STRONG> (ARM, 4 bytes, Stack size 0 bytes, os_cpu_c.o(.text))
<BR><BR>[Called By]<UL><LI><a href="#[c7d760]">&gt;&gt;</a>&nbsp;&nbsp;&nbsp;OSInit
</UL>

<P><STRONG><a name="[c7f378]"></a>OSTaskCreateHook</STRONG> (ARM, 8 bytes, Stack size 0 bytes, os_cpu_c.o(.text))
<BR><BR>[Called By]<UL><LI><a href="#[c7d3b8]">&gt;&gt;</a>&nbsp;&nbsp;&nbsp;OS_TCBInit
</UL>

<P><STRONG><a name="[c7f330]"></a>OSTaskDelHook</STRONG> (ARM, 8 bytes, Stack size 0 bytes, os_cpu_c.o(.text), UNUSED)
<BR><BR>[Called By]<UL><LI><a href="#[c775e0]">&gt;&gt;</a>&nbsp;&nbsp;&nbsp;OSTaskDel
</UL>

<P><STRONG><a name="[c7f2e8]"></a>OSTaskSwHook</STRONG> (ARM, 4 bytes, Stack size 0 bytes, os_cpu_c.o(.text))
<BR><BR>[Called By]<UL><LI><a href="#[c7ee18]">&gt;&gt;</a>&nbsp;&nbsp;&nbsp;__OSStartHighRdy
<LI><a href="#[c81628]">&gt;&gt;</a>&nbsp;&nbsp;&nbsp;OSIntCtxSw
</UL>

<P><STRONG><a name="[c7f2a0]"></a>OSTaskStatHook</STRONG> (ARM, 4 bytes, Stack size 0 bytes, os_cpu_c.o(.text), UNUSED)
<BR><BR>[Called By]<UL><LI><a href="#[c7d7f0]">&gt;&gt;</a>&nbsp;&nbsp;&nbsp;OS_TaskStat
</UL>

<P><STRONG><a name="[c7f258]"></a>OSTCBInitHook</STRONG> (ARM, 8 bytes, Stack size 0 bytes, os_cpu_c.o(.text))
<BR><BR>[Called By]<UL><LI><a href="#[c7d3b8]">&gt;&gt;</a>&nbsp;&nbsp;&nbsp;OS_TCBInit
</UL>

<P><STRONG><a name="[c7f210]"></a>OSTimeTickHook</STRONG> (ARM, 4 bytes, Stack size 0 bytes, os_cpu_c.o(.text))
<BR><BR>[Called By]<UL><LI><a href="#[c81ea0]">&gt;&gt;</a>&nbsp;&nbsp;&nbsp;OSTimeTick
</UL>

<P><STRONG><a name="[c7f1c8]"></a>OSTaskIdleHook</STRONG> (ARM, 16 bytes, Stack size 8 bytes, os_cpu_c.o(.text), UNUSED)
<BR><BR>[Calls]<UL><LI><a href="#[c81f78]">&gt;&gt;</a>&nbsp;&nbsp;&nbsp;WatchDog
</UL>
<BR>[Called By]<UL><LI><a href="#[c7d7a8]">&gt;&gt;</a>&nbsp;&nbsp;&nbsp;OS_TaskIdle
</UL>

<P><STRONG><a name="[c7d7f0]"></a>OS_TaskStat</STRONG> (ARM, 220 bytes, Stack size 24 bytes, os_core.o(.text), UNUSED)
<BR><BR>[Calls]<UL><LI><a href="#[c7d328]">&gt;&gt;</a>&nbsp;&nbsp;&nbsp;OSTimeDly
<LI><a href="#[c7f2a0]">&gt;&gt;</a>&nbsp;&nbsp;&nbsp;OSTaskStatHook
<LI><a href="#[1872928]">&gt;&gt;</a>&nbsp;&nbsp;&nbsp;__aeabi_uidivmod
</UL>

<P><STRONG><a name="[c7d7a8]"></a>OS_TaskIdle</STRONG> (ARM, 48 bytes, Stack size 8 bytes, os_core.o(.text), UNUSED)
<BR><BR>[Calls]<UL><LI><a href="#[c7f1c8]">&gt;&gt;</a>&nbsp;&nbsp;&nbsp;OSTaskIdleHook
</UL>

<P><STRONG><a name="[c7d760]"></a>OSInit</STRONG> (ARM, 56 bytes, Stack size 8 bytes, os_core.o(.text))
<BR><BR>[Stack]<UL><LI>Max Depth = 128<LI>Call Chain = OSInit &rArr; OS_InitTaskIdle &rArr; OSTaskCreateExt &rArr; OS_TCBInit
</UL>
<BR>[Calls]<UL><LI><a href="#[c7d250]">&gt;&gt;</a>&nbsp;&nbsp;&nbsp;OS_QInit
<LI><a href="#[c7d298]">&gt;&gt;</a>&nbsp;&nbsp;&nbsp;OS_MemInit
<LI><a href="#[c7d2e0]">&gt;&gt;</a>&nbsp;&nbsp;&nbsp;OS_FlagInit
<LI><a href="#[c7e378]">&gt;&gt;</a>&nbsp;&nbsp;&nbsp;OS_InitMisc
<LI><a href="#[c7e3c0]">&gt;&gt;</a>&nbsp;&nbsp;&nbsp;OS_InitRdyList
<LI><a href="#[c7e408]">&gt;&gt;</a>&nbsp;&nbsp;&nbsp;OS_InitTCBList
<LI><a href="#[c7e450]">&gt;&gt;</a>&nbsp;&nbsp;&nbsp;OS_InitEventList
<LI><a href="#[c7e498]">&gt;&gt;</a>&nbsp;&nbsp;&nbsp;OS_InitTaskIdle
<LI><a href="#[c7e4e0]">&gt;&gt;</a>&nbsp;&nbsp;&nbsp;OS_InitTaskStat
<LI><a href="#[c7f3c0]">&gt;&gt;</a>&nbsp;&nbsp;&nbsp;OSInitHookEnd
<LI><a href="#[c7f408]">&gt;&gt;</a>&nbsp;&nbsp;&nbsp;OSInitHookBegin
</UL>
<BR>[Called By]<UL><LI><a href="#[18753a8]">&gt;&gt;</a>&nbsp;&nbsp;&nbsp;main
</UL>

<P><STRONG><a name="[c7d718]"></a>OSIntEnter</STRONG> (ARM, 56 bytes, Stack size 0 bytes, os_core.o(.text), UNUSED)

<P><STRONG><a name="[c815e0]"></a>OSIntExit</STRONG> (ARM, 240 bytes, Stack size 8 bytes, os_core.o(.text))
<BR><BR>[Stack]<UL><LI>Max Depth = 8<LI>Call Chain = OSIntExit
</UL>
<BR>[Called By]<UL><LI><a href="#[c81700]">&gt;&gt;</a>&nbsp;&nbsp;&nbsp;IRQ_Handler
<LI><a href="#[c81ca8]">&gt;&gt;</a>&nbsp;&nbsp;&nbsp;Uart3_Handler
<LI><a href="#[c81cf0]">&gt;&gt;</a>&nbsp;&nbsp;&nbsp;Uart2_Handler
<LI><a href="#[c81d38]">&gt;&gt;</a>&nbsp;&nbsp;&nbsp;Uart1_Handler
<LI><a href="#[c81d80]">&gt;&gt;</a>&nbsp;&nbsp;&nbsp;Uart0_Handler
<LI><a href="#[c81dc8]">&gt;&gt;</a>&nbsp;&nbsp;&nbsp;Timer2_Handler
<LI><a href="#[c81e10]">&gt;&gt;</a>&nbsp;&nbsp;&nbsp;Timer1_Handler
<LI><a href="#[c81e58]">&gt;&gt;</a>&nbsp;&nbsp;&nbsp;Timer0_Handler
<LI><a href="#[c81ee8]">&gt;&gt;</a>&nbsp;&nbsp;&nbsp;EINT2_Handler
<LI><a href="#[c81f30]">&gt;&gt;</a>&nbsp;&nbsp;&nbsp;CAN_Handler
</UL>

<P><STRONG><a name="[c7d6d0]"></a>OSSchedLock</STRONG> (ARM, 72 bytes, Stack size 8 bytes, os_core.o(.text), UNUSED)

<P><STRONG><a name="[c7d688]"></a>OS_Sched</STRONG> (ARM, 168 bytes, Stack size 8 bytes, os_core.o(.text))
<BR><BR>[Stack]<UL><LI>Max Depth = 8<LI>Call Chain = OS_Sched
</UL>
<BR>[Called By]<UL><LI><a href="#[c76850]">&gt;&gt;</a>&nbsp;&nbsp;&nbsp;OSTimeDlyResume
<LI><a href="#[c774c0]">&gt;&gt;</a>&nbsp;&nbsp;&nbsp;OSTaskSuspend
<LI><a href="#[c77550]">&gt;&gt;</a>&nbsp;&nbsp;&nbsp;OSTaskResume
<LI><a href="#[c775e0]">&gt;&gt;</a>&nbsp;&nbsp;&nbsp;OSTaskDel
<LI><a href="#[c77628]">&gt;&gt;</a>&nbsp;&nbsp;&nbsp;OSTaskCreate
<LI><a href="#[c77670]">&gt;&gt;</a>&nbsp;&nbsp;&nbsp;OSTaskChangePrio
<LI><a href="#[c78270]">&gt;&gt;</a>&nbsp;&nbsp;&nbsp;OSSemPost
<LI><a href="#[c782b8]">&gt;&gt;</a>&nbsp;&nbsp;&nbsp;OSSemPend
<LI><a href="#[c78300]">&gt;&gt;</a>&nbsp;&nbsp;&nbsp;OSSemDel
<LI><a href="#[c78f20]">&gt;&gt;</a>&nbsp;&nbsp;&nbsp;OSQPostOpt
<LI><a href="#[c78f68]">&gt;&gt;</a>&nbsp;&nbsp;&nbsp;OSQPostFront
<LI><a href="#[c78fb0]">&gt;&gt;</a>&nbsp;&nbsp;&nbsp;OSQPost
<LI><a href="#[c78ff8]">&gt;&gt;</a>&nbsp;&nbsp;&nbsp;OSQPend
<LI><a href="#[c79088]">&gt;&gt;</a>&nbsp;&nbsp;&nbsp;OSQDel
<LI><a href="#[c7b6a0]">&gt;&gt;</a>&nbsp;&nbsp;&nbsp;OSMboxPostOpt
<LI><a href="#[c7b6e8]">&gt;&gt;</a>&nbsp;&nbsp;&nbsp;OSMboxPost
<LI><a href="#[c7b730]">&gt;&gt;</a>&nbsp;&nbsp;&nbsp;OSMboxPend
<LI><a href="#[c7b778]">&gt;&gt;</a>&nbsp;&nbsp;&nbsp;OSMboxDel
<LI><a href="#[c7c3e8]">&gt;&gt;</a>&nbsp;&nbsp;&nbsp;OSFlagPost
<LI><a href="#[c7c430]">&gt;&gt;</a>&nbsp;&nbsp;&nbsp;OSFlagPend
<LI><a href="#[c7c478]">&gt;&gt;</a>&nbsp;&nbsp;&nbsp;OSFlagDel
<LI><a href="#[c7d328]">&gt;&gt;</a>&nbsp;&nbsp;&nbsp;OSTimeDly
<LI><a href="#[c7d370]">&gt;&gt;</a>&nbsp;&nbsp;&nbsp;OSTaskCreateExt
<LI><a href="#[c7d640]">&gt;&gt;</a>&nbsp;&nbsp;&nbsp;OSSchedUnlock
</UL>

<P><STRONG><a name="[c7d640]"></a>OSSchedUnlock</STRONG> (ARM, 124 bytes, Stack size 8 bytes, os_core.o(.text), UNUSED)
<BR><BR>[Calls]<UL><LI><a href="#[c7d688]">&gt;&gt;</a>&nbsp;&nbsp;&nbsp;OS_Sched
</UL>

<P><STRONG><a name="[c7d5f8]"></a>OSStart</STRONG> (ARM, 132 bytes, Stack size 16 bytes, os_core.o(.text))
<BR><BR>[Stack]<UL><LI>Max Depth = 24<LI>Call Chain = OSStart &rArr; OSStartHighRdy
</UL>
<BR>[Calls]<UL><LI><a href="#[c7f450]">&gt;&gt;</a>&nbsp;&nbsp;&nbsp;OSStartHighRdy
</UL>
<BR>[Called By]<UL><LI><a href="#[18753a8]">&gt;&gt;</a>&nbsp;&nbsp;&nbsp;main
</UL>

<P><STRONG><a name="[c7d5b0]"></a>OSStatInit</STRONG> (ARM, 84 bytes, Stack size 8 bytes, os_core.o(.text), UNUSED)
<BR><BR>[Calls]<UL><LI><a href="#[c7d328]">&gt;&gt;</a>&nbsp;&nbsp;&nbsp;OSTimeDly
</UL>

<P><STRONG><a name="[c81ea0]"></a>OSTimeTick</STRONG> (ARM, 212 bytes, Stack size 8 bytes, os_core.o(.text))
<BR><BR>[Stack]<UL><LI>Max Depth = 8<LI>Call Chain = OSTimeTick
</UL>
<BR>[Calls]<UL><LI><a href="#[c7f210]">&gt;&gt;</a>&nbsp;&nbsp;&nbsp;OSTimeTickHook
</UL>
<BR>[Called By]<UL><LI><a href="#[c82098]">&gt;&gt;</a>&nbsp;&nbsp;&nbsp;Timer0_Exception
</UL>

<P><STRONG><a name="[c7d568]"></a>OSVersion</STRONG> (ARM, 8 bytes, Stack size 0 bytes, os_core.o(.text), UNUSED)

<P><STRONG><a name="[c7d520]"></a>OS_Dummy</STRONG> (ARM, 4 bytes, Stack size 0 bytes, os_core.o(.text), UNUSED)
<BR><BR>[Called By]<UL><LI><a href="#[c775e0]">&gt;&gt;</a>&nbsp;&nbsp;&nbsp;OSTaskDel
</UL>

<P><STRONG><a name="[c7d4d8]"></a>OS_EventTaskRdy</STRONG> (ARM, 188 bytes, Stack size 24 bytes, os_core.o(.text))
<BR><BR>[Stack]<UL><LI>Max Depth = 24<LI>Call Chain = OS_EventTaskRdy
</UL>
<BR>[Called By]<UL><LI><a href="#[c78270]">&gt;&gt;</a>&nbsp;&nbsp;&nbsp;OSSemPost
<LI><a href="#[c78300]">&gt;&gt;</a>&nbsp;&nbsp;&nbsp;OSSemDel
<LI><a href="#[c78f20]">&gt;&gt;</a>&nbsp;&nbsp;&nbsp;OSQPostOpt
<LI><a href="#[c78f68]">&gt;&gt;</a>&nbsp;&nbsp;&nbsp;OSQPostFront
<LI><a href="#[c78fb0]">&gt;&gt;</a>&nbsp;&nbsp;&nbsp;OSQPost
<LI><a href="#[c79088]">&gt;&gt;</a>&nbsp;&nbsp;&nbsp;OSQDel
<LI><a href="#[c7b6a0]">&gt;&gt;</a>&nbsp;&nbsp;&nbsp;OSMboxPostOpt
<LI><a href="#[c7b6e8]">&gt;&gt;</a>&nbsp;&nbsp;&nbsp;OSMboxPost
<LI><a href="#[c7b778]">&gt;&gt;</a>&nbsp;&nbsp;&nbsp;OSMboxDel
</UL>

<P><STRONG><a name="[c7d490]"></a>OS_EventTaskWait</STRONG> (ARM, 188 bytes, Stack size 0 bytes, os_core.o(.text))
<BR><BR>[Called By]<UL><LI><a href="#[c782b8]">&gt;&gt;</a>&nbsp;&nbsp;&nbsp;OSSemPend
<LI><a href="#[c78ff8]">&gt;&gt;</a>&nbsp;&nbsp;&nbsp;OSQPend
<LI><a href="#[c7b730]">&gt;&gt;</a>&nbsp;&nbsp;&nbsp;OSMboxPend
</UL>

<P><STRONG><a name="[c7d448]"></a>OS_EventTO</STRONG> (ARM, 116 bytes, Stack size 0 bytes, os_core.o(.text))
<BR><BR>[Called By]<UL><LI><a href="#[c782b8]">&gt;&gt;</a>&nbsp;&nbsp;&nbsp;OSSemPend
<LI><a href="#[c78ff8]">&gt;&gt;</a>&nbsp;&nbsp;&nbsp;OSQPend
<LI><a href="#[c7b730]">&gt;&gt;</a>&nbsp;&nbsp;&nbsp;OSMboxPend
</UL>

<P><STRONG><a name="[c7d400]"></a>OS_EventWaitListInit</STRONG> (ARM, 28 bytes, Stack size 0 bytes, os_core.o(.text))
<BR><BR>[Called By]<UL><LI><a href="#[c78348]">&gt;&gt;</a>&nbsp;&nbsp;&nbsp;OSSemCreate
<LI><a href="#[c790d0]">&gt;&gt;</a>&nbsp;&nbsp;&nbsp;OSQCreate
<LI><a href="#[c7b7c0]">&gt;&gt;</a>&nbsp;&nbsp;&nbsp;OSMboxCreate
</UL>

<P><STRONG><a name="[c7d3b8]"></a>OS_TCBInit</STRONG> (ARM, 336 bytes, Stack size 40 bytes, os_core.o(.text))
<BR><BR>[Stack]<UL><LI>Max Depth = 40<LI>Call Chain = OS_TCBInit
</UL>
<BR>[Calls]<UL><LI><a href="#[c7f258]">&gt;&gt;</a>&nbsp;&nbsp;&nbsp;OSTCBInitHook
<LI><a href="#[c7f378]">&gt;&gt;</a>&nbsp;&nbsp;&nbsp;OSTaskCreateHook
</UL>
<BR>[Called By]<UL><LI><a href="#[c77628]">&gt;&gt;</a>&nbsp;&nbsp;&nbsp;OSTaskCreate
<LI><a href="#[c7d370]">&gt;&gt;</a>&nbsp;&nbsp;&nbsp;OSTaskCreateExt
</UL>

<P><STRONG><a name="[c7c550]"></a>OSFlagAccept</STRONG> (ARM, 440 bytes, Stack size 32 bytes, os_flag.o(.text), UNUSED)

<P><STRONG><a name="[c7c508]"></a>OSFlagCreate</STRONG> (ARM, 144 bytes, Stack size 16 bytes, os_flag.o(.text), UNUSED)

<P><STRONG><a name="[c7c4c0]"></a>OS_FlagUnlink</STRONG> (ARM, 84 bytes, Stack size 4 bytes, os_flag.o(.text), UNUSED)
<BR><BR>[Called By]<UL><LI><a href="#[c775e0]">&gt;&gt;</a>&nbsp;&nbsp;&nbsp;OSTaskDel
<LI><a href="#[c7c430]">&gt;&gt;</a>&nbsp;&nbsp;&nbsp;OSFlagPend
<LI><a href="#[c7c988]">&gt;&gt;</a>&nbsp;&nbsp;&nbsp;OS_FlagTaskRdy
</UL>

<P><STRONG><a name="[c7c478]"></a>OSFlagDel</STRONG> (ARM, 344 bytes, Stack size 24 bytes, os_flag.o(.text), UNUSED)
<BR><BR>[Calls]<UL><LI><a href="#[c7c988]">&gt;&gt;</a>&nbsp;&nbsp;&nbsp;OS_FlagTaskRdy
<LI><a href="#[c7d688]">&gt;&gt;</a>&nbsp;&nbsp;&nbsp;OS_Sched
</UL>

<P><STRONG><a name="[c7c430]"></a>OSFlagPend</STRONG> (ARM, 816 bytes, Stack size 64 bytes, os_flag.o(.text), UNUSED)
<BR><BR>[Calls]<UL><LI><a href="#[c7c4c0]">&gt;&gt;</a>&nbsp;&nbsp;&nbsp;OS_FlagUnlink
<LI><a href="#[c7c940]">&gt;&gt;</a>&nbsp;&nbsp;&nbsp;OS_FlagBlock
<LI><a href="#[c7d688]">&gt;&gt;</a>&nbsp;&nbsp;&nbsp;OS_Sched
</UL>

<P><STRONG><a name="[c7c3e8]"></a>OSFlagPost</STRONG> (ARM, 496 bytes, Stack size 40 bytes, os_flag.o(.text), UNUSED)
<BR><BR>[Calls]<UL><LI><a href="#[c7c988]">&gt;&gt;</a>&nbsp;&nbsp;&nbsp;OS_FlagTaskRdy
<LI><a href="#[c7d688]">&gt;&gt;</a>&nbsp;&nbsp;&nbsp;OS_Sched
</UL>

<P><STRONG><a name="[c7c3a0]"></a>OSFlagQuery</STRONG> (ARM, 96 bytes, Stack size 16 bytes, os_flag.o(.text), UNUSED)

<P><STRONG><a name="[c7d2e0]"></a>OS_FlagInit</STRONG> (ARM, 76 bytes, Stack size 0 bytes, os_flag.o(.text))
<BR><BR>[Called By]<UL><LI><a href="#[c7d760]">&gt;&gt;</a>&nbsp;&nbsp;&nbsp;OSInit
</UL>

<P><STRONG><a name="[c7b808]"></a>OSMboxAccept</STRONG> (ARM, 76 bytes, Stack size 16 bytes, os_mbox.o(.text), UNUSED)

<P><STRONG><a name="[c7b7c0]"></a>OSMboxCreate</STRONG> (ARM, 128 bytes, Stack size 16 bytes, os_mbox.o(.text))
<BR><BR>[Stack]<UL><LI>Max Depth = 16<LI>Call Chain = OSMboxCreate
</UL>
<BR>[Calls]<UL><LI><a href="#[c7d400]">&gt;&gt;</a>&nbsp;&nbsp;&nbsp;OS_EventWaitListInit
</UL>
<BR>[Called By]<UL><LI><a href="#[104ad18]">&gt;&gt;</a>&nbsp;&nbsp;&nbsp;Init
<LI><a href="#[1051240]">&gt;&gt;</a>&nbsp;&nbsp;&nbsp;Init
<LI><a href="#[149da60]">&gt;&gt;</a>&nbsp;&nbsp;&nbsp;WritePhone
<LI><a href="#[180d488]">&gt;&gt;</a>&nbsp;&nbsp;&nbsp;Init
<LI><a href="#[1814a30]">&gt;&gt;</a>&nbsp;&nbsp;&nbsp;Init
</UL>

<P><STRONG><a name="[c7b778]"></a>OSMboxDel</STRONG> (ARM, 344 bytes, Stack size 24 bytes, os_mbox.o(.text))
<BR><BR>[Stack]<UL><LI>Max Depth = 48<LI>Call Chain = OSMboxDel &rArr; OS_EventTaskRdy
</UL>
<BR>[Calls]<UL><LI><a href="#[c7d4d8]">&gt;&gt;</a>&nbsp;&nbsp;&nbsp;OS_EventTaskRdy
<LI><a href="#[c7d688]">&gt;&gt;</a>&nbsp;&nbsp;&nbsp;OS_Sched
</UL>
<BR>[Called By]<UL><LI><a href="#[149da60]">&gt;&gt;</a>&nbsp;&nbsp;&nbsp;WritePhone
</UL>

<P><STRONG><a name="[c7b730]"></a>OSMboxPend</STRONG> (ARM, 316 bytes, Stack size 24 bytes, os_mbox.o(.text))
<BR><BR>[Stack]<UL><LI>Max Depth = 32<LI>Call Chain = OSMboxPend &rArr; OS_Sched
</UL>
<BR>[Calls]<UL><LI><a href="#[c7d448]">&gt;&gt;</a>&nbsp;&nbsp;&nbsp;OS_EventTO
<LI><a href="#[c7d490]">&gt;&gt;</a>&nbsp;&nbsp;&nbsp;OS_EventTaskWait
<LI><a href="#[c7d688]">&gt;&gt;</a>&nbsp;&nbsp;&nbsp;OS_Sched
</UL>
<BR>[Called By]<UL><LI><a href="#[149da60]">&gt;&gt;</a>&nbsp;&nbsp;&nbsp;WritePhone
<LI><a href="#[180d2d8]">&gt;&gt;</a>&nbsp;&nbsp;&nbsp;OpenGprs
<LI><a href="#[180d320]">&gt;&gt;</a>&nbsp;&nbsp;&nbsp;ClearSem
<LI><a href="#[1814a78]">&gt;&gt;</a>&nbsp;&nbsp;&nbsp;Task
</UL>

<P><STRONG><a name="[c7b6e8]"></a>OSMboxPost</STRONG> (ARM, 156 bytes, Stack size 16 bytes, os_mbox.o(.text))
<BR><BR>[Stack]<UL><LI>Max Depth = 40<LI>Call Chain = OSMboxPost &rArr; OS_EventTaskRdy
</UL>
<BR>[Calls]<UL><LI><a href="#[c7d4d8]">&gt;&gt;</a>&nbsp;&nbsp;&nbsp;OS_EventTaskRdy
<LI><a href="#[c7d688]">&gt;&gt;</a>&nbsp;&nbsp;&nbsp;OS_Sched
</UL>
<BR>[Called By]<UL><LI><a href="#[1454348]">&gt;&gt;</a>&nbsp;&nbsp;&nbsp;Task
<LI><a href="#[180d290]">&gt;&gt;</a>&nbsp;&nbsp;&nbsp;CloseGprs
<LI><a href="#[180d2d8]">&gt;&gt;</a>&nbsp;&nbsp;&nbsp;OpenGprs
<LI><a href="#[1814a78]">&gt;&gt;</a>&nbsp;&nbsp;&nbsp;Task
</UL>

<P><STRONG><a name="[c7b6a0]"></a>OSMboxPostOpt</STRONG> (ARM, 204 bytes, Stack size 16 bytes, os_mbox.o(.text), UNUSED)
<BR><BR>[Calls]<UL><LI><a href="#[c7d4d8]">&gt;&gt;</a>&nbsp;&nbsp;&nbsp;OS_EventTaskRdy
<LI><a href="#[c7d688]">&gt;&gt;</a>&nbsp;&nbsp;&nbsp;OS_Sched
</UL>

<P><STRONG><a name="[c7b658]"></a>OSMboxQuery</STRONG> (ARM, 116 bytes, Stack size 24 bytes, os_mbox.o(.text), UNUSED)

<P><STRONG><a name="[c7aba8]"></a>OSMemCreate</STRONG> (ARM, 252 bytes, Stack size 40 bytes, os_mem.o(.text), UNUSED)

<P><STRONG><a name="[c7ab60]"></a>OSMemGet</STRONG> (ARM, 120 bytes, Stack size 16 bytes, os_mem.o(.text), UNUSED)

<P><STRONG><a name="[c7ab18]"></a>OSMemPut</STRONG> (ARM, 116 bytes, Stack size 16 bytes, os_mem.o(.text), UNUSED)

<P><STRONG><a name="[c7aad0]"></a>OSMemQuery</STRONG> (ARM, 120 bytes, Stack size 16 bytes, os_mem.o(.text), UNUSED)

<P><STRONG><a name="[c7d298]"></a>OS_MemInit</STRONG> (ARM, 112 bytes, Stack size 0 bytes, os_mem.o(.text))
<BR><BR>[Called By]<UL><LI><a href="#[c7d760]">&gt;&gt;</a>&nbsp;&nbsp;&nbsp;OSInit
</UL>

<P><STRONG><a name="[c79118]"></a>OSQAccept</STRONG> (ARM, 140 bytes, Stack size 16 bytes, os_q.o(.text), UNUSED)

<P><STRONG><a name="[c790d0]"></a>OSQCreate</STRONG> (ARM, 240 bytes, Stack size 24 bytes, os_q.o(.text))
<BR><BR>[Stack]<UL><LI>Max Depth = 24<LI>Call Chain = OSQCreate
</UL>
<BR>[Calls]<UL><LI><a href="#[c7d400]">&gt;&gt;</a>&nbsp;&nbsp;&nbsp;OS_EventWaitListInit
</UL>
<BR>[Called By]<UL><LI><a href="#[1454300]">&gt;&gt;</a>&nbsp;&nbsp;&nbsp;Init
</UL>

<P><STRONG><a name="[c79088]"></a>OSQDel</STRONG> (ARM, 392 bytes, Stack size 24 bytes, os_q.o(.text), UNUSED)
<BR><BR>[Calls]<UL><LI><a href="#[c7d4d8]">&gt;&gt;</a>&nbsp;&nbsp;&nbsp;OS_EventTaskRdy
<LI><a href="#[c7d688]">&gt;&gt;</a>&nbsp;&nbsp;&nbsp;OS_Sched
</UL>

<P><STRONG><a name="[c79040]"></a>OSQFlush</STRONG> (ARM, 92 bytes, Stack size 16 bytes, os_q.o(.text), UNUSED)

<P><STRONG><a name="[c78ff8]"></a>OSQPend</STRONG> (ARM, 364 bytes, Stack size 24 bytes, os_q.o(.text), UNUSED)
<BR><BR>[Calls]<UL><LI><a href="#[c7d448]">&gt;&gt;</a>&nbsp;&nbsp;&nbsp;OS_EventTO
<LI><a href="#[c7d490]">&gt;&gt;</a>&nbsp;&nbsp;&nbsp;OS_EventTaskWait
<LI><a href="#[c7d688]">&gt;&gt;</a>&nbsp;&nbsp;&nbsp;OS_Sched
</UL>
<BR>[Called By]<UL><LI><a href="#[1454348]">&gt;&gt;</a>&nbsp;&nbsp;&nbsp;Task
</UL>

<P><STRONG><a name="[c78fb0]"></a>OSQPost</STRONG> (ARM, 216 bytes, Stack size 16 bytes, os_q.o(.text))
<BR><BR>[Stack]<UL><LI>Max Depth = 40<LI>Call Chain = OSQPost &rArr; OS_EventTaskRdy
</UL>
<BR>[Calls]<UL><LI><a href="#[c7d4d8]">&gt;&gt;</a>&nbsp;&nbsp;&nbsp;OS_EventTaskRdy
<LI><a href="#[c7d688]">&gt;&gt;</a>&nbsp;&nbsp;&nbsp;OS_Sched
</UL>
<BR>[Called By]<UL><LI><a href="#[149da60]">&gt;&gt;</a>&nbsp;&nbsp;&nbsp;WritePhone
</UL>

<P><STRONG><a name="[c78f68]"></a>OSQPostFront</STRONG> (ARM, 220 bytes, Stack size 16 bytes, os_q.o(.text), UNUSED)
<BR><BR>[Calls]<UL><LI><a href="#[c7d4d8]">&gt;&gt;</a>&nbsp;&nbsp;&nbsp;OS_EventTaskRdy
<LI><a href="#[c7d688]">&gt;&gt;</a>&nbsp;&nbsp;&nbsp;OS_Sched
</UL>

<P><STRONG><a name="[c78f20]"></a>OSQPostOpt</STRONG> (ARM, 320 bytes, Stack size 24 bytes, os_q.o(.text), UNUSED)
<BR><BR>[Calls]<UL><LI><a href="#[c7d4d8]">&gt;&gt;</a>&nbsp;&nbsp;&nbsp;OS_EventTaskRdy
<LI><a href="#[c7d688]">&gt;&gt;</a>&nbsp;&nbsp;&nbsp;OS_Sched
</UL>

<P><STRONG><a name="[c78ed8]"></a>OSQQuery</STRONG> (ARM, 164 bytes, Stack size 24 bytes, os_q.o(.text), UNUSED)

<P><STRONG><a name="[c7d250]"></a>OS_QInit</STRONG> (ARM, 68 bytes, Stack size 0 bytes, os_q.o(.text))
<BR><BR>[Called By]<UL><LI><a href="#[c7d760]">&gt;&gt;</a>&nbsp;&nbsp;&nbsp;OSInit
</UL>

<P><STRONG><a name="[c78390]"></a>OSSemAccept</STRONG> (ARM, 88 bytes, Stack size 16 bytes, os_sem.o(.text), UNUSED)

<P><STRONG><a name="[c78348]"></a>OSSemCreate</STRONG> (ARM, 128 bytes, Stack size 16 bytes, os_sem.o(.text))
<BR><BR>[Stack]<UL><LI>Max Depth = 16<LI>Call Chain = OSSemCreate
</UL>
<BR>[Calls]<UL><LI><a href="#[c7d400]">&gt;&gt;</a>&nbsp;&nbsp;&nbsp;OS_EventWaitListInit
</UL>
<BR>[Called By]<UL><LI><a href="#[10458a8]">&gt;&gt;</a>&nbsp;&nbsp;&nbsp;Init
<LI><a href="#[1047e28]">&gt;&gt;</a>&nbsp;&nbsp;&nbsp;Init
<LI><a href="#[104ad18]">&gt;&gt;</a>&nbsp;&nbsp;&nbsp;Init
<LI><a href="#[104cbd0]">&gt;&gt;</a>&nbsp;&nbsp;&nbsp;Open
<LI><a href="#[104ec20]">&gt;&gt;</a>&nbsp;&nbsp;&nbsp;Init
<LI><a href="#[1051240]">&gt;&gt;</a>&nbsp;&nbsp;&nbsp;Init
<LI><a href="#[12469c0]">&gt;&gt;</a>&nbsp;&nbsp;&nbsp;Init
<LI><a href="#[1249298]">&gt;&gt;</a>&nbsp;&nbsp;&nbsp;Init
<LI><a href="#[124c3a0]">&gt;&gt;</a>&nbsp;&nbsp;&nbsp;Init
<LI><a href="#[12b0700]">&gt;&gt;</a>&nbsp;&nbsp;&nbsp;Init
<LI><a href="#[12b3b98]">&gt;&gt;</a>&nbsp;&nbsp;&nbsp;Init1
<LI><a href="#[12b63b0]">&gt;&gt;</a>&nbsp;&nbsp;&nbsp;Init
<LI><a href="#[12b8b40]">&gt;&gt;</a>&nbsp;&nbsp;&nbsp;Init
<LI><a href="#[12bb108]">&gt;&gt;</a>&nbsp;&nbsp;&nbsp;Init
<LI><a href="#[12bdbf0]">&gt;&gt;</a>&nbsp;&nbsp;&nbsp;Init
<LI><a href="#[12e09d0]">&gt;&gt;</a>&nbsp;&nbsp;&nbsp;Init
<LI><a href="#[12e3428]">&gt;&gt;</a>&nbsp;&nbsp;&nbsp;Init
<LI><a href="#[12e63d0]">&gt;&gt;</a>&nbsp;&nbsp;&nbsp;Init
<LI><a href="#[12e9350]">&gt;&gt;</a>&nbsp;&nbsp;&nbsp;Init
<LI><a href="#[12ec5e8]">&gt;&gt;</a>&nbsp;&nbsp;&nbsp;Init
<LI><a href="#[12ef840]">&gt;&gt;</a>&nbsp;&nbsp;&nbsp;Init
<LI><a href="#[1451048]">&gt;&gt;</a>&nbsp;&nbsp;&nbsp;Init
<LI><a href="#[1457658]">&gt;&gt;</a>&nbsp;&nbsp;&nbsp;Init
<LI><a href="#[145bbf0]">&gt;&gt;</a>&nbsp;&nbsp;&nbsp;Init
<LI><a href="#[1499240]">&gt;&gt;</a>&nbsp;&nbsp;&nbsp;Init
<LI><a href="#[154df38]">&gt;&gt;</a>&nbsp;&nbsp;&nbsp;Init
</UL>

<P><STRONG><a name="[c78300]"></a>OSSemDel</STRONG> (ARM, 344 bytes, Stack size 24 bytes, os_sem.o(.text), UNUSED)
<BR><BR>[Calls]<UL><LI><a href="#[c7d4d8]">&gt;&gt;</a>&nbsp;&nbsp;&nbsp;OS_EventTaskRdy
<LI><a href="#[c7d688]">&gt;&gt;</a>&nbsp;&nbsp;&nbsp;OS_Sched
</UL>

<P><STRONG><a name="[c782b8]"></a>OSSemPend</STRONG> (ARM, 272 bytes, Stack size 16 bytes, os_sem.o(.text))
<BR><BR>[Stack]<UL><LI>Max Depth = 24<LI>Call Chain = OSSemPend &rArr; OS_Sched
</UL>
<BR>[Calls]<UL><LI><a href="#[c7d448]">&gt;&gt;</a>&nbsp;&nbsp;&nbsp;OS_EventTO
<LI><a href="#[c7d490]">&gt;&gt;</a>&nbsp;&nbsp;&nbsp;OS_EventTaskWait
<LI><a href="#[c7d688]">&gt;&gt;</a>&nbsp;&nbsp;&nbsp;OS_Sched
</UL>
<BR>[Called By]<UL><LI><a href="#[1045548]">&gt;&gt;</a>&nbsp;&nbsp;&nbsp;Close
<LI><a href="#[1045590]">&gt;&gt;</a>&nbsp;&nbsp;&nbsp;Read
<LI><a href="#[1045860]">&gt;&gt;</a>&nbsp;&nbsp;&nbsp;Open
<LI><a href="#[1047d50]">&gt;&gt;</a>&nbsp;&nbsp;&nbsp;Read
<LI><a href="#[1047d98]">&gt;&gt;</a>&nbsp;&nbsp;&nbsp;Close
<LI><a href="#[1047de0]">&gt;&gt;</a>&nbsp;&nbsp;&nbsp;Open
<LI><a href="#[104ab68]">&gt;&gt;</a>&nbsp;&nbsp;&nbsp;Open0
<LI><a href="#[104abb0]">&gt;&gt;</a>&nbsp;&nbsp;&nbsp;Open1
<LI><a href="#[104abf8]">&gt;&gt;</a>&nbsp;&nbsp;&nbsp;Open2
<LI><a href="#[104ac40]">&gt;&gt;</a>&nbsp;&nbsp;&nbsp;Open3
<LI><a href="#[104ac88]">&gt;&gt;</a>&nbsp;&nbsp;&nbsp;Open4
<LI><a href="#[104acd0]">&gt;&gt;</a>&nbsp;&nbsp;&nbsp;ClearSem
<LI><a href="#[104cb40]">&gt;&gt;</a>&nbsp;&nbsp;&nbsp;Start
<LI><a href="#[104eb00]">&gt;&gt;</a>&nbsp;&nbsp;&nbsp;Write
<LI><a href="#[104eb90]">&gt;&gt;</a>&nbsp;&nbsp;&nbsp;Read
<LI><a href="#[1051168]">&gt;&gt;</a>&nbsp;&nbsp;&nbsp;Open0
<LI><a href="#[10511b0]">&gt;&gt;</a>&nbsp;&nbsp;&nbsp;Open1
<LI><a href="#[10511f8]">&gt;&gt;</a>&nbsp;&nbsp;&nbsp;ClearSem
<LI><a href="#[12468a0]">&gt;&gt;</a>&nbsp;&nbsp;&nbsp;Read
<LI><a href="#[1246930]">&gt;&gt;</a>&nbsp;&nbsp;&nbsp;Close
<LI><a href="#[1246978]">&gt;&gt;</a>&nbsp;&nbsp;&nbsp;Open
<LI><a href="#[1249178]">&gt;&gt;</a>&nbsp;&nbsp;&nbsp;Read
<LI><a href="#[1249208]">&gt;&gt;</a>&nbsp;&nbsp;&nbsp;Close
<LI><a href="#[1249250]">&gt;&gt;</a>&nbsp;&nbsp;&nbsp;Open
<LI><a href="#[124be00]">&gt;&gt;</a>&nbsp;&nbsp;&nbsp;GetState1
<LI><a href="#[124be90]">&gt;&gt;</a>&nbsp;&nbsp;&nbsp;Read1
<LI><a href="#[124c040]">&gt;&gt;</a>&nbsp;&nbsp;&nbsp;Close1
<LI><a href="#[124c0d0]">&gt;&gt;</a>&nbsp;&nbsp;&nbsp;Open1
<LI><a href="#[12b0670]">&gt;&gt;</a>&nbsp;&nbsp;&nbsp;Close
<LI><a href="#[12b06b8]">&gt;&gt;</a>&nbsp;&nbsp;&nbsp;Open
<LI><a href="#[12b0748]">&gt;&gt;</a>&nbsp;&nbsp;&nbsp;Task
<LI><a href="#[12b30e8]">&gt;&gt;</a>&nbsp;&nbsp;&nbsp;ReadPor
<LI><a href="#[12b3130]">&gt;&gt;</a>&nbsp;&nbsp;&nbsp;ReadHeadTail
<LI><a href="#[12b3178]">&gt;&gt;</a>&nbsp;&nbsp;&nbsp;SeekSize1
<LI><a href="#[12b3208]">&gt;&gt;</a>&nbsp;&nbsp;&nbsp;Seek1
<LI><a href="#[12b3298]">&gt;&gt;</a>&nbsp;&nbsp;&nbsp;GetJlNum1
<LI><a href="#[12b32e0]">&gt;&gt;</a>&nbsp;&nbsp;&nbsp;WriteRecoder2
<LI><a href="#[12b3400]">&gt;&gt;</a>&nbsp;&nbsp;&nbsp;ReadRecoder2
<LI><a href="#[12b34d8]">&gt;&gt;</a>&nbsp;&nbsp;&nbsp;WriteBin1
<LI><a href="#[12b3568]">&gt;&gt;</a>&nbsp;&nbsp;&nbsp;ReadBin1
<LI><a href="#[12b35f8]">&gt;&gt;</a>&nbsp;&nbsp;&nbsp;Close1
<LI><a href="#[12b3688]">&gt;&gt;</a>&nbsp;&nbsp;&nbsp;Open1
<LI><a href="#[12b3880]">&gt;&gt;</a>&nbsp;&nbsp;&nbsp;CreateRecoder1
<LI><a href="#[12b3910]">&gt;&gt;</a>&nbsp;&nbsp;&nbsp;CreateBin1
<LI><a href="#[12b62d8]">&gt;&gt;</a>&nbsp;&nbsp;&nbsp;Read
<LI><a href="#[12b6320]">&gt;&gt;</a>&nbsp;&nbsp;&nbsp;Close
<LI><a href="#[12b6368]">&gt;&gt;</a>&nbsp;&nbsp;&nbsp;Open
<LI><a href="#[12b8a68]">&gt;&gt;</a>&nbsp;&nbsp;&nbsp;Read
<LI><a href="#[12b8ab0]">&gt;&gt;</a>&nbsp;&nbsp;&nbsp;Close
<LI><a href="#[12b8af8]">&gt;&gt;</a>&nbsp;&nbsp;&nbsp;Open
<LI><a href="#[12bafe8]">&gt;&gt;</a>&nbsp;&nbsp;&nbsp;Read
<LI><a href="#[12bb078]">&gt;&gt;</a>&nbsp;&nbsp;&nbsp;Close
<LI><a href="#[12bb0c0]">&gt;&gt;</a>&nbsp;&nbsp;&nbsp;Open
<LI><a href="#[12bda40]">&gt;&gt;</a>&nbsp;&nbsp;&nbsp;Read
<LI><a href="#[12bdb60]">&gt;&gt;</a>&nbsp;&nbsp;&nbsp;Close
<LI><a href="#[12bdba8]">&gt;&gt;</a>&nbsp;&nbsp;&nbsp;Open
<LI><a href="#[12e0868]">&gt;&gt;</a>&nbsp;&nbsp;&nbsp;Read
<LI><a href="#[12e0940]">&gt;&gt;</a>&nbsp;&nbsp;&nbsp;Close
<LI><a href="#[12e0988]">&gt;&gt;</a>&nbsp;&nbsp;&nbsp;Open
<LI><a href="#[12e3350]">&gt;&gt;</a>&nbsp;&nbsp;&nbsp;Read
<LI><a href="#[12e3398]">&gt;&gt;</a>&nbsp;&nbsp;&nbsp;Close
<LI><a href="#[12e33e0]">&gt;&gt;</a>&nbsp;&nbsp;&nbsp;Open
<LI><a href="#[12e6268]">&gt;&gt;</a>&nbsp;&nbsp;&nbsp;Read
<LI><a href="#[12e6340]">&gt;&gt;</a>&nbsp;&nbsp;&nbsp;Close
<LI><a href="#[12e6388]">&gt;&gt;</a>&nbsp;&nbsp;&nbsp;Open
<LI><a href="#[12e9230]">&gt;&gt;</a>&nbsp;&nbsp;&nbsp;Read
<LI><a href="#[12e92c0]">&gt;&gt;</a>&nbsp;&nbsp;&nbsp;Close
<LI><a href="#[12e9308]">&gt;&gt;</a>&nbsp;&nbsp;&nbsp;Open
<LI><a href="#[12ec3a8]">&gt;&gt;</a>&nbsp;&nbsp;&nbsp;Close
<LI><a href="#[12ec3f0]">&gt;&gt;</a>&nbsp;&nbsp;&nbsp;Read1
<LI><a href="#[12ec5a0]">&gt;&gt;</a>&nbsp;&nbsp;&nbsp;Open
<LI><a href="#[12ef378]">&gt;&gt;</a>&nbsp;&nbsp;&nbsp;GetState
<LI><a href="#[12ef3c0]">&gt;&gt;</a>&nbsp;&nbsp;&nbsp;Read
<LI><a href="#[12ef7b0]">&gt;&gt;</a>&nbsp;&nbsp;&nbsp;Close
<LI><a href="#[12ef7f8]">&gt;&gt;</a>&nbsp;&nbsp;&nbsp;Open
<LI><a href="#[1450f70]">&gt;&gt;</a>&nbsp;&nbsp;&nbsp;Get
<LI><a href="#[1450fb8]">&gt;&gt;</a>&nbsp;&nbsp;&nbsp;Close
<LI><a href="#[1451000]">&gt;&gt;</a>&nbsp;&nbsp;&nbsp;Open
<LI><a href="#[1451090]">&gt;&gt;</a>&nbsp;&nbsp;&nbsp;Task
<LI><a href="#[1451168]">&gt;&gt;</a>&nbsp;&nbsp;&nbsp;JugeEvent
<LI><a href="#[14573d0]">&gt;&gt;</a>&nbsp;&nbsp;&nbsp;EditPro
<LI><a href="#[1457418]">&gt;&gt;</a>&nbsp;&nbsp;&nbsp;GetPro
<LI><a href="#[1457460]">&gt;&gt;</a>&nbsp;&nbsp;&nbsp;GetEnable
<LI><a href="#[14574a8]">&gt;&gt;</a>&nbsp;&nbsp;&nbsp;DisEnable
<LI><a href="#[14574f0]">&gt;&gt;</a>&nbsp;&nbsp;&nbsp;Enable
<LI><a href="#[1457538]">&gt;&gt;</a>&nbsp;&nbsp;&nbsp;Read
<LI><a href="#[1457580]">&gt;&gt;</a>&nbsp;&nbsp;&nbsp;Close
<LI><a href="#[14575c8]">&gt;&gt;</a>&nbsp;&nbsp;&nbsp;Open
<LI><a href="#[1457730]">&gt;&gt;</a>&nbsp;&nbsp;&nbsp;JugeEvent
<LI><a href="#[145af48]">&gt;&gt;</a>&nbsp;&nbsp;&nbsp;SetVolume1
<LI><a href="#[145afd8]">&gt;&gt;</a>&nbsp;&nbsp;&nbsp;SendPhone1
<LI><a href="#[145b068]">&gt;&gt;</a>&nbsp;&nbsp;&nbsp;SendIP1
<LI><a href="#[145b0b0]">&gt;&gt;</a>&nbsp;&nbsp;&nbsp;SendMessage1
<LI><a href="#[145b140]">&gt;&gt;</a>&nbsp;&nbsp;&nbsp;CloseCall1
<LI><a href="#[145b1d0]">&gt;&gt;</a>&nbsp;&nbsp;&nbsp;AgreePhone1
<LI><a href="#[145b260]">&gt;&gt;</a>&nbsp;&nbsp;&nbsp;ReadPhone1
<LI><a href="#[145b2f0]">&gt;&gt;</a>&nbsp;&nbsp;&nbsp;ReadIP1
<LI><a href="#[145b380]">&gt;&gt;</a>&nbsp;&nbsp;&nbsp;ReadMessage1
<LI><a href="#[145b410]">&gt;&gt;</a>&nbsp;&nbsp;&nbsp;DNSRIP1
<LI><a href="#[145b4a0]">&gt;&gt;</a>&nbsp;&nbsp;&nbsp;GetIpPro1
<LI><a href="#[145b530]">&gt;&gt;</a>&nbsp;&nbsp;&nbsp;GetIPState1
<LI><a href="#[145b5c0]">&gt;&gt;</a>&nbsp;&nbsp;&nbsp;GetPhoneState1
<LI><a href="#[145b650]">&gt;&gt;</a>&nbsp;&nbsp;&nbsp;GetMessageState1
<LI><a href="#[145b6e0]">&gt;&gt;</a>&nbsp;&nbsp;&nbsp;GetSysState1
<LI><a href="#[145b770]">&gt;&gt;</a>&nbsp;&nbsp;&nbsp;ClosePhone1
<LI><a href="#[145b7b8]">&gt;&gt;</a>&nbsp;&nbsp;&nbsp;CloseMessage1
<LI><a href="#[145b800]">&gt;&gt;</a>&nbsp;&nbsp;&nbsp;CloseIP1
<LI><a href="#[145b848]">&gt;&gt;</a>&nbsp;&nbsp;&nbsp;CloseSys1
<LI><a href="#[145b890]">&gt;&gt;</a>&nbsp;&nbsp;&nbsp;OpenPhone1
<LI><a href="#[145b920]">&gt;&gt;</a>&nbsp;&nbsp;&nbsp;OpenIP1
<LI><a href="#[145b9b0]">&gt;&gt;</a>&nbsp;&nbsp;&nbsp;OpenMessage1
<LI><a href="#[145ba40]">&gt;&gt;</a>&nbsp;&nbsp;&nbsp;OpenSys1
<LI><a href="#[145bad0]">&gt;&gt;</a>&nbsp;&nbsp;&nbsp;InitGprs1
<LI><a href="#[145bb18]">&gt;&gt;</a>&nbsp;&nbsp;&nbsp;InitPhone1
<LI><a href="#[145bb60]">&gt;&gt;</a>&nbsp;&nbsp;&nbsp;InitMessage1
<LI><a href="#[145bba8]">&gt;&gt;</a>&nbsp;&nbsp;&nbsp;InitSys1
<LI><a href="#[145bc38]">&gt;&gt;</a>&nbsp;&nbsp;&nbsp;Task
<LI><a href="#[145bcc8]">&gt;&gt;</a>&nbsp;&nbsp;&nbsp;OperIPData
<LI><a href="#[145c100]">&gt;&gt;</a>&nbsp;&nbsp;&nbsp;OperMessage
<LI><a href="#[145c148]">&gt;&gt;</a>&nbsp;&nbsp;&nbsp;OperPhone
<LI><a href="#[1498c58]">&gt;&gt;</a>&nbsp;&nbsp;&nbsp;Answer
<LI><a href="#[1498ca0]">&gt;&gt;</a>&nbsp;&nbsp;&nbsp;WriteCommand
<LI><a href="#[1498ce8]">&gt;&gt;</a>&nbsp;&nbsp;&nbsp;WriteFlow
<LI><a href="#[1498e98]">&gt;&gt;</a>&nbsp;&nbsp;&nbsp;NoSemSend
<LI><a href="#[154dcb0]">&gt;&gt;</a>&nbsp;&nbsp;&nbsp;GetPar2ID
<LI><a href="#[154dcf8]">&gt;&gt;</a>&nbsp;&nbsp;&nbsp;Write
<LI><a href="#[154de18]">&gt;&gt;</a>&nbsp;&nbsp;&nbsp;Read
<LI><a href="#[154de60]">&gt;&gt;</a>&nbsp;&nbsp;&nbsp;Close
<LI><a href="#[154dea8]">&gt;&gt;</a>&nbsp;&nbsp;&nbsp;Open
<LI><a href="#[154df80]">&gt;&gt;</a>&nbsp;&nbsp;&nbsp;Task
</UL>

<P><STRONG><a name="[c78270]"></a>OSSemPost</STRONG> (ARM, 152 bytes, Stack size 8 bytes, os_sem.o(.text))
<BR><BR>[Stack]<UL><LI>Max Depth = 32<LI>Call Chain = OSSemPost &rArr; OS_EventTaskRdy
</UL>
<BR>[Calls]<UL><LI><a href="#[c7d4d8]">&gt;&gt;</a>&nbsp;&nbsp;&nbsp;OS_EventTaskRdy
<LI><a href="#[c7d688]">&gt;&gt;</a>&nbsp;&nbsp;&nbsp;OS_Sched
</UL>
<BR>[Called By]<UL><LI><a href="#[c812c8]">&gt;&gt;</a>&nbsp;&nbsp;&nbsp;UART3_Exception
<LI><a href="#[c81310]">&gt;&gt;</a>&nbsp;&nbsp;&nbsp;UART2_Exception
<LI><a href="#[c81358]">&gt;&gt;</a>&nbsp;&nbsp;&nbsp;UART1_Exception
<LI><a href="#[c813a0]">&gt;&gt;</a>&nbsp;&nbsp;&nbsp;UART0_Exception
<LI><a href="#[c816b8]">&gt;&gt;</a>&nbsp;&nbsp;&nbsp;CAN_Exception
<LI><a href="#[1045548]">&gt;&gt;</a>&nbsp;&nbsp;&nbsp;Close
<LI><a href="#[1045590]">&gt;&gt;</a>&nbsp;&nbsp;&nbsp;Read
<LI><a href="#[1045860]">&gt;&gt;</a>&nbsp;&nbsp;&nbsp;Open
<LI><a href="#[1047d50]">&gt;&gt;</a>&nbsp;&nbsp;&nbsp;Read
<LI><a href="#[1047d98]">&gt;&gt;</a>&nbsp;&nbsp;&nbsp;Close
<LI><a href="#[1047de0]">&gt;&gt;</a>&nbsp;&nbsp;&nbsp;Open
<LI><a href="#[104a9b8]">&gt;&gt;</a>&nbsp;&nbsp;&nbsp;Close0
<LI><a href="#[104aa00]">&gt;&gt;</a>&nbsp;&nbsp;&nbsp;Close1
<LI><a href="#[104aa48]">&gt;&gt;</a>&nbsp;&nbsp;&nbsp;Close2
<LI><a href="#[104aa90]">&gt;&gt;</a>&nbsp;&nbsp;&nbsp;Close3
<LI><a href="#[104c990]">&gt;&gt;</a>&nbsp;&nbsp;&nbsp;End
<LI><a href="#[104eb00]">&gt;&gt;</a>&nbsp;&nbsp;&nbsp;Write
<LI><a href="#[104eb90]">&gt;&gt;</a>&nbsp;&nbsp;&nbsp;Read
<LI><a href="#[1051090]">&gt;&gt;</a>&nbsp;&nbsp;&nbsp;Close0
<LI><a href="#[10510d8]">&gt;&gt;</a>&nbsp;&nbsp;&nbsp;Close1
<LI><a href="#[12468a0]">&gt;&gt;</a>&nbsp;&nbsp;&nbsp;Read
<LI><a href="#[1246930]">&gt;&gt;</a>&nbsp;&nbsp;&nbsp;Close
<LI><a href="#[1246978]">&gt;&gt;</a>&nbsp;&nbsp;&nbsp;Open
<LI><a href="#[1249178]">&gt;&gt;</a>&nbsp;&nbsp;&nbsp;Read
<LI><a href="#[1249208]">&gt;&gt;</a>&nbsp;&nbsp;&nbsp;Close
<LI><a href="#[1249250]">&gt;&gt;</a>&nbsp;&nbsp;&nbsp;Open
<LI><a href="#[124be00]">&gt;&gt;</a>&nbsp;&nbsp;&nbsp;GetState1
<LI><a href="#[124be90]">&gt;&gt;</a>&nbsp;&nbsp;&nbsp;Read1
<LI><a href="#[124c040]">&gt;&gt;</a>&nbsp;&nbsp;&nbsp;Close1
<LI><a href="#[124c0d0]">&gt;&gt;</a>&nbsp;&nbsp;&nbsp;Open1
<LI><a href="#[12b0670]">&gt;&gt;</a>&nbsp;&nbsp;&nbsp;Close
<LI><a href="#[12b06b8]">&gt;&gt;</a>&nbsp;&nbsp;&nbsp;Open
<LI><a href="#[12b0748]">&gt;&gt;</a>&nbsp;&nbsp;&nbsp;Task
<LI><a href="#[12b30e8]">&gt;&gt;</a>&nbsp;&nbsp;&nbsp;ReadPor
<LI><a href="#[12b3130]">&gt;&gt;</a>&nbsp;&nbsp;&nbsp;ReadHeadTail
<LI><a href="#[12b3178]">&gt;&gt;</a>&nbsp;&nbsp;&nbsp;SeekSize1
<LI><a href="#[12b3208]">&gt;&gt;</a>&nbsp;&nbsp;&nbsp;Seek1
<LI><a href="#[12b3298]">&gt;&gt;</a>&nbsp;&nbsp;&nbsp;GetJlNum1
<LI><a href="#[12b32e0]">&gt;&gt;</a>&nbsp;&nbsp;&nbsp;WriteRecoder2
<LI><a href="#[12b3400]">&gt;&gt;</a>&nbsp;&nbsp;&nbsp;ReadRecoder2
<LI><a href="#[12b34d8]">&gt;&gt;</a>&nbsp;&nbsp;&nbsp;WriteBin1
<LI><a href="#[12b3568]">&gt;&gt;</a>&nbsp;&nbsp;&nbsp;ReadBin1
<LI><a href="#[12b35f8]">&gt;&gt;</a>&nbsp;&nbsp;&nbsp;Close1
<LI><a href="#[12b3688]">&gt;&gt;</a>&nbsp;&nbsp;&nbsp;Open1
<LI><a href="#[12b3880]">&gt;&gt;</a>&nbsp;&nbsp;&nbsp;CreateRecoder1
<LI><a href="#[12b3910]">&gt;&gt;</a>&nbsp;&nbsp;&nbsp;CreateBin1
<LI><a href="#[12b62d8]">&gt;&gt;</a>&nbsp;&nbsp;&nbsp;Read
<LI><a href="#[12b6320]">&gt;&gt;</a>&nbsp;&nbsp;&nbsp;Close
<LI><a href="#[12b6368]">&gt;&gt;</a>&nbsp;&nbsp;&nbsp;Open
<LI><a href="#[12b8a68]">&gt;&gt;</a>&nbsp;&nbsp;&nbsp;Read
<LI><a href="#[12b8ab0]">&gt;&gt;</a>&nbsp;&nbsp;&nbsp;Close
<LI><a href="#[12b8af8]">&gt;&gt;</a>&nbsp;&nbsp;&nbsp;Open
<LI><a href="#[12bafe8]">&gt;&gt;</a>&nbsp;&nbsp;&nbsp;Read
<LI><a href="#[12bb078]">&gt;&gt;</a>&nbsp;&nbsp;&nbsp;Close
<LI><a href="#[12bb0c0]">&gt;&gt;</a>&nbsp;&nbsp;&nbsp;Open
<LI><a href="#[12bda40]">&gt;&gt;</a>&nbsp;&nbsp;&nbsp;Read
<LI><a href="#[12bdb60]">&gt;&gt;</a>&nbsp;&nbsp;&nbsp;Close
<LI><a href="#[12bdba8]">&gt;&gt;</a>&nbsp;&nbsp;&nbsp;Open
<LI><a href="#[12e0868]">&gt;&gt;</a>&nbsp;&nbsp;&nbsp;Read
<LI><a href="#[12e0940]">&gt;&gt;</a>&nbsp;&nbsp;&nbsp;Close
<LI><a href="#[12e0988]">&gt;&gt;</a>&nbsp;&nbsp;&nbsp;Open
<LI><a href="#[12e3350]">&gt;&gt;</a>&nbsp;&nbsp;&nbsp;Read
<LI><a href="#[12e3398]">&gt;&gt;</a>&nbsp;&nbsp;&nbsp;Close
<LI><a href="#[12e33e0]">&gt;&gt;</a>&nbsp;&nbsp;&nbsp;Open
<LI><a href="#[12e6268]">&gt;&gt;</a>&nbsp;&nbsp;&nbsp;Read
<LI><a href="#[12e6340]">&gt;&gt;</a>&nbsp;&nbsp;&nbsp;Close
<LI><a href="#[12e6388]">&gt;&gt;</a>&nbsp;&nbsp;&nbsp;Open
<LI><a href="#[12e91e8]">&gt;&gt;</a>&nbsp;&nbsp;&nbsp;GetState
<LI><a href="#[12e9230]">&gt;&gt;</a>&nbsp;&nbsp;&nbsp;Read
<LI><a href="#[12e92c0]">&gt;&gt;</a>&nbsp;&nbsp;&nbsp;Close
<LI><a href="#[12e9308]">&gt;&gt;</a>&nbsp;&nbsp;&nbsp;Open
<LI><a href="#[12ec3a8]">&gt;&gt;</a>&nbsp;&nbsp;&nbsp;Close
<LI><a href="#[12ec3f0]">&gt;&gt;</a>&nbsp;&nbsp;&nbsp;Read1
<LI><a href="#[12ec5a0]">&gt;&gt;</a>&nbsp;&nbsp;&nbsp;Open
<LI><a href="#[12ef378]">&gt;&gt;</a>&nbsp;&nbsp;&nbsp;GetState
<LI><a href="#[12ef3c0]">&gt;&gt;</a>&nbsp;&nbsp;&nbsp;Read
<LI><a href="#[12ef7b0]">&gt;&gt;</a>&nbsp;&nbsp;&nbsp;Close
<LI><a href="#[12ef7f8]">&gt;&gt;</a>&nbsp;&nbsp;&nbsp;Open
<LI><a href="#[1450f70]">&gt;&gt;</a>&nbsp;&nbsp;&nbsp;Get
<LI><a href="#[1450fb8]">&gt;&gt;</a>&nbsp;&nbsp;&nbsp;Close
<LI><a href="#[1451000]">&gt;&gt;</a>&nbsp;&nbsp;&nbsp;Open
<LI><a href="#[1451090]">&gt;&gt;</a>&nbsp;&nbsp;&nbsp;Task
<LI><a href="#[1451168]">&gt;&gt;</a>&nbsp;&nbsp;&nbsp;JugeEvent
<LI><a href="#[14573d0]">&gt;&gt;</a>&nbsp;&nbsp;&nbsp;EditPro
<LI><a href="#[1457418]">&gt;&gt;</a>&nbsp;&nbsp;&nbsp;GetPro
<LI><a href="#[1457460]">&gt;&gt;</a>&nbsp;&nbsp;&nbsp;GetEnable
<LI><a href="#[14574a8]">&gt;&gt;</a>&nbsp;&nbsp;&nbsp;DisEnable
<LI><a href="#[14574f0]">&gt;&gt;</a>&nbsp;&nbsp;&nbsp;Enable
<LI><a href="#[1457538]">&gt;&gt;</a>&nbsp;&nbsp;&nbsp;Read
<LI><a href="#[1457580]">&gt;&gt;</a>&nbsp;&nbsp;&nbsp;Close
<LI><a href="#[14575c8]">&gt;&gt;</a>&nbsp;&nbsp;&nbsp;Open
<LI><a href="#[1457730]">&gt;&gt;</a>&nbsp;&nbsp;&nbsp;JugeEvent
<LI><a href="#[145af48]">&gt;&gt;</a>&nbsp;&nbsp;&nbsp;SetVolume1
<LI><a href="#[145afd8]">&gt;&gt;</a>&nbsp;&nbsp;&nbsp;SendPhone1
<LI><a href="#[145b068]">&gt;&gt;</a>&nbsp;&nbsp;&nbsp;SendIP1
<LI><a href="#[145b0b0]">&gt;&gt;</a>&nbsp;&nbsp;&nbsp;SendMessage1
<LI><a href="#[145b140]">&gt;&gt;</a>&nbsp;&nbsp;&nbsp;CloseCall1
<LI><a href="#[145b1d0]">&gt;&gt;</a>&nbsp;&nbsp;&nbsp;AgreePhone1
<LI><a href="#[145b260]">&gt;&gt;</a>&nbsp;&nbsp;&nbsp;ReadPhone1
<LI><a href="#[145b2f0]">&gt;&gt;</a>&nbsp;&nbsp;&nbsp;ReadIP1
<LI><a href="#[145b380]">&gt;&gt;</a>&nbsp;&nbsp;&nbsp;ReadMessage1
<LI><a href="#[145b410]">&gt;&gt;</a>&nbsp;&nbsp;&nbsp;DNSRIP1
<LI><a href="#[145b4a0]">&gt;&gt;</a>&nbsp;&nbsp;&nbsp;GetIpPro1
<LI><a href="#[145b530]">&gt;&gt;</a>&nbsp;&nbsp;&nbsp;GetIPState1
<LI><a href="#[145b5c0]">&gt;&gt;</a>&nbsp;&nbsp;&nbsp;GetPhoneState1
<LI><a href="#[145b650]">&gt;&gt;</a>&nbsp;&nbsp;&nbsp;GetMessageState1
<LI><a href="#[145b6e0]">&gt;&gt;</a>&nbsp;&nbsp;&nbsp;GetSysState1
<LI><a href="#[145b770]">&gt;&gt;</a>&nbsp;&nbsp;&nbsp;ClosePhone1
<LI><a href="#[145b7b8]">&gt;&gt;</a>&nbsp;&nbsp;&nbsp;CloseMessage1
<LI><a href="#[145b800]">&gt;&gt;</a>&nbsp;&nbsp;&nbsp;CloseIP1
<LI><a href="#[145b848]">&gt;&gt;</a>&nbsp;&nbsp;&nbsp;CloseSys1
<LI><a href="#[145b890]">&gt;&gt;</a>&nbsp;&nbsp;&nbsp;OpenPhone1
<LI><a href="#[145b920]">&gt;&gt;</a>&nbsp;&nbsp;&nbsp;OpenIP1
<LI><a href="#[145b9b0]">&gt;&gt;</a>&nbsp;&nbsp;&nbsp;OpenMessage1
<LI><a href="#[145ba40]">&gt;&gt;</a>&nbsp;&nbsp;&nbsp;OpenSys1
<LI><a href="#[145bad0]">&gt;&gt;</a>&nbsp;&nbsp;&nbsp;InitGprs1
<LI><a href="#[145bb18]">&gt;&gt;</a>&nbsp;&nbsp;&nbsp;InitPhone1
<LI><a href="#[145bb60]">&gt;&gt;</a>&nbsp;&nbsp;&nbsp;InitMessage1
<LI><a href="#[145bba8]">&gt;&gt;</a>&nbsp;&nbsp;&nbsp;InitSys1
<LI><a href="#[145bc38]">&gt;&gt;</a>&nbsp;&nbsp;&nbsp;Task
<LI><a href="#[145bcc8]">&gt;&gt;</a>&nbsp;&nbsp;&nbsp;OperIPData
<LI><a href="#[145c100]">&gt;&gt;</a>&nbsp;&nbsp;&nbsp;OperMessage
<LI><a href="#[145c148]">&gt;&gt;</a>&nbsp;&nbsp;&nbsp;OperPhone
<LI><a href="#[1498c58]">&gt;&gt;</a>&nbsp;&nbsp;&nbsp;Answer
<LI><a href="#[1498ca0]">&gt;&gt;</a>&nbsp;&nbsp;&nbsp;WriteCommand
<LI><a href="#[1498ce8]">&gt;&gt;</a>&nbsp;&nbsp;&nbsp;WriteFlow
<LI><a href="#[1498e98]">&gt;&gt;</a>&nbsp;&nbsp;&nbsp;NoSemSend
<LI><a href="#[154dcb0]">&gt;&gt;</a>&nbsp;&nbsp;&nbsp;GetPar2ID
<LI><a href="#[154dcf8]">&gt;&gt;</a>&nbsp;&nbsp;&nbsp;Write
<LI><a href="#[154de18]">&gt;&gt;</a>&nbsp;&nbsp;&nbsp;Read
<LI><a href="#[154de60]">&gt;&gt;</a>&nbsp;&nbsp;&nbsp;Close
<LI><a href="#[154dea8]">&gt;&gt;</a>&nbsp;&nbsp;&nbsp;Open
<LI><a href="#[154df80]">&gt;&gt;</a>&nbsp;&nbsp;&nbsp;Task
</UL>

<P><STRONG><a name="[c78228]"></a>OSSemQuery</STRONG> (ARM, 116 bytes, Stack size 24 bytes, os_sem.o(.text))
<BR><BR>[Stack]<UL><LI>Max Depth = 24<LI>Call Chain = OSSemQuery
</UL>
<BR>[Called By]<UL><LI><a href="#[104acd0]">&gt;&gt;</a>&nbsp;&nbsp;&nbsp;ClearSem
<LI><a href="#[10511f8]">&gt;&gt;</a>&nbsp;&nbsp;&nbsp;ClearSem
<LI><a href="#[180d320]">&gt;&gt;</a>&nbsp;&nbsp;&nbsp;ClearSem
</UL>

<P><STRONG><a name="[c77670]"></a>OSTaskChangePrio</STRONG> (ARM, 460 bytes, Stack size 40 bytes, os_task.o(.text), UNUSED)
<BR><BR>[Calls]<UL><LI><a href="#[c7d688]">&gt;&gt;</a>&nbsp;&nbsp;&nbsp;OS_Sched
</UL>

<P><STRONG><a name="[c77628]"></a>OSTaskCreate</STRONG> (ARM, 236 bytes, Stack size 40 bytes, os_task.o(.text))
<BR><BR>[Stack]<UL><LI>Max Depth = 80<LI>Call Chain = OSTaskCreate &rArr; OS_TCBInit
</UL>
<BR>[Calls]<UL><LI><a href="#[c7d3b8]">&gt;&gt;</a>&nbsp;&nbsp;&nbsp;OS_TCBInit
<LI><a href="#[c7d688]">&gt;&gt;</a>&nbsp;&nbsp;&nbsp;OS_Sched
<LI><a href="#[c7f4e0]">&gt;&gt;</a>&nbsp;&nbsp;&nbsp;OSTaskStkInit
</UL>
<BR>[Called By]<UL><LI><a href="#[12b0700]">&gt;&gt;</a>&nbsp;&nbsp;&nbsp;Init
<LI><a href="#[1451048]">&gt;&gt;</a>&nbsp;&nbsp;&nbsp;Init
<LI><a href="#[1454300]">&gt;&gt;</a>&nbsp;&nbsp;&nbsp;Init
<LI><a href="#[1457658]">&gt;&gt;</a>&nbsp;&nbsp;&nbsp;Init
<LI><a href="#[145bbf0]">&gt;&gt;</a>&nbsp;&nbsp;&nbsp;Init
<LI><a href="#[154df38]">&gt;&gt;</a>&nbsp;&nbsp;&nbsp;Init
<LI><a href="#[17c3560]">&gt;&gt;</a>&nbsp;&nbsp;&nbsp;Init
<LI><a href="#[1814a30]">&gt;&gt;</a>&nbsp;&nbsp;&nbsp;Init
<LI><a href="#[18753a8]">&gt;&gt;</a>&nbsp;&nbsp;&nbsp;main
</UL>

<P><STRONG><a name="[c7d370]"></a>OSTaskCreateExt</STRONG> (ARM, 288 bytes, Stack size 56 bytes, os_task.o(.text))
<BR><BR>[Stack]<UL><LI>Max Depth = 96<LI>Call Chain = OSTaskCreateExt &rArr; OS_TCBInit
</UL>
<BR>[Calls]<UL><LI><a href="#[c7d3b8]">&gt;&gt;</a>&nbsp;&nbsp;&nbsp;OS_TCBInit
<LI><a href="#[c7d688]">&gt;&gt;</a>&nbsp;&nbsp;&nbsp;OS_Sched
<LI><a href="#[c7f4e0]">&gt;&gt;</a>&nbsp;&nbsp;&nbsp;OSTaskStkInit
<LI><a href="#[18730f0]">&gt;&gt;</a>&nbsp;&nbsp;&nbsp;__aeabi_memclr4
</UL>
<BR>[Called By]<UL><LI><a href="#[c7e498]">&gt;&gt;</a>&nbsp;&nbsp;&nbsp;OS_InitTaskIdle
<LI><a href="#[c7e4e0]">&gt;&gt;</a>&nbsp;&nbsp;&nbsp;OS_InitTaskStat
</UL>

<P><STRONG><a name="[c775e0]"></a>OSTaskDel</STRONG> (ARM, 508 bytes, Stack size 24 bytes, os_task.o(.text), UNUSED)
<BR><BR>[Calls]<UL><LI><a href="#[c7c4c0]">&gt;&gt;</a>&nbsp;&nbsp;&nbsp;OS_FlagUnlink
<LI><a href="#[c7d520]">&gt;&gt;</a>&nbsp;&nbsp;&nbsp;OS_Dummy
<LI><a href="#[c7d688]">&gt;&gt;</a>&nbsp;&nbsp;&nbsp;OS_Sched
<LI><a href="#[c7f330]">&gt;&gt;</a>&nbsp;&nbsp;&nbsp;OSTaskDelHook
</UL>

<P><STRONG><a name="[c77598]"></a>OSTaskDelReq</STRONG> (ARM, 140 bytes, Stack size 24 bytes, os_task.o(.text), UNUSED)

<P><STRONG><a name="[c77550]"></a>OSTaskResume</STRONG> (ARM, 192 bytes, Stack size 16 bytes, os_task.o(.text), UNUSED)
<BR><BR>[Calls]<UL><LI><a href="#[c7d688]">&gt;&gt;</a>&nbsp;&nbsp;&nbsp;OS_Sched
</UL>

<P><STRONG><a name="[c77508]"></a>OSTaskStkChk</STRONG> (ARM, 192 bytes, Stack size 32 bytes, os_task.o(.text), UNUSED)

<P><STRONG><a name="[c774c0]"></a>OSTaskSuspend</STRONG> (ARM, 240 bytes, Stack size 16 bytes, os_task.o(.text), UNUSED)
<BR><BR>[Calls]<UL><LI><a href="#[c7d688]">&gt;&gt;</a>&nbsp;&nbsp;&nbsp;OS_Sched
</UL>

<P><STRONG><a name="[c77478]"></a>OSTaskQuery</STRONG> (ARM, 120 bytes, Stack size 16 bytes, os_task.o(.text), UNUSED)
<BR><BR>[Calls]<UL><LI><a href="#[18733b0]">&gt;&gt;</a>&nbsp;&nbsp;&nbsp;__aeabi_memcpy4
</UL>

<P><STRONG><a name="[c7d328]"></a>OSTimeDly</STRONG> (ARM, 140 bytes, Stack size 8 bytes, os_time.o(.text))
<BR><BR>[Stack]<UL><LI>Max Depth = 16<LI>Call Chain = OSTimeDly &rArr; OS_Sched
</UL>
<BR>[Calls]<UL><LI><a href="#[c7d688]">&gt;&gt;</a>&nbsp;&nbsp;&nbsp;OS_Sched
</UL>
<BR>[Called By]<UL><LI><a href="#[c76898]">&gt;&gt;</a>&nbsp;&nbsp;&nbsp;OSTimeDlyHMSM
<LI><a href="#[c7d5b0]">&gt;&gt;</a>&nbsp;&nbsp;&nbsp;OSStatInit
<LI><a href="#[c7d7f0]">&gt;&gt;</a>&nbsp;&nbsp;&nbsp;OS_TaskStat
<LI><a href="#[124c1a8]">&gt;&gt;</a>&nbsp;&nbsp;&nbsp;Configuration
<LI><a href="#[124c2c8]">&gt;&gt;</a>&nbsp;&nbsp;&nbsp;AgreeData
<LI><a href="#[124f300]">&gt;&gt;</a>&nbsp;&nbsp;&nbsp;PowerUp
<LI><a href="#[124f4f8]">&gt;&gt;</a>&nbsp;&nbsp;&nbsp;ModermCom
<LI><a href="#[12b0748]">&gt;&gt;</a>&nbsp;&nbsp;&nbsp;Task
<LI><a href="#[12ec438]">&gt;&gt;</a>&nbsp;&nbsp;&nbsp;Read
<LI><a href="#[1451090]">&gt;&gt;</a>&nbsp;&nbsp;&nbsp;Task
<LI><a href="#[1454348]">&gt;&gt;</a>&nbsp;&nbsp;&nbsp;Task
<LI><a href="#[14543d8]">&gt;&gt;</a>&nbsp;&nbsp;&nbsp;PhotoCommon
<LI><a href="#[1454420]">&gt;&gt;</a>&nbsp;&nbsp;&nbsp;ReadPhoto
<LI><a href="#[14576a0]">&gt;&gt;</a>&nbsp;&nbsp;&nbsp;Task
<LI><a href="#[145bc38]">&gt;&gt;</a>&nbsp;&nbsp;&nbsp;Task
<LI><a href="#[154df80]">&gt;&gt;</a>&nbsp;&nbsp;&nbsp;Task
<LI><a href="#[17c35a8]">&gt;&gt;</a>&nbsp;&nbsp;&nbsp;Task
<LI><a href="#[1814a78]">&gt;&gt;</a>&nbsp;&nbsp;&nbsp;Task
<LI><a href="#[1814c28]">&gt;&gt;</a>&nbsp;&nbsp;&nbsp;GetSevParSigle
<LI><a href="#[1877760]">&gt;&gt;</a>&nbsp;&nbsp;&nbsp;Init
</UL>

<P><STRONG><a name="[c76898]"></a>OSTimeDlyHMSM</STRONG> (ARM, 232 bytes, Stack size 32 bytes, os_time.o(.text), UNUSED)
<BR><BR>[Calls]<UL><LI><a href="#[c7d328]">&gt;&gt;</a>&nbsp;&nbsp;&nbsp;OSTimeDly
<LI><a href="#[1872928]">&gt;&gt;</a>&nbsp;&nbsp;&nbsp;__aeabi_uidivmod
</UL>

<P><STRONG><a name="[c76850]"></a>OSTimeDlyResume</STRONG> (ARM, 184 bytes, Stack size 16 bytes, os_time.o(.text), UNUSED)
<BR><BR>[Calls]<UL><LI><a href="#[c7d688]">&gt;&gt;</a>&nbsp;&nbsp;&nbsp;OS_Sched
</UL>

<P><STRONG><a name="[c76808]"></a>OSTimeGet</STRONG> (ARM, 32 bytes, Stack size 8 bytes, os_time.o(.text), UNUSED)

<P><STRONG><a name="[c767c0]"></a>OSTimeSet</STRONG> (ARM, 32 bytes, Stack size 8 bytes, os_time.o(.text), UNUSED)

<P><STRONG><a name="[c816b8]"></a>CAN_Exception</STRONG> (ARM, 404 bytes, Stack size 8 bytes, _can.o(.text))
<BR><BR>[Stack]<UL><LI>Max Depth = 40<LI>Call Chain = CAN_Exception &rArr; OSSemPost &rArr; OS_EventTaskRdy
</UL>
<BR>[Calls]<UL><LI><a href="#[c78270]">&gt;&gt;</a>&nbsp;&nbsp;&nbsp;OSSemPost
</UL>
<BR>[Called By]<UL><LI><a href="#[c81f30]">&gt;&gt;</a>&nbsp;&nbsp;&nbsp;CAN_Handler
</UL>

<P><STRONG><a name="[c81670]"></a>Eint_Exception</STRONG> (ARM, 148 bytes, Stack size 0 bytes, _uart.o(.text))
<BR><BR>[Called By]<UL><LI><a href="#[c81ee8]">&gt;&gt;</a>&nbsp;&nbsp;&nbsp;EINT2_Handler
</UL>

<P><STRONG><a name="[c81430]"></a>Timer1_Exception</STRONG> (ARM, 308 bytes, Stack size 0 bytes, _uart.o(.text))
<BR><BR>[Called By]<UL><LI><a href="#[c81e10]">&gt;&gt;</a>&nbsp;&nbsp;&nbsp;Timer1_Handler
</UL>

<P><STRONG><a name="[c813e8]"></a>Timer2_Exception</STRONG> (ARM, 256 bytes, Stack size 0 bytes, _uart.o(.text))
<BR><BR>[Called By]<UL><LI><a href="#[c81dc8]">&gt;&gt;</a>&nbsp;&nbsp;&nbsp;Timer2_Handler
</UL>

<P><STRONG><a name="[c813a0]"></a>UART0_Exception</STRONG> (ARM, 244 bytes, Stack size 16 bytes, _uart.o(.text))
<BR><BR>[Stack]<UL><LI>Max Depth = 48<LI>Call Chain = UART0_Exception &rArr; OSSemPost &rArr; OS_EventTaskRdy
</UL>
<BR>[Calls]<UL><LI><a href="#[c78270]">&gt;&gt;</a>&nbsp;&nbsp;&nbsp;OSSemPost
</UL>
<BR>[Called By]<UL><LI><a href="#[c81d80]">&gt;&gt;</a>&nbsp;&nbsp;&nbsp;Uart0_Handler
</UL>

<P><STRONG><a name="[c81358]"></a>UART1_Exception</STRONG> (ARM, 244 bytes, Stack size 16 bytes, _uart.o(.text))
<BR><BR>[Stack]<UL><LI>Max Depth = 48<LI>Call Chain = UART1_Exception &rArr; OSSemPost &rArr; OS_EventTaskRdy
</UL>
<BR>[Calls]<UL><LI><a href="#[c78270]">&gt;&gt;</a>&nbsp;&nbsp;&nbsp;OSSemPost
</UL>
<BR>[Called By]<UL><LI><a href="#[c81d38]">&gt;&gt;</a>&nbsp;&nbsp;&nbsp;Uart1_Handler
</UL>

<P><STRONG><a name="[c81310]"></a>UART2_Exception</STRONG> (ARM, 280 bytes, Stack size 16 bytes, _uart.o(.text))
<BR><BR>[Stack]<UL><LI>Max Depth = 48<LI>Call Chain = UART2_Exception &rArr; OSSemPost &rArr; OS_EventTaskRdy
</UL>
<BR>[Calls]<UL><LI><a href="#[c78270]">&gt;&gt;</a>&nbsp;&nbsp;&nbsp;OSSemPost
</UL>
<BR>[Called By]<UL><LI><a href="#[c81cf0]">&gt;&gt;</a>&nbsp;&nbsp;&nbsp;Uart2_Handler
</UL>

<P><STRONG><a name="[c812c8]"></a>UART3_Exception</STRONG> (ARM, 244 bytes, Stack size 16 bytes, _uart.o(.text))
<BR><BR>[Stack]<UL><LI>Max Depth = 48<LI>Call Chain = UART3_Exception &rArr; OSSemPost &rArr; OS_EventTaskRdy
</UL>
<BR>[Calls]<UL><LI><a href="#[c78270]">&gt;&gt;</a>&nbsp;&nbsp;&nbsp;OSSemPost
</UL>
<BR>[Called By]<UL><LI><a href="#[c81ca8]">&gt;&gt;</a>&nbsp;&nbsp;&nbsp;Uart3_Handler
</UL>

<P><STRONG><a name="[14a00b0]"></a>FileData_BackSet</STRONG> (ARM, 116 bytes, Stack size 16 bytes, _filedata.o(.text), UNUSED)
<BR><BR>[Calls]<UL><LI><a href="#[14a19b8]">&gt;&gt;</a>&nbsp;&nbsp;&nbsp;BackFacFile
</UL>

<P><STRONG><a name="[14a0068]"></a>FileData_CheckFile</STRONG> (ARM, 504 bytes, Stack size 24 bytes, _filedata.o(.text), UNUSED)
<BR><BR>[Calls]<UL><LI><a href="#[14a19b8]">&gt;&gt;</a>&nbsp;&nbsp;&nbsp;BackFacFile
</UL>
<BR>[Called By]<UL><LI><a href="#[1877760]">&gt;&gt;</a>&nbsp;&nbsp;&nbsp;Init
</UL>

<P><STRONG><a name="[18753a8]"></a>main</STRONG> (ARM, 48 bytes, Stack size 8 bytes, _init.o(.text))
<BR><BR>[Stack]<UL><LI>Max Depth = 136<LI>Call Chain = main &rArr; OSInit &rArr; OS_InitTaskIdle &rArr; OSTaskCreateExt &rArr; OS_TCBInit
</UL>
<BR>[Calls]<UL><LI><a href="#[c77628]">&gt;&gt;</a>&nbsp;&nbsp;&nbsp;OSTaskCreate
<LI><a href="#[c7d5f8]">&gt;&gt;</a>&nbsp;&nbsp;&nbsp;OSStart
<LI><a href="#[c7d760]">&gt;&gt;</a>&nbsp;&nbsp;&nbsp;OSInit
<LI><a href="#[c81fc0]">&gt;&gt;</a>&nbsp;&nbsp;&nbsp;TargetInit
</UL>
<BR>[Address Reference Count : 1]<UL><LI> kernel.o(.text)
</UL>
<P><STRONG><a name="[1873848]"></a>srand</STRONG> (Thumb, 42 bytes, Stack size 8 bytes, rand.o(.text))
<BR><BR>[Stack]<UL><LI>Max Depth = 8<LI>Call Chain = srand
</UL>
<BR>[Called By]<UL><LI><a href="#[c81fc0]">&gt;&gt;</a>&nbsp;&nbsp;&nbsp;TargetInit (via Veneer)
<LI><a href="#[1873800]">&gt;&gt;</a>&nbsp;&nbsp;&nbsp;_rand_init
</UL>

<P><STRONG><a name="[1873800]"></a>_rand_init</STRONG> (Thumb, 4 bytes, Stack size 0 bytes, rand.o(.text))
<BR><BR>[Stack]<UL><LI>Max Depth = 8<LI>Call Chain = _rand_init &rArr; srand
</UL>
<BR>[Calls]<UL><LI><a href="#[1873848]">&gt;&gt;</a>&nbsp;&nbsp;&nbsp;srand
</UL>
<BR>[Called By]<UL><LI><a href="#[197c668]">&gt;&gt;</a>&nbsp;&nbsp;&nbsp;__rt_lib_init
</UL>

<P><STRONG><a name="[18737b8]"></a>rand</STRONG> (Thumb, 56 bytes, Stack size 12 bytes, rand.o(.text), UNUSED)

<P><STRONG><a name="[1873560]"></a>__aeabi_memset</STRONG> (ARM, 16 bytes, Stack size 0 bytes, aeabi_memset.o(.text))
<BR><BR>[Calls]<UL><LI><a href="#[186d5d0]">&gt;&gt;</a>&nbsp;&nbsp;&nbsp;_memset
[...]
<BR><BR>[Stack]<UL><LI>Max Depth = 48<LI>Call Chain = Init &rArr; __aeabi_memcpy4
</UL>
<BR>[Calls]<UL><LI><a href="#[18733b0]">&gt;&gt;</a>&nbsp;&nbsp;&nbsp;__aeabi_memcpy4
</UL>
<BR>[Address Reference Count : 1]<UL><LI> messageandphone.o(.constdata)
</UL>
<P><STRONG><a name="[1819d08]"></a>AgreePhone</STRONG> (ARM, 216 bytes, Stack size 48 bytes, messageandphone.o(.text))
<BR><BR>[Stack]<UL><LI>Max Depth = 48<LI>Call Chain = AgreePhone
</UL>
<BR>[Called By]<UL><LI><a href="#[1819b10]">&gt;&gt;</a>&nbsp;&nbsp;&nbsp;ptFunNewPhone
<LI><a href="#[1819cc0]">&gt;&gt;</a>&nbsp;&nbsp;&nbsp;ptFunHupWork
</UL>

<P><STRONG><a name="[1819cc0]"></a>ptFunHupWork</STRONG> (ARM, 28 bytes, Stack size 8 bytes, messageandphone.o(.text))
<BR><BR>[Stack]<UL><LI>Max Depth = 56<LI>Call Chain = ptFunHupWork &rArr; AgreePhone
</UL>
<BR>[Calls]<UL><LI><a href="#[1819d08]">&gt;&gt;</a>&nbsp;&nbsp;&nbsp;AgreePhone
</UL>
<BR>[Address Reference Count : 1]<UL><LI> messageandphone.o(.constdata)
</UL>
<P><STRONG><a name="[1819c78]"></a>NewMessage</STRONG> (ARM, 548 bytes, Stack size 1504 bytes, messageandphone.o(.text))
<BR><BR>[Stack]<UL><LI>Max Depth = 1504<LI>Call Chain = NewMessage
</UL>
<BR>[Address Reference Count : 1]<UL><LI> messageandphone.o(.constdata)
</UL>
<P><STRONG><a name="[1819c30]"></a>JugePhone</STRONG> (ARM, 208 bytes, Stack size 120 bytes, messageandphone.o(.text))
<BR><BR>[Stack]<UL><LI>Max Depth = 120<LI>Call Chain = JugePhone
</UL>
<BR>[Called By]<UL><LI><a href="#[1819b10]">&gt;&gt;</a>&nbsp;&nbsp;&nbsp;ptFunNewPhone
</UL>

<P><STRONG><a name="[1819be8]"></a>JugeDriver</STRONG> (ARM, 1520 bytes, Stack size 1448 bytes, messageandphone.o(.text))
<BR><BR>[Stack]<UL><LI>Max Depth = 1448<LI>Call Chain = JugeDriver
</UL>
<BR>[Called By]<UL><LI><a href="#[1819b10]">&gt;&gt;</a>&nbsp;&nbsp;&nbsp;ptFunNewPhone
</UL>

<P><STRONG><a name="[1819ba0]"></a>ConsPhone</STRONG> (ARM, 452 bytes, Stack size 160 bytes, messageandphone.o(.text))
<BR><BR>[Stack]<UL><LI>Max Depth = 160<LI>Call Chain = ConsPhone
</UL>
<BR>[Called By]<UL><LI><a href="#[1819b10]">&gt;&gt;</a>&nbsp;&nbsp;&nbsp;ptFunNewPhone
</UL>

<P><STRONG><a name="[1819b58]"></a>BasicPhone</STRONG> (ARM, 244 bytes, Stack size 48 bytes, messageandphone.o(.text))
<BR><BR>[Stack]<UL><LI>Max Depth = 48<LI>Call Chain = BasicPhone
</UL>
<BR>[Called By]<UL><LI><a href="#[1819b10]">&gt;&gt;</a>&nbsp;&nbsp;&nbsp;ptFunNewPhone
</UL>

<P><STRONG><a name="[1819b10]"></a>ptFunNewPhone</STRONG> (ARM, 344 bytes, Stack size 16 bytes, messageandphone.o(.text))
<BR><BR>[Stack]<UL><LI>Max Depth = 1464<LI>Call Chain = ptFunNewPhone &rArr; JugeDriver
</UL>
<BR>[Calls]<UL><LI><a href="#[1819b58]">&gt;&gt;</a>&nbsp;&nbsp;&nbsp;BasicPhone
<LI><a href="#[1819ba0]">&gt;&gt;</a>&nbsp;&nbsp;&nbsp;ConsPhone
<LI><a href="#[1819be8]">&gt;&gt;</a>&nbsp;&nbsp;&nbsp;JugeDriver
<LI><a href="#[1819c30]">&gt;&gt;</a>&nbsp;&nbsp;&nbsp;JugePhone
<LI><a href="#[1819d08]">&gt;&gt;</a>&nbsp;&nbsp;&nbsp;AgreePhone
</UL>
<BR>[Address Reference Count : 1]<UL><LI> messageandphone.o(.constdata)
</UL>
<P><STRONG><a name="[1819ac8]"></a>CloseCall</STRONG> (ARM, 56 bytes, Stack size 16 bytes, messageandphone.o(.text))
<BR><BR>[Stack]<UL><LI>Max Depth = 16<LI>Call Chain = CloseCall
</UL>
<BR>[Address Reference Count : 1]<UL><LI> messageandphone.o(.constdata)
</UL>
<P><STRONG><a name="[1814d48]"></a>CreartAgreeOn</STRONG> (ARM, 272 bytes, Stack size 456 bytes, logonserver.o(.text), UNUSED)
<BR><BR>[Called By]<UL><LI><a href="#[1814ac0]">&gt;&gt;</a>&nbsp;&nbsp;&nbsp;Login
</UL>

<P><STRONG><a name="[1814d00]"></a>CreatDev</STRONG> (ARM, 168 bytes, Stack size 32 bytes, logonserver.o(.text), UNUSED)
<BR><BR>[Called By]<UL><LI><a href="#[1814ac0]">&gt;&gt;</a>&nbsp;&nbsp;&nbsp;Login
</UL>

<P><STRONG><a name="[1814cb8]"></a>OpenSev</STRONG> (ARM, 324 bytes, Stack size 528 bytes, logonserver.o(.text), UNUSED)
<BR><BR>[Called By]<UL><LI><a href="#[1814ac0]">&gt;&gt;</a>&nbsp;&nbsp;&nbsp;Login
</UL>

<P><STRONG><a name="[1814c70]"></a>GetTimeAdd</STRONG> (ARM, 244 bytes, Stack size 24 bytes, logonserver.o(.text), UNUSED)
<BR><BR>[Called By]<UL><LI><a href="#[1814be0]">&gt;&gt;</a>&nbsp;&nbsp;&nbsp;GetSevPar
<LI><a href="#[1814c28]">&gt;&gt;</a>&nbsp;&nbsp;&nbsp;GetSevParSigle
</UL>

<P><STRONG><a name="[1814c28]"></a>GetSevParSigle</STRONG> (ARM, 568 bytes, Stack size 168 bytes, logonserver.o(.text), UNUSED)
<BR><BR>[Calls]<UL><LI><a href="#[c7d328]">&gt;&gt;</a>&nbsp;&nbsp;&nbsp;OSTimeDly
<LI><a href="#[c81f78]">&gt;&gt;</a>&nbsp;&nbsp;&nbsp;WatchDog
<LI><a href="#[1814c70]">&gt;&gt;</a>&nbsp;&nbsp;&nbsp;GetTimeAdd
</UL>
<BR>[Called By]<UL><LI><a href="#[1814be0]">&gt;&gt;</a>&nbsp;&nbsp;&nbsp;GetSevPar
</UL>

<P><STRONG><a name="[1814be0]"></a>GetSevPar</STRONG> (ARM, 204 bytes, Stack size 80 bytes, logonserver.o(.text), UNUSED)
<BR><BR>[Calls]<UL><LI><a href="#[c81f78]">&gt;&gt;</a>&nbsp;&nbsp;&nbsp;WatchDog
<LI><a href="#[1814c28]">&gt;&gt;</a>&nbsp;&nbsp;&nbsp;GetSevParSigle
<LI><a href="#[1814c70]">&gt;&gt;</a>&nbsp;&nbsp;&nbsp;GetTimeAdd
</UL>
<BR>[Called By]<UL><LI><a href="#[1814ac0]">&gt;&gt;</a>&nbsp;&nbsp;&nbsp;Login
</UL>

<P><STRONG><a name="[1814b98]"></a>LoginUDP</STRONG> (ARM, 228 bytes, Stack size 112 bytes, logonserver.o(.text), UNUSED)
<BR><BR>[Called By]<UL><LI><a href="#[1814b50]">&gt;&gt;</a>&nbsp;&nbsp;&nbsp;Dev_Login
</UL>

<P><STRONG><a name="[1814b50]"></a>Dev_Login</STRONG> (ARM, 112 bytes, Stack size 376 bytes, logonserver.o(.text), UNUSED)
<BR><BR>[Calls]<UL><LI><a href="#[1814b98]">&gt;&gt;</a>&nbsp;&nbsp;&nbsp;LoginUDP
</UL>
<BR>[Called By]<UL><LI><a href="#[1814ac0]">&gt;&gt;</a>&nbsp;&nbsp;&nbsp;Login
</UL>

<P><STRONG><a name="[1814b08]"></a>Dev_APN</STRONG> (ARM, 164 bytes, Stack size 432 bytes, logonserver.o(.text), UNUSED)
<BR><BR>[Called By]<UL><LI><a href="#[1814ac0]">&gt;&gt;</a>&nbsp;&nbsp;&nbsp;Login
</UL>

<P><STRONG><a name="[1814ac0]"></a>Login</STRONG> (ARM, 192 bytes, Stack size 64 bytes, logonserver.o(.text), UNUSED)
<BR><BR>[Calls]<UL><LI><a href="#[1814b08]">&gt;&gt;</a>&nbsp;&nbsp;&nbsp;Dev_APN
<LI><a href="#[1814b50]">&gt;&gt;</a>&nbsp;&nbsp;&nbsp;Dev_Login
<LI><a href="#[1814be0]">&gt;&gt;</a>&nbsp;&nbsp;&nbsp;GetSevPar
<LI><a href="#[1814cb8]">&gt;&gt;</a>&nbsp;&nbsp;&nbsp;OpenSev
<LI><a href="#[1814d00]">&gt;&gt;</a>&nbsp;&nbsp;&nbsp;CreatDev
<LI><a href="#[1814d48]">&gt;&gt;</a>&nbsp;&nbsp;&nbsp;CreartAgreeOn
</UL>
<BR>[Called By]<UL><LI><a href="#[1814a78]">&gt;&gt;</a>&nbsp;&nbsp;&nbsp;Task
</UL>

<P><STRONG><a name="[1814a78]"></a>Task</STRONG> (ARM, 628 bytes, Stack size 16 bytes, logonserver.o(.text), UNUSED)
<BR><BR>[Calls]<UL><LI><a href="#[c7b6e8]">&gt;&gt;</a>&nbsp;&nbsp;&nbsp;OSMboxPost
<LI><a href="#[c7b730]">&gt;&gt;</a>&nbsp;&nbsp;&nbsp;OSMboxPend
<LI><a href="#[c7d328]">&gt;&gt;</a>&nbsp;&nbsp;&nbsp;OSTimeDly
<LI><a href="#[1814ac0]">&gt;&gt;</a>&nbsp;&nbsp;&nbsp;Login
</UL>

<P><STRONG><a name="[1814a30]"></a>Init</STRONG> (ARM, 96 bytes, Stack size 8 bytes, logonserver.o(.text))
<BR><BR>[Stack]<UL><LI>Max Depth = 88<LI>Call Chain = Init &rArr; OSTaskCreate &rArr; OS_TCBInit
</UL>
<BR>[Calls]<UL><LI><a href="#[c77628]">&gt;&gt;</a>&nbsp;&nbsp;&nbsp;OSTaskCreate
<LI><a href="#[c7b7c0]">&gt;&gt;</a>&nbsp;&nbsp;&nbsp;OSMboxCreate
</UL>
<BR>[Address Reference Count : 1]<UL><LI> logonserver.o(.constdata)
</UL>
<P><STRONG><a name="[180d488]"></a>Init</STRONG> (ARM, 188 bytes, Stack size 8 bytes, openandclose.o(.text))
<BR><BR>[Stack]<UL><LI>Max Depth = 24<LI>Call Chain = Init &rArr; OSMboxCreate
</UL>
<BR>[Calls]<UL><LI><a href="#[c7b7c0]">&gt;&gt;</a>&nbsp;&nbsp;&nbsp;OSMboxCreate
</UL>
<BR>[Address Reference Count : 1]<UL><LI> openandclose.o(.constdata)
</UL>
<P><STRONG><a name="[180d440]"></a>OpenGps</STRONG> (ARM, 116 bytes, Stack size 24 bytes, openandclose.o(.text))
<BR><BR>[Stack]<UL><LI>Max Depth = 24<LI>Call Chain = OpenGps
</UL>
<BR>[Address Reference Count : 1]<UL><LI> openandclose.o(.constdata)
</UL>
<P><STRONG><a name="[180d3f8]"></a>CloseGps</STRONG> (ARM, 136 bytes, Stack size 8 bytes, openandclose.o(.text))
<BR><BR>[Stack]<UL><LI>Max Depth = 8<LI>Call Chain = CloseGps
</UL>
<BR>[Address Reference Count : 1]<UL><LI> openandclose.o(.constdata)
</UL>
<P><STRONG><a name="[180d368]"></a>OpenGprsNo</STRONG> (ARM, 64 bytes, Stack size 8 bytes, openandclose.o(.text))
<BR><BR>[Stack]<UL><LI>Max Depth = 64<LI>Call Chain = OpenGprsNo &rArr; OpenGprs &rArr; ClearSem &rArr; OSMboxPend &rArr; OS_Sched
</UL>
<BR>[Calls]<UL><LI><a href="#[180d2d8]">&gt;&gt;</a>&nbsp;&nbsp;&nbsp;OpenGprs
</UL>
<BR>[Called By]<UL><LI><a href="#[180d1b8]">&gt;&gt;</a>&nbsp;&nbsp;&nbsp;ChargeLogin
</UL>
<BR>[Address Reference Count : 1]<UL><LI> openandclose.o(.constdata)
</UL>
<P><STRONG><a name="[180d320]"></a>ClearSem</STRONG> (ARM, 88 bytes, Stack size 16 bytes, openandclose.o(.text))
<BR><BR>[Stack]<UL><LI>Max Depth = 48<LI>Call Chain = ClearSem &rArr; OSMboxPend &rArr; OS_Sched
</UL>
<BR>[Calls]<UL><LI><a href="#[c78228]">&gt;&gt;</a>&nbsp;&nbsp;&nbsp;OSSemQuery
<LI><a href="#[c7b730]">&gt;&gt;</a>&nbsp;&nbsp;&nbsp;OSMboxPend
</UL>
<BR>[Called By]<UL><LI><a href="#[180d290]">&gt;&gt;</a>&nbsp;&nbsp;&nbsp;CloseGprs
<LI><a href="#[180d2d8]">&gt;&gt;</a>&nbsp;&nbsp;&nbsp;OpenGprs
</UL>

<P><STRONG><a name="[180d2d8]"></a>OpenGprs</STRONG> (ARM, 192 bytes, Stack size 8 bytes, openandclose.o(.text))
<BR><BR>[Stack]<UL><LI>Max Depth = 56<LI>Call Chain = OpenGprs &rArr; ClearSem &rArr; OSMboxPend &rArr; OS_Sched
</UL>
<BR>[Calls]<UL><LI><a href="#[c7b6e8]">&gt;&gt;</a>&nbsp;&nbsp;&nbsp;OSMboxPost
<LI><a href="#[c7b730]">&gt;&gt;</a>&nbsp;&nbsp;&nbsp;OSMboxPend
<LI><a href="#[180d320]">&gt;&gt;</a>&nbsp;&nbsp;&nbsp;ClearSem
</UL>
<BR>[Called By]<UL><LI><a href="#[180d368]">&gt;&gt;</a>&nbsp;&nbsp;&nbsp;OpenGprsNo
</UL>
<BR>[Address Reference Count : 1]<UL><LI> openandclose.o(.constdata)
</UL>
<P><STRONG><a name="[180d290]"></a>CloseGprs</STRONG> (ARM, 124 bytes, Stack size 8 bytes, openandclose.o(.text))
<BR><BR>[Stack]<UL><LI>Max Depth = 56<LI>Call Chain = CloseGprs &rArr; ClearSem &rArr; OSMboxPend &rArr; OS_Sched
</UL>
<BR>[Calls]<UL><LI><a href="#[c7b6e8]">&gt;&gt;</a>&nbsp;&nbsp;&nbsp;OSMboxPost
<LI><a href="#[180d320]">&gt;&gt;</a>&nbsp;&nbsp;&nbsp;ClearSem
</UL>
<BR>[Address Reference Count : 1]<UL><LI> openandclose.o(.constdata)
</UL>
<P><STRONG><a name="[180d248]"></a>ClearTimer</STRONG> (ARM, 20 bytes, Stack size 0 bytes, openandclose.o(.text))
<BR>[Address Reference Count : 1]<UL><LI> openandclose.o(.constdata)
</UL>
<P><STRONG><a name="[180d200]"></a>OpenUart</STRONG> (ARM, 108 bytes, Stack size 40 bytes, openandclose.o(.text))
<BR><BR>[Stack]<UL><LI>Max Depth = 48<LI>Call Chain = OpenUart &rArr; __aeabi_memcpy4
</UL>
<BR>[Calls]<UL><LI><a href="#[18733b0]">&gt;&gt;</a>&nbsp;&nbsp;&nbsp;__aeabi_memcpy4
</UL>
<BR>[Address Reference Count : 1]<UL><LI> openandclose.o(.constdata)
</UL>
<P><STRONG><a name="[180d1b8]"></a>ChargeLogin</STRONG> (ARM, 48 bytes, Stack size 16 bytes, openandclose.o(.text))
<BR><BR>[Stack]<UL><LI>Max Depth = 80<LI>Call Chain = ChargeLogin &rArr; OpenGprsNo &rArr; OpenGprs &rArr; ClearSem &rArr; OSMboxPend &rArr; OS_Sched
</UL>
<BR>[Calls]<UL><LI><a href="#[180d368]">&gt;&gt;</a>&nbsp;&nbsp;&nbsp;OpenGprsNo
</UL>
<BR>[Address Reference Count : 1]<UL><LI> openandclose.o(.constdata)
</UL>
<P><STRONG><a name="[180d170]"></a>ChargeLoadDev</STRONG> (ARM, 56 bytes, Stack size 16 bytes, openandclose.o(.text))
<BR><BR>[Stack]<UL><LI>Max Depth = 16<LI>Call Chain = ChargeLoadDev
</UL>
<BR>[Address Reference Count : 1]<UL><LI> openandclose.o(.constdata)
</UL>
<P><STRONG><a name="[1877760]"></a>Init</STRONG> (ARM, 448 bytes, Stack size 64 bytes, _init.o(.text), UNUSED)
<BR><BR>[Calls]<UL><LI><a href="#[c7d328]">&gt;&gt;</a>&nbsp;&nbsp;&nbsp;OSTimeDly
<LI><a href="#[14a0068]">&gt;&gt;</a>&nbsp;&nbsp;&nbsp;FileData_CheckFile
</UL>

<P><STRONG><a name="[1872ad8]"></a>__arm_div8</STRONG> (ARM, 0 bytes, Stack size unknown bytes, aeabi_sdiv.o(.text))
<BR><BR>[Called By]<UL><LI><a href="#[1872928]">&gt;&gt;</a>&nbsp;&nbsp;&nbsp;__aeabi_uidivmod
</UL>

<P><STRONG><a name="[1872a90]"></a>__arm_div4</STRONG> (ARM, 0 bytes, Stack size unknown bytes, aeabi_sdiv.o(.text))
<BR><BR>[Called By]<UL><LI><a href="#[1872928]">&gt;&gt;</a>&nbsp;&nbsp;&nbsp;__aeabi_uidivmod
</UL>

<P><STRONG><a name="[1872a48]"></a>__arm_div_large</STRONG> (ARM, 0 bytes, Stack size unknown bytes, aeabi_sdiv.o(.text))
<BR><BR>[Called By]<UL><LI><a href="#[1872928]">&gt;&gt;</a>&nbsp;&nbsp;&nbsp;__aeabi_uidivmod
</UL>

<P><STRONG><a name="[1871330]"></a>_dadd1</STRONG> (ARM, 0 bytes, Stack size unknown bytes, daddsub_noclz.o(x$fpl$dadd), UNUSED)
<BR><BR>[Called By]<UL><LI><a href="#[18710f0]">&gt;&gt;</a>&nbsp;&nbsp;&nbsp;_dsub
<LI><a href="#[1871180]">&gt;&gt;</a>&nbsp;&nbsp;&nbsp;_drsb
</UL>

<P><STRONG><a name="[18712e8]"></a>_dsub1</STRONG> (ARM, 0 bytes, Stack size unknown bytes, daddsub_noclz.o(x$fpl$dsub), UNUSED)
<BR><BR>[Called By]<UL><LI><a href="#[1871180]">&gt;&gt;</a>&nbsp;&nbsp;&nbsp;_drsb
<LI><a href="#[1871258]">&gt;&gt;</a>&nbsp;&nbsp;&nbsp;_dadd
</UL>

<P><STRONG><a name="[1870510]"></a>_fadd1</STRONG> (ARM, 0 bytes, Stack size unknown bytes, faddsub_noclz.o(x$fpl$fadd), UNUSED)
<BR><BR>[Called By]<UL><LI><a href="#[18702d0]">&gt;&gt;</a>&nbsp;&nbsp;&nbsp;_fsub
</UL>

<P><STRONG><a name="[18704c8]"></a>_fsub1</STRONG> (ARM, 0 bytes, Stack size unknown bytes, faddsub_noclz.o(x$fpl$fsub), UNUSED)
<BR><BR>[Called By]<UL><LI><a href="#[1870438]">&gt;&gt;</a>&nbsp;&nbsp;&nbsp;_fadd
</UL>
<P>
<H3>
Undefined Global Symbols
</H3>
<P><STRONG><a name="[197c548]"></a>__ARM_exceptions_init</STRONG> (Unknown, 0 bytes, Stack size 0 bytes, UNDEFINED)
<BR><BR>[Called By]<UL><LI><a href="#[197c668]">&gt;&gt;</a>&nbsp;&nbsp;&nbsp;__rt_lib_init (Weak Reference)
</UL>

<P><STRONG><a name="[197c500]"></a>__Heap_DescSize</STRONG> (Unknown, 0 bytes, Stack size 0 bytes, UNDEFINED)
<BR><BR>[Called By]<UL><LI><a href="#[197c668]">&gt;&gt;</a>&nbsp;&nbsp;&nbsp;__rt_lib_init (Weak Reference)
</UL>

<P><STRONG><a name="[197c4b8]"></a>__alloca_initialize</STRONG> (Unknown, 0 bytes, Stack size 0 bytes, UNDEFINED)
<BR><BR>[Called By]<UL><LI><a href="#[197c668]">&gt;&gt;</a>&nbsp;&nbsp;&nbsp;__rt_lib_init (Weak Reference)
</UL>

<P><STRONG><a name="[197c470]"></a>__cpp_initialize__aeabi_</STRONG> (Unknown, 0 bytes, Stack size 0 bytes, UNDEFINED)
<BR><BR>[Called By]<UL><LI><a href="#[197c668]">&gt;&gt;</a>&nbsp;&nbsp;&nbsp;__rt_lib_init (Weak Reference)
</UL>

<P><STRONG><a name="[197c428]"></a>__cxa_finalize</STRONG> (Unknown, 0 bytes, Stack size 0 bytes, UNDEFINED)
<BR><BR>[Called By]<UL><LI><a href="#[197c620]">&gt;&gt;</a>&nbsp;&nbsp;&nbsp;__rt_lib_shutdown (Weak Reference)
</UL>

<P><STRONG><a name="[18715d8]"></a>__fpl_infinity</STRONG> (Unknown, 0 bytes, Stack size 0 bytes, UNDEFINED)
<BR><BR>[Called By]<UL><LI><a href="#[186c648]">&gt;&gt;</a>&nbsp;&nbsp;&nbsp;__fpl_fcmp_InfNaN (Weak Reference)
<LI><a href="#[186cc68]">&gt;&gt;</a>&nbsp;&nbsp;&nbsp;_dsqrt (Weak Reference)
<LI><a href="#[186f888]">&gt;&gt;</a>&nbsp;&nbsp;&nbsp;_fmul (Weak Reference)
<LI><a href="#[186ffb8]">&gt;&gt;</a>&nbsp;&nbsp;&nbsp;_ffixu (Weak Reference)
<LI><a href="#[18702d0]">&gt;&gt;</a>&nbsp;&nbsp;&nbsp;_fsub (Weak Reference)
<LI><a href="#[1870438]">&gt;&gt;</a>&nbsp;&nbsp;&nbsp;_fadd (Weak Reference)
<LI><a href="#[18708f8]">&gt;&gt;</a>&nbsp;&nbsp;&nbsp;_f2d (Weak Reference)
<LI><a href="#[1870aa8]">&gt;&gt;</a>&nbsp;&nbsp;&nbsp;_dmul (Weak Reference)
<LI><a href="#[1870d40]">&gt;&gt;</a>&nbsp;&nbsp;&nbsp;_ddiv (Weak Reference)
<LI><a href="#[18710f0]">&gt;&gt;</a>&nbsp;&nbsp;&nbsp;_dsub (Weak Reference)
<LI><a href="#[1871258]">&gt;&gt;</a>&nbsp;&nbsp;&nbsp;_dadd (Weak Reference)
<LI><a href="#[1871740]">&gt;&gt;</a>&nbsp;&nbsp;&nbsp;_d2f (Weak Reference)
<LI><a href="#[197ae38]">&gt;&gt;</a>&nbsp;&nbsp;&nbsp;_drem (Weak Reference)
<LI><a href="#[197b480]">&gt;&gt;</a>&nbsp;&nbsp;&nbsp;_dfix (Weak Reference)
<LI><a href="#[197b7a8]">&gt;&gt;</a>&nbsp;&nbsp;&nbsp;__fpl_dcmp_InfNaN (Weak Reference)
<LI><a href="#[197e100]">&gt;&gt;</a>&nbsp;&nbsp;&nbsp;scalbn (Weak Reference)
</UL>

<P><STRONG><a name="[1871b58]"></a>__user_heap_extend</STRONG> (Unknown, 0 bytes, Stack size 0 bytes, UNDEFINED, UNUSED)
<BR><BR>[Called By]<UL><LI><a href="#[1871c30]">&gt;&gt;</a>&nbsp;&nbsp;&nbsp;__rt_heap_extend (Weak Reference)
</UL>

<P><STRONG><a name="[197c3e0]"></a>_atexit_init</STRONG> (Unknown, 0 bytes, Stack size 0 bytes, UNDEFINED)
<BR><BR>[Called By]<UL><LI><a href="#[197c668]">&gt;&gt;</a>&nbsp;&nbsp;&nbsp;__rt_lib_init (Weak Reference)
</UL>

<P><STRONG><a name="[197ca58]"></a>_call_atexit_fns</STRONG> (Unknown, 0 bytes, Stack size 0 bytes, UNDEFINED)
<BR><BR>[Called By]<UL><LI><a href="#[197cae8]">&gt;&gt;</a>&nbsp;&nbsp;&nbsp;exit (Weak Reference)
</UL>

<P><STRONG><a name="[197c398]"></a>_clock_init</STRONG> (Unknown, 0 bytes, Stack size 0 bytes, UNDEFINED)
<BR><BR>[Called By]<UL><LI><a href="#[197c668]">&gt;&gt;</a>&nbsp;&nbsp;&nbsp;__rt_lib_init (Weak Reference)
</UL>

<P><STRONG><a name="[197c350]"></a>_fp_trap_init</STRONG> (Unknown, 0 bytes, Stack size 0 bytes, UNDEFINED)
<BR><BR>[Called By]<UL><LI><a href="#[197c668]">&gt;&gt;</a>&nbsp;&nbsp;&nbsp;__rt_lib_init (Weak Reference)
</UL>

<P><STRONG><a name="[197c308]"></a>_get_lc_collate</STRONG> (Unknown, 0 bytes, Stack size 0 bytes, UNDEFINED)
<BR><BR>[Called By]<UL><LI><a href="#[197c668]">&gt;&gt;</a>&nbsp;&nbsp;&nbsp;__rt_lib_init (Weak Reference)
</UL>

<P><STRONG><a name="[197c2c0]"></a>_get_lc_ctype</STRONG> (Unknown, 0 bytes, Stack size 0 bytes, UNDEFINED)
<BR><BR>[Called By]<UL><LI><a href="#[197c668]">&gt;&gt;</a>&nbsp;&nbsp;&nbsp;__rt_lib_init (Weak Reference)
</UL>

<P><STRONG><a name="[197c278]"></a>_get_lc_monetary</STRONG> (Unknown, 0 bytes, Stack size 0 bytes, UNDEFINED)
<BR><BR>[Called By]<UL><LI><a href="#[197c668]">&gt;&gt;</a>&nbsp;&nbsp;&nbsp;__rt_lib_init (Weak Reference)
</UL>

<P><STRONG><a name="[197c230]"></a>_get_lc_numeric</STRONG> (Unknown, 0 bytes, Stack size 0 bytes, UNDEFINED)
<BR><BR>[Called By]<UL><LI><a href="#[197c668]">&gt;&gt;</a>&nbsp;&nbsp;&nbsp;__rt_lib_init (Weak Reference)
</UL>

<P><STRONG><a name="[197c1e8]"></a>_get_lc_time</STRONG> (Unknown, 0 bytes, Stack size 0 bytes, UNDEFINED)
<BR><BR>[Called By]<UL><LI><a href="#[197c668]">&gt;&gt;</a>&nbsp;&nbsp;&nbsp;__rt_lib_init (Weak Reference)
</UL>

<P><STRONG><a name="[197c1a0]"></a>_getenv_init</STRONG> (Unknown, 0 bytes, Stack size 0 bytes, UNDEFINED)
<BR><BR>[Called By]<UL><LI><a href="#[197c668]">&gt;&gt;</a>&nbsp;&nbsp;&nbsp;__rt_lib_init (Weak Reference)
</UL>

<P><STRONG><a name="[197c158]"></a>_init_alloc</STRONG> (Unknown, 0 bytes, Stack size 0 bytes, UNDEFINED)
<BR><BR>[Called By]<UL><LI><a href="#[197c668]">&gt;&gt;</a>&nbsp;&nbsp;&nbsp;__rt_lib_init (Weak Reference)
</UL>

<P><STRONG><a name="[197c110]"></a>_init_user_alloc</STRONG> (Unknown, 0 bytes, Stack size 0 bytes, UNDEFINED)
<BR><BR>[Called By]<UL><LI><a href="#[197c668]">&gt;&gt;</a>&nbsp;&nbsp;&nbsp;__rt_lib_init (Weak Reference)
</UL>

<P><STRONG><a name="[197c0c8]"></a>_initio</STRONG> (Unknown, 0 bytes, Stack size 0 bytes, UNDEFINED)
<BR><BR>[Called By]<UL><LI><a href="#[197c668]">&gt;&gt;</a>&nbsp;&nbsp;&nbsp;__rt_lib_init (Weak Reference)
</UL>

<P><STRONG><a name="[197c038]"></a>_signal_init</STRONG> (Unknown, 0 bytes, Stack size 0 bytes, UNDEFINED)
<BR><BR>[Called By]<UL><LI><a href="#[197c668]">&gt;&gt;</a>&nbsp;&nbsp;&nbsp;__rt_lib_init (Weak Reference)
</UL>

<P><STRONG><a name="[197bff0]"></a>_terminate_user_alloc</STRONG> (Unknown, 0 bytes, Stack size 0 bytes, UNDEFINED)
<BR><BR>[Called By]<UL><LI><a href="#[197c620]">&gt;&gt;</a>&nbsp;&nbsp;&nbsp;__rt_lib_shutdown (Weak Reference)
</UL>

<P><STRONG><a name="[197bfa8]"></a>_terminateio</STRONG> (Unknown, 0 bytes, Stack size 0 bytes, UNDEFINED)
<BR><BR>[Called By]<UL><LI><a href="#[197c620]">&gt;&gt;</a>&nbsp;&nbsp;&nbsp;__rt_lib_shutdown (Weak Reference)
</UL>
<HR></body></html>
