<html>
<body>
<pre>
<h1>礦ision3 Build Log</h1>
<h2>Project:</h2>
C:\Documents and Settings\lili\桌面\当前工作\当前工作\lpc2368_port.uv2
Project File Date:  10/31/2009

<h2>Output:</h2>
Build target 'LPC2368Kit'
compiling target.c...
assembling IRQ.s...
assembling Startup.s...
compiling Os_cpu_c.c...
assembling Os_cpu_a.s...
compiling OS_CORE.C...
compiling OS_FLAG.C...
compiling OS_MBOX.C...
compiling OS_MEM.C...
compiling OS_MUTEX.C...
compiling OS_Q.C...
compiling OS_SEM.C...
compiling OS_TASK.C...
compiling OS_TIME.C...
compiling _Arithmetic.c...
miscellaneous\Arithmetic\_Arithmetic.c(173): warning:  #111-D: statement is unreachable
compiling _AscNumber.c...
miscellaneous\CodeTrans\_AscNumber.c(901): warning:  #177-D: function "Value32" was declared but never referenced
compiling _Date.c...
compiling _Can.c...
compiling _RTC.c...
HardWare\RTC\_RTC.c(139): warning:  #177-D: function "RTCStop" was declared but never referenced
HardWare\RTC\_RTC.c(155): warning:  #177-D: function "RTC_CTCReset" was declared but never referenced
HardWare\RTC\_RTC.c(122): warning:  #177-D: function "RTCStart" was declared but never referenced
compiling _Spi.c...
HardWare\Spi\_Spi.c(82): warning:  #550-D: variable "a" was set but never used
compiling _UART.C...
compiling ADCHard.C...
compiling DS18B20.c...
compiling HuaiweiGprs.c...
Dev\GPRS\Huaiwei\HuaiweiGprs.c(6): warning:  #513-D: a value of type "void *" cannot be assigned to an entity of type "uint16 (*)(uint8 *, uint8 *, uint16, st_GprsHard_Order_Cut *)"
compiling GprsHard.c...
Dev\GPRS\GprsHard.c(193): warning:  #177-D: function "MODEM_Dly100ms" was declared but never referenced
compiling Less.c...
compiling ACC.C...
compiling Oil.c...
compiling Sensor.c...
compiling Gps.c...
compiling Display.c...
Dev\Sensor\Display\Display.h(94): warning:  #69-D: integer conversion resulted in truncation
Dev\Sensor\Display\Display.h(95): warning:  #69-D: integer conversion resulted in truncation
Dev\Sensor\Display\Display.h(96): warning:  #69-D: integer conversion resulted in truncation
Dev\Sensor\Display\Display.h(97): warning:  #69-D: integer conversion resulted in truncation
Dev\Sensor\Display\Display.h(98): warning:  #69-D: integer conversion resulted in truncation
Dev\Sensor\Display\Display.h(99): warning:  #69-D: integer conversion resulted in truncation
Dev\Sensor\Display\Display.h(100): warning:  #69-D: integer conversion resulted in truncation
Dev\Sensor\Display\Display.h(101): warning:  #69-D: integer conversion resulted in truncation
Dev\Sensor\Display\Display.h(102): warning:  #69-D: integer conversion resulted in truncation
Dev\Sensor\Display\Display.h(103): warning:  #69-D: integer conversion resulted in truncation
Dev\Sensor\Display\Display.h(104): warning:  #69-D: integer conversion resulted in truncation
Dev\Sensor\Display\Display.h(105): warning:  #69-D: integer conversion resulted in truncation
Dev\Sensor\Display\Display.h(106): warning:  #69-D: integer conversion resulted in truncation
Dev\Sensor\Display\Display.h(107): warning:  #69-D: integer conversion resulted in truncation
Dev\Sensor\Display\Display.h(108): warning:  #69-D: integer conversion resulted in truncation
Dev\Sensor\Display\Display.h(109): warning:  #69-D: integer conversion resulted in truncation
Dev\Sensor\Display\Display.h(110): warning:  #69-D: integer conversion resulted in truncation
Dev\Sensor\Display\Display.h(111): warning:  #69-D: integer conversion resulted in truncation
Dev\Sensor\Display\Display.c(247): warning:  #117-D: non-void function "CommType2App" should return a value
compiling temperture.c...
compiling mileage.c...
compiling GprsTzxy.C...
compiling UartTzxy.C...
compiling arealrm.c...
Dev\Sensor\arealrm\arealrm.c(117): warning:  #177-D: function "GetTimeAdd" was declared but never referenced
compiling Help.C...
compiling OnOrOff.C...
Dev\Sensor\OnOff\OnOrOff.C(57): warning:  #177-D: function "GetTimeAdd" was declared but never referenced
compiling Adc1.c...
compiling _rwFile.c...
compiling SensorContr.c...
compiling GPRS.c...
compiling Timer.c...
compiling Photo.c...
compiling GpsAndMileage.c...
compiling FTP.c...
compiling Tz_Agreen.c...
AgreeOn\TzV2.1\Agree\Tz_Agreen.c(222): warning:  #177-D: function "Explain_Activation" was declared but never referenced
compiling Tz_Send.c...
AgreeOn\TzV2.1\Send\Tz_Send_Pubi.c(1364): warning:  #940-D: missing return statement at end of non-void function "Expain_VidType2LessAddree"
AgreeOn\TzV2.1\Send\Tz_Send_Pubi.c(1448): warning:  #186-D: pointless comparison of unsigned integer with zero
compiling TzV2.1.C...
compiling _NandFlash512.c...
compiling _SpiFlash512.c...
compiling _Flash.c...
Dev\Flash\_Flash.c(62): warning:  #550-D: variable "Result" was set but never used
compiling _rwflashlgc.c...
compiling _FileData.c...
compiling TakeData.c...
FilleData\TakeData.c(57): warning:  #111-D: statement is unreachable
FilleData\TakeData.c(168): warning:  #940-D: missing return statement at end of non-void function "ReadParTable"
FilleData\TakeData.c(260): warning:  #174-D: expression has no effect
FilleData\TakeData.c(262): warning:  #174-D: expression has no effect
FilleData\TakeData.c(276): warning:  #111-D: statement is unreachable
FilleData\TakeData.c(276): warning:  #174-D: expression has no effect
FilleData\TakeData.c(289): warning:  #174-D: expression has no effect
FilleData\TakeData.c(301): warning:  #174-D: expression has no effect
compiling AppSendAgreeOn.c...
AppSendAgreeOn\AppSendAgreeOn.c(288): warning:  #177-D: variable "CN_st_Parameter_Table" was declared but never referenced
compiling AppGprs.c...
AppAgreenOn\AppGprs.c(92): warning:  #550-D: variable "ptst_AgreeOn_LoaderTxt" was set but never used
AppAgreenOn\AppGprs.c(100): warning:  #550-D: variable "ptst_AgreeOn_LoaderTxtMenum" was set but never used
AppAgreenOn\AppGprs.c(131): warning:  #1293-D: assignment in condition
compiling OpenSensor.c...
compiling AccOper.c...
compiling AppAgreeDataSensor.c...
compiling Space.c...
AppOper\Space.c(68): warning:  #550-D: variable "Millage" was set but never used
AppOper\Space.c(76): warning:  #550-D: variable "Millage" was set but never used
compiling JugeOper.c...
AppOper\JugeOper.c(12): warning:  #175-D: subscript out of range
AppOper\JugeOper.c(14): warning:  #175-D: subscript out of range
AppOper\JugeOper.c(21): warning:  #117-D: non-void function "JugeAppair" should return a value
AppOper\JugeOper.c(25): warning:  #175-D: subscript out of range
AppOper\JugeOper.c(30): warning:  #117-D: non-void function "JugeAppair" should return a value
AppOper\JugeOper.c(35): warning:  #117-D: non-void function "JugeAppair" should return a value
AppOper\JugeOper.c(49): warning:  #1441-D: nonstandard cast on lvalue
AppOper\JugeOper.c(50): warning:  #1441-D: nonstandard cast on lvalue
compiling WarningUpate.c...
compiling DisPlayOper.c...
AppOper\DisPlayOper.h(25): warning:  #47-D: incompatible redefinition of macro "De_Suc_Display" (declared at line 11 of "AppOper\..\Dev\Sensor\Display\Display.h")
compiling MessageAndPhone.c...
AppOper\MessageAndPhone.c(266): warning:  #940-D: missing return statement at end of non-void function "JugeDriver"
AppOper\MessageAndPhone.c(295): warning:  #1-D: last line of file ends without a newline
compiling LogOnServer.c...
AppTask\LogOnServer\LogOnServer.c(137): warning:  #513-D: a value of type "void *" cannot be assigned to an entity of type "void (*)(uint8 *)"
AppTask\LogOnServer\LogOnServer.c(169): warning:  #513-D: a value of type "void *" cannot be assigned to an entity of type "void (*)(st_st_AgreeOn_Dev_Par *, uint8)"
AppTask\LogOnServer\LogOnServer.c(188): warning:  #550-D: variable "CN_st_Dev_Tzxy_Send" was set but never used
compiling UpdateSoftWare.c...
AppTask\UpdateSoftWare\UpdateSoftWare.c(16): warning:  #177-D: variable "Result" was declared but never referenced
compiling OpenAndClose.c...
AppTask\OpenClose\OpenAndClose.c(41): warning:  #513-D: a value of type "void (*)(uint8)" cannot be assigned to an entity of type "void (*)(uint8 *)"
AppTask\OpenClose\OpenAndClose.c(43): warning:  #513-D: a value of type "void (*)(st_st_AgreeOn_Dev_Par *, uint8)" cannot be assigned to an entity of type "void (*)(uint8 *, uint8, uint16)"
compiling _Init.c...
linking...
Program Size: Code=229344 RO-data=11936 RW-data=844 ZI-data=25988  
FromELF: creating hex file...
".\obj\GPRS_OS.axf" - 0 Error(s), 64 Warning(s).
Load "C:\\Documents and Settings\\lili\\桌面\\当前工作\\当前工作\\obj\\GPRS_OS.AXF" 
Build target 'LPC2368Kit'
compiling _Init.c...
linking...
Program Size: Code=229280 RO-data=11936 RW-data=844 ZI-data=25988  
FromELF: creating hex file...
".\obj\GPRS_OS.axf" - 0 Error(s), 0 Warning(s).
Load "C:\\Documents and Settings\\lili\\桌面\\当前工作\\当前工作\\obj\\GPRS_OS.AXF" 
Build target 'LPC2368Kit'
compiling SensorContr.c...
compiling OpenSensor.c...
compiling AppAgreeDataSensor.c...
compiling DisPlayOper.c...
AppOper\DisPlayOper.h(25): warning:  #47-D: incompatible redefinition of macro "De_Suc_Display" (declared at line 11 of "AppOper\..\Dev\Sensor\Display\Display.h")
compiling MessageAndPhone.c...
AppOper\MessageAndPhone.c(266): warning:  #940-D: missing return statement at end of non-void function "JugeDriver"
AppOper\MessageAndPhone.c(295): warning:  #1-D: last line of file ends without a newline
compiling _Init.c...
linking...
Program Size: Code=229280 RO-data=11936 RW-data=844 ZI-data=25988  
FromELF: creating hex file...
".\obj\GPRS_OS.axf" - 0 Error(s), 3 Warning(s).
Load "C:\\Documents and Settings\\lili\\桌面\\当前工作\\当前工作\\obj\\GPRS_OS.AXF" 
Build target 'LPC2368Kit'
compiling Display.c...
Dev\Sensor\Display\Display.h(94): warning:  #69-D: integer conversion resulted in truncation
Dev\Sensor\Display\Display.h(95): warning:  #69-D: integer conversion resulted in truncation
Dev\Sensor\Display\Display.h(96): warning:  #69-D: integer conversion resulted in truncation
Dev\Sensor\Display\Display.h(97): warning:  #69-D: integer conversion resulted in truncation
Dev\Sensor\Display\Display.h(98): warning:  #69-D: integer conversion resulted in truncation
Dev\Sensor\Display\Display.h(99): warning:  #69-D: integer conversion resulted in truncation
Dev\Sensor\Display\Display.h(100): warning:  #69-D: integer conversion resulted in truncation
Dev\Sensor\Display\Display.h(101): warning:  #69-D: integer conversion resulted in truncation
Dev\Sensor\Display\Display.h(102): warning:  #69-D: integer conversion resulted in truncation
Dev\Sensor\Display\Display.h(103): warning:  #69-D: integer conversion resulted in truncation
Dev\Sensor\Display\Display.h(104): warning:  #69-D: integer conversion resulted in truncation
Dev\Sensor\Display\Display.h(105): warning:  #69-D: integer conversion resulted in truncation
Dev\Sensor\Display\Display.h(106): warning:  #69-D: integer conversion resulted in truncation
Dev\Sensor\Display\Display.h(107): warning:  #69-D: integer conversion resulted in truncation
Dev\Sensor\Display\Display.h(108): warning:  #69-D: integer conversion resulted in truncation
Dev\Sensor\Display\Display.h(109): warning:  #69-D: integer conversion resulted in truncation
Dev\Sensor\Display\Display.h(110): warning:  #69-D: integer conversion resulted in truncation
Dev\Sensor\Display\Display.h(111): warning:  #69-D: integer conversion resulted in truncation
Dev\Sensor\Display\Display.c(15): error:  #165: too few arguments in function call
Dev\Sensor\Display\Display.c(251): warning:  #117-D: non-void function "CommType2App" should return a value
Target not created
Build target 'LPC2368Kit'
compiling Display.c...
Dev\Sensor\Display\Display.h(94): warning:  #69-D: integer conversion resulted in truncation
Dev\Sensor\Display\Display.h(95): warning:  #69-D: integer conversion resulted in truncation
Dev\Sensor\Display\Display.h(96): warning:  #69-D: integer conversion resulted in truncation
Dev\Sensor\Display\Display.h(97): warning:  #69-D: integer conversion resulted in truncation
Dev\Sensor\Display\Display.h(98): warning:  #69-D: integer conversion resulted in truncation
Dev\Sensor\Display\Display.h(99): warning:  #69-D: integer conversion resulted in truncation
Dev\Sensor\Display\Display.h(100): warning:  #69-D: integer conversion resulted in truncation
Dev\Sensor\Display\Display.h(101): warning:  #69-D: integer conversion resulted in truncation
Dev\Sensor\Display\Display.h(102): warning:  #69-D: integer conversion resulted in truncation
Dev\Sensor\Display\Display.h(103): warning:  #69-D: integer conversion resulted in truncation
Dev\Sensor\Display\Display.h(104): warning:  #69-D: integer conversion resulted in truncation
Dev\Sensor\Display\Display.h(105): warning:  #69-D: integer conversion resulted in truncation
Dev\Sensor\Display\Display.h(106): warning:  #69-D: integer conversion resulted in truncation
Dev\Sensor\Display\Display.h(107): warning:  #69-D: integer conversion resulted in truncation
Dev\Sensor\Display\Display.h(108): warning:  #69-D: integer conversion resulted in truncation
Dev\Sensor\Display\Display.h(109): warning:  #69-D: integer conversion resulted in truncation
Dev\Sensor\Display\Display.h(110): warning:  #69-D: integer conversion resulted in truncation
Dev\Sensor\Display\Display.h(111): warning:  #69-D: integer conversion resulted in truncation
Dev\Sensor\Display\Display.c(251): warning:  #117-D: non-void function "CommType2App" should return a value
linking...
Program Size: Code=229360 RO-data=11944 RW-data=844 ZI-data=25988  
FromELF: creating hex file...
".\obj\GPRS_OS.axf" - 0 Error(s), 19 Warning(s).
Load "C:\\Documents and Settings\\lili\\桌面\\当前工作\\当前工作\\obj\\GPRS_OS.AXF" 
Build target 'LPC2368Kit'
compiling Sensor.c...
Dev\Sensor\Display\Display.h(87): error:  #256: invalid redeclaration of type name "st_Display_Par_Set" (declared at line 87)
Dev\Sensor\Display\Display.h(162): error:  #147: declaration is incompatible with "const st_Display_Par_Set CN_st_Display_Par_Set[]" (declared at line 162)
compiling SensorContr.c...
compiling Timer.c...
compiling GpsAndMileage.c...
compiling TzV2.1.C...
compiling AppSendAgreeOn.c...
AppSendAgreeOn\AppSendAgreeOn.c(288): warning:  #177-D: variable "CN_st_Parameter_Table" was declared but never referenced
compiling AppGprs.c...
AppAgreenOn\AppGprs.c(92): warning:  #550-D: variable "ptst_AgreeOn_LoaderTxt" was set but never used
AppAgreenOn\AppGprs.c(100): warning:  #550-D: variable "ptst_AgreeOn_LoaderTxtMenum" was set but never used
AppAgreenOn\AppGprs.c(131): warning:  #1293-D: assignment in condition
compiling OpenSensor.c...
compiling AccOper.c...
compiling AppAgreeDataSensor.c...
compiling WarningUpate.c...
compiling DisPlayOper.c...
AppOper\DisPlayOper.h(25): warning:  #47-D: incompatible redefinition of macro "De_Suc_Display" (declared at line 11 of "AppOper\..\Dev\Sensor\Display\Display.h")
compiling MessageAndPhone.c...
AppOper\MessageAndPhone.c(266): warning:  #940-D: missing return statement at end of non-void function "JugeDriver"
AppOper\MessageAndPhone.c(295): warning:  #1-D: last line of file ends without a newline
compiling LogOnServer.c...
AppTask\LogOnServer\LogOnServer.c(137): warning:  #513-D: a value of type "void *" cannot be assigned to an entity of type "void (*)(uint8 *)"
AppTask\LogOnServer\LogOnServer.c(169): warning:  #513-D: a value of type "void *" cannot be assigned to an entity of type "void (*)(st_st_AgreeOn_Dev_Par *, uint8)"
AppTask\LogOnServer\LogOnServer.c(188): warning:  #550-D: variable "CN_st_Dev_Tzxy_Send" was set but never used
compiling OpenAndClose.c...
AppTask\OpenClose\OpenAndClose.c(41): warning:  #513-D: a value of type "void (*)(uint8)" cannot be assigned to an entity of type "void (*)(uint8 *)"
AppTask\OpenClose\OpenAndClose.c(43): warning:  #513-D: a value of type "void (*)(st_st_AgreeOn_Dev_Par *, uint8)" cannot be assigned to an entity of type "void (*)(uint8 *, uint8, uint16)"
compiling _Init.c...
Target not created
Build target 'LPC2368Kit'
compiling Sensor.c...
Dev\Sensor\Display\Display.h(87): error:  #256: invalid redeclaration of type name "st_Display_Par_Set" (declared at line 87)
Dev\Sensor\Display\Display.h(162): error:  #147: declaration is incompatible with "const st_Display_Par_Set CN_st_Display_Par_Set[]" (declared at line 162)
compiling SensorContr.c...
compiling Timer.c...
compiling GpsAndMileage.c...
compiling TzV2.1.C...
compiling AppSendAgreeOn.c...
AppSendAgreeOn\AppSendAgreeOn.c(288): warning:  #177-D: variable "CN_st_Parameter_Table" was declared but never referenced
compiling AppGprs.c...
AppAgreenOn\AppGprs.c(92): warning:  #550-D: variable "ptst_AgreeOn_LoaderTxt" was set but never used
AppAgreenOn\AppGprs.c(100): warning:  #550-D: variable "ptst_AgreeOn_LoaderTxtMenum" was set but never used
AppAgreenOn\AppGprs.c(131): warning:  #1293-D: assignment in condition
Project build/rebuild aborted.
Target not created
Build target 'LPC2368Kit'
compiling Less.c...
compiling ACC.C...
compiling Oil.c...
compiling Sensor.c...
compiling Gps.c...
compiling Display.c...
Dev\Sensor\Display\Display.h(89): warning:  #69-D: integer conversion resulted in truncation
Dev\Sensor\Display\Display.h(90): warning:  #69-D: integer conversion resulted in truncation
Dev\Sensor\Display\Display.h(91): warning:  #69-D: integer conversion resulted in truncation
Dev\Sensor\Display\Display.h(92): warning:  #69-D: integer conversion resulted in truncation
Dev\Sensor\Display\Display.h(93): warning:  #69-D: integer conversion resulted in truncation
Dev\Sensor\Display\Display.h(94): warning:  #69-D: integer conversion resulted in truncation
Dev\Sensor\Display\Display.h(95): warning:  #69-D: integer conversion resulted in truncation
Dev\Sensor\Display\Display.h(96): warning:  #69-D: integer conversion resulted in truncation
Dev\Sensor\Display\Display.h(97): warning:  #69-D: integer conversion resulted in truncation
Dev\Sensor\Display\Display.h(98): warning:  #69-D: integer conversion resulted in truncation
Dev\Sensor\Display\Display.h(99): warning:  #69-D: integer conversion resulted in truncation
Dev\Sensor\Display\Display.h(100): warning:  #69-D: integer conversion resulted in truncation
Dev\Sensor\Display\Display.h(101): warning:  #69-D: integer conversion resulted in truncation
Dev\Sensor\Display\Display.h(102): warning:  #69-D: integer conversion resulted in truncation
Dev\Sensor\Display\Display.h(103): warning:  #69-D: integer conversion resulted in truncation
Dev\Sensor\Display\Display.h(104): warning:  #69-D: integer conversion resulted in truncation
Dev\Sensor\Display\Display.h(105): warning:  #69-D: integer conversion resulted in truncation
Dev\Sensor\Display\Display.h(106): warning:  #69-D: integer conversion resulted in truncation
Dev\Sensor\Display\Display.c(251): warning:  #117-D: non-void function "CommType2App" should return a value
compiling temperture.c...
compiling mileage.c...
compiling GprsTzxy.C...
compiling UartTzxy.C...
compiling arealrm.c...
Dev\Sensor\arealrm\arealrm.c(117): warning:  #177-D: function "GetTimeAdd" was declared but never referenced
compiling Help.C...
compiling OnOrOff.C...
Dev\Sensor\OnOff\OnOrOff.C(57): warning:  #177-D: function "GetTimeAdd" was declared but never referenced
compiling Adc1.c...
compiling SensorContr.c...
compiling Timer.c...
compiling GpsAndMileage.c...
compiling Tz_Agreen.c...
AgreeOn\TzV2.1\Agree\Tz_Agreen.c(222): warning:  #177-D: function "Explain_Activation" was declared but never referenced
compiling Tz_Send.c...
AgreeOn\TzV2.1\Send\Tz_Send_Pubi.c(1364): warning:  #940-D: missing return statement at end of non-void function "Expain_VidType2LessAddree"
AgreeOn\TzV2.1\Send\Tz_Send_Pubi.c(1448): warning:  #186-D: pointless comparison of unsigned integer with zero
compiling TzV2.1.C...
compiling _FileData.c...
compiling TakeData.c...
FilleData\TakeData.c(57): warning:  #111-D: statement is unreachable
FilleData\TakeData.c(168): warning:  #940-D: missing return statement at end of non-void function "ReadParTable"
FilleData\TakeData.c(260): warning:  #174-D: expression has no effect
FilleData\TakeData.c(262): warning:  #174-D: expression has no effect
FilleData\TakeData.c(276): warning:  #111-D: statement is unreachable
FilleData\TakeData.c(276): warning:  #174-D: expression has no effect
FilleData\TakeData.c(289): warning:  #174-D: expression has no effect
FilleData\TakeData.c(301): warning:  #174-D: expression has no effect
compiling AppSendAgreeOn.c...
AppSendAgreeOn\AppSendAgreeOn.c(288): warning:  #177-D: variable "CN_st_Parameter_Table" was declared but never referenced
compiling AppGprs.c...
AppAgreenOn\AppGprs.c(92): warning:  #550-D: variable "ptst_AgreeOn_LoaderTxt" was set but never used
AppAgreenOn\AppGprs.c(100): warning:  #550-D: variable "ptst_AgreeOn_LoaderTxtMenum" was set but never used
AppAgreenOn\AppGprs.c(131): warning:  #1293-D: assignment in condition
compiling OpenSensor.c...
compiling AccOper.c...
compiling AppAgreeDataSensor.c...
compiling Space.c...
AppOper\Space.c(68): warning:  #550-D: variable "Millage" was set but never used
AppOper\Space.c(76): warning:  #550-D: variable "Millage" was set but never used
compiling JugeOper.c...
AppOper\JugeOper.c(12): warning:  #175-D: subscript out of range
AppOper\JugeOper.c(14): warning:  #175-D: subscript out of range
AppOper\JugeOper.c(21): warning:  #117-D: non-void function "JugeAppair" should return a value
AppOper\JugeOper.c(25): warning:  #175-D: subscript out of range
AppOper\JugeOper.c(30): warning:  #117-D: non-void function "JugeAppair" should return a value
AppOper\JugeOper.c(35): warning:  #117-D: non-void function "JugeAppair" should return a value
AppOper\JugeOper.c(49): warning:  #1441-D: nonstandard cast on lvalue
AppOper\JugeOper.c(50): warning:  #1441-D: nonstandard cast on lvalue
compiling WarningUpate.c...
compiling DisPlayOper.c...
AppOper\DisPlayOper.h(25): warning:  #47-D: incompatible redefinition of macro "De_Suc_Display" (declared at line 11 of "AppOper\..\Dev\Sensor\Display\Display.h")
compiling MessageAndPhone.c...
AppOper\MessageAndPhone.c(266): warning:  #940-D: missing return statement at end of non-void function "JugeDriver"
AppOper\MessageAndPhone.c(295): warning:  #1-D: last line of file ends without a newline
compiling LogOnServer.c...
AppTask\LogOnServer\LogOnServer.c(137): warning:  #513-D: a value of type "void *" cannot be assigned to an entity of type "void (*)(uint8 *)"
AppTask\LogOnServer\LogOnServer.c(169): warning:  #513-D: a value of type "void *" cannot be assigned to an entity of type "void (*)(st_st_AgreeOn_Dev_Par *, uint8)"
AppTask\LogOnServer\LogOnServer.c(188): warning:  #550-D: variable "CN_st_Dev_Tzxy_Send" was set but never used
compiling OpenAndClose.c...
AppTask\OpenClose\OpenAndClose.c(41): warning:  #513-D: a value of type "void (*)(uint8)" cannot be assigned to an entity of type "void (*)(uint8 *)"
AppTask\OpenClose\OpenAndClose.c(43): warning:  #513-D: a value of type "void (*)(st_st_AgreeOn_Dev_Par *, uint8)" cannot be assigned to an entity of type "void (*)(uint8 *, uint8, uint16)"
compiling _Init.c...
linking...
Program Size: Code=229360 RO-data=11944 RW-data=848 ZI-data=25984  
FromELF: creating hex file...
".\obj\GPRS_OS.axf" - 0 Error(s), 54 Warning(s).
Load "C:\\Documents and Settings\\lili\\桌面\\当前工作\\当前工作\\obj\\GPRS_OS.AXF" 
Build target 'LPC2368Kit'
compiling OpenSensor.c...
linking...
Program Size: Code=229352 RO-data=11944 RW-data=848 ZI-data=25984  
FromELF: creating hex file...
".\obj\GPRS_OS.axf" - 0 Error(s), 0 Warning(s).
Load "C:\\Documents and Settings\\lili\\桌面\\当前工作\\当前工作\\obj\\GPRS_OS.AXF" 
Build target 'LPC2368Kit'
compiling Display.c...
Dev\Sensor\Display\Display.h(89): warning:  #69-D: integer conversion resulted in truncation
Dev\Sensor\Display\Display.h(90): warning:  #69-D: integer conversion resulted in truncation
Dev\Sensor\Display\Display.h(91): warning:  #69-D: integer conversion resulted in truncation
Dev\Sensor\Display\Display.h(92): warning:  #69-D: integer conversion resulted in truncation
Dev\Sensor\Display\Display.h(93): warning:  #69-D: integer conversion resulted in truncation
Dev\Sensor\Display\Display.h(94): warning:  #69-D: integer conversion resulted in truncation
Dev\Sensor\Display\Display.h(95): warning:  #69-D: integer conversion resulted in truncation
Dev\Sensor\Display\Display.h(96): warning:  #69-D: integer conversion resulted in truncation
Dev\Sensor\Display\Display.h(97): warning:  #69-D: integer conversion resulted in truncation
Dev\Sensor\Display\Display.h(98): warning:  #69-D: integer conversion resulted in truncation
Dev\Sensor\Display\Display.h(99): warning:  #69-D: integer conversion resulted in truncation
Dev\Sensor\Display\Display.h(100): warning:  #69-D: integer conversion resulted in truncation
Dev\Sensor\Display\Display.h(101): warning:  #69-D: integer conversion resulted in truncation
Dev\Sensor\Display\Display.h(102): warning:  #69-D: integer conversion resulted in truncation
Dev\Sensor\Display\Display.h(103): warning:  #69-D: integer conversion resulted in truncation
Dev\Sensor\Display\Display.h(104): warning:  #69-D: integer conversion resulted in truncation
Dev\Sensor\Display\Display.h(105): warning:  #69-D: integer conversion resulted in truncation
Dev\Sensor\Display\Display.h(106): warning:  #69-D: integer conversion resulted in truncation
Dev\Sensor\Display\Display.c(251): warning:  #117-D: non-void function "CommType2App" should return a value
linking...
Program Size: Code=229352 RO-data=11944 RW-data=848 ZI-data=25984  
FromELF: creating hex file...
".\obj\GPRS_OS.axf" - 0 Error(s), 19 Warning(s).
Load "C:\\Documents and Settings\\lili\\桌面\\当前工作\\当前工作\\obj\\GPRS_OS.AXF" 
Build target 'LPC2368Kit'
compiling SensorContr.c...
compiling DisPlayOper.c...
AppOper\DisPlayOper.h(25): warning:  #47-D: incompatible redefinition of macro "De_Suc_Display" (declared at line 11 of "AppOper\..\Dev\Sensor\Display\Display.h")
linking...
Program Size: Code=229360 RO-data=11944 RW-data=848 ZI-data=25984  
FromELF: creating hex file...
".\obj\GPRS_OS.axf" - 0 Error(s), 1 Warning(s).
Load "C:\\Documents and Settings\\lili\\桌面\\当前工作\\当前工作\\obj\\GPRS_OS.AXF" 
Build target 'LPC2368Kit'
compiling DisPlayOper.c...
AppOper\DisPlayOper.h(25): warning:  #47-D: incompatible redefinition of macro "De_Suc_Display" (declared at line 11 of "AppOper\..\Dev\Sensor\Display\Display.h")
linking...
Program Size: Code=229356 RO-data=11948 RW-data=848 ZI-data=25984  
FromELF: creating hex file...
".\obj\GPRS_OS.axf" - 0 Error(s), 1 Warning(s).
Load "C:\\Documents and Settings\\lili\\桌面\\当前工作\\当前工作\\obj\\GPRS_OS.AXF" 
Build target 'LPC2368Kit'
compiling DisPlayOper.c...
AppOper\DisPlayOper.h(25): warning:  #47-D: incompatible redefinition of macro "De_Suc_Display" (declared at line 11 of "AppOper\..\Dev\Sensor\Display\Display.h")
AppOper\DisPlayOper.c(211): error:  #20: identifier "De_Display_Host_Order_InitEnd" is undefined
Target not created
Build target 'LPC2368Kit'
compiling DisPlayOper.c...
AppOper\DisPlayOper.h(25): warning:  #47-D: incompatible redefinition of macro "De_Suc_Display" (declared at line 11 of "AppOper\..\Dev\Sensor\Display\Display.h")
linking...
Program Size: Code=229400 RO-data=11944 RW-data=848 ZI-data=25984  
FromELF: creating hex file...
".\obj\GPRS_OS.axf" - 0 Error(s), 1 Warning(s).
Load "C:\\Documents and Settings\\lili\\桌面\\当前工作\\当前工作\\obj\\GPRS_OS.AXF" 
Build target 'LPC2368Kit'
compiling target.c...
assembling IRQ.s...
assembling Startup.s...
compiling Os_cpu_c.c...
assembling Os_cpu_a.s...
compiling OS_CORE.C...
compiling OS_FLAG.C...
compiling OS_MBOX.C...
compiling OS_MEM.C...
compiling OS_MUTEX.C...
compiling OS_Q.C...
compiling OS_SEM.C...
compiling OS_TASK.C...
compiling OS_TIME.C...
compiling _Arithmetic.c...
miscellaneous\Arithmetic\_Arithmetic.c(173): warning:  #111-D: statement is unreachable
compiling _AscNumber.c...
miscellaneous\CodeTrans\_AscNumber.c(901): warning:  #177-D: function "Value32" was declared but never referenced
compiling _Date.c...
compiling _Can.c...
compiling _RTC.c...
HardWare\RTC\_RTC.c(139): warning:  #177-D: function "RTCStop" was declared but never referenced
HardWare\RTC\_RTC.c(155): warning:  #177-D: function "RTC_CTCReset" was declared but never referenced
HardWare\RTC\_RTC.c(122): warning:  #177-D: function "RTCStart" was declared but never referenced
compiling _Spi.c...
HardWare\Spi\_Spi.c(82): warning:  #550-D: variable "a" was set but never used
compiling _UART.C...
compiling ADCHard.C...
compiling DS18B20.c...
compiling HuaiweiGprs.c...
Dev\GPRS\Huaiwei\HuaiweiGprs.c(6): warning:  #513-D: a value of type "void *" cannot be assigned to an entity of type "uint16 (*)(uint8 *, uint8 *, uint16, st_GprsHard_Order_Cut *)"
compiling GprsHard.c...
Dev\GPRS\GprsHard.c(193): warning:  #177-D: function "MODEM_Dly100ms" was declared but never referenced
compiling Less.c...
compiling ACC.C...
compiling Oil.c...
compiling Sensor.c...
compiling Gps.c...
compiling Display.c...
Dev\Sensor\Display\Display.h(89): warning:  #69-D: integer conversion resulted in truncation
Dev\Sensor\Display\Display.h(90): warning:  #69-D: integer conversion resulted in truncation
Dev\Sensor\Display\Display.h(91): warning:  #69-D: integer conversion resulted in truncation
Dev\Sensor\Display\Display.h(92): warning:  #69-D: integer conversion resulted in truncation
Dev\Sensor\Display\Display.h(93): warning:  #69-D: integer conversion resulted in truncation
Dev\Sensor\Display\Display.h(94): warning:  #69-D: integer conversion resulted in truncation
Dev\Sensor\Display\Display.h(95): warning:  #69-D: integer conversion resulted in truncation
Dev\Sensor\Display\Display.h(96): warning:  #69-D: integer conversion resulted in truncation
Dev\Sensor\Display\Display.h(97): warning:  #69-D: integer conversion resulted in truncation
Dev\Sensor\Display\Display.h(98): warning:  #69-D: integer conversion resulted in truncation
Dev\Sensor\Display\Display.h(99): warning:  #69-D: integer conversion resulted in truncation
Dev\Sensor\Display\Display.h(100): warning:  #69-D: integer conversion resulted in truncation
Dev\Sensor\Display\Display.h(101): warning:  #69-D: integer conversion resulted in truncation
Dev\Sensor\Display\Display.h(102): warning:  #69-D: integer conversion resulted in truncation
Dev\Sensor\Display\Display.h(103): warning:  #69-D: integer conversion resulted in truncation
Dev\Sensor\Display\Display.h(104): warning:  #69-D: integer conversion resulted in truncation
Dev\Sensor\Display\Display.h(105): warning:  #69-D: integer conversion resulted in truncation
Dev\Sensor\Display\Display.h(106): warning:  #69-D: integer conversion resulted in truncation
Dev\Sensor\Display\Display.c(251): warning:  #117-D: non-void function "CommType2App" should return a value
compiling temperture.c...
compiling mileage.c...
compiling GprsTzxy.C...
compiling UartTzxy.C...
compiling arealrm.c...
Dev\Sensor\arealrm\arealrm.c(117): warning:  #177-D: function "GetTimeAdd" was declared but never referenced
compiling Help.C...
compiling OnOrOff.C...
Dev\Sensor\OnOff\OnOrOff.C(57): warning:  #177-D: function "GetTimeAdd" was declared but never referenced
compiling Adc1.c...
compiling _rwFile.c...
compiling SensorContr.c...
compiling GPRS.c...
compiling Timer.c...
compiling Photo.c...
compiling GpsAndMileage.c...
compiling FTP.c...
compiling Tz_Agreen.c...
AgreeOn\TzV2.1\Agree\Tz_Agreen.c(222): warning:  #177-D: function "Explain_Activation" was declared but never referenced
compiling Tz_Send.c...
AgreeOn\TzV2.1\Send\Tz_Send_Pubi.c(1364): warning:  #940-D: missing return statement at end of non-void function "Expain_VidType2LessAddree"
AgreeOn\TzV2.1\Send\Tz_Send_Pubi.c(1448): warning:  #186-D: pointless comparison of unsigned integer with zero
compiling TzV2.1.C...
compiling _NandFlash512.c...
compiling _SpiFlash512.c...
compiling _Flash.c...
Dev\Flash\_Flash.c(62): warning:  #550-D: variable "Result" was set but never used
compiling _rwflashlgc.c...
compiling _FileData.c...
compiling TakeData.c...
FilleData\TakeData.c(57): warning:  #111-D: statement is unreachable
FilleData\TakeData.c(168): warning:  #940-D: missing return statement at end of non-void function "ReadParTable"
FilleData\TakeData.c(260): warning:  #174-D: expression has no effect
FilleData\TakeData.c(262): warning:  #174-D: expression has no effect
FilleData\TakeData.c(276): warning:  #111-D: statement is unreachable
FilleData\TakeData.c(276): warning:  #174-D: expression has no effect
FilleData\TakeData.c(289): warning:  #174-D: expression has no effect
FilleData\TakeData.c(301): warning:  #174-D: expression has no effect
compiling AppSendAgreeOn.c...
AppSendAgreeOn\AppSendAgreeOn.c(288): warning:  #177-D: variable "CN_st_Parameter_Table" was declared but never referenced
compiling AppGprs.c...
AppAgreenOn\AppGprs.c(92): warning:  #550-D: variable "ptst_AgreeOn_LoaderTxt" was set but never used
AppAgreenOn\AppGprs.c(100): warning:  #550-D: variable "ptst_AgreeOn_LoaderTxtMenum" was set but never used
AppAgreenOn\AppGprs.c(131): warning:  #1293-D: assignment in condition
compiling OpenSensor.c...
compiling AccOper.c...
compiling AppAgreeDataSensor.c...
compiling Space.c...
AppOper\Space.c(68): warning:  #550-D: variable "Millage" was set but never used
AppOper\Space.c(76): warning:  #550-D: variable "Millage" was set but never used
compiling JugeOper.c...
AppOper\JugeOper.c(12): warning:  #175-D: subscript out of range
AppOper\JugeOper.c(14): warning:  #175-D: subscript out of range
AppOper\JugeOper.c(21): warning:  #117-D: non-void function "JugeAppair" should return a value
AppOper\JugeOper.c(25): warning:  #175-D: subscript out of range
AppOper\JugeOper.c(30): warning:  #117-D: non-void function "JugeAppair" should return a value
AppOper\JugeOper.c(35): warning:  #117-D: non-void function "JugeAppair" should return a value
AppOper\JugeOper.c(49): warning:  #1441-D: nonstandard cast on lvalue
AppOper\JugeOper.c(50): warning:  #1441-D: nonstandard cast on lvalue
compiling WarningUpate.c...
compiling DisPlayOper.c...
AppOper\DisPlayOper.h(25): warning:  #47-D: incompatible redefinition of macro "De_Suc_Display" (declared at line 11 of "AppOper\..\Dev\Sensor\Display\Display.h")
compiling MessageAndPhone.c...
AppOper\MessageAndPhone.c(266): warning:  #940-D: missing return statement at end of non-void function "JugeDriver"
AppOper\MessageAndPhone.c(295): warning:  #1-D: last line of file ends without a newline
compiling LogOnServer.c...
AppTask\LogOnServer\LogOnServer.c(137): warning:  #513-D: a value of type "void *" cannot be assigned to an entity of type "void (*)(uint8 *)"
AppTask\LogOnServer\LogOnServer.c(169): warning:  #513-D: a value of type "void *" cannot be assigned to an entity of type "void (*)(st_st_AgreeOn_Dev_Par *, uint8)"
AppTask\LogOnServer\LogOnServer.c(188): warning:  #550-D: variable "CN_st_Dev_Tzxy_Send" was set but never used
compiling UpdateSoftWare.c...
AppTask\UpdateSoftWare\UpdateSoftWare.c(16): warning:  #177-D: variable "Result" was declared but never referenced
compiling OpenAndClose.c...
AppTask\OpenClose\OpenAndClose.c(41): warning:  #513-D: a value of type "void (*)(uint8)" cannot be assigned to an entity of type "void (*)(uint8 *)"
AppTask\OpenClose\OpenAndClose.c(43): warning:  #513-D: a value of type "void (*)(st_st_AgreeOn_Dev_Par *, uint8)" cannot be assigned to an entity of type "void (*)(uint8 *, uint8, uint16)"
compiling _Init.c...
linking...
Program Size: Code=229400 RO-data=11944 RW-data=848 ZI-data=25984  
FromELF: creating hex file...
".\obj\GPRS_OS.axf" - 0 Error(s), 64 Warning(s).
Load "C:\\Documents and Settings\\lili\\桌面\\当前工作\\当前工作\\obj\\GPRS_OS.AXF" 
Build target 'LPC2368Kit'
compiling Display.c...
Dev\Sensor\Display\Display.h(89): warning:  #69-D: integer conversion resulted in truncation
Dev\Sensor\Display\Display.h(90): warning:  #69-D: integer conversion resulted in truncation
Dev\Sensor\Display\Display.h(91): warning:  #69-D: integer conversion resulted in truncation
Dev\Sensor\Display\Display.h(92): warning:  #69-D: integer conversion resulted in truncation
Dev\Sensor\Display\Display.h(93): warning:  #69-D: integer conversion resulted in truncation
Dev\Sensor\Display\Display.h(94): warning:  #69-D: integer conversion resulted in truncation
Dev\Sensor\Display\Display.h(95): warning:  #69-D: integer conversion resulted in truncation
Dev\Sensor\Display\Display.h(96): warning:  #69-D: integer conversion resulted in truncation
Dev\Sensor\Display\Display.h(97): warning:  #69-D: integer conversion resulted in truncation
Dev\Sensor\Display\Display.h(98): warning:  #69-D: integer conversion resulted in truncation
Dev\Sensor\Display\Display.h(99): warning:  #69-D: integer conversion resulted in truncation
Dev\Sensor\Display\Display.h(100): warning:  #69-D: integer conversion resulted in truncation
Dev\Sensor\Display\Display.h(101): warning:  #69-D: integer conversion resulted in truncation
Dev\Sensor\Display\Display.h(102): warning:  #69-D: integer conversion resulted in truncation
Dev\Sensor\Display\Display.h(103): warning:  #69-D: integer conversion resulted in truncation
Dev\Sensor\Display\Display.h(104): warning:  #69-D: integer conversion resulted in truncation
Dev\Sensor\Display\Display.h(105): warning:  #69-D: integer conversion resulted in truncation
Dev\Sensor\Display\Display.h(106): warning:  #69-D: integer conversion resulted in truncation
Dev\Sensor\Display\Display.c(251): warning:  #117-D: non-void function "CommType2App" should return a value
compiling DisPlayOper.c...
AppOper\DisPlayOper.h(25): warning:  #47-D: incompatible redefinition of macro "De_Suc_Display" (declared at line 11 of "AppOper\..\Dev\Sensor\Display\Display.h")
linking...
Program Size: Code=229400 RO-data=11944 RW-data=848 ZI-data=25984  
FromELF: creating hex file...
".\obj\GPRS_OS.axf" - 0 Error(s), 20 Warning(s).
Load "C:\\Documents and Settings\\lili\\桌面\\当前工作\\当前工作\\obj\\GPRS_OS.AXF" 
Build target 'LPC2368Kit'
compiling DisPlayOper.c...
AppOper\DisPlayOper.h(25): warning:  #47-D: incompatible redefinition of macro "De_Suc_Display" (declared at line 11 of "AppOper\..\Dev\Sensor\Display\Display.h")
linking...
Program Size: Code=229388 RO-data=11948 RW-data=848 ZI-data=25984  
FromELF: creating hex file...
".\obj\GPRS_OS.axf" - 0 Error(s), 1 Warning(s).
Load "C:\\Documents and Settings\\lili\\桌面\\当前工作\\当前工作\\obj\\GPRS_OS.AXF" 
Build target 'LPC2368Kit'
compiling DisPlayOper.c...
AppOper\DisPlayOper.h(25): warning:  #47-D: incompatible redefinition of macro "De_Suc_Display" (declared at line 11 of "AppOper\..\Dev\Sensor\Display\Display.h")
linking...
Program Size: Code=229412 RO-data=11948 RW-data=848 ZI-data=25984  
FromELF: creating hex file...
".\obj\GPRS_OS.axf" - 0 Error(s), 1 Warning(s).
Load "C:\\Documents and Settings\\lili\\桌面\\当前工作\\当前工作\\obj\\GPRS_OS.AXF" 
Build target 'LPC2368Kit'
compiling Display.c...
Dev\Sensor\Display\Display.h(89): warning:  #69-D: integer conversion resulted in truncation
Dev\Sensor\Display\Display.h(90): warning:  #69-D: integer conversion resulted in truncation
Dev\Sensor\Display\Display.h(91): warning:  #69-D: integer conversion resulted in truncation
Dev\Sensor\Display\Display.h(92): warning:  #69-D: integer conversion resulted in truncation
Dev\Sensor\Display\Display.h(93): warning:  #69-D: integer conversion resulted in truncation
Dev\Sensor\Display\Display.h(94): warning:  #69-D: integer conversion resulted in truncation
Dev\Sensor\Display\Display.h(95): warning:  #69-D: integer conversion resulted in truncation
Dev\Sensor\Display\Display.h(96): warning:  #69-D: integer conversion resulted in truncation
Dev\Sensor\Display\Display.h(97): warning:  #69-D: integer conversion resulted in truncation
Dev\Sensor\Display\Display.h(98): warning:  #69-D: integer conversion resulted in truncation
Dev\Sensor\Display\Display.h(99): warning:  #69-D: integer conversion resulted in truncation
Dev\Sensor\Display\Display.h(100): warning:  #69-D: integer conversion resulted in truncation
Dev\Sensor\Display\Display.h(101): warning:  #69-D: integer conversion resulted in truncation
Dev\Sensor\Display\Display.h(102): warning:  #69-D: integer conversion resulted in truncation
Dev\Sensor\Display\Display.h(103): warning:  #69-D: integer conversion resulted in truncation
Dev\Sensor\Display\Display.h(104): warning:  #69-D: integer conversion resulted in truncation
Dev\Sensor\Display\Display.h(105): warning:  #69-D: integer conversion resulted in truncation
Dev\Sensor\Display\Display.h(106): warning:  #69-D: integer conversion resulted in truncation
Dev\Sensor\Display\Display.c(54): warning:  #177-D: variable "Data" was declared but never referenced
Dev\Sensor\Display\Display.c(251): warning:  #117-D: non-void function "CommType2App" should return a value
linking...
Program Size: Code=229416 RO-data=11944 RW-data=848 ZI-data=25984  
FromELF: creating hex file...
".\obj\GPRS_OS.axf" - 0 Error(s), 20 Warning(s).
Load "C:\\Documents and Settings\\lili\\桌面\\当前工作\\当前工作\\obj\\GPRS_OS.AXF" 
Build target 'LPC2368Kit'
linking...
Program Size: Code=229416 RO-data=11944 RW-data=848 ZI-data=25984  
FromELF: creating hex file...
".\obj\GPRS_OS.axf" - 0 Error(s), 0 Warning(s).
Load "C:\\Documents and Settings\\lili\\桌面\\当前工作\\当前工作\\obj\\GPRS_OS.AXF" 
Build target 'LPC2368Kit'
linking...
Program Size: Code=229416 RO-data=11944 RW-data=848 ZI-data=25984  
FromELF: creating hex file...
".\obj\GPRS_OS.axf" - 0 Error(s), 0 Warning(s).
Load "C:\\Documents and Settings\\lili\\桌面\\当前工作\\当前工作\\obj\\GPRS_OS.AXF" 
