Component: ARM Compiler 5.06 update 6 (build 750) Tool: armlink [4d35ed]

==============================================================================

Section Cross References

    target.o(.text) refers to os_core.o(.text) for OSTimeTick
    target.o(.text) refers to rand.o(.text) for srand
    target.o(.text) refers to irq.o(IRQ) for EINT2_Handler
    irq.o(IRQ) refers to target.o(.text) for IRQ_Exception
    irq.o(IRQ) refers to os_core.o(.text) for OSIntExit
    irq.o(IRQ) refers to _uart.o(.text) for UART0_Exception
    irq.o(IRQ) refers to _can.o(.text) for CAN_Exception
    irq.o(IRQ) refers to os_core.o(.data) for OSIntNesting
    irq.o(IRQ) refers to startup.o(STACK) for StackUsr
    irq.o(IRQ) refers to os_cpu_c.o(.data) for OsEnterSum
    irq.o(IRQ) refers to os_cpu_a.o(subr) for OSIntCtxSw
    startup.o(STACK) refers (Special) to heapauxi.o(.text) for __use_two_region_memory
    startup.o(HEAP) refers (Special) to heapauxi.o(.text) for __use_two_region_memory
    startup.o(RESET) refers (Special) to heapauxi.o(.text) for __use_two_region_memory
    startup.o(RESET) refers to os_cpu_a.o(subr) for SoftwareInterrupt
    startup.o(RESET) refers to target.o(.text) for FIQ_Exception
    startup.o(RESET) refers to startup.o(STACK) for Stack_Top
    startup.o(RESET) refers to __main.o(!!!main) for __main
    startup.o(.text) refers (Special) to heapauxi.o(.text) for __use_two_region_memory
    startup.o(.text) refers to startup.o(HEAP) for Heap_Mem
    startup.o(.text) refers to startup.o(STACK) for Stack_Mem
    os_cpu_c.o(.text) refers to target.o(.text) for WatchDog
    os_cpu_c.o(.text) refers to os_cpu_c.o(.data) for OsEnterSum
    os_cpu_c.o(.text) refers to os_core.o(.bss) for OSTCBPrioTbl
    os_cpu_a.o(subr) refers to os_cpu_c.o(.text) for SWI_Exception
    os_cpu_a.o(subr) refers to os_cpu_a.o(SWIStacks) for SvcStackSpace
    os_cpu_a.o(subr) refers to os_cpu_c.o(.data) for OsEnterSum
    os_cpu_a.o(subr) refers to os_core.o(.data) for OSTCBCur
    os_core.o(.text) refers to os_time.o(.text) for OSTimeDly
    os_core.o(.text) refers to aeabi_sdiv.o(.text_udiv) for __aeabi_uidivmod
    os_core.o(.text) refers to os_cpu_c.o(.text) for OSTaskStatHook
    os_core.o(.text) refers to os_task.o(.text) for OSTaskCreateExt
    os_core.o(.text) refers to os_flag.o(.text) for OS_FlagInit
    os_core.o(.text) refers to os_mem.o(.text) for OS_MemInit
    os_core.o(.text) refers to os_q.o(.text) for OS_QInit
    os_core.o(.text) refers to os_core.o(.data) for OSStatRdy
    os_core.o(.text) refers to os_core.o(.bss) for OSTaskStatStk
    os_core.o(.text) refers to os_core.o(.constdata) for OSUnMapTbl
    os_flag.o(.text) refers to os_core.o(.text) for OS_Sched
    os_flag.o(.text) refers to os_core.o(.data) for OSIntNesting
    os_flag.o(.text) refers to os_core.o(.bss) for OSFlagTbl
    os_mbox.o(.text) refers to os_core.o(.text) for OS_EventWaitListInit
    os_mbox.o(.text) refers to os_core.o(.data) for OSIntNesting
    os_mem.o(.text) refers to os_core.o(.data) for OSMemFreeList
    os_mem.o(.text) refers to os_core.o(.bss) for OSMemTbl
    os_mutex.o(.text) refers to os_core.o(.text) for OS_EventWaitListInit
    os_mutex.o(.text) refers to os_core.o(.data) for OSIntNesting
    os_mutex.o(.text) refers to os_core.o(.bss) for OSTCBPrioTbl
    os_mutex.o(.text) refers to os_core.o(.constdata) for OSMapTbl
    os_q.o(.text) refers to os_core.o(.text) for OS_EventWaitListInit
    os_q.o(.text) refers to os_core.o(.data) for OSIntNesting
    os_q.o(.text) refers to os_core.o(.bss) for OSQTbl
    os_sem.o(.text) refers to os_core.o(.text) for OS_EventWaitListInit
    os_sem.o(.text) refers to os_core.o(.data) for OSIntNesting
    os_task.o(.text) refers to os_core.o(.text) for OS_Sched
    os_task.o(.text) refers to os_cpu_c.o(.text) for OSTaskStkInit
    os_task.o(.text) refers to rt_memclr_w.o(.text) for __aeabi_memclr4
    os_task.o(.text) refers to os_flag.o(.text) for OS_FlagUnlink
    os_task.o(.text) refers to rt_memcpy_w.o(.text) for __aeabi_memcpy4
    os_task.o(.text) refers to os_core.o(.bss) for OSTCBPrioTbl
    os_task.o(.text) refers to os_core.o(.constdata) for OSMapTbl
    os_task.o(.text) refers to os_core.o(.data) for OSTCBCur
    os_time.o(.text) refers to os_core.o(.text) for OS_Sched
    os_time.o(.text) refers to aeabi_sdiv.o(.text_udiv) for __aeabi_uidivmod
    os_time.o(.text) refers to os_core.o(.data) for OSTCBCur
    os_time.o(.text) refers to os_core.o(.bss) for OSTCBPrioTbl
    _arithmetic.o(.text) refers to _arithmetic.o(.constdata) for nand_ecc_precalc_table
    _arithmetic.o(.constdata) refers to _arithmetic.o(.text) for nand_calculate_ecc
    _ascnumber.o(.text) refers to aeabi_sdiv.o(.text) for __aeabi_idivmod
    _ascnumber.o(.text) refers to aeabi_sdiv.o(.text_udiv) for __aeabi_uidivmod
    _ascnumber.o(.text) refers to memchr.o(.text) for memchr
    _ascnumber.o(.text) refers to _ascnumber.o(.constdata) for FixPointValue
[...]
    OSTimeTick                               0x00001058   ARM Code     220  os_core.o(.text)
    OSVersion                                0x00001134   ARM Code       8  os_core.o(.text)
    OS_Dummy                                 0x0000113c   ARM Code       4  os_core.o(.text)
    OS_EventTaskRdy                          0x00001140   ARM Code     200  os_core.o(.text)
    OS_EventTaskWait                         0x00001208   ARM Code     192  os_core.o(.text)
    OS_EventTO                               0x000012c8   ARM Code     120  os_core.o(.text)
    OS_EventWaitListInit                     0x00001340   ARM Code      32  os_core.o(.text)
    OS_TCBInit                               0x00001360   ARM Code     336  os_core.o(.text)
    OSFlagAccept                             0x00001530   ARM Code     444  os_flag.o(.text)
    OSFlagCreate                             0x000016ec   ARM Code     140  os_flag.o(.text)
    OS_FlagUnlink                            0x00001778   ARM Code      88  os_flag.o(.text)
    OSFlagDel                                0x0000185c   ARM Code     344  os_flag.o(.text)
    OSFlagPend                               0x00001a94   ARM Code     824  os_flag.o(.text)
    OSFlagPost                               0x00001dcc   ARM Code     496  os_flag.o(.text)
    OSFlagQuery                              0x00001fbc   ARM Code      96  os_flag.o(.text)
    OS_FlagInit                              0x0000201c   ARM Code      76  os_flag.o(.text)
    OSMboxAccept                             0x00002080   ARM Code      76  os_mbox.o(.text)
    OSMboxCreate                             0x000020cc   ARM Code     128  os_mbox.o(.text)
    OSMboxDel                                0x0000214c   ARM Code     344  os_mbox.o(.text)
    OSMboxPend                               0x000022a4   ARM Code     316  os_mbox.o(.text)
    OSMboxPost                               0x000023e0   ARM Code     156  os_mbox.o(.text)
    OSMboxPostOpt                            0x0000247c   ARM Code     208  os_mbox.o(.text)
    OSMboxQuery                              0x0000254c   ARM Code     116  os_mbox.o(.text)
    OSMemCreate                              0x000025cc   ARM Code     252  os_mem.o(.text)
    OSMemGet                                 0x000026c8   ARM Code     120  os_mem.o(.text)
    OSMemPut                                 0x00002740   ARM Code     116  os_mem.o(.text)
    OSMemQuery                               0x000027b4   ARM Code     120  os_mem.o(.text)
    OS_MemInit                               0x0000282c   ARM Code     116  os_mem.o(.text)
    OSQAccept                                0x000028a8   ARM Code     140  os_q.o(.text)
    OSQCreate                                0x00002934   ARM Code     236  os_q.o(.text)
    OSQDel                                   0x00002a20   ARM Code     392  os_q.o(.text)
    OSQFlush                                 0x00002ba8   ARM Code      92  os_q.o(.text)
    OSQPend                                  0x00002c04   ARM Code     364  os_q.o(.text)
    OSQPost                                  0x00002d70   ARM Code     216  os_q.o(.text)
    OSQPostFront                             0x00002e48   ARM Code     220  os_q.o(.text)
    OSQPostOpt                               0x00002f24   ARM Code     328  os_q.o(.text)
    OSQQuery                                 0x0000306c   ARM Code     164  os_q.o(.text)
    OS_QInit                                 0x00003110   ARM Code      72  os_q.o(.text)
    OSSemAccept                              0x0000316c   ARM Code      88  os_sem.o(.text)
    OSSemCreate                              0x000031c4   ARM Code     128  os_sem.o(.text)
    OSSemDel                                 0x00003244   ARM Code     344  os_sem.o(.text)
    OSSemPend                                0x0000339c   ARM Code     280  os_sem.o(.text)
    OSSemPost                                0x000034b4   ARM Code     152  os_sem.o(.text)
    OSSemQuery                               0x0000354c   ARM Code     116  os_sem.o(.text)
    OSTaskChangePrio                         0x000035d0   ARM Code     472  os_task.o(.text)
    OSTaskCreate                             0x000037a8   ARM Code     240  os_task.o(.text)
    OSTaskCreateExt                          0x00003898   ARM Code     288  os_task.o(.text)
    OSTaskDel                                0x000039b8   ARM Code     516  os_task.o(.text)
    OSTaskDelReq                             0x00003bbc   ARM Code     140  os_task.o(.text)
    OSTaskResume                             0x00003c48   ARM Code     200  os_task.o(.text)
    OSTaskStkChk                             0x00003d10   ARM Code     196  os_task.o(.text)
    OSTaskSuspend                            0x00003dd4   ARM Code     244  os_task.o(.text)
    OSTaskQuery                              0x00003ec8   ARM Code     120  os_task.o(.text)
    OSTimeDly                                0x00003f6c   ARM Code     144  os_time.o(.text)
    OSTimeDlyHMSM                            0x00003ffc   ARM Code     232  os_time.o(.text)
    OSTimeDlyResume                          0x000040e4   ARM Code     188  os_time.o(.text)
    OSTimeGet                                0x000041a0   ARM Code      32  os_time.o(.text)
    OSTimeSet                                0x000041c0   ARM Code      32  os_time.o(.text)
    CAN_Exception                            0x000076ec   ARM Code     404  _can.o(.text)
    Eint_Exception                           0x0000996c   ARM Code     156  _uart.o(.text)
    Timer1_Exception                         0x00009a08   ARM Code     312  _uart.o(.text)
    Timer2_Exception                         0x00009b40   ARM Code     260  _uart.o(.text)
    UART0_Exception                          0x00009c44   ARM Code     244  _uart.o(.text)
    UART1_Exception                          0x00009d38   ARM Code     244  _uart.o(.text)
    UART2_Exception                          0x00009e2c   ARM Code     280  _uart.o(.text)
    UART3_Exception                          0x00009f44   ARM Code     244  _uart.o(.text)
    FileData_BackSet                         0x0002c054   ARM Code     124  _filedata.o(.text)
    FileData_CheckFile                       0x0002c0d0   ARM Code     508  _filedata.o(.text)
    Build_INT_Vector_Table                   0x0003af00   ARM Code     112  _init.o(.text)
    main                                     0x0003b36c   ARM Code      48  _init.o(.text)
    Inline ARM to Thumb Veneer to srand      0x0003b404   ARM Code       8  rand.o(.text)
    srand                                    0x0003b40d   Thumb Code    46  rand.o(.text)
    _rand_init                               0x0003b43b   Thumb Code     4  rand.o(.text)
    Inline ARM to Thumb Veneer to strlen     0x0003b44c   ARM Code       8  strlen.o(.text)
    strlen                                   0x0003b455   Thumb Code    64  strlen.o(.text)
    Inline ARM to Thumb Veneer to memchr     0x0003b498   ARM Code       8  memchr.o(.text)
    memchr                                   0x0003b4a1   Thumb Code    24  memchr.o(.text)
    __aeabi_memcpy4                          0x0003b4b8   ARM Code       0  rt_memcpy_w.o(.text)
    __aeabi_memcpy8                          0x0003b4b8   ARM Code       0  rt_memcpy_w.o(.text)
    __rt_memcpy_w                            0x0003b4b8   ARM Code     100  rt_memcpy_w.o(.text)
    _memcpy_lastbytes_aligned                0x0003b504   ARM Code       0  rt_memcpy_w.o(.text)
    __aeabi_memset                           0x0003b51c   ARM Code      16  aeabi_memset.o(.text)
    __aeabi_memclr4                          0x0003b52c   ARM Code       0  rt_memclr_w.o(.text)
    __aeabi_memclr8                          0x0003b52c   ARM Code       0  rt_memclr_w.o(.text)
    __rt_memclr_w                            0x0003b52c   ARM Code      84  rt_memclr_w.o(.text)
    _memset_w                                0x0003b530   ARM Code       0  rt_memclr_w.o(.text)
    __aeabi_idiv                             0x0003b580   ARM Code       0  aeabi_sdiv.o(.text)
    __aeabi_idivmod                          0x0003b580   ARM Code     384  aeabi_sdiv.o(.text)
    __use_two_region_memory                  0x0003b701   Thumb Code     2  heapauxi.o(.text)
    __rt_heap_escrow$2region                 0x0003b703   Thumb Code     2  heapauxi.o(.text)
    __rt_heap_expand$2region                 0x0003b705   Thumb Code     2  heapauxi.o(.text)
    Inline ARM to Thumb Veneer to __set_errno 0x0003b708   ARM Code       8  _rserrno.o(.text)
    __read_errno                             0x0003b711   Thumb Code    14  _rserrno.o(.text)
    __set_errno                              0x0003b71f   Thumb Code    12  _rserrno.o(.text)
    __aeabi_memclr                           0x0003b72c   ARM Code       0  rt_memclr.o(.text)
    __rt_memclr                              0x0003b72c   ARM Code      64  rt_memclr.o(.text)
    _memset                                  0x0003b730   ARM Code       0  rt_memclr.o(.text)
    Inline Thumb to ARM Veneer to __aeabi_errno_addr 0x0003b76d   Thumb Code     4  rt_errno_addr_intlibspace.o(.text)
    __aeabi_errno_addr                       0x0003b770   ARM Code      12  rt_errno_addr_intlibspace.o(.text)
    __errno$intlibspace                      0x0003b770   ARM Code       0  rt_errno_addr_intlibspace.o(.text)
    __rt_errno_addr$intlibspace              0x0003b770   ARM Code       0  rt_errno_addr_intlibspace.o(.text)
    __user_libspace                          0x0003b77c   ARM Code      12  libspace.o(.text)
    __user_perproc_libspace                  0x0003b77c   ARM Code       0  libspace.o(.text)
    __user_perthread_libspace                0x0003b77c   ARM Code       0  libspace.o(.text)
    __user_setup_stackheap                   0x0003b788   ARM Code      96  sys_stackheap_outer.o(.text)
    exit                                     0x0003b7e9   Thumb Code    20  exit.o(.text)
    Inline ARM to Thumb Veneer to _sys_exit  0x0003b7fc   ARM Code       8  sys_exit.o(.text)
    _sys_exit                                0x0003b805   Thumb Code     8  sys_exit.o(.text)
    __I$use$semihosting                      0x0003b810   ARM Code       0  use_no_semi.o(.text)
    __use_no_semihosting_swi                 0x0003b810   ARM Code       4  use_no_semi.o(.text)
    __aeabi_uidiv                            0x0003b814   ARM Code       0  aeabi_sdiv.o(.text_udiv)
    __aeabi_uidivmod                         0x0003b814   ARM Code      36  aeabi_sdiv.o(.text_udiv)
    __semihosting_library_function           0x0003b814   ARM Code       0  indicate_semi.o(.text)
    IRQ_Handler                              0x0003b838   ARM Code       0  irq.o(IRQ)
    Timer0_Handler                           0x0003b8b4   ARM Code       0  irq.o(IRQ)
    Uart0_Handler                            0x0003b930   ARM Code       0  irq.o(IRQ)
    Uart1_Handler                            0x0003b9ac   ARM Code       0  irq.o(IRQ)
    Uart2_Handler                            0x0003ba28   ARM Code       0  irq.o(IRQ)
    Uart3_Handler                            0x0003baa4   ARM Code       0  irq.o(IRQ)
    CAN_Handler                              0x0003bb20   ARM Code       0  irq.o(IRQ)
    Timer1_Handler                           0x0003bb9c   ARM Code       0  irq.o(IRQ)
    Timer2_Handler                           0x0003bc18   ARM Code       0  irq.o(IRQ)
    EINT2_Handler                            0x0003bc94   ARM Code       0  irq.o(IRQ)
    __ARM_fpclassify                         0x0003bd28   ARM Code      48  fpclassify.o(i.__ARM_fpclassify)
    __ieee754_rem_pio2                       0x0003bd58   ARM Code    1236  rred.o(i.__ieee754_rem_pio2)
    __kernel_cos                             0x0003c26c   ARM Code     404  cos_i.o(i.__kernel_cos)
    __kernel_poly                            0x0003c408   ARM Code     256  poly.o(i.__kernel_poly)
    __kernel_sin                             0x0003c508   ARM Code     368  sin_i.o(i.__kernel_sin)
    __mathlib_dbl_infnan                     0x0003c684   ARM Code       8  dunder.o(i.__mathlib_dbl_infnan)
    __mathlib_dbl_invalid                    0x0003c68c   ARM Code      20  dunder.o(i.__mathlib_dbl_invalid)
    __mathlib_dbl_underflow                  0x0003c6a0   ARM Code      20  dunder.o(i.__mathlib_dbl_underflow)
    cos                                      0x0003c6b4   ARM Code     236  cos.o(i.cos)
    sin                                      0x0003c7a4   ARM Code     244  sin.o(i.sin)
    sqrt                                     0x0003c89c   ARM Code     112  sqrt.o(i.sqrt)
    SoftwareInterrupt                        0x0003c90c   ARM Code       0  os_cpu_a.o(subr)
    OSIntCtxSw                               0x0003c948   ARM Code       0  os_cpu_a.o(subr)
    __OSStartHighRdy                         0x0003c9dc   ARM Code       0  os_cpu_a.o(subr)
    __aeabi_d2f                              0x0003ca1c   ARM Code       0  d2f.o(x$fpl$d2f)
    _d2f                                     0x0003ca1c   ARM Code     108  d2f.o(x$fpl$d2f)
    __aeabi_dadd                             0x0003ca88   ARM Code       0  daddsub_noclz.o(x$fpl$dadd)
    _dadd                                    0x0003ca88   ARM Code     336  daddsub_noclz.o(x$fpl$dadd)
    __fpl_dcheck_NaN1                        0x0003cbdc   ARM Code      12  dcheck1.o(x$fpl$dcheck1)
    __aeabi_ddiv                             0x0003cbec   ARM Code       0  ddiv.o(x$fpl$ddiv)
    _ddiv                                    0x0003cbec   ARM Code     600  ddiv.o(x$fpl$ddiv)
    __aeabi_d2iz                             0x0003cecc   ARM Code       0  dfix.o(x$fpl$dfix)
    _dfix                                    0x0003cecc   ARM Code     112  dfix.o(x$fpl$dfix)
    __aeabi_i2d                              0x0003cf3c   ARM Code       0  dflt_noclz.o(x$fpl$dflt)
    _dflt                                    0x0003cf3c   ARM Code      88  dflt_noclz.o(x$fpl$dflt)
    __dflt_normalise                         0x0003cf4c   ARM Code       0  dflt_noclz.o(x$fpl$dflt)
    __aeabi_ui2d                             0x0003cf94   ARM Code       0  dflt_noclz.o(x$fpl$dfltu)
    _dfltu                                   0x0003cf94   ARM Code      12  dflt_noclz.o(x$fpl$dfltu)
    __aeabi_dmul                             0x0003cfa0   ARM Code       0  dmul.o(x$fpl$dmul)
    _dmul                                    0x0003cfa0   ARM Code     372  dmul.o(x$fpl$dmul)
    __fpl_dnaninf                            0x0003d120   ARM Code     192  dnaninf.o(x$fpl$dnaninf)
    __fpl_dretinf                            0x0003d1e0   ARM Code      16  dretinf.o(x$fpl$dretinf)
    __aeabi_drsub                            0x0003d1f0   ARM Code       0  daddsub_noclz.o(x$fpl$drsb)
    _drsb                                    0x0003d1f0   ARM Code      24  daddsub_noclz.o(x$fpl$drsb)
    _dsqrt                                   0x0003d208   ARM Code     516  dsqrt_noumaal.o(x$fpl$dsqrt)
    __aeabi_dsub                             0x0003d410   ARM Code       0  daddsub_noclz.o(x$fpl$dsub)
    _dsub                                    0x0003d410   ARM Code     576  daddsub_noclz.o(x$fpl$dsub)
    __aeabi_f2d                              0x0003d654   ARM Code       0  f2d.o(x$fpl$f2d)
    _f2d                                     0x0003d654   ARM Code     100  f2d.o(x$fpl$f2d)
    __aeabi_fadd                             0x0003d6b8   ARM Code       0  faddsub_noclz.o(x$fpl$fadd)
    _fadd                                    0x0003d6b8   ARM Code     196  faddsub_noclz.o(x$fpl$fadd)
    __fpl_fcmp_Inf                           0x0003d77c   ARM Code      28  fcmpi.o(x$fpl$fcmpinf)
    __aeabi_f2uiz                            0x0003d798   ARM Code       0  ffixu.o(x$fpl$ffixu)
    _ffixu                                   0x0003d798   ARM Code      84  ffixu.o(x$fpl$ffixu)
    __aeabi_i2f                              0x0003d7ec   ARM Code       0  fflt_noclz.o(x$fpl$fflt)
    _fflt                                    0x0003d7ec   ARM Code      92  fflt_noclz.o(x$fpl$fflt)
    __fflt_normalise                         0x0003d7f8   ARM Code       0  fflt_noclz.o(x$fpl$fflt)
    __aeabi_ui2f                             0x0003d848   ARM Code       0  fflt_noclz.o(x$fpl$ffltu)
    _ffltu                                   0x0003d848   ARM Code       8  fflt_noclz.o(x$fpl$ffltu)
    __aeabi_cfcmple                          0x0003d850   ARM Code       0  fleqf.o(x$fpl$fleqf)
    _fcmple                                  0x0003d850   ARM Code     132  fleqf.o(x$fpl$fleqf)
    __fpl_fcmple_InfNaN                      0x0003d8bc   ARM Code       0  fleqf.o(x$fpl$fleqf)
    __aeabi_fmul                             0x0003d8d4   ARM Code       0  fmul.o(x$fpl$fmul)
    _fmul                                    0x0003d8d4   ARM Code     256  fmul.o(x$fpl$fmul)
    __fpl_fnaninf                            0x0003d9d4   ARM Code     168  fnaninf.o(x$fpl$fnaninf)
    __fpl_fretinf                            0x0003da7c   ARM Code      16  fretinf.o(x$fpl$fretinf)
    __aeabi_cfrcmple                         0x0003da8c   ARM Code       0  frleqf.o(x$fpl$frleqf)
    _frcmple                                 0x0003da8c   ARM Code     124  frleqf.o(x$fpl$frleqf)
    __aeabi_fsub                             0x0003db08   ARM Code       0  faddsub_noclz.o(x$fpl$fsub)
    _fsub                                    0x0003db08   ARM Code     304  faddsub_noclz.o(x$fpl$fsub)
    __fpl_return_NaN                         0x0003dc38   ARM Code     116  retnan.o(x$fpl$retnan)
    __ARM_scalbn                             0x0003dcac   ARM Code     104  scalbn.o(x$fpl$scalbn)
    __fpl_cmpreturn                          0x0003dd14   ARM Code      60  trapv.o(x$fpl$trapveneer)
    OSMapTbl                                 0x0003dd50   Data           8  os_core.o(.constdata)
    __I$use$fp                               0x0003dd50   Number         0  usenofp.o(x$fpl$usenofp)
    OSUnMapTbl                               0x0003dd58   Data         256  os_core.o(.constdata)
    CN_st_Fun_Ecc                            0x0003de58   Data           8  _arithmetic.o(.constdata)
    CN_st_Fun_Crc                            0x0003de60   Data           4  _arithmetic.o(.constdata)
    CN_st_Fun_CheckSum                       0x0003de64   Data           4  _arithmetic.o(.constdata)
    CN_st_Fun_CheckAdd                       0x0003de68   Data           4  _arithmetic.o(.constdata)
    CN_st_Fun_Crc1021                        0x0003de6c   Data           4  _arithmetic.o(.constdata)
    CN_st_Fun_Arithmetic                     0x0003de70   Data          20  _arithmetic.o(.constdata)
    CN_st_Fun_AscNumber                      0x0003df84   Data         184  _ascnumber.o(.constdata)
    FixPointValue                            0x0003e03c   Data          40  _ascnumber.o(.constdata)
    CN_st_Asc_GetData                        0x0003e064   Data          18  _ascnumber.o(.constdata)
    CN_st_Fun_Date                           0x0003e078   Data          16  _date.o(.constdata)
    CN_st_Fun_RTC                            0x0003e088   Data          12  _rtc.o(.constdata)
    CN_st_Fun_Spi                            0x0003e094   Data          36  _spi.o(.constdata)
    CN_st_Fun_Uart                           0x0003e0b8   Data          20  _uart.o(.constdata)
    CN_Ba_PortDe                             0x0003e0cc   Data           8  adchard.o(.constdata)
    CN_Ba_PortSpace                          0x0003e0d4   Data           8  adchard.o(.constdata)
    CN_Ba_Precision                          0x0003e0dc   Data           8  adchard.o(.constdata)
    CN_Ba_st_Data_Adc_Oper                   0x0003e0e4   Data          12  adchard.o(.constdata)
    CN_st_Fun_Adc                            0x0003e0f0   Data          16  adchard.o(.constdata)
    CN_Ba_PinDe                              0x0003e200   Data           2  ds18b20.o(.constdata)
    CN_st_Fun_18B20                          0x0003e204   Data          16  ds18b20.o(.constdata)
    CN_Huawei_st_Fun_GprsHard_Fac            0x0003e214   Data          12  huaiweigprs.o(.constdata)
    CN_HuaWei_st_GprsHard_Order              0x0003e220   Data        1476  huaiweigprs.o(.constdata)
    CN_Huawei_st_GprsHead_Result             0x0003e7e4   Data          12  huaiweigprs.o(.constdata)
    CN_Huawei_ReadMessage                    0x0003e7f0   Data           8  huaiweigprs.o(.constdata)
    CN_Huawei_SetMessage                     0x0003e7f8   Data           4  huaiweigprs.o(.constdata)
    CN_Huawei_Carrier                        0x0003e7fc   Data          16  huaiweigprs.o(.constdata)
    CN_Reg_State                             0x0003e80c   Data          12  huaiweigprs.o(.constdata)
    CN_Ba_CallRes                            0x0003e818   Data          32  huaiweigprs.o(.constdata)
    CN_Ba_AgreePhone                         0x0003e838   Data          32  huaiweigprs.o(.constdata)
    CN_Ba_UDPTCP                             0x0003e858   Data          16  huaiweigprs.o(.constdata)
    CN_Huawei_Link                           0x0003e868   Data           6  huaiweigprs.o(.constdata)
    CN_Huawei_TCPInitState                   0x0003e86e   Data           4  huaiweigprs.o(.constdata)
    CN_Huawei_CallTyte                       0x0003e872   Data           4  huaiweigprs.o(.constdata)
    CN_Huawei_CallState                      0x0003e876   Data          12  huaiweigprs.o(.constdata)
    CN_Huawei_Mod                            0x0003e882   Data          20  huaiweigprs.o(.constdata)
    CN_Huawei_PeperNumber                    0x0003e896   Data           4  huaiweigprs.o(.constdata)
    CN_Ba_st_Asc_GetData                     0x0003e89a   Data          18  huaiweigprs.o(.constdata)
    CN_LinkNum                               0x0003e8ac   Data           3  huaiweigprs.o(.constdata)
    CN_Huawei_LinkOper                       0x0003e8af   Data           4  huaiweigprs.o(.constdata)
    CN_st_Fun_GprsHard                       0x0003e8b4   Data          16  gprshard.o(.constdata)
    CN_st_GprsHard_Order_Cut_AT              0x0003e8c4   Data          28  gprshard.o(.constdata)
    CN_st_GprsHard_Order_Cut_ATE             0x0003e8e0   Data          28  gprshard.o(.constdata)
    CN_st_GprsHard_Order_Cut_ChipID          0x0003e8fc   Data          28  gprshard.o(.constdata)
    CN_st_GprsHard_Order_Cut_BPS             0x0003e918   Data          28  gprshard.o(.constdata)
    CN_Ba_st_Da_Uart_GprsHard                0x0003e934   Data          80  gprshard.o(.constdata)
    CN_Less_st_Sensor_ParList                0x0003e9c0   Data          12  less.o(.constdata)
    CN_Ba_st_Less_Par_Oper                   0x0003e9cc   Data          16  less.o(.constdata)
    CN_Ba_st_Less_State                      0x0003e9dc   Data           3  less.o(.constdata)
    CN_Ba_st_Less_Val                        0x0003e9e0   Data          12  less.o(.constdata)
    Com_FlagHead                             0x0003e9ec   Data           3  less.o(.constdata)
    Com_FlagEnd                              0x0003e9ef   Data           3  less.o(.constdata)
    CN_Acc_st_Sensor_ParList                 0x0003ea14   Data          12  acc.o(.constdata)
    CN_Oil_st_Sensor_ParList                 0x0003ea38   Data          12  oil.o(.constdata)
    CN_Ba_st_Sensor_Oper                     0x0003ea50   Data          20  sensor.o(.constdata)
    CN_st_Fun_Sensor                         0x0003ea64   Data          36  sensor.o(.constdata)
    CN_st_Gps_Order                          0x0003ea8c   Data          64  gps.o(.constdata)
    CN_Gps_st_Sensor_ParList                 0x0003eae4   Data          12  gps.o(.constdata)
    CN_st_Display_Par_Set                    0x0003eaf8   Data         240  display.o(.constdata)
    CN_Display_st_Sensor_ParList             0x0003ec98   Data          12  display.o(.constdata)
    CN_Temperture_st_Sensor_ParList          0x0003ecc8   Data          12  temperture.o(.constdata)
    CN_Ba_st_Temperture_State                0x0003ecd4   Data           3  temperture.o(.constdata)
    CN_Mileage_st_Sensor_ParList             0x0003ecf0   Data          12  mileage.o(.constdata)
    CN_GprsTzxy_st_Sensor_ParList            0x0003ed18   Data          12  gprstzxy.o(.constdata)
    CN_UartTzxy_st_Sensor_ParList            0x0003ed40   Data          12  uarttzxy.o(.constdata)
    CN_Arealrm_st_Sensor_ParList             0x0003ed70   Data          12  arealrm.o(.constdata)
    CN_Help_st_Sensor_ParList                0x0003ed94   Data          12  help.o(.constdata)
    CN_OnOrOff_st_Sensor_ParList             0x0003edb8   Data          12  onoroff.o(.constdata)
    CN_Adc1_st_Sensor_ParList                0x0003eddc   Data          12  adc1.o(.constdata)
    CN_SmsTzxy_st_Sensor_ParList             0x0003ee0c   Data          12  smstzxy.o(.constdata)
    CN_st_Fun_File                           0x0003ee18   Data          60  _rwfile.o(.constdata)
    CN_st_Fun_DownFile                       0x0003ee54   Data          40  _downfile.o(.constdata)
    CN_st_Fun_SensorContr                    0x0003eed4   Data          12  sensorcontr.o(.constdata)
    CN_LinkNumber                            0x0003eee0   Data           3  gprs.o(.constdata)
    CN_st_Fun_Gprs                           0x0003eee4   Data         116  gprs.o(.constdata)
    CN_st_Fun_Timer                          0x0003ef58   Data          36  timer.o(.constdata)
    CN_st_Fun_Photo                          0x0003ef7c   Data          12  photo.o(.constdata)
    CN_st_Fun_RunLen                         0x0003ef90   Data          16  gpsandmileage.o(.constdata)
    CN_st_Affair_Ftp                         0x0003efa0   Data          16  ftp.o(.constdata)
    CN_st_Ftp_CMD                            0x0003efb0   Data          36  ftp.o(.constdata)
    CN_st_Fun_FTP                            0x0003efd4   Data           8  ftp.o(.constdata)
    CN_st_Fun_Tz_Agreen                      0x0003f13c   Data           4  tz_agreen.o(.constdata)
    CN_st_Fun_Tz_Send                        0x0003f200   Data           4  tz_send.o(.constdata)
    CN_Ba_st_AgreenOn_Par2Type               0x0003f204   Data         204  tzv2.1.o(.constdata)
    CN_Delay_Timer                           0x0003f2d0   Data         144  tzv2.1.o(.constdata)
    CN_Ba_WordPar                            0x0003f360   Data          72  tzv2.1.o(.constdata)
    CN_Ba_LessPar                            0x0003f3a8   Data          20  tzv2.1.o(.constdata)
    CN_st_Fun_Tzv21                          0x0003f420   Data          24  tzv2.1.o(.constdata)
    CN_NandFlash512_st_Fun_PhyFlash          0x0003f438   Data          32  _nandflash512.o(.constdata)
    CN_Spi_st_Fun_PhyFlash                   0x0003f458   Data          32  _spiflash512.o(.constdata)
    CN_st_Flash_Chip_Features                0x0003f478   Data         144  _flash.o(.constdata)
    CN_st_Fun_PhyFlash                       0x0003f508   Data          28  _flash.o(.constdata)
    CN_st_Fun_NorFlash                       0x0003f524   Data          16  _rwflashlgc.o(.constdata)
    CN_Ba_st_File_fd_Tabel                   0x0003fa54   Data         700  _filedata.o(.constdata)
    CN_st_Fun_TakeData                       0x0003fd10   Data          64  takedata.o(.constdata)
    CN_st_Less_Space                         0x0003fd50   Data          80  appsendagreeon.o(.constdata)
    CN_st_Fun_AppSendAgreeOn                 0x0003feb4   Data          20  appsendagreeon.o(.constdata)
    CN_st_Fun_AppGprs                        0x0003fec8   Data           4  appgprs.o(.constdata)
    CN_Ba_ChargLog                           0x00040024   Data          12  appgprs.o(.constdata)
    CN_Ba_ResetDev                           0x00040030   Data           2  appgprs.o(.constdata)
    CN_st_Fun_OpenSensor                     0x00040154   Data           4  opensensor.o(.constdata)
    CN_st_Fun_AccOper                        0x00040158   Data           4  accoper.o(.constdata)
    CN_Ba_OpenMachi_Term                     0x0004015c   Data         416  accoper.o(.constdata)
    CN_st_Fun_AppAgreeDataSensor             0x000404f4   Data           4  appagreedatasensor.o(.constdata)
    CN_Ba_st_Fun_Space                       0x00040500   Data           4  space.o(.constdata)
    CN_st_Fun_JugeOper                       0x00040510   Data           4  jugeoper.o(.constdata)
    CN_st_Fun_WarningUpate                   0x00040740   Data           4  warningupate.o(.constdata)
    CN_Ba_Log                                0x000407e4   Data          12  displayoper.o(.constdata)
    CN_st_Fun_DisPlayOper                    0x0004082c   Data           8  displayoper.o(.constdata)
    CN_st_Fun_MessageAndPhone                0x00040834   Data           4  messageandphone.o(.constdata)
    CN_st_Fun_LogOnServer                    0x0004085c   Data           4  logonserver.o(.constdata)
    CN_st_Fun_OpenAndClose                   0x000408d0   Data          28  openandclose.o(.constdata)
    CN_Ba_OpenUart_CN_st_Sensor_DataPar      0x000408ec   Data          12  openandclose.o(.constdata)
    Region$$Table$$Base                      0x00040e3c   Number         0  anon$$obj.o(Region$$Table)
    Region$$Table$$Limit                     0x00040e5c   Number         0  anon$$obj.o(Region$$Table)
    OsEnterSum                               0x40000000   Data           4  os_cpu_c.o(.data)
    OSCtxSwCtr                               0x40000004   Data           4  os_core.o(.data)
    OSEventFreeList                          0x40000008   Data           4  os_core.o(.data)
    OSFlagFreeList                           0x4000000c   Data           4  os_core.o(.data)
    OSCPUUsage                               0x40000010   Data           1  os_core.o(.data)
    OSIdleCtrMax                             0x40000014   Data           4  os_core.o(.data)
    OSIdleCtrRun                             0x40000018   Data           4  os_core.o(.data)
    OSStatRdy                                0x4000001c   Data           1  os_core.o(.data)
    OSIntNesting                             0x4000001d   Data           1  os_core.o(.data)
    OSIntExitY                               0x4000001e   Data           1  os_core.o(.data)
    OSLockNesting                            0x4000001f   Data           1  os_core.o(.data)
    OSPrioCur                                0x40000020   Data           1  os_core.o(.data)
    OSPrioHighRdy                            0x40000021   Data           1  os_core.o(.data)
    OSRdyGrp                                 0x40000022   Data           1  os_core.o(.data)
    OSRdyTbl                                 0x40000023   Data           3  os_core.o(.data)
    OSRunning                                0x40000026   Data           1  os_core.o(.data)
    OSTaskCtr                                0x40000027   Data           1  os_core.o(.data)
    OSIdleCtr                                0x40000028   Data           4  os_core.o(.data)
    OSTCBCur                                 0x4000002c   Data           4  os_core.o(.data)
    OSTCBFreeList                            0x40000030   Data           4  os_core.o(.data)
    OSTCBHighRdy                             0x40000034   Data           4  os_core.o(.data)
    OSTCBList                                0x40000038   Data           4  os_core.o(.data)
    OSMemFreeList                            0x4000003c   Data           4  os_core.o(.data)
    OSQFreeList                              0x40000040   Data           4  os_core.o(.data)
    OSTime                                   0x40000044   Data           4  os_core.o(.data)
    CN_st_File_GBK                           0x40000048   Data           4  _ascnumber.o(.data)
    Can0_RxHead                              0x4000004c   Data           2  _can.o(.data)
    Can0_RxTail                              0x4000004e   Data           2  _can.o(.data)
    Can1_RxHead                              0x40000050   Data           2  _can.o(.data)
    Can1_RxTail                              0x40000052   Data           2  _can.o(.data)
    Can0UseSem                               0x40000054   Data           4  _can.o(.data)
    Can1UseSem                               0x40000058   Data           4  _can.o(.data)
    Can0RxSem                                0x4000005c   Data           4  _can.o(.data)
    Can1RxSem                                0x40000060   Data           4  _can.o(.data)
    CN_st_Fun_Can                            0x40000064   Data          20  _can.o(.data)
    BitCount                                 0x40000084   Data           1  _uart.o(.data)
    ByteRec                                  0x40000085   Data           1  _uart.o(.data)
    ByteSend                                 0x40000086   Data           1  _uart.o(.data)
    BitCountSend                             0x40000087   Data           1  _uart.o(.data)
    Uart4BaudRate                            0x40000088   Data           4  _uart.o(.data)
    UartRevState                             0x4000008c   Data           1  _uart.o(.data)
    AgreeByte                                0x4000008d   Data           1  _uart.o(.data)
    Uart0UseSem                              0x40000090   Data           4  _uart.o(.data)
    Uart1UseSem                              0x40000094   Data           4  _uart.o(.data)
    Uart2UseSem                              0x40000098   Data           4  _uart.o(.data)
    Uart3UseSem                              0x4000009c   Data           4  _uart.o(.data)
    Uart4UseSem                              0x400000a0   Data           4  _uart.o(.data)
    Uart0RxSem                               0x400000a4   Data           4  _uart.o(.data)
    Uart1RxSem                               0x400000a8   Data           4  _uart.o(.data)
    Uart2RxSem                               0x400000ac   Data           4  _uart.o(.data)
    Uart3RxSem                               0x400000b0   Data           4  _uart.o(.data)
    Uart4RxSem                               0x400000b4   Data           4  _uart.o(.data)
    ptUart0ReBuf                             0x400000b8   Data           4  _uart.o(.data)
    ptUart1ReBuf                             0x400000bc   Data           4  _uart.o(.data)
    ptUart2ReBuf                             0x400000c0   Data           4  _uart.o(.data)
    ptUart3ReBuf                             0x400000c4   Data           4  _uart.o(.data)
    ptUart4ReBuf                             0x400000c8   Data           4  _uart.o(.data)
    UART0_RxHead                             0x400000cc   Data           2  _uart.o(.data)
    UART0_RxTail                             0x400000ce   Data           2  _uart.o(.data)
    UART1_RxHead                             0x400000d0   Data           2  _uart.o(.data)
    UART1_RxTail                             0x400000d2   Data           2  _uart.o(.data)
    UART2_RxHead                             0x400000d4   Data           2  _uart.o(.data)
    UART2_RxTail                             0x400000d6   Data           2  _uart.o(.data)
    UART3_RxHead                             0x400000d8   Data           2  _uart.o(.data)
    UART3_RxTail                             0x400000da   Data           2  _uart.o(.data)
    UART4_RxHead                             0x400000dc   Data           2  _uart.o(.data)
    UART4_RxTail                             0x400000de   Data           2  _uart.o(.data)
    CN_st_Data_18B20                         0x400000ec   Data           2  ds18b20.o(.data)
    X_BUF                                    0x400000f0   Data           4  huaiweigprs.o(.data)
    SizeofX_BUF                              0x400000f4   Data           2  huaiweigprs.o(.data)
    ModermCom                                0x400000f8   Data           4  huaiweigprs.o(.data)
    ptCN_st_Fun_GprsHard_Fac                 0x400000fc   Data           4  gprshard.o(.data)
    ptst_Fun_GprsHard_Fac                    0x40000100   Data           4  gprshard.o(.data)
    X_RAM                                    0x40000104   Data           4  gprshard.o(.data)
    CN_Point                                 0x4000012c   Data           1  oil.o(.data)
    CN_st_Sensor_ParList                     0x40000134   Data          60  sensor.o(.data)
    GpsSem                                   0x40000170   Data           4  gps.o(.data)
    CN_PowerState                            0x40000174   Data           1  gps.o(.data)
    CN_st_Sensor_State                       0x40000175   Data           3  gps.o(.data)
    CN_st_Sms_Order_Data                     0x400001e4   Data          22  smstzxy.o(.data)
    SendOrderNumber                          0x400001fa   Data           2  smstzxy.o(.data)
    ptst_Data_FileBuf                        0x40000200   Data           4  _rwfile.o(.data)
    DownFileSem                              0x4000020c   Data           4  _downfile.o(.data)
    GprsUseSem                               0x40000220   Data           4  gprs.o(.data)
    DateTimer                                0x40000228   Data           7  gprs.o(.data)
    ptst_Data_Gprs_Message                   0x40000230   Data           4  gprs.o(.data)
    ptst_Data_Gprs_Call                      0x40000234   Data           4  gprs.o(.data)
    ptst_Data_Gprs_TcpUdp                    0x40000238   Data          12  gprs.o(.data)
    CN_IPData                                0x40000244   Data           4  gprs.o(.data)
    CN_Ba_st_Affair_Gprs                     0x40000248   Data          60  gprs.o(.data)
    Photo_Q                                  0x40000294   Data           4  photo.o(.data)
    ptst_BoxData_Vid                         0x40000298   Data           4  photo.o(.data)
    CN_st_Photo_Property                     0x4000029c   Data           6  photo.o(.data)
    GpsAndMileageUseSem                      0x400002a4   Data           4  gpsandmileage.o(.data)
    ptst_FTP_Data_Save                       0x400002ac   Data           4  ftp.o(.data)
    ptst_FTP_Data_Temp                       0x400002b0   Data           4  ftp.o(.data)
    DownFileFd                               0x400002b4   Data           2  ftp.o(.data)
    FtpQbox                                  0x400002b8   Data           4  ftp.o(.data)
    FtpCtrlSem                               0x400002bc   Data           4  ftp.o(.data)
    RecData_Type                             0x400002c0   Data           1  ftp.o(.data)
    ptRecData_Type                           0x400002c4   Data           4  ftp.o(.data)
    FTPRecoderFd                             0x400002c8   Data           2  ftp.o(.data)
    TzvSem                                   0x400002dc   Data           4  tzv2.1.o(.data)
    CN_LessPar                               0x40000324   Data          40  appgprs.o(.data)
    CN_st_RunLen_Affair_fd                   0x4000035c   Data          16  space.o(.data)
    LogOnServerBox                           0x40000384   Data           4  logonserver.o(.data)
    ptst_BoxData_LogOnServer                 0x40000388   Data           4  logonserver.o(.data)
    CN_st_LogOnServer_OpenFd                 0x4000038c   Data           6  logonserver.o(.data)
    LogFlag                                  0x4000039a   Data           1  openandclose.o(.data)
    LogTimerfd                               0x400003c4   Data           1  openandclose.o(.data)
    UnLoaderTimerfd                          0x400003c5   Data           1  openandclose.o(.data)
    ptst_BoxData_UpData                      0x400003c8   Data           4  updatesoftware.o(.data)
    ptst_BoxData_UpData_Temp                 0x400003cc   Data           4  updatesoftware.o(.data)
    UpDataWaitTime                           0x400003d0   Data           2  updatesoftware.o(.data)
    CN_st_Fun_UpdateSoftWare                 0x400003d4   Data           4  updatesoftware.o(.data)
    UpDateSoftWare_Q                         0x400003d8   Data           4  updatesoftware.o(.data)
    DownLoaderOver                           0x400003dc   Data           4  updatesoftware.o(.data)
    DownLoaderState                          0x400003e0   Data           4  updatesoftware.o(.data)
    OSEventTbl                               0x400003e4   Data         540  os_core.o(.bss)
    OSFlagTbl                                0x40000600   Data          60  os_core.o(.bss)
    OSTaskStatStk                            0x4000063c   Data        2048  os_core.o(.bss)
    OSTaskIdleStk                            0x40000e3c   Data        2048  os_core.o(.bss)
    OSTCBPrioTbl                             0x4000163c   Data          68  os_core.o(.bss)
    OSTCBTbl                                 0x40001680   Data         884  os_core.o(.bss)
    OSMemTbl                                 0x400019f4   Data         100  os_core.o(.bss)
    OSQTbl                                   0x40001a58   Data         144  os_core.o(.bss)
    CN_st_Da_CanInfor                        0x40001ae8   Data         160  _can.o(.bss)
    CN_st_Da_CanInfor1                       0x40001b88   Data         160  _can.o(.bss)
    CN_st_Data_Adc                           0x40001c28   Data          96  adchard.o(.bss)
    CN_st_Less_Par_Oper                      0x40001c88   Data          96  less.o(.bss)
    CN_st_Less_State                         0x40001ce8   Data          18  less.o(.bss)
    CN_st_Less_Val                           0x40001cfc   Data          72  less.o(.bss)
    CN_VoVal                                 0x40001da8   Data          40  oil.o(.bss)
    CN_Gps_Buf                               0x40001fd8   Data         100  gps.o(.bss)
    CN_OpenPar                               0x40002114   Data          28  arealrm.o(.bss)
    CN_st_Sms_Data                           0x40002130   Data         568  smstzxy.o(.bss)
    AgreeBuf                                 0x40002368   Data         160  smstzxy.o(.bss)
    Phone                                    0x40002408   Data          15  smstzxy.o(.bss)
    CN_st_Data_FileBuf                       0x40002418   Data        1440  _rwfile.o(.bss)
    CN_st_DownFile_BufFd                     0x400029b8   Data          60  _downfile.o(.bss)
    DownFile_BUF                             0x400029f4   Data         512  _downfile.o(.bss)
    SMS_State                                0x40003870   Data          20  gprs.o(.bss)
    CN_st_Affair_Gprs                        0x40003884   Data          60  gprs.o(.bss)
    CN_st_Gsm_Net_Information                0x400038c0   Data          12  gprs.o(.bss)
    CN_st_Gsm_Net_Message                    0x400038cc   Data          15  gprs.o(.bss)
    CN_st_HardWare_SeeTCPData                0x400038dc   Data          20  gprs.o(.bss)
    CN_st_Data_IPNet                         0x400038f0   Data          56  gprs.o(.bss)
    CN_st_Control_Timer                      0x40003928   Data         120  timer.o(.bss)
    VidBox                                   0x400039a0   Data          40  photo.o(.bss)
    PhotoBuf                                 0x40003c20   Data         528  photo.o(.bss)
    CN_st_GpsAndMileage_OperData             0x40003e30   Data         112  gpsandmileage.o(.bss)
    CN_st_Buf_rwFlash                        0x40003ea0   Data         514  ftp.o(.bss)
    CN_st_Ftp_RunState                       0x400040a4   Data          12  ftp.o(.bss)
    CN_st_FTP_WorkState                      0x400040b0   Data          12  ftp.o(.bss)
    FTP_Stk                                  0x400040bc   Data        1424  ftp.o(.bss)
    MessegBox                                0x4000464c   Data          40  ftp.o(.bss)
    CN_st_NorFlash                           0x40004ed8   Data          24  _rwflashlgc.o(.bss)
    CN_st_File_fd                            0x40004ef0   Data          50  _filedata.o(.bss)
    App_CN_st_WorkFlow_Table                 0x40004f24   Data         272  _filedata.o(.bss)
    CN_Pu_st_st_AgreeOn_Dev_WritePar         0x40005834   Data          12  appsendagreeon.o(.bss)
    CN_st_BoxData_UpData                     0x40006240   Data         340  appgprs.o(.bss)
    LogOnServer_Stk                          0x40006424   Data        1536  logonserver.o(.bss)
    CN_st_BoxData_LogOnServer                0x40006a24   Data          20  logonserver.o(.bss)
    UpDataBox                                0x40006a4c   Data          16  updatesoftware.o(.bss)
    CN_st_FTP_WorkState_Now                  0x40006a5c   Data          12  updatesoftware.o(.bss)
    CN_st_FTP_Data                           0x40006a68   Data         328  updatesoftware.o(.bss)
    UpDateSoftWare_Stk                       0x40006bb0   Data        1024  updatesoftware.o(.bss)
    TaskStk                                  0x40006fb0   Data        1024  _init.o(.bss)
    _random_number_data                      0x400073b0   Data         228  rand.o(.bss)
    __libspace_start                         0x40007494   Data          96  libspace.o(.bss)
    __temporary_stack_top$libspace           0x400074f4   Data           0  libspace.o(.bss)
    StackUsr                                 0x40007700   Data           0  startup.o(STACK)



==============================================================================

Memory Map of the image

  Image Entry point : 0x000000b8

  Load Region LR_IROM1 (Base: 0x00000000, Size: 0x00041240, Max: 0x00080000, ABSOLUTE, COMPRESSED[0x00040f50])

    Execution Region ER_IROM1 (Exec base: 0x00000000, Load base: 0x00000000, Size: 0x00040e5c, Max: 0x00080000, ABSOLUTE)

    Exec Addr    Load Addr    Size         Type   Attr      Idx    E Section Name        Object

    0x00000000   0x00000000   0x000000b8   Code   RO           74    RESET               startup.o
    0x000000b8   0x000000b8   0x00000008   Code   RO         4886  * !!!main             c_t.l(__main.o)
    0x000000c0   0x000000c0   0x0000003c   Code   RO         5191    !!!scatter          c_t.l(__scatter.o)
    0x000000fc   0x000000fc   0x0000005c   Code   RO         5189    !!dczerorl2         c_t.l(__dczerorl2.o)
    0x00000158   0x00000158   0x0000002c   Code   RO         5193    !!handler_zi        c_t.l(__scatter_zi.o)
    0x00000184   0x00000184   0x00000008   Ven    RO         5107    .ARM.Collect$$libinit$$00000000  c_t.l(libinit.o)
    0x0000018c   0x0000018c   0x00000002   Code   RO         5107    .ARM.Collect$$libinit$$00000000  c_t.l(libinit.o)
    0x0000018e   0x0000018e   0x00000000   Code   RO         4956    .ARM.Collect$$libinit$$00000002  c_t.l(libinit2.o)
    0x0000018e   0x0000018e   0x00000000   Code   RO         4958    .ARM.Collect$$libinit$$00000004  c_t.l(libinit2.o)
    0x0000018e   0x0000018e   0x00000000   Code   RO         4961    .ARM.Collect$$libinit$$0000000A  c_t.l(libinit2.o)
    0x0000018e   0x0000018e   0x00000000   Code   RO         4963    .ARM.Collect$$libinit$$0000000C  c_t.l(libinit2.o)
    0x0000018e   0x0000018e   0x00000004   Code   RO         4964    .ARM.Collect$$libinit$$0000000D  c_t.l(libinit2.o)
    0x00000192   0x00000192   0x00000000   Code   RO         4965    .ARM.Collect$$libinit$$0000000E  c_t.l(libinit2.o)
    0x00000192   0x00000192   0x00000000   Code   RO         4968    .ARM.Collect$$libinit$$00000011  c_t.l(libinit2.o)
    0x00000192   0x00000192   0x00000000   Code   RO         4970    .ARM.Collect$$libinit$$00000013  c_t.l(libinit2.o)
    0x00000192   0x00000192   0x00000000   Code   RO         4972    .ARM.Collect$$libinit$$00000015  c_t.l(libinit2.o)
    0x00000192   0x00000192   0x00000000   Code   RO         4974    .ARM.Collect$$libinit$$00000017  c_t.l(libinit2.o)
    0x00000192   0x00000192   0x00000000   Code   RO         4976    .ARM.Collect$$libinit$$00000019  c_t.l(libinit2.o)
    0x00000192   0x00000192   0x00000000   Code   RO         4978    .ARM.Collect$$libinit$$0000001B  c_t.l(libinit2.o)
    0x00000192   0x00000192   0x00000000   Code   RO         4980    .ARM.Collect$$libinit$$0000001D  c_t.l(libinit2.o)
    0x00000192   0x00000192   0x00000000   Code   RO         4982    .ARM.Collect$$libinit$$0000001F  c_t.l(libinit2.o)
    0x00000192   0x00000192   0x00000000   Code   RO         4984    .ARM.Collect$$libinit$$00000021  c_t.l(libinit2.o)
    0x00000192   0x00000192   0x00000000   Code   RO         4986    .ARM.Collect$$libinit$$00000023  c_t.l(libinit2.o)
    0x00000192   0x00000192   0x00000000   Code   RO         4988    .ARM.Collect$$libinit$$00000025  c_t.l(libinit2.o)
    0x00000192   0x00000192   0x00000000   Code   RO         4992    .ARM.Collect$$libinit$$0000002C  c_t.l(libinit2.o)
    0x00000192   0x00000192   0x00000000   Code   RO         4994    .ARM.Collect$$libinit$$0000002E  c_t.l(libinit2.o)
    0x00000192   0x00000192   0x00000000   Code   RO         4996    .ARM.Collect$$libinit$$00000030  c_t.l(libinit2.o)
    0x00000192   0x00000192   0x00000000   Code   RO         4998    .ARM.Collect$$libinit$$00000032  c_t.l(libinit2.o)
    0x00000192   0x00000192   0x0000000c   Code   RO         4999    .ARM.Collect$$libinit$$00000033  c_t.l(libinit2.o)
    0x0000019e   0x0000019e   0x00000002   PAD
    0x000001a0   0x000001a0   0x00000008   Ven    RO         5156    .ARM.Collect$$libshutdown$$00000000  c_t.l(libshutdown.o)
    0x000001a8   0x000001a8   0x00000004   Code   RO         5156    .ARM.Collect$$libshutdown$$00000000  c_t.l(libshutdown.o)
    0x000001ac   0x000001ac   0x00000000   Code   RO         5172    .ARM.Collect$$libshutdown$$00000002  c_t.l(libshutdown2.o)
    0x000001ac   0x000001ac   0x00000000   Code   RO         5174    .ARM.Collect$$libshutdown$$00000004  c_t.l(libshutdown2.o)
    0x000001ac   0x000001ac   0x00000000   Code   RO         5177    .ARM.Collect$$libshutdown$$00000007  c_t.l(libshutdown2.o)
    0x000001ac   0x000001ac   0x00000000   Code   RO         5180    .ARM.Collect$$libshutdown$$0000000A  c_t.l(libshutdown2.o)
    0x000001ac   0x000001ac   0x00000000   Code   RO         5182    .ARM.Collect$$libshutdown$$0000000C  c_t.l(libshutdown2.o)
    0x000001ac   0x000001ac   0x00000000   Code   RO         5185    .ARM.Collect$$libshutdown$$0000000F  c_t.l(libshutdown2.o)
    0x000001ac   0x000001ac   0x00000006   Code   RO         5186    .ARM.Collect$$libshutdown$$00000010  c_t.l(libshutdown2.o)
    0x000001b2   0x000001b2   0x00000002   PAD
    0x000001b4   0x000001b4   0x00000000   Code   RO         4946    .ARM.Collect$$rtentry$$00000000  c_t.l(__rtentry.o)
    0x000001b4   0x000001b4   0x00000000   Code   RO         5044    .ARM.Collect$$rtentry$$00000002  c_t.l(__rtentry2.o)
    0x000001b4   0x000001b4   0x00000008   Code   RO         5056    .ARM.Collect$$rtentry$$00000004  c_t.l(__rtentry4.o)
    0x000001bc   0x000001bc   0x00000000   Code   RO         5046    .ARM.Collect$$rtentry$$00000009  c_t.l(__rtentry2.o)
    0x000001bc   0x000001bc   0x00000004   Code   RO         5047    .ARM.Collect$$rtentry$$0000000A  c_t.l(__rtentry2.o)
    0x000001c0   0x000001c0   0x00000000   Code   RO         5049    .ARM.Collect$$rtentry$$0000000C  c_t.l(__rtentry2.o)
    0x000001c0   0x000001c0   0x00000028   Code   RO         5050    .ARM.Collect$$rtentry$$0000000D  c_t.l(__rtentry2.o)
    0x000001e8   0x000001e8   0x00000004   Ven    RO         5112    .ARM.Collect$$rtexit$$00000000  c_t.l(rtexit.o)
    0x000001ec   0x000001ec   0x00000004   Code   RO         5112    .ARM.Collect$$rtexit$$00000000  c_t.l(rtexit.o)
    0x000001f0   0x000001f0   0x00000000   Code   RO         5134    .ARM.Collect$$rtexit$$00000002  c_t.l(rtexit2.o)
    0x000001f0   0x000001f0   0x00000004   Code   RO         5135    .ARM.Collect$$rtexit$$00000003  c_t.l(rtexit2.o)
    0x000001f4   0x000001f4   0x00000008   Code   RO         5136    .ARM.Collect$$rtexit$$00000004  c_t.l(rtexit2.o)
    0x000001fc   0x000001fc   0x000004e0   Code   RO            1    .text               target.o
    0x000006dc   0x000006dc   0x00000024   Code   RO           75    .text               startup.o
    0x00000700   0x00000700   0x00000298   Code   RO           80    .text               os_cpu_c.o
    0x00000998   0x00000998   0x00000b98   Code   RO          124    .text               os_core.o
    0x00001530   0x00001530   0x00000b50   Code   RO          154    .text               os_flag.o
    0x00002080   0x00002080   0x0000054c   Code   RO          170    .text               os_mbox.o
    0x000025cc   0x000025cc   0x000002dc   Code   RO          182    .text               os_mem.o
    0x000028a8   0x000028a8   0x000008c4   Code   RO          206    .text               os_q.o
    0x0000316c   0x0000316c   0x00000464   Code   RO          218    .text               os_sem.o
    0x000035d0   0x000035d0   0x0000099c   Code   RO          230    .text               os_task.o
    0x00003f6c   0x00003f6c   0x0000028c   Code   RO          242    .text               os_time.o
    0x000041f8   0x000041f8   0x000004d8   Code   RO          254    .text               _arithmetic.o
    0x000046d0   0x000046d0   0x00001e5c   Code   RO          300    .text               _ascnumber.o
    0x0000652c   0x0000652c   0x00000ae0   Code   RO          368    .text               _date.o
    0x0000700c   0x0000700c   0x000008b0   Code   RO          421    .text               _can.o
    0x000078bc   0x000078bc   0x00000324   Code   RO          469    .text               _rtc.o
    0x00007be0   0x00007be0   0x00000578   Code   RO          530    .text               _spi.o
    0x00008158   0x00008158   0x00001eec   Code   RO          577    .text               _uart.o
    0x0000a044   0x0000a044   0x00000854   Code   RO          626    .text               adchard.o
    0x0000a898   0x0000a898   0x00000834   Code   RO          678    .text               ds18b20.o
    0x0000b0cc   0x0000b0cc   0x00002da4   Code   RO          750    .text               huaiweigprs.o
    0x0000de70   0x0000de70   0x000009cc   Code   RO          805    .text               gprshard.o
    0x0000e83c   0x0000e83c   0x00000fcc   Code   RO          885    .text               less.o
    0x0000f808   0x0000f808   0x00000370   Code   RO          971    .text               acc.o
    0x0000fb78   0x0000fb78   0x000004b0   Code   RO         1042    .text               oil.o
    0x00010028   0x00010028   0x000007b8   Code   RO         1118    .text               sensor.o
    0x000107e0   0x000107e0   0x00000fbc   Code   RO         1235    .text               gps.o
    0x0001179c   0x0001179c   0x00001324   Code   RO         1315    .text               display.o
    0x00012ac0   0x00012ac0   0x000005f4   Code   RO         1440    .text               temperture.o
    0x000130b4   0x000130b4   0x00000a94   Code   RO         1530    .text               mileage.o
    0x00013b48   0x00013b48   0x00000274   Code   RO         1620    .text               gprstzxy.o
    0x00013dbc   0x00013dbc   0x00000444   Code   RO         1691    .text               uarttzxy.o
    0x00014200   0x00014200   0x0000097c   Code   RO         1762    .text               arealrm.o
    0x00014b7c   0x00014b7c   0x00000350   Code   RO         1848    .text               help.o
    0x00014ecc   0x00014ecc   0x00000320   Code   RO         1919    .text               onoroff.o
    0x000151ec   0x000151ec   0x00000224   Code   RO         1990    .text               adc1.o
    0x00015410   0x00015410   0x00000740   Code   RO         2058    .text               smstzxy.o
    0x00015b50   0x00015b50   0x000026dc   Code   RO         2151    .text               _rwfile.o
    0x0001822c   0x0001822c   0x00000b4c   Code   RO         2220    .text               _downfile.o
    0x00018d78   0x00018d78   0x000003a0   Code   RO         2267    .text               sensorcontr.o
    0x00019118   0x00019118   0x00002f6c   Code   RO         2343    .text               gprs.o
    0x0001c084   0x0001c084   0x000007f0   Code   RO         2451    .text               timer.o
    0x0001c874   0x0001c874   0x00000738   Code   RO         2537    .text               photo.o
    0x0001cfac   0x0001cfac   0x000004c0   Code   RO         2631    .text               gpsandmileage.o
    0x0001d46c   0x0001d46c   0x00001550   Code   RO         2714    .text               ftp.o
    0x0001e9bc   0x0001e9bc   0x000039b8   Code   RO         2813    .text               tz_agreen.o
    0x00022374   0x00022374   0x00006980   Code   RO         2900    .text               tz_send.o
    0x00028cf4   0x00028cf4   0x00000ca0   Code   RO         2988    .text               tzv2.1.o
    0x00029994   0x00029994   0x00000dcc   Code   RO         3096    .text               _nandflash512.o
    0x0002a760   0x0002a760   0x00000828   Code   RO         3142    .text               _spiflash512.o
    0x0002af88   0x0002af88   0x000006c4   Code   RO         3195    .text               _flash.o
    0x0002b64c   0x0002b64c   0x0000093c   Code   RO         3250    .text               _rwflashlgc.o
    0x0002bf88   0x0002bf88   0x0000034c   Code   RO         3276    .text               _filedata.o
    0x0002c2d4   0x0002c2d4   0x000012f0   Code   RO         3390    .text               takedata.o
    0x0002d5c4   0x0002d5c4   0x00004344   Code   RO         3422    .text               appsendagreeon.o
    0x00031908   0x00031908   0x000036ac   Code   RO         3561    .text               appgprs.o
    0x00034fb4   0x00034fb4   0x00000494   Code   RO         3722    .text               opensensor.o
    0x00035448   0x00035448   0x00000bb4   Code   RO         3852    .text               accoper.o
    0x00035ffc   0x00035ffc   0x000007e4   Code   RO         3998    .text               appagreedatasensor.o
    0x000367e0   0x000367e0   0x0000089c   Code   RO         4173    .text               space.o
    0x0003707c   0x0003707c   0x00000384   Code   RO         4199    .text               jugeoper.o
    0x00037400   0x00037400   0x00000428   Code   RO         4216    .text               warningupate.o
    0x00037828   0x00037828   0x00000e9c   Code   RO         4241    .text               displayoper.o
    0x000386c4   0x000386c4   0x00000fe8   Code   RO         4286    .text               messageandphone.o
    0x000396ac   0x000396ac   0x00000e98   Code   RO         4304    .text               logonserver.o
    0x0003a544   0x0003a544   0x00000598   Code   RO         4464    .text               openandclose.o
    0x0003aadc   0x0003aadc   0x00000424   Code   RO         4611    .text               updatesoftware.o
    0x0003af00   0x0003af00   0x00000504   Code   RO         4666    .text               _init.o
    0x0003b404   0x0003b404   0x00000008   Ven    RO         4854    .text               c_t.l(rand.o)
    0x0003b40c   0x0003b40c   0x00000040   Code   RO         4854    .text               c_t.l(rand.o)
    0x0003b44c   0x0003b44c   0x00000008   Ven    RO         4858    .text               c_t.l(strlen.o)
    0x0003b454   0x0003b454   0x00000044   Code   RO         4858    .text               c_t.l(strlen.o)
    0x0003b498   0x0003b498   0x00000008   Ven    RO         4860    .text               c_t.l(memchr.o)
    0x0003b4a0   0x0003b4a0   0x00000018   Code   RO         4860    .text               c_t.l(memchr.o)
    0x0003b4b8   0x0003b4b8   0x00000064   Code   RO         4862    .text               c_t.l(rt_memcpy_w.o)
    0x0003b51c   0x0003b51c   0x00000010   Code   RO         4864    .text               c_t.l(aeabi_memset.o)
    0x0003b52c   0x0003b52c   0x00000054   Code   RO         4866    .text               c_t.l(rt_memclr_w.o)
    0x0003b580   0x0003b580   0x00000180   Code   RO         4868    .text               c_t.l(aeabi_sdiv.o)
    0x0003b700   0x0003b700   0x00000006   Code   RO         4884    .text               c_t.l(heapauxi.o)
    0x0003b706   0x0003b706   0x00000002   PAD
    0x0003b708   0x0003b708   0x00000008   Ven    RO         4951    .text               c_t.l(_rserrno.o)
    0x0003b710   0x0003b710   0x0000001a   Code   RO         4951    .text               c_t.l(_rserrno.o)
    0x0003b72a   0x0003b72a   0x00000002   PAD
    0x0003b72c   0x0003b72c   0x00000040   Code   RO         4953    .text               c_t.l(rt_memclr.o)
    0x0003b76c   0x0003b76c   0x00000004   Ven    RO         5063    .text               c_t.l(rt_errno_addr_intlibspace.o)
    0x0003b770   0x0003b770   0x0000000c   Code   RO         5063    .text               c_t.l(rt_errno_addr_intlibspace.o)
    0x0003b77c   0x0003b77c   0x0000000c   Code   RO         5087    .text               c_t.l(libspace.o)
    0x0003b788   0x0003b788   0x00000060   Code   RO         5090    .text               c_t.l(sys_stackheap_outer.o)
    0x0003b7e8   0x0003b7e8   0x00000014   Code   RO         5092    .text               c_t.l(exit.o)
    0x0003b7fc   0x0003b7fc   0x00000008   Ven    RO         5128    .text               c_t.l(sys_exit.o)
    0x0003b804   0x0003b804   0x0000000c   Code   RO         5128    .text               c_t.l(sys_exit.o)
    0x0003b810   0x0003b810   0x00000004   Code   RO         5130    .text               c_t.l(use_no_semi.o)
    0x0003b814   0x0003b814   0x00000000   Code   RO         5132    .text               c_t.l(indicate_semi.o)
    0x0003b814   0x0003b814   0x00000024   Code   RO         4869    .text_udiv          c_t.l(aeabi_sdiv.o)
    0x0003b838   0x0003b838   0x000004f0   Code   RO           68    IRQ                 irq.o
    0x0003bd28   0x0003bd28   0x00000030   Code   RO         5083    i.__ARM_fpclassify  m_ts.l(fpclassify.o)
    0x0003bd58   0x0003bd58   0x00000514   Code   RO         5032    i.__ieee754_rem_pio2  m_ts.l(rred.o)
    0x0003c26c   0x0003c26c   0x0000019c   Code   RO         5015    i.__kernel_cos      m_ts.l(cos_i.o)
    0x0003c408   0x0003c408   0x00000100   Code   RO         5085    i.__kernel_poly     m_ts.l(poly.o)
    0x0003c508   0x0003c508   0x0000017c   Code   RO         5037    i.__kernel_sin      m_ts.l(sin_i.o)
    0x0003c684   0x0003c684   0x00000008   Code   RO         5019    i.__mathlib_dbl_infnan  m_ts.l(dunder.o)
    0x0003c68c   0x0003c68c   0x00000014   Code   RO         5021    i.__mathlib_dbl_invalid  m_ts.l(dunder.o)
    0x0003c6a0   0x0003c6a0   0x00000014   Code   RO         5024    i.__mathlib_dbl_underflow  m_ts.l(dunder.o)
    0x0003c6b4   0x0003c6b4   0x000000f0   Code   RO         4923    i.cos               m_ts.l(cos.o)
    0x0003c7a4   0x0003c7a4   0x000000f8   Code   RO         4931    i.sin               m_ts.l(sin.o)
    0x0003c89c   0x0003c89c   0x00000070   Code   RO         4939    i.sqrt              m_ts.l(sqrt.o)
    0x0003c90c   0x0003c90c   0x00000110   Code   RO          120    subr                os_cpu_a.o
    0x0003ca1c   0x0003ca1c   0x0000006c   Code   RO         4888    x$fpl$d2f           fz_ts.l(d2f.o)
    0x0003ca88   0x0003ca88   0x00000154   Code   RO         4890    x$fpl$dadd          fz_ts.l(daddsub_noclz.o)
    0x0003cbdc   0x0003cbdc   0x00000010   Code   RO         5108    x$fpl$dcheck1       fz_ts.l(dcheck1.o)
    0x0003cbec   0x0003cbec   0x000002e0   Code   RO         4897    x$fpl$ddiv          fz_ts.l(ddiv.o)
    0x0003cecc   0x0003cecc   0x00000070   Code   RO         5069    x$fpl$dfix          fz_ts.l(dfix.o)
    0x0003cf3c   0x0003cf3c   0x00000058   Code   RO         5074    x$fpl$dflt          fz_ts.l(dflt_noclz.o)
    0x0003cf94   0x0003cf94   0x0000000c   Code   RO         5073    x$fpl$dfltu         fz_ts.l(dflt_noclz.o)
    0x0003cfa0   0x0003cfa0   0x00000180   Code   RO         4900    x$fpl$dmul          fz_ts.l(dmul.o)
    0x0003d120   0x0003d120   0x000000c0   Code   RO         5002    x$fpl$dnaninf       fz_ts.l(dnaninf.o)
    0x0003d1e0   0x0003d1e0   0x00000010   Code   RO         5004    x$fpl$dretinf       fz_ts.l(dretinf.o)
    0x0003d1f0   0x0003d1f0   0x00000018   Code   RO         4891    x$fpl$drsb          fz_ts.l(daddsub_noclz.o)
    0x0003d208   0x0003d208   0x00000208   Code   RO         5006    x$fpl$dsqrt         fz_ts.l(dsqrt_noumaal.o)
    0x0003d410   0x0003d410   0x00000244   Code   RO         4892    x$fpl$dsub          fz_ts.l(daddsub_noclz.o)
    0x0003d654   0x0003d654   0x00000064   Code   RO         4902    x$fpl$f2d           fz_ts.l(f2d.o)
    0x0003d6b8   0x0003d6b8   0x000000c4   Code   RO         4904    x$fpl$fadd          fz_ts.l(faddsub_noclz.o)
    0x0003d77c   0x0003d77c   0x0000001c   Code   RO         5077    x$fpl$fcmpinf       fz_ts.l(fcmpi.o)
    0x0003d798   0x0003d798   0x00000054   Code   RO         4910    x$fpl$ffixu         fz_ts.l(ffixu.o)
    0x0003d7ec   0x0003d7ec   0x0000005c   Code   RO         4915    x$fpl$fflt          fz_ts.l(fflt_noclz.o)
    0x0003d848   0x0003d848   0x00000008   Code   RO         4914    x$fpl$ffltu         fz_ts.l(fflt_noclz.o)
    0x0003d850   0x0003d850   0x00000084   Code   RO         5008    x$fpl$fleqf         fz_ts.l(fleqf.o)
    0x0003d8d4   0x0003d8d4   0x00000100   Code   RO         4918    x$fpl$fmul          fz_ts.l(fmul.o)
    0x0003d9d4   0x0003d9d4   0x000000a8   Code   RO         5010    x$fpl$fnaninf       fz_ts.l(fnaninf.o)
    0x0003da7c   0x0003da7c   0x00000010   Code   RO         5012    x$fpl$fretinf       fz_ts.l(fretinf.o)
    0x0003da8c   0x0003da8c   0x0000007c   Code   RO         4920    x$fpl$frleqf        fz_ts.l(frleqf.o)
    0x0003db08   0x0003db08   0x00000130   Code   RO         4906    x$fpl$fsub          fz_ts.l(faddsub_noclz.o)
    0x0003dc38   0x0003dc38   0x00000074   Code   RO         5126    x$fpl$retnan        fz_ts.l(retnan.o)
    0x0003dcac   0x0003dcac   0x00000068   Code   RO         5081    x$fpl$scalbn        fz_ts.l(scalbn.o)
    0x0003dd14   0x0003dd14   0x0000003c   Code   RO         5148    x$fpl$trapveneer    fz_ts.l(trapv.o)
    0x0003dd50   0x0003dd50   0x00000000   Code   RO         5014    x$fpl$usenofp       fz_ts.l(usenofp.o)
    0x0003dd50   0x0003dd50   0x00000108   Data   RO          126    .constdata          os_core.o
    0x0003de58   0x0003de58   0x0000012c   Data   RO          255    .constdata          _arithmetic.o
    0x0003df84   0x0003df84   0x000000f2   Data   RO          301    .constdata          _ascnumber.o
    0x0003e076   0x0003e076   0x00000002   PAD
    0x0003e078   0x0003e078   0x00000010   Data   RO          369    .constdata          _date.o
    0x0003e088   0x0003e088   0x0000000c   Data   RO          470    .constdata          _rtc.o
    0x0003e094   0x0003e094   0x00000024   Data   RO          531    .constdata          _spi.o
    0x0003e0b8   0x0003e0b8   0x00000014   Data   RO          579    .constdata          _uart.o
    0x0003e0cc   0x0003e0cc   0x00000034   Data   RO          628    .constdata          adchard.o
    0x0003e100   0x0003e100   0x00000114   Data   RO          679    .constdata          ds18b20.o
    0x0003e214   0x0003e214   0x0000069f   Data   RO          751    .constdata          huaiweigprs.o
    0x0003e8b3   0x0003e8b3   0x00000001   PAD
    0x0003e8b4   0x0003e8b4   0x000000d0   Data   RO          806    .constdata          gprshard.o
    0x0003e984   0x0003e984   0x00000078   Data   RO          887    .constdata          less.o
    0x0003e9fc   0x0003e9fc   0x00000024   Data   RO          972    .constdata          acc.o
    0x0003ea20   0x0003ea20   0x00000030   Data   RO         1044    .constdata          oil.o
    0x0003ea50   0x0003ea50   0x00000038   Data   RO         1120    .constdata          sensor.o
    0x0003ea88   0x0003ea88   0x00000070   Data   RO         1237    .constdata          gps.o
    0x0003eaf8   0x0003eaf8   0x000001b4   Data   RO         1316    .constdata          display.o
    0x0003ecac   0x0003ecac   0x0000002b   Data   RO         1442    .constdata          temperture.o
    0x0003ecd7   0x0003ecd7   0x00000001   PAD
    0x0003ecd8   0x0003ecd8   0x00000024   Data   RO         1532    .constdata          mileage.o
    0x0003ecfc   0x0003ecfc   0x00000028   Data   RO         1621    .constdata          gprstzxy.o
    0x0003ed24   0x0003ed24   0x00000030   Data   RO         1692    .constdata          uarttzxy.o
    0x0003ed54   0x0003ed54   0x00000028   Data   RO         1764    .constdata          arealrm.o
    0x0003ed7c   0x0003ed7c   0x00000024   Data   RO         1849    .constdata          help.o
    0x0003eda0   0x0003eda0   0x00000024   Data   RO         1920    .constdata          onoroff.o
    0x0003edc4   0x0003edc4   0x00000030   Data   RO         1991    .constdata          adc1.o
    0x0003edf4   0x0003edf4   0x00000024   Data   RO         2060    .constdata          smstzxy.o
    0x0003ee18   0x0003ee18   0x0000003c   Data   RO         2153    .constdata          _rwfile.o
    0x0003ee54   0x0003ee54   0x00000028   Data   RO         2222    .constdata          _downfile.o
    0x0003ee7c   0x0003ee7c   0x00000064   Data   RO         2269    .constdata          sensorcontr.o
    0x0003eee0   0x0003eee0   0x00000078   Data   RO         2345    .constdata          gprs.o
    0x0003ef58   0x0003ef58   0x00000024   Data   RO         2453    .constdata          timer.o
    0x0003ef7c   0x0003ef7c   0x00000014   Data   RO         2539    .constdata          photo.o
    0x0003ef90   0x0003ef90   0x00000010   Data   RO         2633    .constdata          gpsandmileage.o
    0x0003efa0   0x0003efa0   0x0000003c   Data   RO         2716    .constdata          ftp.o
    0x0003efdc   0x0003efdc   0x00000164   Data   RO         2814    .constdata          tz_agreen.o
    0x0003f140   0x0003f140   0x000000c4   Data   RO         2901    .constdata          tz_send.o
    0x0003f204   0x0003f204   0x00000234   Data   RO         2990    .constdata          tzv2.1.o
    0x0003f438   0x0003f438   0x00000020   Data   RO         3097    .constdata          _nandflash512.o
    0x0003f458   0x0003f458   0x00000020   Data   RO         3143    .constdata          _spiflash512.o
    0x0003f478   0x0003f478   0x000000ac   Data   RO         3196    .constdata          _flash.o
    0x0003f524   0x0003f524   0x00000010   Data   RO         3252    .constdata          _rwflashlgc.o
    0x0003f534   0x0003f534   0x000007dc   Data   RO         3278    .constdata          _filedata.o
    0x0003fd10   0x0003fd10   0x00000040   Data   RO         3391    .constdata          takedata.o
    0x0003fd50   0x0003fd50   0x00000178   Data   RO         3424    .constdata          appsendagreeon.o
    0x0003fec8   0x0003fec8   0x0000016a   Data   RO         3563    .constdata          appgprs.o
    0x00040032   0x00040032   0x00000002   PAD
    0x00040034   0x00040034   0x00000124   Data   RO         3723    .constdata          opensensor.o
    0x00040158   0x00040158   0x000002a4   Data   RO         3854    .constdata          accoper.o
    0x000403fc   0x000403fc   0x00000104   Data   RO         3999    .constdata          appagreedatasensor.o
    0x00040500   0x00040500   0x00000010   Data   RO         4174    .constdata          space.o
    0x00040510   0x00040510   0x000001d8   Data   RO         4200    .constdata          jugeoper.o
    0x000406e8   0x000406e8   0x0000005c   Data   RO         4217    .constdata          warningupate.o
    0x00040744   0x00040744   0x000000f0   Data   RO         4242    .constdata          displayoper.o
    0x00040834   0x00040834   0x00000028   Data   RO         4287    .constdata          messageandphone.o
    0x0004085c   0x0004085c   0x00000038   Data   RO         4306    .constdata          logonserver.o
    0x00040894   0x00040894   0x0000007c   Data   RO         4466    .constdata          openandclose.o
    0x00040910   0x00040910   0x00000030   Data   RO         5016    .constdata          m_ts.l(cos_i.o)
    0x00040940   0x00040940   0x000000c8   Data   RO         5034    .constdata          m_ts.l(rred.o)
    0x00040a08   0x00040a08   0x00000028   Data   RO         5038    .constdata          m_ts.l(sin_i.o)
    0x00040a30   0x00040a30   0x00000279   Data   RO          752    .conststring        huaiweigprs.o
    0x00040ca9   0x00040ca9   0x00000003   PAD
    0x00040cac   0x00040cac   0x00000003   Data   RO          807    .conststring        gprshard.o
    0x00040caf   0x00040caf   0x00000001   PAD
    0x00040cb0   0x00040cb0   0x0000003f   Data   RO         1238    .conststring        gps.o
    0x00040cef   0x00040cef   0x00000001   PAD
    0x00040cf0   0x00040cf0   0x00000041   Data   RO         2717    .conststring        ftp.o
    0x00040d31   0x00040d31   0x00000003   PAD
    0x00040d34   0x00040d34   0x00000037   Data   RO         3197    .conststring        _flash.o
    0x00040d6b   0x00040d6b   0x00000001   PAD
    0x00040d6c   0x00040d6c   0x000000cd   Data   RO         3279    .conststring        _filedata.o
    0x00040e39   0x00040e39   0x00000003   PAD
    0x00040e3c   0x00040e3c   0x00000020   Data   RO         5187    Region$$Table       anon$$obj.o


    Execution Region RW_IRAM1 (Exec base: 0x40000000, Load base: 0x00040e5c, Size: 0x000079a0, Max: 0x00008000, ABSOLUTE, COMPRESSED[0x000000f4])

    Exec Addr    Load Addr    Size         Type   Attr      Idx    E Section Name        Object

    0x40000000   COMPRESSED   0x00000004   Data   RW           81    .data               os_cpu_c.o
    0x40000004   COMPRESSED   0x00000044   Data   RW          127    .data               os_core.o
    0x40000048   COMPRESSED   0x00000004   Data   RW          302    .data               _ascnumber.o
    0x4000004c   COMPRESSED   0x0000002c   Data   RW          423    .data               _can.o
    0x40000078   COMPRESSED   0x00000004   Data   RW          471    .data               _rtc.o
    0x4000007c   COMPRESSED   0x00000005   Data   RW          532    .data               _spi.o
    0x40000081   COMPRESSED   0x00000003   PAD
    0x40000084   COMPRESSED   0x0000005c   Data   RW          580    .data               _uart.o
    0x400000e0   COMPRESSED   0x00000004   Data   RW          629    .data               adchard.o
    0x400000e4   COMPRESSED   0x0000000a   Data   RW          680    .data               ds18b20.o
    0x400000ee   COMPRESSED   0x00000002   PAD
    0x400000f0   COMPRESSED   0x0000000c   Data   RW          753    .data               huaiweigprs.o
    0x400000fc   COMPRESSED   0x0000000c   Data   RW          808    .data               gprshard.o
    0x40000108   COMPRESSED   0x0000000c   Data   RW          888    .data               less.o
    0x40000114   COMPRESSED   0x0000000c   Data   RW          973    .data               acc.o
    0x40000120   COMPRESSED   0x0000000d   Data   RW         1045    .data               oil.o
    0x4000012d   COMPRESSED   0x00000003   PAD
    0x40000130   COMPRESSED   0x00000040   Data   RW         1121    .data               sensor.o
    0x40000170   COMPRESSED   0x00000008   Data   RW         1239    .data               gps.o
    0x40000178   COMPRESSED   0x00000005   Data   RW         1317    .data               display.o
    0x4000017d   COMPRESSED   0x00000003   PAD
    0x40000180   COMPRESSED   0x00000016   Data   RW         1443    .data               temperture.o
    0x40000196   COMPRESSED   0x00000002   PAD
    0x40000198   COMPRESSED   0x0000000d   Data   RW         1533    .data               mileage.o
    0x400001a5   COMPRESSED   0x00000003   PAD
    0x400001a8   COMPRESSED   0x00000008   Data   RW         1622    .data               gprstzxy.o
    0x400001b0   COMPRESSED   0x00000008   Data   RW         1693    .data               uarttzxy.o
    0x400001b8   COMPRESSED   0x0000000b   Data   RW         1765    .data               arealrm.o
    0x400001c3   COMPRESSED   0x00000001   PAD
    0x400001c4   COMPRESSED   0x0000000c   Data   RW         1850    .data               help.o
    0x400001d0   COMPRESSED   0x00000005   Data   RW         1921    .data               onoroff.o
    0x400001d5   COMPRESSED   0x00000003   PAD
    0x400001d8   COMPRESSED   0x00000005   Data   RW         1992    .data               adc1.o
    0x400001dd   COMPRESSED   0x00000003   PAD
    0x400001e0   COMPRESSED   0x00000020   Data   RW         2061    .data               smstzxy.o
    0x40000200   COMPRESSED   0x0000000c   Data   RW         2154    .data               _rwfile.o
    0x4000020c   COMPRESSED   0x00000004   Data   RW         2223    .data               _downfile.o
    0x40000210   COMPRESSED   0x00000010   Data   RW         2270    .data               sensorcontr.o
    0x40000220   COMPRESSED   0x00000064   Data   RW         2346    .data               gprs.o
    0x40000284   COMPRESSED   0x0000000f   Data   RW         2454    .data               timer.o
    0x40000293   COMPRESSED   0x00000001   PAD
    0x40000294   COMPRESSED   0x0000000e   Data   RW         2540    .data               photo.o
    0x400002a2   COMPRESSED   0x00000002   PAD
    0x400002a4   COMPRESSED   0x00000008   Data   RW         2634    .data               gpsandmileage.o
    0x400002ac   COMPRESSED   0x00000024   Data   RW         2718    .data               ftp.o
    0x400002d0   COMPRESSED   0x00000004   Data   RW         2815    .data               tz_agreen.o
    0x400002d4   COMPRESSED   0x00000016   Data   RW         2991    .data               tzv2.1.o
    0x400002ea   COMPRESSED   0x00000002   PAD
    0x400002ec   COMPRESSED   0x00000004   Data   RW         3253    .data               _rwflashlgc.o
    0x400002f0   COMPRESSED   0x00000034   Data   RW         3425    .data               appsendagreeon.o
    0x40000324   COMPRESSED   0x00000028   Data   RW         3564    .data               appgprs.o
    0x4000034c   COMPRESSED   0x00000002   Data   RW         3855    .data               accoper.o
    0x4000034e   COMPRESSED   0x00000002   PAD
    0x40000350   COMPRESSED   0x0000000c   Data   RW         4000    .data               appagreedatasensor.o
    0x4000035c   COMPRESSED   0x00000020   Data   RW         4175    .data               space.o
    0x4000037c   COMPRESSED   0x00000004   Data   RW         4218    .data               warningupate.o
    0x40000380   COMPRESSED   0x00000001   Data   RW         4243    .data               displayoper.o
    0x40000381   COMPRESSED   0x00000001   Data   RW         4288    .data               messageandphone.o
    0x40000382   COMPRESSED   0x00000002   PAD
    0x40000384   COMPRESSED   0x00000011   Data   RW         4307    .data               logonserver.o
    0x40000395   COMPRESSED   0x00000003   PAD
    0x40000398   COMPRESSED   0x0000002e   Data   RW         4467    .data               openandclose.o
    0x400003c6   COMPRESSED   0x00000002   PAD
    0x400003c8   COMPRESSED   0x0000001c   Data   RW         4613    .data               updatesoftware.o
    0x400003e4        -       0x00001704   Zero   RW          125    .bss                os_core.o
    0x40001ae8        -       0x00000140   Zero   RW          422    .bss                _can.o
    0x40001c28        -       0x00000060   Zero   RW          627    .bss                adchard.o
    0x40001c88        -       0x00000120   Zero   RW          886    .bss                less.o
    0x40001da8        -       0x00000028   Zero   RW         1043    .bss                oil.o
    0x40001dd0        -       0x00000208   Zero   RW         1119    .bss                sensor.o
    0x40001fd8        -       0x00000064   Zero   RW         1236    .bss                gps.o
    0x4000203c        -       0x00000020   Zero   RW         1441    .bss                temperture.o
    0x4000205c        -       0x00000068   Zero   RW         1531    .bss                mileage.o
    0x400020c4        -       0x0000006c   Zero   RW         1763    .bss                arealrm.o
    0x40002130        -       0x000002e7   Zero   RW         2059    .bss                smstzxy.o
    0x40002417   COMPRESSED   0x00000001   PAD
    0x40002418        -       0x000005a0   Zero   RW         2152    .bss                _rwfile.o
    0x400029b8        -       0x0000023c   Zero   RW         2221    .bss                _downfile.o
    0x40002bf4        -       0x00000c7a   Zero   RW         2268    .bss                sensorcontr.o
    0x4000386e   COMPRESSED   0x00000002   PAD
    0x40003870        -       0x000000b8   Zero   RW         2344    .bss                gprs.o
    0x40003928        -       0x00000078   Zero   RW         2452    .bss                timer.o
    0x400039a0        -       0x00000490   Zero   RW         2538    .bss                photo.o
    0x40003e30        -       0x00000070   Zero   RW         2632    .bss                gpsandmileage.o
    0x40003ea0        -       0x000007d4   Zero   RW         2715    .bss                ftp.o
    0x40004674        -       0x00000864   Zero   RW         2989    .bss                tzv2.1.o
    0x40004ed8        -       0x00000018   Zero   RW         3251    .bss                _rwflashlgc.o
    0x40004ef0        -       0x00000144   Zero   RW         3277    .bss                _filedata.o
    0x40005034        -       0x0000120c   Zero   RW         3423    .bss                appsendagreeon.o
    0x40006240        -       0x00000154   Zero   RW         3562    .bss                appgprs.o
    0x40006394        -       0x00000090   Zero   RW         3853    .bss                accoper.o
    0x40006424        -       0x00000614   Zero   RW         4305    .bss                logonserver.o
    0x40006a38        -       0x00000014   Zero   RW         4465    .bss                openandclose.o
    0x40006a4c        -       0x00000564   Zero   RW         4612    .bss                updatesoftware.o
    0x40006fb0        -       0x00000400   Zero   RW         4667    .bss                _init.o
    0x400073b0        -       0x000000e4   Zero   RW         4855    .bss                c_t.l(rand.o)
    0x40007494        -       0x00000060   Zero   RW         5088    .bss                c_t.l(libspace.o)
    0x400074f4   COMPRESSED   0x00000004   PAD
    0x400074f8        -       0x00000001   Zero   RW           73    HEAP                startup.o
    0x400074f9   COMPRESSED   0x00000007   PAD
    0x40007500        -       0x00000420   Zero   RW           72    STACK               startup.o
    0x40007920        -       0x00000080   Zero   RW          121    SWIStacks           os_cpu_a.o


==============================================================================

Image component sizes


      Code (inc. data)   RO Data    RW Data    ZI Data      Debug   Object Name

      1240         16        300          0          0       5903   _arithmetic.o
      7772         36        242          4          0      24709   _ascnumber.o
      2224         60          0         44        320      14291   _can.o
      2784          4         16          0          0       7865   _date.o
      2892         28         40          4        572       9795   _downfile.o
       844          8       2217          0        324      41281   _filedata.o
      1732          4        227          0          0       7567   _flash.o
      1284        104          0          0       1024      38234   _init.o
      3532         12         32          0          0       9866   _nandflash512.o
       804         24         12          4          0      11824   _rtc.o
      9948         52         60         12       1440      31526   _rwfile.o
      2364         28         16          4         24       5444   _rwflashlgc.o
      1400         32         36          5          0      13088   _spi.o
      2088         16         32          0          0       9217   _spiflash512.o
      7916        220         20         92          0      24527   _uart.o
       880         32         36         12          0      19003   acc.o
      2996         72        676          2        144      33007   accoper.o
       548         16         48          5          0      19860   adc1.o
      2132         52         52          4         96      13607   adchard.o
      2020         96        260         12          0      30307   appagreedatasensor.o
     13996        244        362         40        340      68457   appgprs.o
     17220        184        376         52       4620      60142   appsendagreeon.o
      2428         56         40         11        108      21342   arealrm.o
      4900         64        436          5          0      45150   display.o
      3740         68        240          1          0      12601   displayoper.o
      2100         24        276         10          0      14991   ds18b20.o
      5456        168        125         36       2004      31445   ftp.o
     12140        192        120        100        184      42587   gprs.o
      2508         60        211         12          0      17580   gprshard.o
       628         16         40          8          0      18884   gprstzxy.o
      4028         84        175          8        100      29775   gps.o
      1216         52         16          8        112      20828   gpsandmileage.o
       848         28         36         12          0      19060   help.o
     11684        128       2328         12          0      38811   huaiweigprs.o
      1264         24          0          0          0        244   irq.o
       900         32        472          0          0       2953   jugeoper.o
      4044         72        120         12        288      28239   less.o
      3736        108         56         17       1556      52734   logonserver.o
      4072        204         40          1          0       6592   messageandphone.o
      2708         68         36         13        104      20815   mileage.o
      1200         44         48         13         40      20581   oil.o
       800         20         36          5          0      18983   onoroff.o
      1432        100        124         46         20      24467   openandclose.o
      1172         72        292          0          0      27226   opensensor.o
      2968        128        264         68       5892      13374   os_core.o
       272         36          0          0        128        272   os_cpu_a.o
       664          8          0          4          0      10226   os_cpu_c.o
      2896         24          0          0          0      11181   os_flag.o
      1356         12          0          0          0       3474   os_mbox.o
       732          8          0          0          0       2398   os_mem.o
      2244         20          0          0          0       4812   os_q.o
      1124         16          0          0          0       2842   os_sem.o
      2460         44          0          0          0       5227   os_task.o
       652         24          0          0          0       1778   os_time.o
      1848         64         20         14       1168      16069   photo.o
      1976         20         56         64        520      21633   sensor.o
       928         52        100         16       3194      29761   sensorcontr.o
      1856         52         36         32        743      21018   smstzxy.o
      2204         84         16         32          0       5343   space.o
       220         52          0          0       1057        440   startup.o
      4848         52         64          0          0      12081   takedata.o
      1248         72          0          0          0       5138   target.o
      1524         44         43         22         32      20516   temperture.o
      2032         44         36         15        120      14658   timer.o
     14776        216        356          4          0      32650   tz_agreen.o
     27008        172        196          0          0      42064   tz_send.o
      3232         76        564         22       2148      24279   tzv2.1.o
      1092         32         48          8          0      21837   uarttzxy.o
      1060         80          0         28       1380      13660   updatesoftware.o
      1064         52         92          4          0      14062   warningupate.o

    ----------------------------------------------------------------------
    243904       4508      12268        996      29812    1366201   Object Totals
         0          0         32          0          0          0   (incl. Generated)
         0          0         18         37         10          0   (incl. Padding)

    ----------------------------------------------------------------------

      Code (inc. data)   RO Data    RW Data    ZI Data      Debug   Library Member Name

        92          0          0          0          0          0   __dczerorl2.o
         8          0          0          0          0         68   __main.o
         0          0          0          0          0          0   __rtentry.o
        44          4          0          0          0          0   __rtentry2.o
         8          0          0          0          0          0   __rtentry4.o
        60          8          0          0          0          0   __scatter.o
        44          0          0          0          0          0   __scatter_zi.o
        34          0          0          0          0        104   _rserrno.o
        16          0          0          0          0         68   aeabi_memset.o
       420          0          0          0          0        148   aeabi_sdiv.o
        20          0          0          0          0         80   exit.o
         6          0          0          0          0        136   heapauxi.o
         0          0          0          0          0          0   indicate_semi.o
        10          0          0          0          0          0   libinit.o
        16          0          0          0          0          0   libinit2.o
        12          0          0          0          0          0   libshutdown.o
         6          0          0          0          0          0   libshutdown2.o
        12          4          0          0         96         68   libspace.o
        32          0          0          0          0         60   memchr.o
        72         14          0          0        228         88   rand.o
        16          4          0          0          0         68   rt_errno_addr_intlibspace.o
        64          0          0          0          0         68   rt_memclr.o
        84          0          0          0          0         80   rt_memclr_w.o
       100          0          0          0          0         80   rt_memcpy_w.o
         8          0          0          0          0          0   rtexit.o
        12          0          0          0          0          0   rtexit2.o
        76          4          0          0          0         76   strlen.o
        20          4          0          0          0         60   sys_exit.o
        96          0          0          0          0         80   sys_stackheap_outer.o
         4          0          0          0          0         68   use_no_semi.o
       108          4          0          0          0         92   d2f.o
       944         16          0          0          0        368   daddsub_noclz.o
        16          4          0          0          0         68   dcheck1.o
       736        140          0          0          0        228   ddiv.o
       112          4          0          0          0         92   dfix.o
       100          0          0          0          0        136   dflt_noclz.o
       384         16          0          0          0        124   dmul.o
       192          0          0          0          0        108   dnaninf.o
        16          0          0          0          0         68   dretinf.o
       520         56          0          0          0        144   dsqrt_noumaal.o
       100          4          0          0          0         84   f2d.o
       500          8          0          0          0        168   faddsub_noclz.o
        28          0          0          0          0         68   fcmpi.o
        84          4          0          0          0         84   ffixu.o
       100          0          0          0          0        136   fflt_noclz.o
       132          4          0          0          0         84   fleqf.o
       256          4          0          0          0         84   fmul.o
       168          0          0          0          0         96   fnaninf.o
        16          0          0          0          0         68   fretinf.o
       124          0          0          0          0         68   frleqf.o
       116          0          0          0          0         68   retnan.o
       104          0          0          0          0         68   scalbn.o
        60          0          0          0          0         68   trapv.o
         0          0          0          0          0          0   usenofp.o
       240          4          0          0          0        124   cos.o
       412          8         48          0          0        152   cos_i.o
        48          0          0          0          0        204   dunder.o
        48          0          0          0          0         68   fpclassify.o
       256          0          0          0          0        116   poly.o
      1300         64        200          0          0        120   rred.o
       248          4          0          0          0        128   sin.o
       380         12         40          0          0        156   sin_i.o
       112          0          0          0          0        100   sqrt.o

    ----------------------------------------------------------------------
      9360        398        288          0        328       5140   Library Totals
         8          0          0          0          4          0   (incl. Padding)

    ----------------------------------------------------------------------

      Code (inc. data)   RO Data    RW Data    ZI Data      Debug   Library Name

      1392         42          0          0        324       1400   c_t.l
      4916        264          0          0          0       2572   fz_ts.l
      3044         92        288          0          0       1168   m_ts.l

    ----------------------------------------------------------------------
      9360        398        288          0        328       5140   Library Totals

    ----------------------------------------------------------------------

==============================================================================


      Code (inc. data)   RO Data    RW Data    ZI Data      Debug   

    253264       4906      12556        996      30140    1365041   Grand Totals
    253264       4906      12556        244      30140    1365041   ELF Image Totals (compressed)
    253264       4906      12556        244          0          0   ROM Totals

==============================================================================

    Total RO  Size (Code + RO Data)               265820 ( 259.59kB)
    Total RW  Size (RW Data + ZI Data)             31136 (  30.41kB)
    Total ROM Size (Code + RO Data + RW Data)     266064 ( 259.83kB)

==============================================================================

