ARM Linker, RVCT3.1 [Build 942] for uVision [Standard]

================================================================================

Section Cross References

    target.o(.text) refers to os_core.o(.text) for OSTimeTick
    target.o(.text) refers to rand.o(.text) for srand
    target.o(.text) refers to irq.o(IRQ) for EINT2_Handler
    irq.o(IRQ) refers to target.o(.text) for IRQ_Exception
    irq.o(IRQ) refers to os_core.o(.text) for OSIntExit
    irq.o(IRQ) refers to _uart.o(.text) for UART0_Exception
    irq.o(IRQ) refers to _can.o(.text) for CAN_Exception
    irq.o(IRQ) refers to os_core.o(.data) for OSIntNesting
    irq.o(IRQ) refers to startup.o(STACK) for StackUsr
    irq.o(IRQ) refers to os_cpu_c.o(.data) for OsEnterSum
    irq.o(IRQ) refers to os_cpu_a.o(subr) for OSIntCtxSw
    startup.o(STACK) refers (Special) to stkheap2.o(.text) for __use_two_region_memory
    startup.o(HEAP) refers (Special) to stkheap2.o(.text) for __use_two_region_memory
    startup.o(RESET) refers to os_cpu_a.o(subr) for SoftwareInterrupt
    startup.o(RESET) refers to target.o(.text) for FIQ_Exception
    startup.o(RESET) refers to startup.o(STACK) for Stack_Top
    startup.o(RESET) refers to __main.o(!!!main) for __main
    startup.o(RESET) refers (Special) to stkheap2.o(.text) for __use_two_region_memory
    startup.o(.text) refers to startup.o(HEAP) for Heap_Mem
    startup.o(.text) refers to startup.o(STACK) for Stack_Mem
    startup.o(.text) refers (Special) to stkheap2.o(.text) for __use_two_region_memory
    os_cpu_c.o(.text) refers to target.o(.text) for WatchDog
    os_cpu_c.o(.text) refers to os_cpu_c.o(.data) for OsEnterSum
    os_cpu_c.o(.text) refers to os_core.o(.bss) for OSTCBPrioTbl
    os_cpu_a.o(subr) refers to os_cpu_c.o(.text) for SWI_Exception
    os_cpu_a.o(subr) refers to os_cpu_a.o(SWIStacks) for SvcStackSpace
    os_cpu_a.o(subr) refers to os_cpu_c.o(.data) for OsEnterSum
    os_cpu_a.o(subr) refers to os_core.o(.data) for OSTCBCur
    os_core.o(.text) refers to os_time.o(.text) for OSTimeDly
    os_core.o(.text) refers to aeabi_sdiv.o(.text_udiv) for __aeabi_uidivmod
    os_core.o(.text) refers to os_cpu_c.o(.text) for OSTaskStatHook
    os_core.o(.text) refers to os_task.o(.text) for OSTaskCreateExt
    os_core.o(.text) refers to os_flag.o(.text) for OS_FlagInit
    os_core.o(.text) refers to os_mem.o(.text) for OS_MemInit
    os_core.o(.text) refers to os_q.o(.text) for OS_QInit
    os_core.o(.text) refers to os_core.o(.data) for OSStatRdy
    os_core.o(.text) refers to os_core.o(.bss) for OSTaskStatStk
    os_core.o(.text) refers to os_core.o(.constdata) for OSUnMapTbl
    os_flag.o(.text) refers to os_core.o(.text) for OS_Sched
    os_flag.o(.text) refers to os_core.o(.data) for OSIntNesting
    os_flag.o(.text) refers to os_core.o(.bss) for OSFlagTbl
    os_mbox.o(.text) refers to os_core.o(.text) for OS_EventWaitListInit
    os_mbox.o(.text) refers to os_core.o(.data) for OSIntNesting
    os_mem.o(.text) refers to os_core.o(.data) for OSMemFreeList
    os_mem.o(.text) refers to os_core.o(.bss) for OSMemTbl
    os_mutex.o(.text) refers to os_core.o(.text) for OS_EventWaitListInit
    os_mutex.o(.text) refers to os_core.o(.data) for OSIntNesting
    os_mutex.o(.text) refers to os_core.o(.bss) for OSTCBPrioTbl
    os_mutex.o(.text) refers to os_core.o(.constdata) for OSMapTbl
    os_q.o(.text) refers to os_core.o(.text) for OS_EventWaitListInit
    os_q.o(.text) refers to os_core.o(.data) for OSIntNesting
    os_q.o(.text) refers to os_core.o(.bss) for OSQTbl
    os_sem.o(.text) refers to os_core.o(.text) for OS_EventWaitListInit
    os_sem.o(.text) refers to os_core.o(.data) for OSIntNesting
    os_task.o(.text) refers to os_core.o(.text) for OS_Sched
    os_task.o(.text) refers to os_cpu_c.o(.text) for OSTaskStkInit
    os_task.o(.text) refers to rt_memclr_w.o(.text) for __aeabi_memclr4
    os_task.o(.text) refers to os_flag.o(.text) for OS_FlagUnlink
    os_task.o(.text) refers to rt_memcpy_w.o(.text) for __aeabi_memcpy4
    os_task.o(.text) refers to os_core.o(.bss) for OSTCBPrioTbl
    os_task.o(.text) refers to os_core.o(.constdata) for OSMapTbl
    os_task.o(.text) refers to os_core.o(.data) for OSTCBCur
    os_time.o(.text) refers to os_core.o(.text) for OS_Sched
    os_time.o(.text) refers to aeabi_sdiv.o(.text_udiv) for __aeabi_uidivmod
    os_time.o(.text) refers to os_core.o(.data) for OSTCBCur
    os_time.o(.text) refers to os_core.o(.bss) for OSTCBPrioTbl
    _arithmetic.o(.text) refers to _arithmetic.o(.constdata) for .constdata
    _arithmetic.o(.constdata) refers to _arithmetic.o(.text) for nand_calculate_ecc
    _ascnumber.o(.text) refers to aeabi_sdiv.o(.text) for __aeabi_idivmod
    _ascnumber.o(.text) refers to aeabi_sdiv.o(.text_udiv) for __aeabi_uidivmod
    _ascnumber.o(.text) refers to memchr.o(.text) for memchr
    _ascnumber.o(.text) refers to _ascnumber.o(.constdata) for FixPointValue
    _ascnumber.o(.text) refers to _ascnumber.o(.data) for CN_st_File_GBK
[...]
    _get_lc_monetary                          - Undefined Weak Reference
    _get_lc_numeric                           - Undefined Weak Reference
    _get_lc_time                              - Undefined Weak Reference
    _getenv_init                              - Undefined Weak Reference
    _handle_redirection                       - Undefined Weak Reference
    _init_alloc                               - Undefined Weak Reference
    _init_user_alloc                          - Undefined Weak Reference
    _initio                                   - Undefined Weak Reference
    _signal_init                              - Undefined Weak Reference
    _terminate_user_alloc                     - Undefined Weak Reference
    _terminateio                              - Undefined Weak Reference
    Reset_Handler                            0x00000058   ARM Code       0  startup.o(RESET)
    __main                                   0x000000b8   ARM Code       8  __main.o(!!!main)
    __scatterload                            0x000000c0   ARM Code       0  __scatter.o(!!!scatter)
    __scatterload_rt2                        0x000000c0   ARM Code      52  __scatter.o(!!!scatter)
    __scatterload_null                       0x000000d4   ARM Code       0  __scatter.o(!!!scatter)
    __decompress                             0x000000fc   ARM Code      92  __dczerorl2.o(!!dczerorl2)
    __decompress1                            0x000000fc   ARM Code       0  __dczerorl2.o(!!dczerorl2)
    __scatterload_zeroinit                   0x00000158   ARM Code      44  __scatter_zi.o(!!handler_zi)
    Inline Thumb to ARM Veneer to __ARM_argv_veneer 0x00000185   Thumb Code     4  lib_init.o(.emb_text)
    __ARM_argv_veneer                        0x00000188   ARM Code      16  lib_init.o(.emb_text)
    ConfigurePLL                             0x00000198   ARM Code     304  target.o(.text)
    GPIOResetInit                            0x000002c8   ARM Code     120  target.o(.text)
    init_VIC                                 0x00000340   ARM Code      88  target.o(.text)
    TargetResetInit                          0x00000398   ARM Code      92  target.o(.text)
    Install_IRQ                              0x000003f4   ARM Code      92  target.o(.text)
    init_port                                0x00000450   ARM Code      72  target.o(.text)
    IRQ_Exception                            0x00000498   ARM Code       8  target.o(.text)
    FIQ_Exception                            0x000004a0   ARM Code       8  target.o(.text)
    Timer0_Exception                         0x000004a8   ARM Code      36  target.o(.text)
    Timer0Init                               0x000004cc   ARM Code      48  target.o(.text)
    VIC_Setup                                0x000004fc   ARM Code     156  target.o(.text)
    TargetInit                               0x000005b0   ARM Code      44  target.o(.text)
    WatchDog                                 0x000005dc   ARM Code      72  target.o(.text)
    __user_initial_stackheap                 0x0000066c   ARM Code       0  startup.o(.text)
    OSTaskStkInit                            0x00000690   ARM Code     232  os_cpu_c.o(.text)
    SWI_Exception                            0x00000778   ARM Code     336  os_cpu_c.o(.text)
    OSStartHighRdy                           0x000008c8   ARM Code      16  os_cpu_c.o(.text)
    OSInitHookBegin                          0x000008d8   ARM Code       4  os_cpu_c.o(.text)
    OSInitHookEnd                            0x000008dc   ARM Code       4  os_cpu_c.o(.text)
    OSTaskCreateHook                         0x000008e0   ARM Code       8  os_cpu_c.o(.text)
    OSTaskDelHook                            0x000008e8   ARM Code       8  os_cpu_c.o(.text)
    OSTaskSwHook                             0x000008f0   ARM Code       4  os_cpu_c.o(.text)
    OSTaskStatHook                           0x000008f4   ARM Code       4  os_cpu_c.o(.text)
    OSTCBInitHook                            0x000008f8   ARM Code       8  os_cpu_c.o(.text)
    OSTimeTickHook                           0x00000900   ARM Code       4  os_cpu_c.o(.text)
    OSTaskIdleHook                           0x00000904   ARM Code      16  os_cpu_c.o(.text)
    OS_TaskStat                              0x0000091c   ARM Code     220  os_core.o(.text)
    OS_TaskIdle                              0x00000a3c   ARM Code      48  os_core.o(.text)
    OSInit                                   0x00000c24   ARM Code      56  os_core.o(.text)
    OSIntEnter                               0x00000c5c   ARM Code      56  os_core.o(.text)
    OSIntExit                                0x00000c94   ARM Code     240  os_core.o(.text)
    OSSchedLock                              0x00000d84   ARM Code      72  os_core.o(.text)
    OS_Sched                                 0x00000dcc   ARM Code     168  os_core.o(.text)
    OSSchedUnlock                            0x00000e74   ARM Code     124  os_core.o(.text)
    OSStart                                  0x00000ef0   ARM Code     132  os_core.o(.text)
    OSStatInit                               0x00000f74   ARM Code      84  os_core.o(.text)
    OSTimeTick                               0x00000fc8   ARM Code     212  os_core.o(.text)
    OSVersion                                0x0000109c   ARM Code       8  os_core.o(.text)
    OS_Dummy                                 0x000010a4   ARM Code       4  os_core.o(.text)
    OS_EventTaskRdy                          0x000010a8   ARM Code     188  os_core.o(.text)
    OS_EventTaskWait                         0x00001164   ARM Code     188  os_core.o(.text)
    OS_EventTO                               0x00001220   ARM Code     116  os_core.o(.text)
    OS_EventWaitListInit                     0x00001294   ARM Code      28  os_core.o(.text)
    OS_TCBInit                               0x000012b0   ARM Code     336  os_core.o(.text)
    OSFlagAccept                             0x00001480   ARM Code     440  os_flag.o(.text)
    OSFlagCreate                             0x00001638   ARM Code     144  os_flag.o(.text)
    OS_FlagUnlink                            0x000016c8   ARM Code      84  os_flag.o(.text)
    OSFlagDel                                0x000017a8   ARM Code     344  os_flag.o(.text)
    OSFlagPend                               0x000019dc   ARM Code     816  os_flag.o(.text)
    OSFlagPost                               0x00001d0c   ARM Code     496  os_flag.o(.text)
    OSFlagQuery                              0x00001efc   ARM Code      96  os_flag.o(.text)
    OS_FlagInit                              0x00001f5c   ARM Code      76  os_flag.o(.text)
    OSMboxAccept                             0x00001fc0   ARM Code      76  os_mbox.o(.text)
    OSMboxCreate                             0x0000200c   ARM Code     128  os_mbox.o(.text)
    OSMboxDel                                0x0000208c   ARM Code     344  os_mbox.o(.text)
    OSMboxPend                               0x000021e4   ARM Code     316  os_mbox.o(.text)
    OSMboxPost                               0x00002320   ARM Code     156  os_mbox.o(.text)
    OSMboxPostOpt                            0x000023bc   ARM Code     204  os_mbox.o(.text)
    OSMboxQuery                              0x00002488   ARM Code     116  os_mbox.o(.text)
    OSMemCreate                              0x00002508   ARM Code     252  os_mem.o(.text)
    OSMemGet                                 0x00002604   ARM Code     120  os_mem.o(.text)
    OSMemPut                                 0x0000267c   ARM Code     116  os_mem.o(.text)
    OSMemQuery                               0x000026f0   ARM Code     120  os_mem.o(.text)
    OS_MemInit                               0x00002768   ARM Code     112  os_mem.o(.text)
    OSQAccept                                0x000027e0   ARM Code     140  os_q.o(.text)
    OSQCreate                                0x0000286c   ARM Code     240  os_q.o(.text)
    OSQDel                                   0x0000295c   ARM Code     392  os_q.o(.text)
    OSQFlush                                 0x00002ae4   ARM Code      92  os_q.o(.text)
    OSQPend                                  0x00002b40   ARM Code     364  os_q.o(.text)
    OSQPost                                  0x00002cac   ARM Code     216  os_q.o(.text)
    OSQPostFront                             0x00002d84   ARM Code     220  os_q.o(.text)
    OSQPostOpt                               0x00002e60   ARM Code     320  os_q.o(.text)
    OSQQuery                                 0x00002fa0   ARM Code     164  os_q.o(.text)
    OS_QInit                                 0x00003044   ARM Code      68  os_q.o(.text)
    OSSemAccept                              0x0000309c   ARM Code      88  os_sem.o(.text)
    OSSemCreate                              0x000030f4   ARM Code     128  os_sem.o(.text)
    OSSemDel                                 0x00003174   ARM Code     344  os_sem.o(.text)
    OSSemPend                                0x000032cc   ARM Code     272  os_sem.o(.text)
    OSSemPost                                0x000033dc   ARM Code     152  os_sem.o(.text)
    OSSemQuery                               0x00003474   ARM Code     116  os_sem.o(.text)
    OSTaskChangePrio                         0x000034f8   ARM Code     460  os_task.o(.text)
    OSTaskCreate                             0x000036c4   ARM Code     236  os_task.o(.text)
    OSTaskCreateExt                          0x000037b0   ARM Code     288  os_task.o(.text)
    OSTaskDel                                0x000038d0   ARM Code     508  os_task.o(.text)
    OSTaskDelReq                             0x00003acc   ARM Code     140  os_task.o(.text)
    OSTaskResume                             0x00003b58   ARM Code     192  os_task.o(.text)
    OSTaskStkChk                             0x00003c18   ARM Code     192  os_task.o(.text)
    OSTaskSuspend                            0x00003cd8   ARM Code     240  os_task.o(.text)
    OSTaskQuery                              0x00003dc8   ARM Code     120  os_task.o(.text)
    OSTimeDly                                0x00003e6c   ARM Code     140  os_time.o(.text)
    OSTimeDlyHMSM                            0x00003ef8   ARM Code     232  os_time.o(.text)
    OSTimeDlyResume                          0x00003fe0   ARM Code     184  os_time.o(.text)
    OSTimeGet                                0x00004098   ARM Code      32  os_time.o(.text)
    OSTimeSet                                0x000040b8   ARM Code      32  os_time.o(.text)
    CAN_Exception                            0x000074b0   ARM Code     404  _can.o(.text)
    Eint_Exception                           0x000096a4   ARM Code     148  _uart.o(.text)
    Timer1_Exception                         0x00009738   ARM Code     308  _uart.o(.text)
    Timer2_Exception                         0x0000986c   ARM Code     256  _uart.o(.text)
    UART0_Exception                          0x0000996c   ARM Code     244  _uart.o(.text)
    UART1_Exception                          0x00009a60   ARM Code     244  _uart.o(.text)
    UART2_Exception                          0x00009b54   ARM Code     280  _uart.o(.text)
    UART3_Exception                          0x00009c6c   ARM Code     244  _uart.o(.text)
    FileData_BackSet                         0x0002ba84   ARM Code     120  _filedata.o(.text)
    FileData_CheckFile                       0x0002bafc   ARM Code     508  _filedata.o(.text)
    Build_INT_Vector_Table                   0x00039a10   ARM Code     112  _init.o(.text)
    main                                     0x00039e7c   ARM Code      48  _init.o(.text)
    Inline ARM to Thumb Veneer to srand      0x00039f10   ARM Code       8  rand.o(.text)
    srand                                    0x00039f19   Thumb Code    42  rand.o(.text)
    _rand_init                               0x00039f43   Thumb Code     4  rand.o(.text)
    rand                                     0x00039f47   Thumb Code    56  rand.o(.text)
    __aeabi_memset                           0x00039f90   ARM Code      16  aeabi_memset.o(.text)
    __aeabi_memcpy4                          0x00039fa0   ARM Code       0  rt_memcpy_w.o(.text)
    __aeabi_memcpy8                          0x00039fa0   ARM Code       0  rt_memcpy_w.o(.text)
    __rt_memcpy_w                            0x00039fa0   ARM Code     100  rt_memcpy_w.o(.text)
    _memcpy_lastbytes_aligned                0x00039fec   ARM Code       0  rt_memcpy_w.o(.text)
    __aeabi_memclr4                          0x0003a004   ARM Code       0  rt_memclr_w.o(.text)
    __aeabi_memclr8                          0x0003a004   ARM Code       0  rt_memclr_w.o(.text)
    __rt_memclr_w                            0x0003a004   ARM Code      84  rt_memclr_w.o(.text)
    _memset_w                                0x0003a008   ARM Code       0  rt_memclr_w.o(.text)
    Inline ARM to Thumb Veneer to strlen     0x0003a058   ARM Code       8  strlen.o(.text)
    strlen                                   0x0003a061   Thumb Code    68  strlen.o(.text)
    Inline ARM to Thumb Veneer to memchr     0x0003a0a8   ARM Code       8  memchr.o(.text)
    memchr                                   0x0003a0b1   Thumb Code    34  memchr.o(.text)
    __aeabi_idiv                             0x0003a0d4   ARM Code       0  aeabi_sdiv.o(.text)
    __aeabi_idivmod                          0x0003a0d4   ARM Code     384  aeabi_sdiv.o(.text)
    __use_two_region_memory                  0x0003a254   ARM Code       4  stkheap2.o(.text)
    __rt_stackheap_init                      0x0003a258   ARM Code      36  stkheap2.o(.text)
    __rt_heap_extend                         0x0003a27c   ARM Code      24  stkheap2.o(.text)
    __rt_entry                               0x0003a294   ARM Code      76  kernel.o(.text)
    __rt_exit                                0x0003a2e0   ARM Code      20  kernel.o(.text)
    __rt_abort                               0x0003a2f4   ARM Code       8  kernel.o(.text)
    __user_setup_stackheap                   0x0003a2fc   ARM Code      96  sys_stackheap_outer.o(.text)
    __rt_stackheap_storage                   0x0003a35c   ARM Code      12  rt_stackheap_storage_intlibspace.o(.text)
    Inline ARM to Thumb Veneer to __set_errno 0x0003a36c   ARM Code       8  _rserrno.o(.text)
    __read_errno                             0x0003a375   Thumb Code    14  _rserrno.o(.text)
    __set_errno                              0x0003a383   Thumb Code    12  _rserrno.o(.text)
    __aeabi_memclr                           0x0003a390   ARM Code       0  rt_memclr.o(.text)
    __rt_memclr                              0x0003a390   ARM Code      64  rt_memclr.o(.text)
    _memset                                  0x0003a394   ARM Code       0  rt_memclr.o(.text)
    _sys_exit                                0x0003a3d0   ARM Code      20  sys_exit.o(.text)
    __user_libspace                          0x0003a3e8   ARM Code       8  libspace.o(.text)
    __user_perproc_libspace                  0x0003a3e8   ARM Code       0  libspace.o(.text)
    __user_perthread_libspace                0x0003a3e8   ARM Code       0  libspace.o(.text)
    Inline Thumb to ARM Veneer to __aeabi_errno_addr 0x0003a3f5   Thumb Code     4  rt_errno_addr_intlibspace.o(.text)
    __aeabi_errno_addr                       0x0003a3f8   ARM Code      12  rt_errno_addr_intlibspace.o(.text)
    __rt_errno_addr_intlibspace              0x0003a3f8   ARM Code       0  rt_errno_addr_intlibspace.o(.text)
    exit                                     0x0003a409   Thumb Code    12  exit.o(.text)
    Inline ARM to Thumb Veneer to __rt_lib_init 0x0003a414   ARM Code       8  lib_init.o(.text)
    __rt_lib_init                            0x0003a41d   Thumb Code   184  lib_init.o(.text)
    __rt_lib_shutdown                        0x0003a4d5   Thumb Code    22  lib_init.o(.text)
    _platform_post_stackheap_init            0x0003a4ec   ARM Code      12  boardinit2.o(.text)
    _platform_post_lib_init                  0x0003a4f8   ARM Code      16  boardinit3.o(.text)
    __I_use_semihosting                      0x0003a508   ARM Code       0  use_no_semi.o(.text)
    __use_no_semihosting_swi                 0x0003a508   ARM Code       4  use_no_semi.o(.text)
    Inline Thumb to ARM Veneer to __rt_locale 0x0003a50d   Thumb Code     4  rt_locale_intlibspace.o(.text)
    __rt_locale                              0x0003a510   ARM Code      12  rt_locale_intlibspace.o(.text)
    __ARM_get_argv                           0x0003a521   Thumb Code     6  no_argv.o(.text)
    __rt_fp_status_addr                      0x0003a528   ARM Code      12  rt_fp_status_addr_intlibspace.o(.text)
    __aeabi_uidiv                            0x0003a538   ARM Code       0  aeabi_sdiv.o(.text_udiv)
    __aeabi_uidivmod                         0x0003a538   ARM Code      28  aeabi_sdiv.o(.text_udiv)
    IRQ_Handler                              0x0003a554   ARM Code       0  irq.o(IRQ)
    Timer0_Handler                           0x0003a5d0   ARM Code       0  irq.o(IRQ)
    Uart0_Handler                            0x0003a64c   ARM Code       0  irq.o(IRQ)
    Uart1_Handler                            0x0003a6c8   ARM Code       0  irq.o(IRQ)
    Uart2_Handler                            0x0003a744   ARM Code       0  irq.o(IRQ)
    Uart3_Handler                            0x0003a7c0   ARM Code       0  irq.o(IRQ)
    CAN_Handler                              0x0003a83c   ARM Code       0  irq.o(IRQ)
    Timer1_Handler                           0x0003a8b8   ARM Code       0  irq.o(IRQ)
    Timer2_Handler                           0x0003a934   ARM Code       0  irq.o(IRQ)
    EINT2_Handler                            0x0003a9b0   ARM Code       0  irq.o(IRQ)
    Long ARM to Thumb Veneer to __rt_lib_shutdown 0x0003aa44   ARM Code      12  anon$$obj.o(Veneer$$Code)
    Short Thumb to ARM Veneer to __rt_exit   0x0003aa51   Thumb Code     8  anon$$obj.o(Veneer$$Code)
    __ieee754_rem_pio2                       0x0003aa58   ARM Code    1172  rred.o(i.__ieee754_rem_pio2)
    __kernel_cos                             0x0003af04   ARM Code     372  cos_i.o(i.__kernel_cos)
    __kernel_poly                            0x0003b094   ARM Code     248  poly.o(i.__kernel_poly)
    __kernel_sin                             0x0003b18c   ARM Code     364  sin_i.o(i.__kernel_sin)
    cos                                      0x0003b304   ARM Code     212  cos.o(i.cos)
    sin                                      0x0003b3f0   ARM Code     228  sin.o(i.sin)
    sqrt                                     0x0003b4ec   ARM Code     100  sqrt.o(i.sqrt)
    SoftwareInterrupt                        0x0003b564   ARM Code       0  os_cpu_a.o(subr)
    OSIntCtxSw                               0x0003b5a0   ARM Code       0  os_cpu_a.o(subr)
    __OSStartHighRdy                         0x0003b634   ARM Code       0  os_cpu_a.o(subr)
    __aeabi_d2f                              0x0003b674   ARM Code       0  d2f.o(x$fpl$d2f)
    _d2f                                     0x0003b674   ARM Code     168  d2f.o(x$fpl$d2f)
    __fpl_inf_d2f                            0x0003b714   ARM Code       0  d2f.o(x$fpl$d2f)
    __aeabi_dadd                             0x0003b720   ARM Code       0  daddsub_noclz.o(x$fpl$dadd)
    _dadd                                    0x0003b720   ARM Code     452  daddsub_noclz.o(x$fpl$dadd)
    __fpl_inf_dadd                           0x0003b89c   ARM Code       0  daddsub_noclz.o(x$fpl$dadd)
    __fpl_dcheck_NaN2                        0x0003b8f4   ARM Code      12  dcheck.o(x$fpl$dcheck)
    __fpl_dcheck_NaN1                        0x0003b904   ARM Code      12  dcheck1.o(x$fpl$dcheck1)
    __fpl_fcmp_InfNaN                        0x0003b914   ARM Code     100  fcmpin.o(x$fpl$dcmpinfnan)
    __fpl_inf_fcmp                           0x0003b928   ARM Code       0  fcmpin.o(x$fpl$dcmpinfnan)
    __fpl_dcmp_InfNaN                        0x0003b978   ARM Code     128  dcmpin.o(x$fpl$dcmpinfnan)
    __fpl_inf_dcmp                           0x0003b99c   ARM Code       0  dcmpin.o(x$fpl$dcmpinfnan)
    __aeabi_ddiv                             0x0003b9f8   ARM Code       0  ddiv.o(x$fpl$ddiv)
    _ddiv                                    0x0003b9f8   ARM Code     464  ddiv.o(x$fpl$ddiv)
    __fpl_inf_ddiv                           0x0003bb84   ARM Code       0  ddiv.o(x$fpl$ddiv)
    _ddiv_mantissas                          0x0003bbc8   ARM Code     608  ddiv.o(x$fpl$ddiv)
    __aeabi_d2iz                             0x0003beb8   ARM Code       0  dfix.o(x$fpl$dfix)
    _dfix                                    0x0003beb8   ARM Code     172  dfix.o(x$fpl$dfix)
    __fpl_inf_dfix                           0x0003bf58   ARM Code       0  dfix.o(x$fpl$dfix)
    __aeabi_i2d                              0x0003bf68   ARM Code       0  dflt_noclz.o(x$fpl$dflt)
    _dflt                                    0x0003bf68   ARM Code      88  dflt_noclz.o(x$fpl$dflt)
    __dflt_normalise                         0x0003bf78   ARM Code       0  dflt_noclz.o(x$fpl$dflt)
    __aeabi_cdcmple                          0x0003bfc0   ARM Code       0  dleqf.o(x$fpl$dleqf)
    _dcmple                                  0x0003bfc0   ARM Code     132  dleqf.o(x$fpl$dleqf)
    __aeabi_dmul                             0x0003c048   ARM Code       0  dmul.o(x$fpl$dmul)
    _dmul                                    0x0003c048   ARM Code     460  dmul.o(x$fpl$dmul)
    __fpl_inf_dmul                           0x0003c1e0   ARM Code       0  dmul.o(x$fpl$dmul)
    _drem                                    0x0003c224   ARM Code     496  drem.o(x$fpl$drem)
    __fpl_inf_drem                           0x0003c3dc   ARM Code       0  drem.o(x$fpl$drem)
    __aeabi_drsub                            0x0003c420   ARM Code       0  daddsub_noclz.o(x$fpl$drsb)
    _drsb                                    0x0003c420   ARM Code      24  daddsub_noclz.o(x$fpl$drsb)
    _dsqrt                                   0x0003c438   ARM Code     384  dsqrt.o(x$fpl$dsqrt)
    __fpl_inf_dsqrt                          0x0003c59c   ARM Code       0  dsqrt.o(x$fpl$dsqrt)
    __aeabi_dsub                             0x0003c5c0   ARM Code       0  daddsub_noclz.o(x$fpl$dsub)
    _dsub                                    0x0003c5c0   ARM Code     572  daddsub_noclz.o(x$fpl$dsub)
    __fpl_inf_dsub                           0x0003c7b4   ARM Code       0  daddsub_noclz.o(x$fpl$dsub)
    __dunder                                 0x0003c808   ARM Code     272  dunder.o(x$fpl$dunder)
    __dunder_d                               0x0003c918   ARM Code       4  dunder.o(x$fpl$dunder)
    __aeabi_f2d                              0x0003c91c   ARM Code       0  f2d.o(x$fpl$f2d)
    _f2d                                     0x0003c91c   ARM Code      96  f2d.o(x$fpl$f2d)
    __fpl_inf_f2d                            0x0003c970   ARM Code       0  f2d.o(x$fpl$f2d)
    __aeabi_fadd                             0x0003c980   ARM Code       0  faddsub_noclz.o(x$fpl$fadd)
    _fadd                                    0x0003c980   ARM Code     260  faddsub_noclz.o(x$fpl$fadd)
    __fpl_inf_fadd                           0x0003ca5c   ARM Code       0  faddsub_noclz.o(x$fpl$fadd)
    __fpl_fcheck_NaN2                        0x0003ca88   ARM Code       8  fcheck.o(x$fpl$fcheck)
    __fpl_fcheck_NaN1                        0x0003ca94   ARM Code       8  fcheck1.o(x$fpl$fcheck1)
    __aeabi_f2uiz                            0x0003caa0   ARM Code       0  ffixu.o(x$fpl$ffixu)
    _ffixu                                   0x0003caa0   ARM Code      92  ffixu.o(x$fpl$ffixu)
    __fpl_inf_ffixu                          0x0003caf4   ARM Code       0  ffixu.o(x$fpl$ffixu)
    __aeabi_i2f                              0x0003cb00   ARM Code       0  fflt_noclz.o(x$fpl$fflt)
    _fflt                                    0x0003cb00   ARM Code      92  fflt_noclz.o(x$fpl$fflt)
    __fflt_normalise                         0x0003cb0c   ARM Code       0  fflt_noclz.o(x$fpl$fflt)
    __aeabi_ui2f                             0x0003cb5c   ARM Code       0  fflt_noclz.o(x$fpl$ffltu)
    _ffltu                                   0x0003cb5c   ARM Code       8  fflt_noclz.o(x$fpl$ffltu)
    __aeabi_fmul                             0x0003cb64   ARM Code       0  fmul.o(x$fpl$fmul)
    _fmul                                    0x0003cb64   ARM Code     260  fmul.o(x$fpl$fmul)
    __fpl_inf_fmul                           0x0003cc4c   ARM Code       0  fmul.o(x$fpl$fmul)
    __fpl_normalise2                         0x0003cc6c   ARM Code     148  fnorm2_noclz.o(x$fpl$fnorm2)
    Inline Thumb to ARM Veneer to _fp_init   0x0003cd01   Thumb Code     4  fpinit.o(x$fpl$fpinit)
    _fp_init                                 0x0003cd04   ARM Code      24  fpinit.o(x$fpl$fpinit)
    __fplib_config_pureend_doubles           0x0003cd14   ARM Code       0  fpinit.o(x$fpl$fpinit)
    __aeabi_cfrcmple                         0x0003cd1c   ARM Code       0  frleqf.o(x$fpl$frleqf)
    _frcmple                                 0x0003cd1c   ARM Code     128  frleqf.o(x$fpl$frleqf)
    __aeabi_fsub                             0x0003cda0   ARM Code       0  faddsub_noclz.o(x$fpl$fsub)
    _fsub                                    0x0003cda0   ARM Code     356  faddsub_noclz.o(x$fpl$fsub)
    __fpl_inf_fsub                           0x0003cedc   ARM Code       0  faddsub_noclz.o(x$fpl$fsub)
    __funder                                 0x0003cf08   ARM Code     140  funder.o(x$fpl$funder)
    __funder_d                               0x0003cf94   ARM Code       4  funder.o(x$fpl$funder)
    __fpl_return_NaN                         0x0003cf98   ARM Code     116  retnan.o(x$fpl$retnan)
    __ARM_scalbn                             0x0003d00c   ARM Code       0  scalbn_noclz.o(x$fpl$scalbn)
    scalbn                                   0x0003d00c   ARM Code     108  scalbn_noclz.o(x$fpl$scalbn)
    __fpl_inf_scalbn                         0x0003d074   ARM Code       0  scalbn_noclz.o(x$fpl$scalbn)
    __fpl_cmpreturn                          0x0003d078   ARM Code      60  trapv.o(x$fpl$trapveneer)
    OSMapTbl                                 0x0003d0b4   Data           8  os_core.o(.constdata)
    __I_use_fp                               0x0003d0b4   Number         0  usenofp.o(x$fpl$usenofp)
    OSUnMapTbl                               0x0003d0bc   Data         256  os_core.o(.constdata)
    CN_st_Fun_Ecc                            0x0003d1bc   Data           8  _arithmetic.o(.constdata)
    CN_st_Fun_Crc                            0x0003d1c4   Data           4  _arithmetic.o(.constdata)
    CN_st_Fun_CheckSum                       0x0003d1c8   Data           4  _arithmetic.o(.constdata)
    CN_st_Fun_CheckAdd                       0x0003d1cc   Data           4  _arithmetic.o(.constdata)
    CN_st_Fun_Crc1021                        0x0003d1d0   Data           4  _arithmetic.o(.constdata)
    CN_st_Fun_Arithmetic                     0x0003d1d4   Data          20  _arithmetic.o(.constdata)
    CN_st_Fun_AscNumber                      0x0003d2e8   Data         184  _ascnumber.o(.constdata)
    FixPointValue                            0x0003d3a0   Data          40  _ascnumber.o(.constdata)
    CN_st_Asc_GetData                        0x0003d3c8   Data          18  _ascnumber.o(.constdata)
    CN_st_Fun_Date                           0x0003d3dc   Data          16  _date.o(.constdata)
    CN_st_Fun_RTC                            0x0003d3ec   Data          12  _rtc.o(.constdata)
    CN_st_Fun_Spi                            0x0003d3f8   Data          36  _spi.o(.constdata)
    CN_st_Fun_Uart                           0x0003d41c   Data          20  _uart.o(.constdata)
    CN_Ba_PortDe                             0x0003d430   Data           8  adchard.o(.constdata)
    CN_Ba_PortSpace                          0x0003d438   Data           8  adchard.o(.constdata)
    CN_Ba_Precision                          0x0003d440   Data           8  adchard.o(.constdata)
    CN_Ba_st_Data_Adc_Oper                   0x0003d448   Data          12  adchard.o(.constdata)
    CN_st_Fun_Adc                            0x0003d454   Data          16  adchard.o(.constdata)
    CN_Ba_PinDe                              0x0003d564   Data           2  ds18b20.o(.constdata)
    CN_st_Fun_18B20                          0x0003d568   Data          16  ds18b20.o(.constdata)
    CN_Huawei_st_Fun_GprsHard_Fac            0x0003d578   Data          12  huaiweigprs.o(.constdata)
    CN_HuaWei_st_GprsHard_Order              0x0003d584   Data        1476  huaiweigprs.o(.constdata)
    CN_Huawei_st_GprsHead_Result             0x0003db48   Data          12  huaiweigprs.o(.constdata)
    CN_Huawei_ReadMessage                    0x0003db54   Data           8  huaiweigprs.o(.constdata)
    CN_Huawei_SetMessage                     0x0003db5c   Data           4  huaiweigprs.o(.constdata)
    CN_Huawei_Carrier                        0x0003db60   Data          16  huaiweigprs.o(.constdata)
    CN_Reg_State                             0x0003db70   Data          12  huaiweigprs.o(.constdata)
    CN_Ba_CallRes                            0x0003db7c   Data          32  huaiweigprs.o(.constdata)
    CN_Ba_AgreePhone                         0x0003db9c   Data          32  huaiweigprs.o(.constdata)
    CN_Ba_UDPTCP                             0x0003dbbc   Data          16  huaiweigprs.o(.constdata)
    CN_Huawei_Link                           0x0003dbcc   Data           6  huaiweigprs.o(.constdata)
    CN_Huawei_TCPInitState                   0x0003dbd2   Data           4  huaiweigprs.o(.constdata)
    CN_Huawei_CallTyte                       0x0003dbd6   Data           4  huaiweigprs.o(.constdata)
    CN_Huawei_CallState                      0x0003dbda   Data          12  huaiweigprs.o(.constdata)
    CN_Huawei_Mod                            0x0003dbe6   Data          20  huaiweigprs.o(.constdata)
    CN_Huawei_PeperNumber                    0x0003dbfa   Data           4  huaiweigprs.o(.constdata)
    CN_Ba_st_Asc_GetData                     0x0003dbfe   Data          18  huaiweigprs.o(.constdata)
    CN_LinkNum                               0x0003dc10   Data           3  huaiweigprs.o(.constdata)
    CN_Huawei_LinkOper                       0x0003dc13   Data           4  huaiweigprs.o(.constdata)
    CN_st_Fun_GprsHard                       0x0003dc18   Data          16  gprshard.o(.constdata)
    CN_st_GprsHard_Order_Cut_AT              0x0003dc28   Data          28  gprshard.o(.constdata)
    CN_st_GprsHard_Order_Cut_ATE             0x0003dc44   Data          28  gprshard.o(.constdata)
    CN_st_GprsHard_Order_Cut_ChipID          0x0003dc60   Data          28  gprshard.o(.constdata)
    CN_st_GprsHard_Order_Cut_BPS             0x0003dc7c   Data          28  gprshard.o(.constdata)
    CN_Ba_st_Da_Uart_GprsHard                0x0003dc98   Data          80  gprshard.o(.constdata)
    CN_Less_st_Sensor_ParList                0x0003dd24   Data          12  less.o(.constdata)
    CN_Ba_st_Less_Par_Oper                   0x0003dd30   Data          16  less.o(.constdata)
    CN_Ba_st_Less_State                      0x0003dd40   Data           3  less.o(.constdata)
    CN_Ba_st_Less_Val                        0x0003dd44   Data          12  less.o(.constdata)
    Com_FlagHead                             0x0003dd50   Data           3  less.o(.constdata)
    Com_FlagEnd                              0x0003dd53   Data           3  less.o(.constdata)
    CN_Acc_st_Sensor_ParList                 0x0003dd78   Data          12  acc.o(.constdata)
    CN_Oil_st_Sensor_ParList                 0x0003dd9c   Data          12  oil.o(.constdata)
    CN_Ba_st_Sensor_Oper                     0x0003ddb4   Data          20  sensor.o(.constdata)
    CN_st_Fun_Sensor                         0x0003ddc8   Data          36  sensor.o(.constdata)
    CN_st_Gps_Order                          0x0003ddf0   Data          64  gps.o(.constdata)
    CN_Gps_st_Sensor_ParList                 0x0003de48   Data          12  gps.o(.constdata)
    CN_st_Display_Par_Set                    0x0003de5c   Data         240  display.o(.constdata)
    CN_Display_st_Sensor_ParList             0x0003dffc   Data          12  display.o(.constdata)
    CN_Temperture_st_Sensor_ParList          0x0003e02c   Data          12  temperture.o(.constdata)
    CN_Ba_st_Temperture_State                0x0003e038   Data           3  temperture.o(.constdata)
    CN_Mileage_st_Sensor_ParList             0x0003e054   Data          12  mileage.o(.constdata)
    CN_GprsTzxy_st_Sensor_ParList            0x0003e07c   Data          12  gprstzxy.o(.constdata)
    CN_UartTzxy_st_Sensor_ParList            0x0003e0a4   Data          12  uarttzxy.o(.constdata)
    CN_Arealrm_st_Sensor_ParList             0x0003e0d4   Data          12  arealrm.o(.constdata)
    CN_Help_st_Sensor_ParList                0x0003e0f8   Data          12  help.o(.constdata)
    CN_OnOrOff_st_Sensor_ParList             0x0003e11c   Data          12  onoroff.o(.constdata)
    CN_Adc1_st_Sensor_ParList                0x0003e140   Data          12  adc1.o(.constdata)
    CN_SmsTzxy_st_Sensor_ParList             0x0003e170   Data          12  smstzxy.o(.constdata)
    CN_st_Fun_File                           0x0003e17c   Data          60  _rwfile.o(.constdata)
    CN_st_Fun_DownFile                       0x0003e1b8   Data          40  _downfile.o(.constdata)
    CN_st_Fun_SensorContr                    0x0003e238   Data          12  sensorcontr.o(.constdata)
    CN_LinkNumber                            0x0003e244   Data           3  gprs.o(.constdata)
    CN_st_Fun_Gprs                           0x0003e248   Data         116  gprs.o(.constdata)
    CN_st_Fun_Timer                          0x0003e2bc   Data          36  timer.o(.constdata)
    CN_st_Fun_Photo                          0x0003e2e0   Data          12  photo.o(.constdata)
    CN_st_Fun_RunLen                         0x0003e2f4   Data          16  gpsandmileage.o(.constdata)
    CN_st_Affair_Ftp                         0x0003e304   Data          16  ftp.o(.constdata)
    CN_st_Ftp_CMD                            0x0003e314   Data          36  ftp.o(.constdata)
    CN_st_Fun_FTP                            0x0003e338   Data           8  ftp.o(.constdata)
    CN_st_Fun_Tz_Agreen                      0x0003e4a0   Data           4  tz_agreen.o(.constdata)
    CN_st_Fun_Tz_Send                        0x0003e564   Data           4  tz_send.o(.constdata)
    CN_Ba_st_AgreenOn_Par2Type               0x0003e568   Data         204  tzv2.1.o(.constdata)
    CN_Delay_Timer                           0x0003e634   Data         144  tzv2.1.o(.constdata)
    CN_Ba_WordPar                            0x0003e6c4   Data          72  tzv2.1.o(.constdata)
    CN_Ba_LessPar                            0x0003e70c   Data          20  tzv2.1.o(.constdata)
    CN_st_Fun_Tzv21                          0x0003e784   Data          24  tzv2.1.o(.constdata)
    CN_NandFlash512_st_Fun_PhyFlash          0x0003e79c   Data          32  _nandflash512.o(.constdata)
    CN_Spi_st_Fun_PhyFlash                   0x0003e7bc   Data          32  _spiflash512.o(.constdata)
    CN_st_Flash_Chip_Features                0x0003e7dc   Data         144  _flash.o(.constdata)
    CN_st_Fun_PhyFlash                       0x0003e86c   Data          28  _flash.o(.constdata)
    CN_st_Fun_NorFlash                       0x0003e888   Data          16  _rwflashlgc.o(.constdata)
    CN_Ba_st_File_fd_Tabel                   0x0003edb8   Data         700  _filedata.o(.constdata)
    CN_st_Fun_TakeData                       0x0003f074   Data          64  takedata.o(.constdata)
    CN_st_Less_Space                         0x0003f0b4   Data          80  appsendagreeon.o(.constdata)
    CN_st_Fun_AppSendAgreeOn                 0x0003f218   Data          20  appsendagreeon.o(.constdata)
    CN_st_Fun_AppGprs                        0x0003f22c   Data           4  appgprs.o(.constdata)
    CN_Ba_ChargLog                           0x0003f388   Data          12  appgprs.o(.constdata)
    CN_Ba_ResetDev                           0x0003f394   Data           2  appgprs.o(.constdata)
    CN_st_Fun_OpenSensor                     0x0003f4b8   Data           4  opensensor.o(.constdata)
    CN_st_Fun_AccOper                        0x0003f4bc   Data           4  accoper.o(.constdata)
    CN_Ba_OpenMachi_Term                     0x0003f4c0   Data         416  accoper.o(.constdata)
    CN_st_Fun_AppAgreeDataSensor             0x0003f858   Data           4  appagreedatasensor.o(.constdata)
    CN_Ba_st_Fun_Space                       0x0003f864   Data           4  space.o(.constdata)
    CN_st_Fun_JugeOper                       0x0003f874   Data           4  jugeoper.o(.constdata)
    CN_st_Fun_WarningUpate                   0x0003faa4   Data           4  warningupate.o(.constdata)
    CN_Ba_Log                                0x0003fb48   Data          12  displayoper.o(.constdata)
    CN_st_Fun_DisPlayOper                    0x0003fb90   Data           8  displayoper.o(.constdata)
    CN_st_Fun_MessageAndPhone                0x0003fb98   Data           4  messageandphone.o(.constdata)
    CN_st_Fun_LogOnServer                    0x0003fbc0   Data           4  logonserver.o(.constdata)
    CN_st_Fun_OpenAndClose                   0x0003fc34   Data          28  openandclose.o(.constdata)
    CN_Ba_OpenUart_CN_st_Sensor_DataPar      0x0003fc50   Data          12  openandclose.o(.constdata)
    Region$$Table$$Base                      0x000400e4   Number         0  anon$$obj.o(Region$$Table)
    Region$$Table$$Limit                     0x00040104   Number         0  anon$$obj.o(Region$$Table)
    OsEnterSum                               0x40000000   Data           4  os_cpu_c.o(.data)
    OSCtxSwCtr                               0x40000004   Data           4  os_core.o(.data)
    OSEventFreeList                          0x40000008   Data           4  os_core.o(.data)
    OSFlagFreeList                           0x4000000c   Data           4  os_core.o(.data)
    OSCPUUsage                               0x40000010   Data           1  os_core.o(.data)
    OSIdleCtrMax                             0x40000014   Data           4  os_core.o(.data)
    OSIdleCtrRun                             0x40000018   Data           4  os_core.o(.data)
    OSStatRdy                                0x4000001c   Data           1  os_core.o(.data)
    OSIntNesting                             0x4000001d   Data           1  os_core.o(.data)
    OSIntExitY                               0x4000001e   Data           1  os_core.o(.data)
    OSLockNesting                            0x4000001f   Data           1  os_core.o(.data)
    OSPrioCur                                0x40000020   Data           1  os_core.o(.data)
    OSPrioHighRdy                            0x40000021   Data           1  os_core.o(.data)
    OSRdyGrp                                 0x40000022   Data           1  os_core.o(.data)
    OSRdyTbl                                 0x40000023   Data           3  os_core.o(.data)
    OSRunning                                0x40000026   Data           1  os_core.o(.data)
    OSTaskCtr                                0x40000027   Data           1  os_core.o(.data)
    OSIdleCtr                                0x40000028   Data           4  os_core.o(.data)
    OSTCBCur                                 0x4000002c   Data           4  os_core.o(.data)
    OSTCBFreeList                            0x40000030   Data           4  os_core.o(.data)
    OSTCBHighRdy                             0x40000034   Data           4  os_core.o(.data)
    OSTCBList                                0x40000038   Data           4  os_core.o(.data)
    OSMemFreeList                            0x4000003c   Data           4  os_core.o(.data)
    OSQFreeList                              0x40000040   Data           4  os_core.o(.data)
    OSTime                                   0x40000044   Data           4  os_core.o(.data)
    CN_st_File_GBK                           0x40000048   Data           4  _ascnumber.o(.data)
    Can0UseSem                               0x4000004c   Data           4  _can.o(.data)
    Can1UseSem                               0x40000050   Data           4  _can.o(.data)
    Can0RxSem                                0x40000054   Data           4  _can.o(.data)
    Can1RxSem                                0x40000058   Data           4  _can.o(.data)
    CN_st_Fun_Can                            0x4000005c   Data          20  _can.o(.data)
    Can0_RxHead                              0x40000070   Data           2  _can.o(.data)
    Can0_RxTail                              0x40000072   Data           2  _can.o(.data)
    Can1_RxHead                              0x40000074   Data           2  _can.o(.data)
    Can1_RxTail                              0x40000076   Data           2  _can.o(.data)
    BitCount                                 0x40000084   Data           1  _uart.o(.data)
    ByteRec                                  0x40000085   Data           1  _uart.o(.data)
    ByteSend                                 0x40000086   Data           1  _uart.o(.data)
    BitCountSend                             0x40000087   Data           1  _uart.o(.data)
    UartRevState                             0x40000088   Data           1  _uart.o(.data)
    Uart0UseSem                              0x4000008c   Data           4  _uart.o(.data)
    Uart1UseSem                              0x40000090   Data           4  _uart.o(.data)
    Uart2UseSem                              0x40000094   Data           4  _uart.o(.data)
    Uart3UseSem                              0x40000098   Data           4  _uart.o(.data)
    Uart4UseSem                              0x4000009c   Data           4  _uart.o(.data)
    Uart0RxSem                               0x400000a0   Data           4  _uart.o(.data)
    Uart1RxSem                               0x400000a4   Data           4  _uart.o(.data)
    Uart2RxSem                               0x400000a8   Data           4  _uart.o(.data)
    Uart3RxSem                               0x400000ac   Data           4  _uart.o(.data)
    Uart4RxSem                               0x400000b0   Data           4  _uart.o(.data)
    ptUart0ReBuf                             0x400000b4   Data           4  _uart.o(.data)
    ptUart1ReBuf                             0x400000b8   Data           4  _uart.o(.data)
    ptUart2ReBuf                             0x400000bc   Data           4  _uart.o(.data)
    ptUart3ReBuf                             0x400000c0   Data           4  _uart.o(.data)
    ptUart4ReBuf                             0x400000c4   Data           4  _uart.o(.data)
    Uart4BaudRate                            0x400000c8   Data           4  _uart.o(.data)
    AgreeByte                                0x400000cc   Data           1  _uart.o(.data)
    UART0_RxHead                             0x400000ce   Data           2  _uart.o(.data)
    UART0_RxTail                             0x400000d0   Data           2  _uart.o(.data)
    UART1_RxHead                             0x400000d2   Data           2  _uart.o(.data)
    UART1_RxTail                             0x400000d4   Data           2  _uart.o(.data)
    UART2_RxHead                             0x400000d6   Data           2  _uart.o(.data)
    UART2_RxTail                             0x400000d8   Data           2  _uart.o(.data)
    UART3_RxHead                             0x400000da   Data           2  _uart.o(.data)
    UART3_RxTail                             0x400000dc   Data           2  _uart.o(.data)
    UART4_RxHead                             0x400000de   Data           2  _uart.o(.data)
    UART4_RxTail                             0x400000e0   Data           2  _uart.o(.data)
    CN_st_Data_18B20                         0x400000f0   Data           2  ds18b20.o(.data)
    X_BUF                                    0x400000f4   Data           4  huaiweigprs.o(.data)
    SizeofX_BUF                              0x400000f8   Data           2  huaiweigprs.o(.data)
    ModermCom                                0x400000fc   Data           4  huaiweigprs.o(.data)
    ptCN_st_Fun_GprsHard_Fac                 0x40000100   Data           4  gprshard.o(.data)
    X_RAM                                    0x40000104   Data           4  gprshard.o(.data)
    ptst_Fun_GprsHard_Fac                    0x40000108   Data           4  gprshard.o(.data)
    CN_Point                                 0x40000130   Data           1  oil.o(.data)
    CN_st_Sensor_ParList                     0x40000138   Data          60  sensor.o(.data)
    GpsSem                                   0x40000174   Data           4  gps.o(.data)
    CN_PowerState                            0x40000178   Data           1  gps.o(.data)
    CN_st_Sensor_State                       0x40000179   Data           3  gps.o(.data)
    CN_st_Sms_Order_Data                     0x400001e8   Data          22  smstzxy.o(.data)
    SendOrderNumber                          0x400001fe   Data           2  smstzxy.o(.data)
    ptst_Data_FileBuf                        0x40000204   Data           4  _rwfile.o(.data)
    DownFileSem                              0x40000210   Data           4  _downfile.o(.data)
    GprsUseSem                               0x40000224   Data           4  gprs.o(.data)
    ptst_Data_Gprs_Message                   0x4000022c   Data           4  gprs.o(.data)
    ptst_Data_Gprs_Call                      0x40000230   Data           4  gprs.o(.data)
    ptst_Data_Gprs_TcpUdp                    0x40000234   Data          12  gprs.o(.data)
    CN_IPData                                0x40000240   Data           4  gprs.o(.data)
    CN_Ba_st_Affair_Gprs                     0x40000244   Data          60  gprs.o(.data)
    DateTimer                                0x40000280   Data           7  gprs.o(.data)
    Photo_Q                                  0x40000298   Data           4  photo.o(.data)
    ptst_BoxData_Vid                         0x4000029c   Data           4  photo.o(.data)
    CN_st_Photo_Property                     0x400002a0   Data           6  photo.o(.data)
    GpsAndMileageUseSem                      0x400002a8   Data           4  gpsandmileage.o(.data)
    ptst_FTP_Data_Save                       0x400002b0   Data           4  ftp.o(.data)
    ptst_FTP_Data_Temp                       0x400002b4   Data           4  ftp.o(.data)
    DownFileFd                               0x400002b8   Data           2  ftp.o(.data)
    FtpQbox                                  0x400002bc   Data           4  ftp.o(.data)
    FtpCtrlSem                               0x400002c0   Data           4  ftp.o(.data)
    RecData_Type                             0x400002c4   Data           1  ftp.o(.data)
    ptRecData_Type                           0x400002c8   Data           4  ftp.o(.data)
    FTPRecoderFd                             0x400002cc   Data           2  ftp.o(.data)
    TzvSem                                   0x400002dc   Data           4  tzv2.1.o(.data)
    CN_LessPar                               0x40000328   Data          40  appgprs.o(.data)
    CN_st_RunLen_Affair_fd                   0x40000360   Data          16  space.o(.data)
    LogOnServerBox                           0x4000038c   Data           4  logonserver.o(.data)
    ptst_BoxData_LogOnServer                 0x40000390   Data           4  logonserver.o(.data)
    CN_st_LogOnServer_OpenFd                 0x40000394   Data           6  logonserver.o(.data)
    LogFlag                                  0x4000039e   Data           1  openandclose.o(.data)
    LogTimerfd                               0x400003c8   Data           1  openandclose.o(.data)
    UnLoaderTimerfd                          0x400003c9   Data           1  openandclose.o(.data)
    CN_st_Fun_UpdateSoftWare                 0x400003cc   Data           4  updatesoftware.o(.data)
    ptst_BoxData_UpData                      0x400003d0   Data           4  updatesoftware.o(.data)
    ptst_BoxData_UpData_Temp                 0x400003d4   Data           4  updatesoftware.o(.data)
    UpDataWaitTime                           0x400003d8   Data           2  updatesoftware.o(.data)
    UpDateSoftWare_Q                         0x400003dc   Data           4  updatesoftware.o(.data)
    DownLoaderOver                           0x400003e0   Data           4  updatesoftware.o(.data)
    DownLoaderState                          0x400003e4   Data           4  updatesoftware.o(.data)
    OSEventTbl                               0x400003f0   Data         540  os_core.o(.bss)
    OSFlagTbl                                0x4000060c   Data          60  os_core.o(.bss)
    OSTaskStatStk                            0x40000648   Data        2048  os_core.o(.bss)
    OSTaskIdleStk                            0x40000e48   Data        2048  os_core.o(.bss)
    OSTCBPrioTbl                             0x40001648   Data          68  os_core.o(.bss)
    OSTCBTbl                                 0x4000168c   Data         884  os_core.o(.bss)
    OSMemTbl                                 0x40001a00   Data         100  os_core.o(.bss)
    OSQTbl                                   0x40001a64   Data         144  os_core.o(.bss)
    CN_st_Da_CanInfor                        0x40001af4   Data         160  _can.o(.bss)
    CN_st_Da_CanInfor1                       0x40001b94   Data         160  _can.o(.bss)
    CN_st_Data_Adc                           0x40001c34   Data          96  adchard.o(.bss)
    CN_st_Less_Par_Oper                      0x40001c94   Data          96  less.o(.bss)
    CN_st_Less_State                         0x40001cf4   Data          18  less.o(.bss)
    CN_st_Less_Val                           0x40001d08   Data          72  less.o(.bss)
    CN_VoVal                                 0x40001db4   Data          40  oil.o(.bss)
    CN_Gps_Buf                               0x40001fe4   Data         100  gps.o(.bss)
    CN_OpenPar                               0x40002120   Data          28  arealrm.o(.bss)
    CN_st_Sms_Data                           0x4000213c   Data         568  smstzxy.o(.bss)
    AgreeBuf                                 0x40002374   Data         160  smstzxy.o(.bss)
    Phone                                    0x40002414   Data          15  smstzxy.o(.bss)
    CN_st_Data_FileBuf                       0x40002424   Data        1440  _rwfile.o(.bss)
    CN_st_DownFile_BufFd                     0x400029c4   Data          60  _downfile.o(.bss)
    DownFile_BUF                             0x40002a00   Data         512  _downfile.o(.bss)
    SMS_State                                0x4000387c   Data          20  gprs.o(.bss)
    CN_st_Affair_Gprs                        0x40003890   Data          60  gprs.o(.bss)
    CN_st_Gsm_Net_Information                0x400038cc   Data          12  gprs.o(.bss)
    CN_st_Gsm_Net_Message                    0x400038d8   Data          15  gprs.o(.bss)
    CN_st_HardWare_SeeTCPData                0x400038e8   Data          20  gprs.o(.bss)
    CN_st_Data_IPNet                         0x400038fc   Data          56  gprs.o(.bss)
    CN_st_Control_Timer                      0x40003934   Data         120  timer.o(.bss)
    VidBox                                   0x400039ac   Data          40  photo.o(.bss)
    PhotoBuf                                 0x40003c2c   Data         528  photo.o(.bss)
    CN_st_GpsAndMileage_OperData             0x40003e3c   Data         112  gpsandmileage.o(.bss)
    CN_st_Buf_rwFlash                        0x40003eac   Data         514  ftp.o(.bss)
    CN_st_Ftp_RunState                       0x400040b0   Data          12  ftp.o(.bss)
    CN_st_FTP_WorkState                      0x400040bc   Data          12  ftp.o(.bss)
    FTP_Stk                                  0x400040c8   Data        1424  ftp.o(.bss)
    MessegBox                                0x40004658   Data          40  ftp.o(.bss)
    CN_st_NorFlash                           0x40004ee4   Data          24  _rwflashlgc.o(.bss)
    CN_st_File_fd                            0x40004efc   Data          50  _filedata.o(.bss)
    App_CN_st_WorkFlow_Table                 0x40004f30   Data         272  _filedata.o(.bss)
    CN_Pu_st_st_AgreeOn_Dev_WritePar         0x40005840   Data          12  appsendagreeon.o(.bss)
    CN_st_BoxData_UpData                     0x4000624c   Data         340  appgprs.o(.bss)
    LogOnServer_Stk                          0x40006430   Data        1536  logonserver.o(.bss)
    CN_st_BoxData_LogOnServer                0x40006a30   Data          20  logonserver.o(.bss)
    UpDataBox                                0x40006a58   Data          16  updatesoftware.o(.bss)
    CN_st_FTP_WorkState_Now                  0x40006a68   Data          12  updatesoftware.o(.bss)
    CN_st_FTP_Data                           0x40006a74   Data         328  updatesoftware.o(.bss)
    UpDateSoftWare_Stk                       0x40006bbc   Data        1024  updatesoftware.o(.bss)
    TaskStk                                  0x40006fbc   Data        1024  _init.o(.bss)
    __libspace_start                         0x40007498   Data          96  libspace.o(.bss)
    __temporary_stack_top_libspace           0x400074f8   Data           0  libspace.o(.bss)
    StackUsr                                 0x40007700   Data           0  startup.o(STACK)


================================================================================

Memory Map of the image

  Image Entry point : 0x000000b8

  Load Region LR_IROM1 (Base: 0x00000000, Size: 0x000404f4, Max: 0x00080000, ABSOLUTE, COMPRESSED[0x000401f8])

    Execution Region ER_IROM1 (Base: 0x00000000, Size: 0x00040104, Max: 0x00080000, ABSOLUTE)

    Base Addr    Size         Type   Attr      Idx    E Section Name        Object

    0x00000000   0x000000b8   Code   RO           69    RESET               startup.o
    0x000000b8   0x00000008   Code   RO         4815  * !!!main             __main.o(c_t.l)
    0x000000c0   0x0000003c   Code   RO         5033    !!!scatter          __scatter.o(c_t.l)
    0x000000fc   0x0000005c   Code   RO         5031    !!dczerorl2         __dczerorl2.o(c_t.l)
    0x00000158   0x0000002c   Code   RO         5035    !!handler_zi        __scatter_zi.o(c_t.l)
    0x00000184   0x00000004   Ven    RO         4939    .emb_text           lib_init.o(c_t.l)
    0x00000188   0x00000010   Code   RO         4939    .emb_text           lib_init.o(c_t.l)
    0x00000198   0x000004d4   Code   RO            1    .text               target.o
    0x0000066c   0x00000024   Code   RO           70    .text               startup.o
    0x00000690   0x0000028c   Code   RO           75    .text               os_cpu_c.o
    0x0000091c   0x00000b64   Code   RO          117    .text               os_core.o
    0x00001480   0x00000b40   Code   RO          145    .text               os_flag.o
    0x00001fc0   0x00000548   Code   RO          161    .text               os_mbox.o
    0x00002508   0x000002d8   Code   RO          173    .text               os_mem.o
    0x000027e0   0x000008bc   Code   RO          197    .text               os_q.o
    0x0000309c   0x0000045c   Code   RO          209    .text               os_sem.o
    0x000034f8   0x00000974   Code   RO          221    .text               os_task.o
    0x00003e6c   0x00000284   Code   RO          233    .text               os_time.o
    0x000040f0   0x00000468   Code   RO          245    .text               _arithmetic.o
    0x00004558   0x00001db0   Code   RO          290    .text               _ascnumber.o
    0x00006308   0x00000ac8   Code   RO          357    .text               _date.o
    0x00006dd0   0x000008ac   Code   RO          409    .text               _can.o
    0x0000767c   0x00000324   Code   RO          455    .text               _rtc.o
    0x000079a0   0x00000528   Code   RO          515    .text               _spi.o
    0x00007ec8   0x00001ea0   Code   RO          561    .text               _uart.o
    0x00009d68   0x00000814   Code   RO          608    .text               adchard.o
    0x0000a57c   0x00000828   Code   RO          659    .text               ds18b20.o
    0x0000ada4   0x00002dcc   Code   RO          730    .text               huaiweigprs.o
    0x0000db70   0x00000a00   Code   RO          784    .text               gprshard.o
    0x0000e570   0x00000fbc   Code   RO          863    .text               less.o
    0x0000f52c   0x00000370   Code   RO          948    .text               acc.o
    0x0000f89c   0x000004b4   Code   RO         1018    .text               oil.o
    0x0000fd50   0x000007b4   Code   RO         1093    .text               sensor.o
    0x00010504   0x00000fb0   Code   RO         1209    .text               gps.o
    0x000114b4   0x000013a0   Code   RO         1288    .text               display.o
    0x00012854   0x000005f4   Code   RO         1412    .text               temperture.o
    0x00012e48   0x00000afc   Code   RO         1501    .text               mileage.o
    0x00013944   0x0000027c   Code   RO         1590    .text               gprstzxy.o
    0x00013bc0   0x00000444   Code   RO         1660    .text               uarttzxy.o
    0x00014004   0x000009d8   Code   RO         1730    .text               arealrm.o
    0x000149dc   0x0000034c   Code   RO         1815    .text               help.o
    0x00014d28   0x0000031c   Code   RO         1885    .text               onoroff.o
    0x00015044   0x0000022c   Code   RO         1955    .text               adc1.o
    0x00015270   0x00000758   Code   RO         2022    .text               smstzxy.o
    0x000159c8   0x000026e8   Code   RO         2114    .text               _rwfile.o
    0x000180b0   0x00000b2c   Code   RO         2182    .text               _downfile.o
    0x00018bdc   0x0000039c   Code   RO         2228    .text               sensorcontr.o
    0x00018f78   0x00002f28   Code   RO         2303    .text               gprs.o
    0x0001bea0   0x000007e4   Code   RO         2410    .text               timer.o
    0x0001c684   0x00000720   Code   RO         2495    .text               photo.o
    0x0001cda4   0x000004bc   Code   RO         2588    .text               gpsandmileage.o
    0x0001d260   0x00001558   Code   RO         2670    .text               ftp.o
    0x0001e7b8   0x00003974   Code   RO         2768    .text               tz_agreen.o
    0x0002212c   0x00006694   Code   RO         2854    .text               tz_send.o
    0x000287c0   0x00000c8c   Code   RO         2941    .text               tzv2.1.o
    0x0002944c   0x00000da8   Code   RO         3048    .text               _nandflash512.o
    0x0002a1f4   0x00000808   Code   RO         3093    .text               _spiflash512.o
    0x0002a9fc   0x000006a4   Code   RO         3145    .text               _flash.o
    0x0002b0a0   0x00000924   Code   RO         3199    .text               _rwflashlgc.o
    0x0002b9c4   0x0000033c   Code   RO         3224    .text               _filedata.o
    0x0002bd00   0x000012d0   Code   RO         3336    .text               takedata.o
    0x0002cfd0   0x00003c8c   Code   RO         3367    .text               appsendagreeon.o
    0x00030c5c   0x00002ee4   Code   RO         3505    .text               appgprs.o
    0x00033b40   0x00000480   Code   RO         3665    .text               opensensor.o
    0x00033fc0   0x00000bac   Code   RO         3794    .text               accoper.o
    0x00034b6c   0x000007c4   Code   RO         3939    .text               appagreedatasensor.o
    0x00035330   0x000008a0   Code   RO         4113    .text               space.o
    0x00035bd0   0x00000394   Code   RO         4138    .text               jugeoper.o
    0x00035f64   0x00000414   Code   RO         4154    .text               warningupate.o
    0x00036378   0x00000e8c   Code   RO         4178    .text               displayoper.o
    0x00037204   0x00000fd0   Code   RO         4222    .text               messageandphone.o
    0x000381d4   0x00000e9c   Code   RO         4239    .text               logonserver.o
    0x00039070   0x00000584   Code   RO         4398    .text               openandclose.o
    0x000395f4   0x0000041c   Code   RO         4544    .text               updatesoftware.o
    0x00039a10   0x00000500   Code   RO         4598    .text               _init.o
    0x00039f10   0x00000008   Ven    RO         4783    .text               rand.o(c_t.l)
    0x00039f18   0x00000078   Code   RO         4783    .text               rand.o(c_t.l)
    0x00039f90   0x00000010   Code   RO         4787    .text               aeabi_memset.o(c_t.l)
    0x00039fa0   0x00000064   Code   RO         4789    .text               rt_memcpy_w.o(c_t.l)
    0x0003a004   0x00000054   Code   RO         4791    .text               rt_memclr_w.o(c_t.l)
    0x0003a058   0x00000008   Ven    RO         4793    .text               strlen.o(c_t.l)
    0x0003a060   0x00000048   Code   RO         4793    .text               strlen.o(c_t.l)
    0x0003a0a8   0x00000008   Ven    RO         4795    .text               memchr.o(c_t.l)
    0x0003a0b0   0x00000022   Code   RO         4795    .text               memchr.o(c_t.l)
    0x0003a0d2   0x00000002   PAD
    0x0003a0d4   0x00000180   Code   RO         4797    .text               aeabi_sdiv.o(c_t.l)
    0x0003a254   0x00000040   Code   RO         4813    .text               stkheap2.o(c_t.l)
    0x0003a294   0x00000068   Code   RO         4863    .text               kernel.o(c_t.l)
    0x0003a2fc   0x00000060   Code   RO         4866    .text               sys_stackheap_outer.o(c_t.l)
    0x0003a35c   0x00000010   Code   RO         4875    .text               rt_stackheap_storage_intlibspace.o(c_t.l)
    0x0003a36c   0x00000008   Ven    RO         4877    .text               _rserrno.o(c_t.l)
    0x0003a374   0x0000001a   Code   RO         4877    .text               _rserrno.o(c_t.l)
    0x0003a38e   0x00000002   PAD
    0x0003a390   0x00000040   Code   RO         4879    .text               rt_memclr.o(c_t.l)
    0x0003a3d0   0x00000018   Code   RO         4923    .text               sys_exit.o(c_t.l)
    0x0003a3e8   0x0000000c   Code   RO         4925    .text               libspace.o(c_t.l)
    0x0003a3f4   0x00000004   Ven    RO         4933    .text               rt_errno_addr_intlibspace.o(c_t.l)
    0x0003a3f8   0x00000010   Code   RO         4933    .text               rt_errno_addr_intlibspace.o(c_t.l)
    0x0003a408   0x0000000c   Code   RO         4935    .text               exit.o(c_t.l)
    0x0003a414   0x00000008   Ven    RO         4940    .text               lib_init.o(c_t.l)
    0x0003a41c   0x000000ce   Code   RO         4940    .text               lib_init.o(c_t.l)
    0x0003a4ea   0x00000002   PAD
    0x0003a4ec   0x0000000c   Code   RO         4945    .text               boardinit2.o(c_t.l)
    0x0003a4f8   0x00000010   Code   RO         4947    .text               boardinit3.o(c_t.l)
    0x0003a508   0x00000004   Code   RO         4965    .text               use_no_semi.o(c_t.l)
    0x0003a50c   0x00000004   Ven    RO         4970    .text               rt_locale_intlibspace.o(c_t.l)
    0x0003a510   0x00000010   Code   RO         4970    .text               rt_locale_intlibspace.o(c_t.l)
    0x0003a520   0x00000006   Code   RO         4980    .text               no_argv.o(c_t.l)
    0x0003a526   0x00000002   PAD
    0x0003a528   0x00000010   Code   RO         4991    .text               rt_fp_status_addr_intlibspace.o(c_t.l)
    0x0003a538   0x0000001c   Code   RO         4798    .text_udiv          aeabi_sdiv.o(c_t.l)
    0x0003a554   0x000004f0   Code   RO           63    IRQ                 irq.o
    0x0003aa44   0x0000000c   Ven    RO         5046    Veneer$$Code        anon$$obj.o
    0x0003aa50   0x00000008   Ven    RO         5047    Veneer$$Code        anon$$obj.o
    0x0003aa58   0x000004ac   Code   RO         4917    i.__ieee754_rem_pio2  rred.o(m_ts.l)
    0x0003af04   0x00000190   Code   RO         4914    i.__kernel_cos      cos_i.o(m_ts.l)
    0x0003b094   0x000000f8   Code   RO         4963    i.__kernel_poly     poly.o(m_ts.l)
    0x0003b18c   0x00000178   Code   RO         4920    i.__kernel_sin      sin_i.o(m_ts.l)
    0x0003b304   0x000000ec   Code   RO         4851    i.cos               cos.o(m_ts.l)
    0x0003b3f0   0x000000fc   Code   RO         4855    i.sin               sin.o(m_ts.l)
    0x0003b4ec   0x00000078   Code   RO         4859    i.sqrt              sqrt.o(m_ts.l)
    0x0003b564   0x00000110   Code   RO          113    subr                os_cpu_a.o
    0x0003b674   0x000000ac   Code   RO         4817    x$fpl$d2f           d2f.o(fz_ts.l)
    0x0003b720   0x000001d4   Code   RO         4819    x$fpl$dadd          daddsub_noclz.o(fz_ts.l)
    0x0003b8f4   0x00000010   Code   RO         4882    x$fpl$dcheck        dcheck.o(fz_ts.l)
    0x0003b904   0x00000010   Code   RO         4884    x$fpl$dcheck1       dcheck1.o(fz_ts.l)
    0x0003b914   0x00000064   Code   RO         4898    x$fpl$dcmpinfnan    fcmpin.o(fz_ts.l)
    0x0003b978   0x00000080   Code   RO         4951    x$fpl$dcmpinfnan    dcmpin.o(fz_ts.l)
    0x0003b9f8   0x000004c0   Code   RO         4826    x$fpl$ddiv          ddiv.o(fz_ts.l)
    0x0003beb8   0x000000b0   Code   RO         4953    x$fpl$dfix          dfix.o(fz_ts.l)
    0x0003bf68   0x00000058   Code   RO         4887    x$fpl$dflt          dflt_noclz.o(fz_ts.l)
    0x0003bfc0   0x00000088   Code   RO         4904    x$fpl$dleqf         dleqf.o(fz_ts.l)
    0x0003c048   0x000001dc   Code   RO         4829    x$fpl$dmul          dmul.o(fz_ts.l)
    0x0003c224   0x000001fc   Code   RO         4961    x$fpl$drem          drem.o(fz_ts.l)
    0x0003c420   0x00000018   Code   RO         4820    x$fpl$drsb          daddsub_noclz.o(fz_ts.l)
    0x0003c438   0x00000188   Code   RO         4890    x$fpl$dsqrt         dsqrt.o(fz_ts.l)
    0x0003c5c0   0x00000248   Code   RO         4821    x$fpl$dsub          daddsub_noclz.o(fz_ts.l)
    0x0003c808   0x00000114   Code   RO         4892    x$fpl$dunder        dunder.o(fz_ts.l)
    0x0003c91c   0x00000064   Code   RO         4831    x$fpl$f2d           f2d.o(fz_ts.l)
    0x0003c980   0x00000108   Code   RO         4833    x$fpl$fadd          faddsub_noclz.o(fz_ts.l)
    0x0003ca88   0x0000000c   Code   RO         4894    x$fpl$fcheck        fcheck.o(fz_ts.l)
    0x0003ca94   0x0000000c   Code   RO         4896    x$fpl$fcheck1       fcheck1.o(fz_ts.l)
    0x0003caa0   0x00000060   Code   RO         4839    x$fpl$ffixu         ffixu.o(fz_ts.l)
    0x0003cb00   0x0000005c   Code   RO         4844    x$fpl$fflt          fflt_noclz.o(fz_ts.l)
    0x0003cb5c   0x00000008   Code   RO         4843    x$fpl$ffltu         fflt_noclz.o(fz_ts.l)
    0x0003cb64   0x00000108   Code   RO         4847    x$fpl$fmul          fmul.o(fz_ts.l)
    0x0003cc6c   0x00000094   Code   RO         4900    x$fpl$fnorm2        fnorm2_noclz.o(fz_ts.l)
    0x0003cd00   0x00000004   Ven    RO         4982    x$fpl$fpinit        fpinit.o(fz_ts.l)
    0x0003cd04   0x00000018   Code   RO         4982    x$fpl$fpinit        fpinit.o(fz_ts.l)
    0x0003cd1c   0x00000084   Code   RO         4849    x$fpl$frleqf        frleqf.o(fz_ts.l)
    0x0003cda0   0x00000168   Code   RO         4835    x$fpl$fsub          faddsub_noclz.o(fz_ts.l)
    0x0003cf08   0x00000090   Code   RO         4902    x$fpl$funder        funder.o(fz_ts.l)
    0x0003cf98   0x00000074   Code   RO         4957    x$fpl$retnan        retnan.o(fz_ts.l)
    0x0003d00c   0x0000006c   Code   RO         4909    x$fpl$scalbn        scalbn_noclz.o(fz_ts.l)
    0x0003d078   0x0000003c   Code   RO         4959    x$fpl$trapveneer    trapv.o(fz_ts.l)
    0x0003d0b4   0x00000000   Code   RO         4881    x$fpl$usenofp       usenofp.o(fz_ts.l)
    0x0003d0b4   0x00000108   Data   RO          119    .constdata          os_core.o
    0x0003d1bc   0x0000012c   Data   RO          246    .constdata          _arithmetic.o
    0x0003d2e8   0x000000f2   Data   RO          292    .constdata          _ascnumber.o
    0x0003d3da   0x00000002   PAD
    0x0003d3dc   0x00000010   Data   RO          358    .constdata          _date.o
    0x0003d3ec   0x0000000c   Data   RO          457    .constdata          _rtc.o
    0x0003d3f8   0x00000024   Data   RO          517    .constdata          _spi.o
    0x0003d41c   0x00000014   Data   RO          563    .constdata          _uart.o
    0x0003d430   0x00000034   Data   RO          610    .constdata          adchard.o
    0x0003d464   0x00000114   Data   RO          661    .constdata          ds18b20.o
    0x0003d578   0x0000069f   Data   RO          732    .constdata          huaiweigprs.o
    0x0003dc17   0x00000001   PAD
    0x0003dc18   0x000000d0   Data   RO          786    .constdata          gprshard.o
    0x0003dce8   0x00000078   Data   RO          865    .constdata          less.o
    0x0003dd60   0x00000024   Data   RO          950    .constdata          acc.o
    0x0003dd84   0x00000030   Data   RO         1020    .constdata          oil.o
    0x0003ddb4   0x00000038   Data   RO         1095    .constdata          sensor.o
    0x0003ddec   0x00000070   Data   RO         1211    .constdata          gps.o
    0x0003de5c   0x000001b4   Data   RO         1290    .constdata          display.o
    0x0003e010   0x0000002b   Data   RO         1414    .constdata          temperture.o
    0x0003e03b   0x00000001   PAD
    0x0003e03c   0x00000024   Data   RO         1503    .constdata          mileage.o
    0x0003e060   0x00000028   Data   RO         1592    .constdata          gprstzxy.o
    0x0003e088   0x00000030   Data   RO         1662    .constdata          uarttzxy.o
    0x0003e0b8   0x00000028   Data   RO         1732    .constdata          arealrm.o
    0x0003e0e0   0x00000024   Data   RO         1817    .constdata          help.o
    0x0003e104   0x00000024   Data   RO         1887    .constdata          onoroff.o
    0x0003e128   0x00000030   Data   RO         1957    .constdata          adc1.o
    0x0003e158   0x00000024   Data   RO         2024    .constdata          smstzxy.o
    0x0003e17c   0x0000003c   Data   RO         2116    .constdata          _rwfile.o
    0x0003e1b8   0x00000028   Data   RO         2184    .constdata          _downfile.o
    0x0003e1e0   0x00000064   Data   RO         2230    .constdata          sensorcontr.o
    0x0003e244   0x00000078   Data   RO         2305    .constdata          gprs.o
    0x0003e2bc   0x00000024   Data   RO         2412    .constdata          timer.o
    0x0003e2e0   0x00000014   Data   RO         2497    .constdata          photo.o
    0x0003e2f4   0x00000010   Data   RO         2590    .constdata          gpsandmileage.o
    0x0003e304   0x0000003c   Data   RO         2672    .constdata          ftp.o
    0x0003e340   0x00000164   Data   RO         2770    .constdata          tz_agreen.o
    0x0003e4a4   0x000000c4   Data   RO         2855    .constdata          tz_send.o
    0x0003e568   0x00000234   Data   RO         2943    .constdata          tzv2.1.o
    0x0003e79c   0x00000020   Data   RO         3049    .constdata          _nandflash512.o
    0x0003e7bc   0x00000020   Data   RO         3094    .constdata          _spiflash512.o
    0x0003e7dc   0x000000ac   Data   RO         3146    .constdata          _flash.o
    0x0003e888   0x00000010   Data   RO         3201    .constdata          _rwflashlgc.o
    0x0003e898   0x000007dc   Data   RO         3225    .constdata          _filedata.o
    0x0003f074   0x00000040   Data   RO         3337    .constdata          takedata.o
    0x0003f0b4   0x00000178   Data   RO         3369    .constdata          appsendagreeon.o
    0x0003f22c   0x0000016a   Data   RO         3507    .constdata          appgprs.o
    0x0003f396   0x00000002   PAD
    0x0003f398   0x00000124   Data   RO         3666    .constdata          opensensor.o
    0x0003f4bc   0x000002a4   Data   RO         3796    .constdata          accoper.o
    0x0003f760   0x00000104   Data   RO         3941    .constdata          appagreedatasensor.o
    0x0003f864   0x00000010   Data   RO         4115    .constdata          space.o
    0x0003f874   0x000001d8   Data   RO         4139    .constdata          jugeoper.o
    0x0003fa4c   0x0000005c   Data   RO         4156    .constdata          warningupate.o
    0x0003faa8   0x000000f0   Data   RO         4180    .constdata          displayoper.o
    0x0003fb98   0x00000028   Data   RO         4224    .constdata          messageandphone.o
    0x0003fbc0   0x00000038   Data   RO         4241    .constdata          logonserver.o
    0x0003fbf8   0x0000007c   Data   RO         4400    .constdata          openandclose.o
    0x0003fc74   0x00000004   PAD
    0x0003fc78   0x00000030   Data   RO         4915    .constdata          cos_i.o(m_ts.l)
    0x0003fca8   0x000000c0   Data   RO         4918    .constdata          rred.o(m_ts.l)
    0x0003fd68   0x00000028   Data   RO         4921    .constdata          sin_i.o(m_ts.l)
    0x0003fd90   0x00000218   Data   RO          733    .conststring        huaiweigprs.o
    0x0003ffa8   0x00000003   Data   RO          787    .conststring        gprshard.o
    0x0003ffab   0x00000038   Data   RO         1212    .conststring        gps.o
    0x0003ffe3   0x0000002c   Data   RO         2673    .conststring        ftp.o
    0x0004000f   0x00000032   Data   RO         3147    .conststring        _flash.o
    0x00040041   0x000000a1   Data   RO         3226    .conststring        _filedata.o
    0x000400e2   0x00000002   PAD
    0x000400e4   0x00000020   Data   RO         5030    Region$$Table       anon$$obj.o


    Execution Region RW_IRAM1 (Base: 0x40000000, Size: 0x000079a0, Max: 0x00008000, ABSOLUTE, COMPRESSED[0x000000f4])

    Base Addr    Size         Type   Attr      Idx    E Section Name        Object

    0x40000000   0x00000004   Data   RW           76    .data               os_cpu_c.o
    0x40000004   0x00000044   Data   RW          118    .data               os_core.o
    0x40000048   0x00000004   Data   RW          291    .data               _ascnumber.o
    0x4000004c   0x0000002c   Data   RW          410    .data               _can.o
    0x40000078   0x00000004   Data   RW          456    .data               _rtc.o
    0x4000007c   0x00000005   Data   RW          516    .data               _spi.o
    0x40000081   0x00000003   PAD
    0x40000084   0x0000005e   Data   RW          562    .data               _uart.o
    0x400000e2   0x00000002   PAD
    0x400000e4   0x00000004   Data   RW          609    .data               adchard.o
    0x400000e8   0x0000000a   Data   RW          660    .data               ds18b20.o
    0x400000f2   0x00000002   PAD
    0x400000f4   0x0000000c   Data   RW          731    .data               huaiweigprs.o
    0x40000100   0x0000000c   Data   RW          785    .data               gprshard.o
    0x4000010c   0x0000000b   Data   RW          864    .data               less.o
    0x40000117   0x00000001   PAD
    0x40000118   0x0000000c   Data   RW          949    .data               acc.o
    0x40000124   0x0000000d   Data   RW         1019    .data               oil.o
    0x40000131   0x00000003   PAD
    0x40000134   0x00000040   Data   RW         1094    .data               sensor.o
    0x40000174   0x00000008   Data   RW         1210    .data               gps.o
    0x4000017c   0x00000005   Data   RW         1289    .data               display.o
    0x40000181   0x00000003   PAD
    0x40000184   0x00000016   Data   RW         1413    .data               temperture.o
    0x4000019a   0x00000002   PAD
    0x4000019c   0x0000000d   Data   RW         1502    .data               mileage.o
    0x400001a9   0x00000003   PAD
    0x400001ac   0x00000008   Data   RW         1591    .data               gprstzxy.o
    0x400001b4   0x00000008   Data   RW         1661    .data               uarttzxy.o
    0x400001bc   0x0000000b   Data   RW         1731    .data               arealrm.o
    0x400001c7   0x00000001   PAD
    0x400001c8   0x0000000c   Data   RW         1816    .data               help.o
    0x400001d4   0x00000005   Data   RW         1886    .data               onoroff.o
    0x400001d9   0x00000003   PAD
    0x400001dc   0x00000005   Data   RW         1956    .data               adc1.o
    0x400001e1   0x00000003   PAD
    0x400001e4   0x00000020   Data   RW         2023    .data               smstzxy.o
    0x40000204   0x0000000c   Data   RW         2115    .data               _rwfile.o
    0x40000210   0x00000004   Data   RW         2183    .data               _downfile.o
    0x40000214   0x00000010   Data   RW         2229    .data               sensorcontr.o
    0x40000224   0x00000063   Data   RW         2304    .data               gprs.o
    0x40000287   0x00000001   PAD
    0x40000288   0x0000000f   Data   RW         2411    .data               timer.o
    0x40000297   0x00000001   PAD
    0x40000298   0x0000000e   Data   RW         2496    .data               photo.o
    0x400002a6   0x00000002   PAD
    0x400002a8   0x00000008   Data   RW         2589    .data               gpsandmileage.o
    0x400002b0   0x00000024   Data   RW         2671    .data               ftp.o
    0x400002d4   0x00000004   Data   RW         2769    .data               tz_agreen.o
    0x400002d8   0x00000016   Data   RW         2942    .data               tzv2.1.o
    0x400002ee   0x00000002   PAD
    0x400002f0   0x00000004   Data   RW         3200    .data               _rwflashlgc.o
    0x400002f4   0x00000034   Data   RW         3368    .data               appsendagreeon.o
    0x40000328   0x00000028   Data   RW         3506    .data               appgprs.o
    0x40000350   0x00000002   Data   RW         3795    .data               accoper.o
    0x40000352   0x00000002   PAD
    0x40000354   0x0000000c   Data   RW         3940    .data               appagreedatasensor.o
    0x40000360   0x0000001f   Data   RW         4114    .data               space.o
    0x4000037f   0x00000001   PAD
    0x40000380   0x00000004   Data   RW         4155    .data               warningupate.o
    0x40000384   0x00000001   Data   RW         4179    .data               displayoper.o
    0x40000385   0x00000001   Data   RW         4223    .data               messageandphone.o
    0x40000386   0x00000002   PAD
    0x40000388   0x00000012   Data   RW         4240    .data               logonserver.o
    0x4000039a   0x00000002   PAD
    0x4000039c   0x0000002e   Data   RW         4399    .data               openandclose.o
    0x400003ca   0x00000002   PAD
    0x400003cc   0x0000001c   Data   RW         4545    .data               updatesoftware.o
    0x400003e8   0x00000008   Data   RW         4784    .data               rand.o(c_t.l)
    0x400003f0   0x00001704   Zero   RW          120    .bss                os_core.o
    0x40001af4   0x00000140   Zero   RW          411    .bss                _can.o
    0x40001c34   0x00000060   Zero   RW          611    .bss                adchard.o
    0x40001c94   0x00000120   Zero   RW          866    .bss                less.o
    0x40001db4   0x00000028   Zero   RW         1021    .bss                oil.o
    0x40001ddc   0x00000208   Zero   RW         1096    .bss                sensor.o
    0x40001fe4   0x00000064   Zero   RW         1213    .bss                gps.o
    0x40002048   0x00000020   Zero   RW         1415    .bss                temperture.o
    0x40002068   0x00000068   Zero   RW         1504    .bss                mileage.o
    0x400020d0   0x0000006c   Zero   RW         1733    .bss                arealrm.o
    0x4000213c   0x000002e7   Zero   RW         2025    .bss                smstzxy.o
    0x40002423   0x00000001   PAD
    0x40002424   0x000005a0   Zero   RW         2117    .bss                _rwfile.o
    0x400029c4   0x0000023c   Zero   RW         2185    .bss                _downfile.o
    0x40002c00   0x00000c7a   Zero   RW         2231    .bss                sensorcontr.o
    0x4000387a   0x00000002   PAD
    0x4000387c   0x000000b8   Zero   RW         2306    .bss                gprs.o
    0x40003934   0x00000078   Zero   RW         2413    .bss                timer.o
    0x400039ac   0x00000490   Zero   RW         2498    .bss                photo.o
    0x40003e3c   0x00000070   Zero   RW         2591    .bss                gpsandmileage.o
    0x40003eac   0x000007d4   Zero   RW         2674    .bss                ftp.o
    0x40004680   0x00000864   Zero   RW         2944    .bss                tzv2.1.o
    0x40004ee4   0x00000018   Zero   RW         3202    .bss                _rwflashlgc.o
    0x40004efc   0x00000144   Zero   RW         3227    .bss                _filedata.o
    0x40005040   0x0000120c   Zero   RW         3370    .bss                appsendagreeon.o
    0x4000624c   0x00000154   Zero   RW         3508    .bss                appgprs.o
    0x400063a0   0x00000090   Zero   RW         3797    .bss                accoper.o
    0x40006430   0x00000614   Zero   RW         4242    .bss                logonserver.o
    0x40006a44   0x00000014   Zero   RW         4401    .bss                openandclose.o
    0x40006a58   0x00000564   Zero   RW         4546    .bss                updatesoftware.o
    0x40006fbc   0x00000400   Zero   RW         4599    .bss                _init.o
    0x400073bc   0x000000dc   Zero   RW         4785    .bss                rand.o(c_t.l)
    0x40007498   0x00000060   Zero   RW         4926    .bss                libspace.o(c_t.l)
    0x400074f8   0x00000001   Zero   RW           68    HEAP                startup.o
    0x400074f9   0x00000007   PAD
    0x40007500   0x00000420   Zero   RW           67    STACK               startup.o
    0x40007920   0x00000080   Zero   RW          114    SWIStacks           os_cpu_a.o


================================================================================

Image component sizes


      Code (inc. data)   RO Data    RW Data    ZI Data      Debug   Object Name

      1128         16        300          0          0       5459   _arithmetic.o
      7600         40        242          4          0      21781   _ascnumber.o
      2220         56          0         44        320      13921   _can.o
      2760          4         16          0          0       7229   _date.o
      2860         28         40          4        572       8731   _downfile.o
       828          8       2173          0        324      41911   _filedata.o
      1700          4        222          0          0       6887   _flash.o
      1280        100          0          0       1024      38488   _init.o
      3496         12         32          0          0       9410   _nandflash512.o
       804         24         12          4          0      11688   _rtc.o
      9960         52         60         12       1440      29518   _rwfile.o
      2340         24         16          4         24       4996   _rwflashlgc.o
      1320         32         36          5          0      12912   _spi.o
      2056         16         32          0          0       8469   _spiflash512.o
      7840        216         20         94          0      23417   _uart.o
       880         32         36         12          0      19007   acc.o
      2988         72        676          2        144      32971   accoper.o
       556         16         48          5          0      19944   adc1.o
      2068         52         52          4         96      13587   adchard.o
      1988         84        260         12          0      30231   appagreedatasensor.o
     12004        244        362         40        340      67253   appgprs.o
     15500        184        376         52       4620      57638   appsendagreeon.o
      2520         64         40         11        108      21330   arealrm.o
      5024         64        436          5          0      44562   display.o
      3724         68        240          1          0      12245   displayoper.o
      2088         24        276         10          0      14687   ds18b20.o
      5464        164        104         36       2004      30997   ftp.o
     12072        188        120         99        184      40003   gprs.o
      2560         56        211         12          0      17024   gprshard.o
       636         16         40          8          0      18908   gprstzxy.o
      4016         80        168          8        100      28643   gps.o
      1212         48         16          8        112      20748   gpsandmileage.o
       844         28         36         12          0      19044   help.o
     11724        128       2231         12          0      35207   huaiweigprs.o
      1264         24          0          0          0        248   irq.o
       916         32        472          0          0       2737   jugeoper.o
      4028         72        120         11        288      27519   less.o
      3740        104         56         18       1556      52674   logonserver.o
      4048        196         40          1          0       6016   messageandphone.o
      2812         84         36         13        104      21019   mileage.o
      1204         44         48         13         40      20561   oil.o
       796         20         36          5          0      18999   onoroff.o
      1412         92        124         46         20      24535   openandclose.o
      1152         72        292          0          0      27418   opensensor.o
      2916        128        264         68       5892      12628   os_core.o
       272         36          0          0        128        276   os_cpu_a.o
       652          8          0          4          0       9960   os_cpu_c.o
      2880         24          0          0          0      10701   os_flag.o
      1352         12          0          0          0       3126   os_mbox.o
       728          8          0          0          0       2190   os_mem.o
      2236         20          0          0          0       4228   os_q.o
      1116         16          0          0          0       2566   os_sem.o
      2420         44          0          0          0       4547   os_task.o
       644         24          0          0          0       1582   os_time.o
      1824         60         20         14       1168      15801   photo.o
      1972         20         56         64        520      21413   sensor.o
       924         44        100         16       3194      29949   sensorcontr.o
      1880         52         36         32        743      20742   smstzxy.o
      2208         84         16         31          0       5139   space.o
       220         52          0          0       1057        460   startup.o
      4816         48         64          0          0      11181   takedata.o
      1236         72          0          0          0      44304   target.o
      1524         44         43         22         32      20368   temperture.o
      2020         36         36         15        120      14434   timer.o
     14708        120        356          4          0      31346   tz_agreen.o
     26260         88        196          0          0      40976   tz_send.o
      3212         72        564         22       2148      23911   tzv2.1.o
      1092         32         48          8          0      21805   uarttzxy.o
      1052         72          0         28       1380      13764   updatesoftware.o
      1044         48         92          4          0      13958   warningupate.o

    ------------------------------------------------------------------------
    238660       4252      12088       1000      29812    1371928   Object Totals
        20          4         32          0          0          0   (incl. Generated)
         0          0         12         41         10          1   (incl. Padding)

    ------------------------------------------------------------------------

      Code (inc. data)   RO Data    RW Data    ZI Data      Debug   Library Member Name

        92          0          0          0          0          0   __dczerorl2.o
         8          0          0          0          0          0   __main.o
        60          8          0          0          0          0   __scatter.o
        44          0          0          0          0          0   __scatter_zi.o
        34          0          0          0          0          0   _rserrno.o
        16          0          0          0          0          0   aeabi_memset.o
       412          0          0          0          0          0   aeabi_sdiv.o
        12          0          0          0          0          0   boardinit2.o
        16          0          0          0          0          0   boardinit3.o
       236         24          0          0          0          0   cos.o
       400         28         48          0          0          0   cos_i.o
       172          4          0          0          0          0   d2f.o
      1076         28          0          0          0          0   daddsub_noclz.o
        16          4          0          0          0          0   dcheck.o
        16          4          0          0          0          0   dcheck1.o
       128          0          0          0          0          0   dcmpin.o
      1216        144          0          0          0          0   ddiv.o
       176          4          0          0          0          0   dfix.o
        88          0          0          0          0          0   dflt_noclz.o
       136          4          0          0          0          0   dleqf.o
       476         16          0          0          0          0   dmul.o
       508         12          0          0          0          0   drem.o
       392          8          0          0          0          0   dsqrt.o
       276          0          0          0          0          0   dunder.o
        12          0          0          0          0          0   exit.o
       100          4          0          0          0          0   f2d.o
       624          8          0          0          0          0   faddsub_noclz.o
        12          4          0          0          0          0   fcheck.o
        12          4          0          0          0          0   fcheck1.o
       100          0          0          0          0          0   fcmpin.o
        96          4          0          0          0          0   ffixu.o
       100          0          0          0          0          0   fflt_noclz.o
       264          4          0          0          0          0   fmul.o
       148          0          0          0          0          0   fnorm2_noclz.o
        28          0          0          0          0          0   fpinit.o
       132          4          0          0          0          0   frleqf.o
       144          0          0          0          0          0   funder.o
       104          4          0          0          0          0   kernel.o
       234          4          0          0          0          0   lib_init.o
        12          4          0          0         96          0   libspace.o
        42          0          0          0          0          0   memchr.o
         6          0          0          0          0          0   no_argv.o
       248          0          0          0          0          0   poly.o
       128         18          0          8        220          0   rand.o
       116          0          0          0          0          0   retnan.o
      1196        104        192          0          0          0   rred.o
        20          4          0          0          0          0   rt_errno_addr_intlibspace.o
        16          4          0          0          0          0   rt_fp_status_addr_intlibspace.o
        20          4          0          0          0          0   rt_locale_intlibspace.o
        64          0          0          0          0          0   rt_memclr.o
        84          0          0          0          0          0   rt_memclr_w.o
       100          0          0          0          0          0   rt_memcpy_w.o
        16          4          0          0          0          0   rt_stackheap_storage_intlibspace.o
       108          0          0          0          0          0   scalbn_noclz.o
       252         24          0          0          0          0   sin.o
       376         12         40          0          0          0   sin_i.o
       120         20          0          0          0          0   sqrt.o
        64          0          0          0          0          0   stkheap2.o
        80          4          0          0          0          0   strlen.o
        24          8          0          0          0          0   sys_exit.o
        96          0          0          0          0          0   sys_stackheap_outer.o
        60          0          0          0          0          0   trapv.o
         4          0          0          0          0          0   use_no_semi.o
         0          0          0          0          0          0   usenofp.o

    ------------------------------------------------------------------------
     11376        538        280          8        316          0   Library Totals
         8          0          0          0          0          0   (incl. Padding)

    ------------------------------------------------------------------------

      Code (inc. data)   RO Data    RW Data    ZI Data      Debug   Library Name

      1820         66          0          8        316          0   c_t.l
      6720        260          0          0          0          0   fz_ts.l
      2828        212        280          0          0          0   m_ts.l

    ------------------------------------------------------------------------
     11376        538        280          8        316          0   Library Totals

    ------------------------------------------------------------------------

================================================================================


      Code (inc. data)   RO Data    RW Data    ZI Data      Debug   

    250036       4790      12368       1008      30128    1371928   Grand Totals
    250036       4790      12368        244      30128    1371928   ELF Image Totals (compressed)
    250036       4790      12368        244          0          0   ROM Totals

================================================================================

    Total RO  Size (Code + RO Data)               262404 ( 256.25kB)
    Total RW  Size (RW Data + ZI Data)             31136 (  30.41kB)
    Total ROM Size (Code + RO Data + RW Data)     262648 ( 256.49kB)

================================================================================

