ARM Linker, RVCT3.1 [Build 942] for uVision [Standard]

================================================================================

Section Cross References

    target.o(.text) refers to os_core.o(.text) for OSTimeTick
    target.o(.text) refers to rand.o(.text) for srand
    target.o(.text) refers to irq.o(IRQ) for EINT2_Handler
    irq.o(IRQ) refers to target.o(.text) for IRQ_Exception
    irq.o(IRQ) refers to os_core.o(.text) for OSIntExit
    irq.o(IRQ) refers to _uart.o(.text) for UART0_Exception
    irq.o(IRQ) refers to _can.o(.text) for CAN_Exception
    irq.o(IRQ) refers to os_core.o(.data) for OSIntNesting
    irq.o(IRQ) refers to startup.o(STACK) for StackUsr
    irq.o(IRQ) refers to os_cpu_c.o(.data) for OsEnterSum
    irq.o(IRQ) refers to os_cpu_a.o(subr) for OSIntCtxSw
    startup.o(STACK) refers (Special) to stkheap2.o(.text) for __use_two_region_memory
    startup.o(HEAP) refers (Special) to stkheap2.o(.text) for __use_two_region_memory
    startup.o(RESET) refers to os_cpu_a.o(subr) for SoftwareInterrupt
    startup.o(RESET) refers to target.o(.text) for FIQ_Exception
    startup.o(RESET) refers to startup.o(STACK) for Stack_Top
    startup.o(RESET) refers to __main.o(!!!main) for __main
    startup.o(RESET) refers (Special) to stkheap2.o(.text) for __use_two_region_memory
    startup.o(.text) refers to startup.o(HEAP) for Heap_Mem
    startup.o(.text) refers to startup.o(STACK) for Stack_Mem
    startup.o(.text) refers (Special) to stkheap2.o(.text) for __use_two_region_memory
    os_cpu_c.o(.text) refers to target.o(.text) for WatchDog
    os_cpu_c.o(.text) refers to os_cpu_c.o(.data) for OsEnterSum
    os_cpu_c.o(.text) refers to os_core.o(.bss) for OSTCBPrioTbl
    os_cpu_a.o(subr) refers to os_cpu_c.o(.text) for SWI_Exception
    os_cpu_a.o(subr) refers to os_cpu_a.o(SWIStacks) for SvcStackSpace
    os_cpu_a.o(subr) refers to os_cpu_c.o(.data) for OsEnterSum
    os_cpu_a.o(subr) refers to os_core.o(.data) for OSTCBCur
    os_core.o(.text) refers to os_time.o(.text) for OSTimeDly
    os_core.o(.text) refers to aeabi_sdiv.o(.text_udiv) for __aeabi_uidivmod
    os_core.o(.text) refers to os_cpu_c.o(.text) for OSTaskStatHook
    os_core.o(.text) refers to os_task.o(.text) for OSTaskCreateExt
    os_core.o(.text) refers to os_flag.o(.text) for OS_FlagInit
    os_core.o(.text) refers to os_mem.o(.text) for OS_MemInit
    os_core.o(.text) refers to os_q.o(.text) for OS_QInit
    os_core.o(.text) refers to os_core.o(.data) for OSStatRdy
    os_core.o(.text) refers to os_core.o(.bss) for OSTaskStatStk
    os_core.o(.text) refers to os_core.o(.constdata) for OSUnMapTbl
    os_flag.o(.text) refers to os_core.o(.text) for OS_Sched
    os_flag.o(.text) refers to os_core.o(.data) for OSIntNesting
    os_flag.o(.text) refers to os_core.o(.bss) for OSFlagTbl
    os_mbox.o(.text) refers to os_core.o(.text) for OS_EventWaitListInit
    os_mbox.o(.text) refers to os_core.o(.data) for OSIntNesting
    os_mem.o(.text) refers to os_core.o(.data) for OSMemFreeList
    os_mem.o(.text) refers to os_core.o(.bss) for OSMemTbl
    os_mutex.o(.text) refers to os_core.o(.text) for OS_EventWaitListInit
    os_mutex.o(.text) refers to os_core.o(.data) for OSIntNesting
    os_mutex.o(.text) refers to os_core.o(.bss) for OSTCBPrioTbl
    os_mutex.o(.text) refers to os_core.o(.constdata) for OSMapTbl
    os_q.o(.text) refers to os_core.o(.text) for OS_EventWaitListInit
    os_q.o(.text) refers to os_core.o(.data) for OSIntNesting
    os_q.o(.text) refers to os_core.o(.bss) for OSQTbl
    os_sem.o(.text) refers to os_core.o(.text) for OS_EventWaitListInit
    os_sem.o(.text) refers to os_core.o(.data) for OSIntNesting
    os_task.o(.text) refers to os_core.o(.text) for OS_Sched
    os_task.o(.text) refers to os_cpu_c.o(.text) for OSTaskStkInit
    os_task.o(.text) refers to rt_memclr_w.o(.text) for __aeabi_memclr4
    os_task.o(.text) refers to os_flag.o(.text) for OS_FlagUnlink
    os_task.o(.text) refers to rt_memcpy_w.o(.text) for __aeabi_memcpy4
    os_task.o(.text) refers to os_core.o(.bss) for OSTCBPrioTbl
    os_task.o(.text) refers to os_core.o(.constdata) for OSMapTbl
    os_task.o(.text) refers to os_core.o(.data) for OSTCBCur
    os_time.o(.text) refers to os_core.o(.text) for OS_Sched
    os_time.o(.text) refers to aeabi_sdiv.o(.text_udiv) for __aeabi_uidivmod
    os_time.o(.text) refers to os_core.o(.data) for OSTCBCur
    os_time.o(.text) refers to os_core.o(.bss) for OSTCBPrioTbl
    _arithmetic.o(.text) refers to _arithmetic.o(.constdata) for .constdata
    _arithmetic.o(.constdata) refers to _arithmetic.o(.text) for nand_calculate_ecc
    _ascnumber.o(.text) refers to aeabi_sdiv.o(.text_udiv) for __aeabi_uidivmod
    _ascnumber.o(.text) refers to aeabi_sdiv.o(.text) for __aeabi_idivmod
    _ascnumber.o(.text) refers to memchr.o(.text) for memchr
    _ascnumber.o(.text) refers to _ascnumber.o(.constdata) for FixPointValue
    _ascnumber.o(.text) refers to _ascnumber.o(.data) for CN_st_File_GBK
[...]
    .bss                                     0x40002060   Section     1440  _rwfile.o(.bss)
    .bss                                     0x40002600   Section     2668  sensorcontr.o(.bss)
    CN_st_Affair_Sensor                      0x40002600   Data         160  sensorcontr.o(.bss)
    CN_st_Affair_Sensor_OperData             0x400026a0   Data          60  sensorcontr.o(.bss)
    X_BUF                                    0x400026dc   Data         400  sensorcontr.o(.bss)
    STK                                      0x4000286c   Data        2048  sensorcontr.o(.bss)
    .bss                                     0x4000306c   Section      180  gprs.o(.bss)
    .bss                                     0x40003120   Section      660  timer.o(.bss)
    Timer_Stk                                0x40003190   Data         512  timer.o(.bss)
    CN_st_Data_Gps                           0x40003390   Data          36  timer.o(.bss)
    .bss                                     0x400033b4   Section     1592  photo.o(.bss)
    .bss                                     0x400039ec   Section     1136  gpsandmileage.o(.bss)
    .bss                                     0x40003e5c   Section     2148  tzv2.1.o(.bss)
    CN_st_AgreeOn_OpenPar                    0x40003e5c   Data          72  tzv2.1.o(.bss)
    BigBuf                                   0x40003ea4   Data        2048  tzv2.1.o(.bss)
    CN_st_st_AgreeOn_Dev_Par                 0x400046a4   Data          16  tzv2.1.o(.bss)
    CN_st_Appair_Tzv2                        0x400046b4   Data          12  tzv2.1.o(.bss)
    .bss                                     0x400046c0   Section       24  _rwflashlgc.o(.bss)
    .bss                                     0x400046d8   Section      324  _filedata.o(.bss)
    .bss                                     0x4000481c   Section      512  takedata.o(.bss)
    X_BUF                                    0x4000481c   Data         512  takedata.o(.bss)
    .bss                                     0x40004a1c   Section     2060  appsendagreeon.o(.bss)
    X_BUF                                    0x40004a1c   Data        2048  appsendagreeon.o(.bss)
    .bss                                     0x40005228   Section      144  accoper.o(.bss)
    AddTimerNumber                           0x40005228   Data          72  accoper.o(.bss)
    EndTimerNumber                           0x40005270   Data          72  accoper.o(.bss)
    .bss                                     0x400052b8   Section     2048  warningupate.o(.bss)
    .bss                                     0x40005ab8   Section     1054  logonserver.o(.bss)
    .bss                                     0x40005ed8   Section       20  openandclose.o(.bss)
    CN_st_BoxData_LogOnServer                0x40005ed8   Data          20  openandclose.o(.bss)
    .bss                                     0x40005eec   Section     1024  _init.o(.bss)
    .bss                                     0x400062ec   Section      220  rand.o(.bss)
    _random_number_seed                      0x400062ec   Data         220  rand.o(.bss)
    .bss                                     0x400063c8   Section       96  libspace.o(.bss)
    HEAP                                     0x40006428   Section        1  startup.o(HEAP)
    Heap_Mem                                 0x40006428   Data           1  startup.o(HEAP)
    STACK                                    0x40006430   Section     1056  startup.o(STACK)
    Stack_Mem                                0x40006430   Data        1056  startup.o(STACK)
    SWIStacks                                0x40006850   Section      128  os_cpu_a.o(SWIStacks)
    Stack_Top                                0x40006850   Data           0  startup.o(STACK)
    SvcStackSpace                            0x40006850   Data         128  os_cpu_a.o(SWIStacks)

    Global Symbols

    Symbol Name                              Value     Ov Type        Size  Object(Section)

    BuildAttributes$$THM_ISAv1$ARM_ISAv4$M$S$PE$A:L22$X:L11$S22$IEEE1$IW$USESV6$~STKCKD$USESV7$~SHL$OSPACE$EBA8$STANDARDLIB$REQ8$PRES8$EABIv2 0x00000000   Number         0  anon$$obj.o ABSOLUTE
    __ARM_use_no_argv                        0x00000000   Number         0  _init.o ABSOLUTE
    __ARM_exceptions_init                     - Undefined Weak Reference
    __Heap_DescSize                           - Undefined Weak Reference
    __alloca_initialize                       - Undefined Weak Reference
    __cpp_initialize__aeabi_                  - Undefined Weak Reference
    __cxa_finalize                            - Undefined Weak Reference
    __fpl_infinity                            - Undefined Weak Reference
    __sigvec_lookup                           - Undefined Weak Reference
    __user_heap_extend                        - Undefined Weak Reference
    _atexit_init                              - Undefined Weak Reference
    _call_atexit_fns                          - Undefined Weak Reference
    _clock_init                               - Undefined Weak Reference
    _fp_trap_init                             - Undefined Weak Reference
    _get_lc_collate                           - Undefined Weak Reference
    _get_lc_ctype                             - Undefined Weak Reference
    _get_lc_monetary                          - Undefined Weak Reference
    _get_lc_numeric                           - Undefined Weak Reference
    _get_lc_time                              - Undefined Weak Reference
    _getenv_init                              - Undefined Weak Reference
    _handle_redirection                       - Undefined Weak Reference
    _init_alloc                               - Undefined Weak Reference
    _init_user_alloc                          - Undefined Weak Reference
    _initio                                   - Undefined Weak Reference
    _signal_init                              - Undefined Weak Reference
    _terminate_user_alloc                     - Undefined Weak Reference
    _terminateio                              - Undefined Weak Reference
    Reset_Handler                            0x00000058   ARM Code       0  startup.o(RESET)
    __main                                   0x000000b8   ARM Code       8  __main.o(!!!main)
    __scatterload                            0x000000c0   ARM Code       0  __scatter.o(!!!scatter)
    __scatterload_rt2                        0x000000c0   ARM Code      52  __scatter.o(!!!scatter)
    __scatterload_null                       0x000000d4   ARM Code       0  __scatter.o(!!!scatter)
    __decompress                             0x000000fc   ARM Code      92  __dczerorl2.o(!!dczerorl2)
    __decompress1                            0x000000fc   ARM Code       0  __dczerorl2.o(!!dczerorl2)
    __scatterload_zeroinit                   0x00000158   ARM Code      44  __scatter_zi.o(!!handler_zi)
    Inline Thumb to ARM Veneer to __ARM_argv_veneer 0x00000185   Thumb Code     4  lib_init.o(.emb_text)
    __ARM_argv_veneer                        0x00000188   ARM Code      16  lib_init.o(.emb_text)
    ConfigurePLL                             0x00000198   ARM Code     304  target.o(.text)
    GPIOResetInit                            0x000002c8   ARM Code     120  target.o(.text)
    init_VIC                                 0x00000340   ARM Code      88  target.o(.text)
    TargetResetInit                          0x00000398   ARM Code      92  target.o(.text)
    Install_IRQ                              0x000003f4   ARM Code      92  target.o(.text)
    init_port                                0x00000450   ARM Code      72  target.o(.text)
    IRQ_Exception                            0x00000498   ARM Code       8  target.o(.text)
    FIQ_Exception                            0x000004a0   ARM Code       8  target.o(.text)
    Timer0_Exception                         0x000004a8   ARM Code      36  target.o(.text)
    Timer0Init                               0x000004cc   ARM Code      48  target.o(.text)
    VIC_Setup                                0x000004fc   ARM Code     156  target.o(.text)
    TargetInit                               0x000005b0   ARM Code      44  target.o(.text)
    WatchDog                                 0x000005dc   ARM Code      72  target.o(.text)
    __user_initial_stackheap                 0x0000066c   ARM Code       0  startup.o(.text)
    OSTaskStkInit                            0x00000690   ARM Code     232  os_cpu_c.o(.text)
    SWI_Exception                            0x00000778   ARM Code     336  os_cpu_c.o(.text)
    OSStartHighRdy                           0x000008c8   ARM Code      16  os_cpu_c.o(.text)
    OSInitHookBegin                          0x000008d8   ARM Code       4  os_cpu_c.o(.text)
    OSInitHookEnd                            0x000008dc   ARM Code       4  os_cpu_c.o(.text)
    OSTaskCreateHook                         0x000008e0   ARM Code       8  os_cpu_c.o(.text)
    OSTaskDelHook                            0x000008e8   ARM Code       8  os_cpu_c.o(.text)
    OSTaskSwHook                             0x000008f0   ARM Code       4  os_cpu_c.o(.text)
    OSTaskStatHook                           0x000008f4   ARM Code       4  os_cpu_c.o(.text)
    OSTCBInitHook                            0x000008f8   ARM Code       8  os_cpu_c.o(.text)
    OSTimeTickHook                           0x00000900   ARM Code       4  os_cpu_c.o(.text)
    OSTaskIdleHook                           0x00000904   ARM Code      16  os_cpu_c.o(.text)
    OS_TaskStat                              0x0000091c   ARM Code     220  os_core.o(.text)
    OS_TaskIdle                              0x00000a3c   ARM Code      48  os_core.o(.text)
    OSInit                                   0x00000c24   ARM Code      56  os_core.o(.text)
    OSIntEnter                               0x00000c5c   ARM Code      56  os_core.o(.text)
    OSIntExit                                0x00000c94   ARM Code     240  os_core.o(.text)
    OSSchedLock                              0x00000d84   ARM Code      72  os_core.o(.text)
    OS_Sched                                 0x00000dcc   ARM Code     168  os_core.o(.text)
    OSSchedUnlock                            0x00000e74   ARM Code     124  os_core.o(.text)
    OSStart                                  0x00000ef0   ARM Code     132  os_core.o(.text)
    OSStatInit                               0x00000f74   ARM Code      84  os_core.o(.text)
    OSTimeTick                               0x00000fc8   ARM Code     212  os_core.o(.text)
    OSVersion                                0x0000109c   ARM Code       8  os_core.o(.text)
    OS_Dummy                                 0x000010a4   ARM Code       4  os_core.o(.text)
    OS_EventTaskRdy                          0x000010a8   ARM Code     188  os_core.o(.text)
    OS_EventTaskWait                         0x00001164   ARM Code     188  os_core.o(.text)
    OS_EventTO                               0x00001220   ARM Code     116  os_core.o(.text)
    OS_EventWaitListInit                     0x00001294   ARM Code      28  os_core.o(.text)
    OS_TCBInit                               0x000012b0   ARM Code     336  os_core.o(.text)
    OSFlagAccept                             0x00001480   ARM Code     440  os_flag.o(.text)
    OSFlagCreate                             0x00001638   ARM Code     144  os_flag.o(.text)
    OS_FlagUnlink                            0x000016c8   ARM Code      84  os_flag.o(.text)
    OSFlagDel                                0x000017a8   ARM Code     344  os_flag.o(.text)
    OSFlagPend                               0x000019dc   ARM Code     816  os_flag.o(.text)
    OSFlagPost                               0x00001d0c   ARM Code     496  os_flag.o(.text)
    OSFlagQuery                              0x00001efc   ARM Code      96  os_flag.o(.text)
    OS_FlagInit                              0x00001f5c   ARM Code      76  os_flag.o(.text)
    OSMboxAccept                             0x00001fc0   ARM Code      76  os_mbox.o(.text)
    OSMboxCreate                             0x0000200c   ARM Code     128  os_mbox.o(.text)
    OSMboxDel                                0x0000208c   ARM Code     344  os_mbox.o(.text)
    OSMboxPend                               0x000021e4   ARM Code     316  os_mbox.o(.text)
    OSMboxPost                               0x00002320   ARM Code     156  os_mbox.o(.text)
    OSMboxPostOpt                            0x000023bc   ARM Code     204  os_mbox.o(.text)
    OSMboxQuery                              0x00002488   ARM Code     116  os_mbox.o(.text)
    OSMemCreate                              0x00002508   ARM Code     252  os_mem.o(.text)
    OSMemGet                                 0x00002604   ARM Code     120  os_mem.o(.text)
    OSMemPut                                 0x0000267c   ARM Code     116  os_mem.o(.text)
    OSMemQuery                               0x000026f0   ARM Code     120  os_mem.o(.text)
    OS_MemInit                               0x00002768   ARM Code     112  os_mem.o(.text)
    OSQAccept                                0x000027e0   ARM Code     140  os_q.o(.text)
    OSQCreate                                0x0000286c   ARM Code     240  os_q.o(.text)
    OSQDel                                   0x0000295c   ARM Code     392  os_q.o(.text)
    OSQFlush                                 0x00002ae4   ARM Code      92  os_q.o(.text)
    OSQPend                                  0x00002b40   ARM Code     364  os_q.o(.text)
    OSQPost                                  0x00002cac   ARM Code     216  os_q.o(.text)
    OSQPostFront                             0x00002d84   ARM Code     220  os_q.o(.text)
    OSQPostOpt                               0x00002e60   ARM Code     320  os_q.o(.text)
    OSQQuery                                 0x00002fa0   ARM Code     164  os_q.o(.text)
    OS_QInit                                 0x00003044   ARM Code      68  os_q.o(.text)
    OSSemAccept                              0x0000309c   ARM Code      88  os_sem.o(.text)
    OSSemCreate                              0x000030f4   ARM Code     128  os_sem.o(.text)
    OSSemDel                                 0x00003174   ARM Code     344  os_sem.o(.text)
    OSSemPend                                0x000032cc   ARM Code     272  os_sem.o(.text)
    OSSemPost                                0x000033dc   ARM Code     152  os_sem.o(.text)
    OSSemQuery                               0x00003474   ARM Code     116  os_sem.o(.text)
    OSTaskChangePrio                         0x000034f8   ARM Code     460  os_task.o(.text)
    OSTaskCreate                             0x000036c4   ARM Code     236  os_task.o(.text)
    OSTaskCreateExt                          0x000037b0   ARM Code     288  os_task.o(.text)
    OSTaskDel                                0x000038d0   ARM Code     508  os_task.o(.text)
    OSTaskDelReq                             0x00003acc   ARM Code     140  os_task.o(.text)
    OSTaskResume                             0x00003b58   ARM Code     192  os_task.o(.text)
    OSTaskStkChk                             0x00003c18   ARM Code     192  os_task.o(.text)
    OSTaskSuspend                            0x00003cd8   ARM Code     240  os_task.o(.text)
    OSTaskQuery                              0x00003dc8   ARM Code     120  os_task.o(.text)
    OSTimeDly                                0x00003e6c   ARM Code     140  os_time.o(.text)
    OSTimeDlyHMSM                            0x00003ef8   ARM Code     232  os_time.o(.text)
    OSTimeDlyResume                          0x00003fe0   ARM Code     184  os_time.o(.text)
    OSTimeGet                                0x00004098   ARM Code      32  os_time.o(.text)
    OSTimeSet                                0x000040b8   ARM Code      32  os_time.o(.text)
    CAN_Exception                            0x000073d4   ARM Code     404  _can.o(.text)
    Eint_Exception                           0x000095c8   ARM Code     148  _uart.o(.text)
    Timer1_Exception                         0x0000965c   ARM Code     308  _uart.o(.text)
    Timer2_Exception                         0x00009790   ARM Code     256  _uart.o(.text)
    UART0_Exception                          0x00009890   ARM Code     244  _uart.o(.text)
    UART1_Exception                          0x00009984   ARM Code     244  _uart.o(.text)
    UART2_Exception                          0x00009a78   ARM Code     280  _uart.o(.text)
    UART3_Exception                          0x00009b90   ARM Code     244  _uart.o(.text)
    FileData_BackSet                         0x0002888c   ARM Code     116  _filedata.o(.text)
    FileData_CheckFile                       0x00028900   ARM Code     504  _filedata.o(.text)
    main                                     0x00034e04   ARM Code      48  _init.o(.text)
    Inline ARM to Thumb Veneer to srand      0x00034e84   ARM Code       8  rand.o(.text)
    srand                                    0x00034e8d   Thumb Code    42  rand.o(.text)
    _rand_init                               0x00034eb7   Thumb Code     4  rand.o(.text)
    rand                                     0x00034ebb   Thumb Code    56  rand.o(.text)
    __aeabi_memset                           0x00034f04   ARM Code      16  aeabi_memset.o(.text)
    __aeabi_memcpy4                          0x00034f14   ARM Code       0  rt_memcpy_w.o(.text)
    __aeabi_memcpy8                          0x00034f14   ARM Code       0  rt_memcpy_w.o(.text)
    __rt_memcpy_w                            0x00034f14   ARM Code     100  rt_memcpy_w.o(.text)
    _memcpy_lastbytes_aligned                0x00034f60   ARM Code       0  rt_memcpy_w.o(.text)
    __aeabi_memclr4                          0x00034f78   ARM Code       0  rt_memclr_w.o(.text)
    __aeabi_memclr8                          0x00034f78   ARM Code       0  rt_memclr_w.o(.text)
    __rt_memclr_w                            0x00034f78   ARM Code      84  rt_memclr_w.o(.text)
    _memset_w                                0x00034f7c   ARM Code       0  rt_memclr_w.o(.text)
    Inline ARM to Thumb Veneer to strlen     0x00034fcc   ARM Code       8  strlen.o(.text)
    strlen                                   0x00034fd5   Thumb Code    68  strlen.o(.text)
    Inline ARM to Thumb Veneer to memchr     0x0003501c   ARM Code       8  memchr.o(.text)
    memchr                                   0x00035025   Thumb Code    34  memchr.o(.text)
    __aeabi_idiv                             0x00035048   ARM Code       0  aeabi_sdiv.o(.text)
    __aeabi_idivmod                          0x00035048   ARM Code     384  aeabi_sdiv.o(.text)
    __use_two_region_memory                  0x000351c8   ARM Code       4  stkheap2.o(.text)
    __rt_stackheap_init                      0x000351cc   ARM Code      36  stkheap2.o(.text)
    __rt_heap_extend                         0x000351f0   ARM Code      24  stkheap2.o(.text)
    __rt_entry                               0x00035208   ARM Code      76  kernel.o(.text)
    __rt_exit                                0x00035254   ARM Code      20  kernel.o(.text)
    __rt_abort                               0x00035268   ARM Code       8  kernel.o(.text)
    __user_setup_stackheap                   0x00035270   ARM Code      96  sys_stackheap_outer.o(.text)
    __rt_stackheap_storage                   0x000352d0   ARM Code      12  rt_stackheap_storage_intlibspace.o(.text)
    Inline ARM to Thumb Veneer to __set_errno 0x000352e0   ARM Code       8  _rserrno.o(.text)
    __read_errno                             0x000352e9   Thumb Code    14  _rserrno.o(.text)
    __set_errno                              0x000352f7   Thumb Code    12  _rserrno.o(.text)
    __aeabi_memclr                           0x00035304   ARM Code       0  rt_memclr.o(.text)
    __rt_memclr                              0x00035304   ARM Code      64  rt_memclr.o(.text)
    _memset                                  0x00035308   ARM Code       0  rt_memclr.o(.text)
    _sys_exit                                0x00035344   ARM Code      20  sys_exit.o(.text)
    __user_libspace                          0x0003535c   ARM Code       8  libspace.o(.text)
    __user_perproc_libspace                  0x0003535c   ARM Code       0  libspace.o(.text)
    __user_perthread_libspace                0x0003535c   ARM Code       0  libspace.o(.text)
    Inline Thumb to ARM Veneer to __aeabi_errno_addr 0x00035369   Thumb Code     4  rt_errno_addr_intlibspace.o(.text)
    __aeabi_errno_addr                       0x0003536c   ARM Code      12  rt_errno_addr_intlibspace.o(.text)
    __rt_errno_addr_intlibspace              0x0003536c   ARM Code       0  rt_errno_addr_intlibspace.o(.text)
    exit                                     0x0003537d   Thumb Code    12  exit.o(.text)
    Inline ARM to Thumb Veneer to __rt_lib_init 0x00035388   ARM Code       8  lib_init.o(.text)
    __rt_lib_init                            0x00035391   Thumb Code   184  lib_init.o(.text)
    __rt_lib_shutdown                        0x00035449   Thumb Code    22  lib_init.o(.text)
    _platform_post_stackheap_init            0x00035460   ARM Code      12  boardinit2.o(.text)
    _platform_post_lib_init                  0x0003546c   ARM Code      16  boardinit3.o(.text)
    __I_use_semihosting                      0x0003547c   ARM Code       0  use_no_semi.o(.text)
    __use_no_semihosting_swi                 0x0003547c   ARM Code       4  use_no_semi.o(.text)
    Inline Thumb to ARM Veneer to __rt_locale 0x00035481   Thumb Code     4  rt_locale_intlibspace.o(.text)
    __rt_locale                              0x00035484   ARM Code      12  rt_locale_intlibspace.o(.text)
    __ARM_get_argv                           0x00035495   Thumb Code     6  no_argv.o(.text)
    __rt_fp_status_addr                      0x0003549c   ARM Code      12  rt_fp_status_addr_intlibspace.o(.text)
    __aeabi_uidiv                            0x000354ac   ARM Code       0  aeabi_sdiv.o(.text_udiv)
    __aeabi_uidivmod                         0x000354ac   ARM Code      28  aeabi_sdiv.o(.text_udiv)
    IRQ_Handler                              0x000354c8   ARM Code       0  irq.o(IRQ)
    Timer0_Handler                           0x00035544   ARM Code       0  irq.o(IRQ)
    Uart0_Handler                            0x000355c0   ARM Code       0  irq.o(IRQ)
    Uart1_Handler                            0x0003563c   ARM Code       0  irq.o(IRQ)
    Uart2_Handler                            0x000356b8   ARM Code       0  irq.o(IRQ)
    Uart3_Handler                            0x00035734   ARM Code       0  irq.o(IRQ)
    CAN_Handler                              0x000357b0   ARM Code       0  irq.o(IRQ)
    Timer1_Handler                           0x0003582c   ARM Code       0  irq.o(IRQ)
    Timer2_Handler                           0x000358a8   ARM Code       0  irq.o(IRQ)
    EINT2_Handler                            0x00035924   ARM Code       0  irq.o(IRQ)
    Long ARM to Thumb Veneer to __rt_lib_shutdown 0x000359b8   ARM Code      12  anon$$obj.o(Veneer$$Code)
    Short Thumb to ARM Veneer to __rt_exit   0x000359c5   Thumb Code     8  anon$$obj.o(Veneer$$Code)
    __ieee754_rem_pio2                       0x000359cc   ARM Code    1172  rred.o(i.__ieee754_rem_pio2)
    __kernel_cos                             0x00035e78   ARM Code     372  cos_i.o(i.__kernel_cos)
    __kernel_poly                            0x00036008   ARM Code     248  poly.o(i.__kernel_poly)
    __kernel_sin                             0x00036100   ARM Code     364  sin_i.o(i.__kernel_sin)
    cos                                      0x00036278   ARM Code     212  cos.o(i.cos)
    sin                                      0x00036364   ARM Code     228  sin.o(i.sin)
    sqrt                                     0x00036460   ARM Code     100  sqrt.o(i.sqrt)
    SoftwareInterrupt                        0x000364d8   ARM Code       0  os_cpu_a.o(subr)
    OSIntCtxSw                               0x00036514   ARM Code       0  os_cpu_a.o(subr)
    __OSStartHighRdy                         0x000365a8   ARM Code       0  os_cpu_a.o(subr)
    __aeabi_d2f                              0x000365e8   ARM Code       0  d2f.o(x$fpl$d2f)
    _d2f                                     0x000365e8   ARM Code     168  d2f.o(x$fpl$d2f)
    __fpl_inf_d2f                            0x00036688   ARM Code       0  d2f.o(x$fpl$d2f)
    __aeabi_dadd                             0x00036694   ARM Code       0  daddsub_noclz.o(x$fpl$dadd)
    _dadd                                    0x00036694   ARM Code     452  daddsub_noclz.o(x$fpl$dadd)
    __fpl_inf_dadd                           0x00036810   ARM Code       0  daddsub_noclz.o(x$fpl$dadd)
    __fpl_dcheck_NaN2                        0x00036868   ARM Code      12  dcheck.o(x$fpl$dcheck)
    __fpl_dcheck_NaN1                        0x00036878   ARM Code      12  dcheck1.o(x$fpl$dcheck1)
    __fpl_fcmp_InfNaN                        0x00036888   ARM Code     100  fcmpin.o(x$fpl$dcmpinfnan)
    __fpl_inf_fcmp                           0x0003689c   ARM Code       0  fcmpin.o(x$fpl$dcmpinfnan)
    __fpl_dcmp_InfNaN                        0x000368ec   ARM Code     128  dcmpin.o(x$fpl$dcmpinfnan)
    __fpl_inf_dcmp                           0x00036910   ARM Code       0  dcmpin.o(x$fpl$dcmpinfnan)
    __aeabi_ddiv                             0x0003696c   ARM Code       0  ddiv.o(x$fpl$ddiv)
    _ddiv                                    0x0003696c   ARM Code     464  ddiv.o(x$fpl$ddiv)
    __fpl_inf_ddiv                           0x00036af8   ARM Code       0  ddiv.o(x$fpl$ddiv)
    _ddiv_mantissas                          0x00036b3c   ARM Code     608  ddiv.o(x$fpl$ddiv)
    __aeabi_d2iz                             0x00036e2c   ARM Code       0  dfix.o(x$fpl$dfix)
    _dfix                                    0x00036e2c   ARM Code     172  dfix.o(x$fpl$dfix)
    __fpl_inf_dfix                           0x00036ecc   ARM Code       0  dfix.o(x$fpl$dfix)
    __aeabi_i2d                              0x00036edc   ARM Code       0  dflt_noclz.o(x$fpl$dflt)
    _dflt                                    0x00036edc   ARM Code      88  dflt_noclz.o(x$fpl$dflt)
    __dflt_normalise                         0x00036eec   ARM Code       0  dflt_noclz.o(x$fpl$dflt)
    __aeabi_cdcmple                          0x00036f34   ARM Code       0  dleqf.o(x$fpl$dleqf)
    _dcmple                                  0x00036f34   ARM Code     132  dleqf.o(x$fpl$dleqf)
    __aeabi_dmul                             0x00036fbc   ARM Code       0  dmul.o(x$fpl$dmul)
    _dmul                                    0x00036fbc   ARM Code     460  dmul.o(x$fpl$dmul)
    __fpl_inf_dmul                           0x00037154   ARM Code       0  dmul.o(x$fpl$dmul)
    _drem                                    0x00037198   ARM Code     496  drem.o(x$fpl$drem)
    __fpl_inf_drem                           0x00037350   ARM Code       0  drem.o(x$fpl$drem)
    __aeabi_drsub                            0x00037394   ARM Code       0  daddsub_noclz.o(x$fpl$drsb)
    _drsb                                    0x00037394   ARM Code      24  daddsub_noclz.o(x$fpl$drsb)
    _dsqrt                                   0x000373ac   ARM Code     384  dsqrt.o(x$fpl$dsqrt)
    __fpl_inf_dsqrt                          0x00037510   ARM Code       0  dsqrt.o(x$fpl$dsqrt)
    __aeabi_dsub                             0x00037534   ARM Code       0  daddsub_noclz.o(x$fpl$dsub)
    _dsub                                    0x00037534   ARM Code     572  daddsub_noclz.o(x$fpl$dsub)
    __fpl_inf_dsub                           0x00037728   ARM Code       0  daddsub_noclz.o(x$fpl$dsub)
    __dunder                                 0x0003777c   ARM Code     272  dunder.o(x$fpl$dunder)
    __dunder_d                               0x0003788c   ARM Code       4  dunder.o(x$fpl$dunder)
    __aeabi_f2d                              0x00037890   ARM Code       0  f2d.o(x$fpl$f2d)
    _f2d                                     0x00037890   ARM Code      96  f2d.o(x$fpl$f2d)
    __fpl_inf_f2d                            0x000378e4   ARM Code       0  f2d.o(x$fpl$f2d)
    __aeabi_fadd                             0x000378f4   ARM Code       0  faddsub_noclz.o(x$fpl$fadd)
    _fadd                                    0x000378f4   ARM Code     260  faddsub_noclz.o(x$fpl$fadd)
    __fpl_inf_fadd                           0x000379d0   ARM Code       0  faddsub_noclz.o(x$fpl$fadd)
    __fpl_fcheck_NaN2                        0x000379fc   ARM Code       8  fcheck.o(x$fpl$fcheck)
    __fpl_fcheck_NaN1                        0x00037a08   ARM Code       8  fcheck1.o(x$fpl$fcheck1)
    __aeabi_f2uiz                            0x00037a14   ARM Code       0  ffixu.o(x$fpl$ffixu)
    _ffixu                                   0x00037a14   ARM Code      92  ffixu.o(x$fpl$ffixu)
    __fpl_inf_ffixu                          0x00037a68   ARM Code       0  ffixu.o(x$fpl$ffixu)
    __aeabi_i2f                              0x00037a74   ARM Code       0  fflt_noclz.o(x$fpl$fflt)
    _fflt                                    0x00037a74   ARM Code      92  fflt_noclz.o(x$fpl$fflt)
    __fflt_normalise                         0x00037a80   ARM Code       0  fflt_noclz.o(x$fpl$fflt)
    __aeabi_ui2f                             0x00037ad0   ARM Code       0  fflt_noclz.o(x$fpl$ffltu)
    _ffltu                                   0x00037ad0   ARM Code       8  fflt_noclz.o(x$fpl$ffltu)
    __aeabi_fmul                             0x00037ad8   ARM Code       0  fmul.o(x$fpl$fmul)
    _fmul                                    0x00037ad8   ARM Code     260  fmul.o(x$fpl$fmul)
    __fpl_inf_fmul                           0x00037bc0   ARM Code       0  fmul.o(x$fpl$fmul)
    __fpl_normalise2                         0x00037be0   ARM Code     148  fnorm2_noclz.o(x$fpl$fnorm2)
    Inline Thumb to ARM Veneer to _fp_init   0x00037c75   Thumb Code     4  fpinit.o(x$fpl$fpinit)
    _fp_init                                 0x00037c78   ARM Code      24  fpinit.o(x$fpl$fpinit)
    __fplib_config_pureend_doubles           0x00037c88   ARM Code       0  fpinit.o(x$fpl$fpinit)
    __aeabi_cfrcmple                         0x00037c90   ARM Code       0  frleqf.o(x$fpl$frleqf)
    _frcmple                                 0x00037c90   ARM Code     128  frleqf.o(x$fpl$frleqf)
    __aeabi_fsub                             0x00037d14   ARM Code       0  faddsub_noclz.o(x$fpl$fsub)
    _fsub                                    0x00037d14   ARM Code     356  faddsub_noclz.o(x$fpl$fsub)
    __fpl_inf_fsub                           0x00037e50   ARM Code       0  faddsub_noclz.o(x$fpl$fsub)
    __funder                                 0x00037e7c   ARM Code     140  funder.o(x$fpl$funder)
    __funder_d                               0x00037f08   ARM Code       4  funder.o(x$fpl$funder)
    __fpl_return_NaN                         0x00037f0c   ARM Code     116  retnan.o(x$fpl$retnan)
    __ARM_scalbn                             0x00037f80   ARM Code       0  scalbn_noclz.o(x$fpl$scalbn)
    scalbn                                   0x00037f80   ARM Code     108  scalbn_noclz.o(x$fpl$scalbn)
    __fpl_inf_scalbn                         0x00037fe8   ARM Code       0  scalbn_noclz.o(x$fpl$scalbn)
    __fpl_cmpreturn                          0x00037fec   ARM Code      60  trapv.o(x$fpl$trapveneer)
    OSMapTbl                                 0x00038028   Data           8  os_core.o(.constdata)
    __I_use_fp                               0x00038028   Number         0  usenofp.o(x$fpl$usenofp)
    OSUnMapTbl                               0x00038030   Data         256  os_core.o(.constdata)
    CN_st_Fun_Ecc                            0x00038130   Data           8  _arithmetic.o(.constdata)
    CN_st_Fun_Crc                            0x00038138   Data           4  _arithmetic.o(.constdata)
    CN_st_Fun_CheckSum                       0x0003813c   Data           4  _arithmetic.o(.constdata)
    CN_st_Fun_CheckAdd                       0x00038140   Data           4  _arithmetic.o(.constdata)
    CN_st_Fun_Crc1021                        0x00038144   Data           4  _arithmetic.o(.constdata)
    CN_st_Fun_Arithmetic                     0x00038148   Data          20  _arithmetic.o(.constdata)
    CN_st_Fun_AscNumber                      0x0003825c   Data         176  _ascnumber.o(.constdata)
    FixPointValue                            0x0003830c   Data          40  _ascnumber.o(.constdata)
    CN_st_Asc_GetData                        0x00038334   Data          18  _ascnumber.o(.constdata)
    CN_st_Fun_Date                           0x00038348   Data          16  _date.o(.constdata)
    CN_st_Fun_RTC                            0x00038358   Data          12  _rtc.o(.constdata)
    CN_st_Fun_Spi                            0x00038364   Data          36  _spi.o(.constdata)
    CN_st_Fun_Uart                           0x00038388   Data          20  _uart.o(.constdata)
    CN_Ba_PortDe                             0x0003839c   Data           8  adchard.o(.constdata)
    CN_Ba_PortSpace                          0x000383a4   Data           8  adchard.o(.constdata)
    CN_Ba_Precision                          0x000383ac   Data           8  adchard.o(.constdata)
    CN_Ba_st_Data_Adc_Oper                   0x000383b4   Data          12  adchard.o(.constdata)
    CN_st_Fun_Adc                            0x000383c0   Data          16  adchard.o(.constdata)
    CN_Ba_PinDe                              0x000384d0   Data           2  ds18b20.o(.constdata)
    CN_st_Fun_18B20                          0x000384d4   Data          16  ds18b20.o(.constdata)
    CN_Huawei_st_Fun_GprsHard_Fac            0x000384e4   Data          12  huaiweigprs.o(.constdata)
    CN_HuaWei_st_GprsHard_Order              0x000384f0   Data        1476  huaiweigprs.o(.constdata)
    CN_Huawei_st_GprsHead_Result             0x00038ab4   Data          12  huaiweigprs.o(.constdata)
    CN_Huawei_ReadMessage                    0x00038ac0   Data           8  huaiweigprs.o(.constdata)
    CN_Huawei_SetMessage                     0x00038ac8   Data           4  huaiweigprs.o(.constdata)
    CN_Huawei_Carrier                        0x00038acc   Data          16  huaiweigprs.o(.constdata)
    CN_Reg_State                             0x00038adc   Data          12  huaiweigprs.o(.constdata)
    CN_Ba_CallRes                            0x00038ae8   Data          32  huaiweigprs.o(.constdata)
    CN_Ba_AgreePhone                         0x00038b08   Data          32  huaiweigprs.o(.constdata)
    CN_Ba_UDPTCP                             0x00038b28   Data          16  huaiweigprs.o(.constdata)
    CN_Huawei_Link                           0x00038b38   Data           6  huaiweigprs.o(.constdata)
    CN_Huawei_TCPInitState                   0x00038b3e   Data           4  huaiweigprs.o(.constdata)
    CN_Huawei_CallTyte                       0x00038b42   Data           4  huaiweigprs.o(.constdata)
    CN_Huawei_CallState                      0x00038b46   Data          12  huaiweigprs.o(.constdata)
    CN_Huawei_Mod                            0x00038b52   Data          20  huaiweigprs.o(.constdata)
    CN_Huawei_PeperNumber                    0x00038b66   Data           4  huaiweigprs.o(.constdata)
    CN_Ba_st_Asc_GetData                     0x00038b6a   Data          18  huaiweigprs.o(.constdata)
    CN_LinkNum                               0x00038b7c   Data           3  huaiweigprs.o(.constdata)
    CN_Huawei_LinkOper                       0x00038b7f   Data           4  huaiweigprs.o(.constdata)
    CN_st_Fun_GprsHard                       0x00038b84   Data          16  gprshard.o(.constdata)
    CN_st_GprsHard_Order_Cut_AT              0x00038b94   Data          28  gprshard.o(.constdata)
    CN_st_GprsHard_Order_Cut_ATE             0x00038bb0   Data          28  gprshard.o(.constdata)
    CN_st_GprsHard_Order_Cut_ChipID          0x00038bcc   Data          28  gprshard.o(.constdata)
    CN_st_GprsHard_Order_Cut_BPS             0x00038be8   Data          28  gprshard.o(.constdata)
    CN_Ba_st_Da_Uart_GprsHard                0x00038c04   Data          80  gprshard.o(.constdata)
    CN_Less_st_Sensor_ParList                0x00038c90   Data          12  less.o(.constdata)
    CN_Ba_st_Less_Par_Oper                   0x00038c9c   Data          16  less.o(.constdata)
    CN_Ba_st_Less_State                      0x00038cac   Data           3  less.o(.constdata)
    CN_Ba_st_Less_Val                        0x00038cb0   Data          12  less.o(.constdata)
    Com_FlagHead                             0x00038cbc   Data           3  less.o(.constdata)
    Com_FlagEnd                              0x00038cbf   Data           3  less.o(.constdata)
    CN_Acc_st_Sensor_ParList                 0x00038ce4   Data          12  acc.o(.constdata)
    CN_Oil_st_Sensor_ParList                 0x00038d08   Data          12  oil.o(.constdata)
    CN_Ba_st_Sensor_Oper                     0x00038d20   Data          20  sensor.o(.constdata)
    CN_st_Fun_Sensor                         0x00038d34   Data          36  sensor.o(.constdata)
    CN_st_Gps_Order                          0x00038d5c   Data          64  gps.o(.constdata)
    CN_Gps_st_Sensor_ParList                 0x00038db4   Data          12  gps.o(.constdata)
    CN_st_Display_Par_Set                    0x00038dc8   Data         228  display.o(.constdata)
    CN_Display_st_Sensor_ParList             0x00038f5c   Data          12  display.o(.constdata)
    CN_Temperture_st_Sensor_ParList          0x00038f8c   Data          12  temperture.o(.constdata)
    CN_Ba_st_Temperture_State                0x00038f98   Data           3  temperture.o(.constdata)
    CN_Mileage_st_Sensor_ParList             0x00038fb4   Data          12  mileage.o(.constdata)
    CN_GprsTzxy_st_Sensor_ParList            0x00038fdc   Data          12  gprstzxy.o(.constdata)
    CN_UartTzxy_st_Sensor_ParList            0x00039004   Data          12  uarttzxy.o(.constdata)
    CN_Arealrm_st_Sensor_ParList             0x00039034   Data          12  arealrm.o(.constdata)
    CN_Help_st_Sensor_ParList                0x00039058   Data          12  help.o(.constdata)
    CN_OnOrOff_st_Sensor_ParList             0x0003907c   Data          12  onoroff.o(.constdata)
    CN_Adc1_st_Sensor_ParList                0x000390a0   Data          12  adc1.o(.constdata)
    CN_st_Fun_File                           0x000390b8   Data          60  _rwfile.o(.constdata)
    CN_st_Fun_SensorContr                    0x0003914c   Data          12  sensorcontr.o(.constdata)
    CN_LinkNumber                            0x00039158   Data           3  gprs.o(.constdata)
    CN_st_Fun_Gprs                           0x0003915c   Data         112  gprs.o(.constdata)
    CN_st_Fun_Timer                          0x000391cc   Data          36  timer.o(.constdata)
    CN_st_Fun_Photo                          0x000391f0   Data          12  photo.o(.constdata)
    CN_st_Fun_RunLen                         0x00039204   Data          16  gpsandmileage.o(.constdata)
    CN_st_Fun_Tz_Agreen                      0x00039374   Data           4  tz_agreen.o(.constdata)
    CN_st_Fun_Tz_Send                        0x00039438   Data           4  tz_send.o(.constdata)
    CN_Ba_st_AgreenOn_Par2Type               0x0003943c   Data         204  tzv2.1.o(.constdata)
    CN_Ba_WordPar                            0x00039508   Data          72  tzv2.1.o(.constdata)
    CN_Ba_LessPar                            0x00039550   Data          20  tzv2.1.o(.constdata)
    CN_st_Fun_Tzv21                          0x000395c8   Data          24  tzv2.1.o(.constdata)
    CN_NandFlash512_st_Fun_PhyFlash          0x000395e0   Data          32  _nandflash512.o(.constdata)
    CN_Spi_st_Fun_PhyFlash                   0x00039600   Data          32  _spiflash512.o(.constdata)
    CN_st_Flash_Chip_Features                0x00039620   Data         144  _flash.o(.constdata)
    CN_st_Fun_PhyFlash                       0x000396b0   Data          28  _flash.o(.constdata)
    CN_st_Fun_NorFlash                       0x000396cc   Data          16  _rwflashlgc.o(.constdata)
    CN_Ba_st_File_fd_Tabel                   0x00039c04   Data         700  _filedata.o(.constdata)
    CN_st_Fun_TakeData                       0x00039ec0   Data          64  takedata.o(.constdata)
    CN_st_Less_Space                         0x00039f00   Data          80  appsendagreeon.o(.constdata)
    CN_st_Fun_AppSendAgreeOn                 0x0003a064   Data          20  appsendagreeon.o(.constdata)
    CN_st_Fun_AppGprs                        0x0003a078   Data           4  appgprs.o(.constdata)
    CN_Ba_ChargLog                           0x0003a1d4   Data          12  appgprs.o(.constdata)
    CN_Ba_ResetDev                           0x0003a1e0   Data           2  appgprs.o(.constdata)
    CN_st_Fun_OpenSensor                     0x0003a300   Data           4  opensensor.o(.constdata)
    CN_st_Fun_AccOper                        0x0003a304   Data           4  accoper.o(.constdata)
    CN_Ba_OpenMachi_Term                     0x0003a308   Data         416  accoper.o(.constdata)
    CN_st_Fun_AppAgreeDataSensor             0x0003a6a0   Data           4  appagreedatasensor.o(.constdata)
    CN_Ba_st_Fun_Space                       0x0003a6ac   Data           4  space.o(.constdata)
    CN_st_Fun_JugeOper                       0x0003a6bc   Data           4  jugeoper.o(.constdata)
    CN_st_Fun_WarningUpate                   0x0003a8ec   Data           4  warningupate.o(.constdata)
    CN_st_Fun_DisPlayOper                    0x0003a9c4   Data           8  displayoper.o(.constdata)
    CN_st_Fun_MessageAndPhone                0x0003a9cc   Data           4  messageandphone.o(.constdata)
    CN_st_Fun_LogOnServer                    0x0003a9f0   Data           4  logonserver.o(.constdata)
    CN_st_Fun_OpenAndClose                   0x0003aa30   Data          28  openandclose.o(.constdata)
    CN_Ba_OpenUart_CN_st_Sensor_DataPar      0x0003aa4c   Data          12  openandclose.o(.constdata)
    Region$$Table$$Base                      0x0003aeb0   Number         0  anon$$obj.o(Region$$Table)
    Region$$Table$$Limit                     0x0003aed0   Number         0  anon$$obj.o(Region$$Table)
    OsEnterSum                               0x40000000   Data           4  os_cpu_c.o(.data)
    OSCtxSwCtr                               0x40000004   Data           4  os_core.o(.data)
    OSEventFreeList                          0x40000008   Data           4  os_core.o(.data)
    OSFlagFreeList                           0x4000000c   Data           4  os_core.o(.data)
    OSCPUUsage                               0x40000010   Data           1  os_core.o(.data)
    OSIdleCtrMax                             0x40000014   Data           4  os_core.o(.data)
    OSIdleCtrRun                             0x40000018   Data           4  os_core.o(.data)
    OSStatRdy                                0x4000001c   Data           1  os_core.o(.data)
    OSIntNesting                             0x4000001d   Data           1  os_core.o(.data)
    OSIntExitY                               0x4000001e   Data           1  os_core.o(.data)
    OSLockNesting                            0x4000001f   Data           1  os_core.o(.data)
    OSPrioCur                                0x40000020   Data           1  os_core.o(.data)
    OSPrioHighRdy                            0x40000021   Data           1  os_core.o(.data)
    OSRdyGrp                                 0x40000022   Data           1  os_core.o(.data)
    OSRdyTbl                                 0x40000023   Data           3  os_core.o(.data)
    OSRunning                                0x40000026   Data           1  os_core.o(.data)
    OSTaskCtr                                0x40000027   Data           1  os_core.o(.data)
    OSIdleCtr                                0x40000028   Data           4  os_core.o(.data)
    OSTCBCur                                 0x4000002c   Data           4  os_core.o(.data)
    OSTCBFreeList                            0x40000030   Data           4  os_core.o(.data)
    OSTCBHighRdy                             0x40000034   Data           4  os_core.o(.data)
    OSTCBList                                0x40000038   Data           4  os_core.o(.data)
    OSMemFreeList                            0x4000003c   Data           4  os_core.o(.data)
    OSQFreeList                              0x40000040   Data           4  os_core.o(.data)
    OSTime                                   0x40000044   Data           4  os_core.o(.data)
    CN_st_File_GBK                           0x40000048   Data           4  _ascnumber.o(.data)
    Can0UseSem                               0x4000004c   Data           4  _can.o(.data)
    Can1UseSem                               0x40000050   Data           4  _can.o(.data)
    Can0RxSem                                0x40000054   Data           4  _can.o(.data)
    Can1RxSem                                0x40000058   Data           4  _can.o(.data)
    CN_st_Fun_Can                            0x4000005c   Data          20  _can.o(.data)
    Can0_RxHead                              0x40000070   Data           2  _can.o(.data)
    Can0_RxTail                              0x40000072   Data           2  _can.o(.data)
    Can1_RxHead                              0x40000074   Data           2  _can.o(.data)
    Can1_RxTail                              0x40000076   Data           2  _can.o(.data)
    BitCount                                 0x40000084   Data           1  _uart.o(.data)
    ByteRec                                  0x40000085   Data           1  _uart.o(.data)
    ByteSend                                 0x40000086   Data           1  _uart.o(.data)
    BitCountSend                             0x40000087   Data           1  _uart.o(.data)
    UartRevState                             0x40000088   Data           1  _uart.o(.data)
    Uart0UseSem                              0x4000008c   Data           4  _uart.o(.data)
    Uart1UseSem                              0x40000090   Data           4  _uart.o(.data)
    Uart2UseSem                              0x40000094   Data           4  _uart.o(.data)
    Uart3UseSem                              0x40000098   Data           4  _uart.o(.data)
    Uart4UseSem                              0x4000009c   Data           4  _uart.o(.data)
    Uart0RxSem                               0x400000a0   Data           4  _uart.o(.data)
    Uart1RxSem                               0x400000a4   Data           4  _uart.o(.data)
    Uart2RxSem                               0x400000a8   Data           4  _uart.o(.data)
    Uart3RxSem                               0x400000ac   Data           4  _uart.o(.data)
    Uart4RxSem                               0x400000b0   Data           4  _uart.o(.data)
    ptUart0ReBuf                             0x400000b4   Data           4  _uart.o(.data)
    ptUart1ReBuf                             0x400000b8   Data           4  _uart.o(.data)
    ptUart2ReBuf                             0x400000bc   Data           4  _uart.o(.data)
    ptUart3ReBuf                             0x400000c0   Data           4  _uart.o(.data)
    ptUart4ReBuf                             0x400000c4   Data           4  _uart.o(.data)
    Uart4BaudRate                            0x400000c8   Data           4  _uart.o(.data)
    AgreeByte                                0x400000cc   Data           1  _uart.o(.data)
    UART0_RxHead                             0x400000ce   Data           2  _uart.o(.data)
    UART0_RxTail                             0x400000d0   Data           2  _uart.o(.data)
    UART1_RxHead                             0x400000d2   Data           2  _uart.o(.data)
    UART1_RxTail                             0x400000d4   Data           2  _uart.o(.data)
    UART2_RxHead                             0x400000d6   Data           2  _uart.o(.data)
    UART2_RxTail                             0x400000d8   Data           2  _uart.o(.data)
    UART3_RxHead                             0x400000da   Data           2  _uart.o(.data)
    UART3_RxTail                             0x400000dc   Data           2  _uart.o(.data)
    UART4_RxHead                             0x400000de   Data           2  _uart.o(.data)
    UART4_RxTail                             0x400000e0   Data           2  _uart.o(.data)
    CN_st_Data_18B20                         0x400000f0   Data           2  ds18b20.o(.data)
    X_BUF                                    0x400000f4   Data           4  huaiweigprs.o(.data)
    SizeofX_BUF                              0x400000f8   Data           2  huaiweigprs.o(.data)
    ModermCom                                0x400000fc   Data           4  huaiweigprs.o(.data)
    ptCN_st_Fun_GprsHard_Fac                 0x40000100   Data           4  gprshard.o(.data)
    X_RAM                                    0x40000104   Data           4  gprshard.o(.data)
    ptst_Fun_GprsHard_Fac                    0x40000108   Data           4  gprshard.o(.data)
    CN_Point                                 0x40000130   Data           1  oil.o(.data)
    CN_st_Sensor_ParList                     0x40000134   Data          56  sensor.o(.data)
    GpsSem                                   0x4000016c   Data           4  gps.o(.data)
    CN_PowerState                            0x40000170   Data           1  gps.o(.data)
    CN_st_Sensor_State                       0x40000171   Data           3  gps.o(.data)
    ptst_Data_FileBuf                        0x400001dc   Data           4  _rwfile.o(.data)
    GprsUseSem                               0x400001f8   Data           4  gprs.o(.data)
    GprsTaskStk                              0x400001fc   Data           4  gprs.o(.data)
    ptst_Data_Gprs_Message                   0x40000200   Data           4  gprs.o(.data)
    ptst_Data_Gprs_Call                      0x40000204   Data           4  gprs.o(.data)
    ptst_Data_Gprs_TcpUdp                    0x40000208   Data          12  gprs.o(.data)
    CN_IPData                                0x40000214   Data           4  gprs.o(.data)
    CN_Ba_st_Affair_Gprs                     0x40000218   Data          56  gprs.o(.data)
    DateTimer                                0x40000250   Data           7  gprs.o(.data)
    Photo_Q                                  0x40000264   Data           4  photo.o(.data)
    ptst_BoxData_Vid                         0x40000268   Data           4  photo.o(.data)
    CN_st_Photo_Property                     0x4000026c   Data           6  photo.o(.data)
    GpsAndMileageUseSem                      0x40000274   Data           4  gpsandmileage.o(.data)
    TzvSem                                   0x4000027c   Data           4  tzv2.1.o(.data)
    CN_LessPar                               0x400002c0   Data          40  appgprs.o(.data)
    CN_st_RunLen_Affair_fd                   0x400002f8   Data           3  space.o(.data)
    LogOnServerBox                           0x40000310   Data           4  logonserver.o(.data)
    ptst_BoxData_LogOnServer                 0x40000314   Data           4  logonserver.o(.data)
    LogFlag                                  0x4000031a   Data           1  openandclose.o(.data)
    LogTimerfd                               0x40000344   Data           1  openandclose.o(.data)
    UnLoaderTimerfd                          0x40000345   Data           1  openandclose.o(.data)
    OSEventTbl                               0x40000350   Data         480  os_core.o(.bss)
    OSFlagTbl                                0x40000530   Data          60  os_core.o(.bss)
    OSTaskStatStk                            0x4000056c   Data        2048  os_core.o(.bss)
    OSTaskIdleStk                            0x40000d6c   Data        2048  os_core.o(.bss)
    OSTCBPrioTbl                             0x4000156c   Data          68  os_core.o(.bss)
    OSTCBTbl                                 0x400015b0   Data         884  os_core.o(.bss)
    OSMemTbl                                 0x40001924   Data         100  os_core.o(.bss)
    OSQTbl                                   0x40001988   Data         144  os_core.o(.bss)
    CN_st_Da_CanInfor                        0x40001a18   Data         160  _can.o(.bss)
    CN_st_Da_CanInfor1                       0x40001ab8   Data         160  _can.o(.bss)
    CN_st_Data_Adc                           0x40001b58   Data          96  adchard.o(.bss)
    CN_st_Less_Par_Oper                      0x40001bb8   Data          96  less.o(.bss)
    CN_st_Less_State                         0x40001c18   Data          18  less.o(.bss)
    CN_st_Less_Val                           0x40001c2c   Data          72  less.o(.bss)
    CN_VoVal                                 0x40001cd8   Data          40  oil.o(.bss)
    CN_Gps_Buf                               0x40001f08   Data         100  gps.o(.bss)
    CN_OpenPar                               0x40002044   Data          28  arealrm.o(.bss)
    CN_st_Data_FileBuf                       0x40002060   Data        1440  _rwfile.o(.bss)
    SMS_State                                0x4000306c   Data          20  gprs.o(.bss)
    CN_st_Affair_Gprs                        0x40003080   Data          56  gprs.o(.bss)
    CN_st_Gsm_Net_Information                0x400030b8   Data          12  gprs.o(.bss)
    CN_st_Gsm_Net_Message                    0x400030c4   Data          15  gprs.o(.bss)
    CN_st_HardWare_SeeTCPData                0x400030d4   Data          20  gprs.o(.bss)
    CN_st_Data_IPNet                         0x400030e8   Data          56  gprs.o(.bss)
    CN_st_Control_Timer                      0x40003120   Data          76  timer.o(.bss)
    CN_st_Data_GpsControl                    0x4000316c   Data          36  timer.o(.bss)
    VidBox                                   0x400033b4   Data          40  photo.o(.bss)
    PhotoTaskStk                             0x400033dc   Data        1024  photo.o(.bss)
    PhotoBuf                                 0x400037dc   Data         528  photo.o(.bss)
    STK                                      0x400039ec   Data        1024  gpsandmileage.o(.bss)
    CN_st_GpsAndMileage_OperData             0x40003dec   Data         112  gpsandmileage.o(.bss)
    CN_st_NorFlash                           0x400046c0   Data          24  _rwflashlgc.o(.bss)
    CN_st_File_fd                            0x400046d8   Data          50  _filedata.o(.bss)
    App_CN_st_WorkFlow_Table                 0x4000470c   Data         272  _filedata.o(.bss)
    CN_Pu_st_st_AgreeOn_Dev_WritePar         0x4000521c   Data          12  appsendagreeon.o(.bss)
    Stk                                      0x400052b8   Data        2048  warningupate.o(.bss)
    LogOnServer_Stk                          0x40005ab8   Data        1024  logonserver.o(.bss)
    CN_st_BoxData_LogOnServer                0x40005eb8   Data          20  logonserver.o(.bss)
    CN_st_LogOnServer_OpenFd                 0x40005ecc   Data          10  logonserver.o(.bss)
    TaskStk                                  0x40005eec   Data        1024  _init.o(.bss)
    __libspace_start                         0x400063c8   Data          96  libspace.o(.bss)
    __temporary_stack_top_libspace           0x40006428   Data           0  libspace.o(.bss)
    StackUsr                                 0x40006630   Data           0  startup.o(STACK)


================================================================================

Memory Map of the image

  Image Entry point : 0x000000b8

  Load Region LR_IROM1 (Base: 0x00000000, Size: 0x0003b220, Max: 0x00080000, ABSOLUTE, COMPRESSED[0x0003afac])

    Execution Region ER_IROM1 (Base: 0x00000000, Size: 0x0003aed0, Max: 0x00080000, ABSOLUTE)

    Base Addr    Size         Type   Attr      Idx    E Section Name        Object

    0x00000000   0x000000b8   Code   RO           69    RESET               startup.o
    0x000000b8   0x00000008   Code   RO         4503  * !!!main             __main.o(c_t.l)
    0x000000c0   0x0000003c   Code   RO         4721    !!!scatter          __scatter.o(c_t.l)
    0x000000fc   0x0000005c   Code   RO         4719    !!dczerorl2         __dczerorl2.o(c_t.l)
    0x00000158   0x0000002c   Code   RO         4723    !!handler_zi        __scatter_zi.o(c_t.l)
    0x00000184   0x00000004   Ven    RO         4627    .emb_text           lib_init.o(c_t.l)
    0x00000188   0x00000010   Code   RO         4627    .emb_text           lib_init.o(c_t.l)
    0x00000198   0x000004d4   Code   RO            1    .text               target.o
    0x0000066c   0x00000024   Code   RO           70    .text               startup.o
    0x00000690   0x0000028c   Code   RO           75    .text               os_cpu_c.o
    0x0000091c   0x00000b64   Code   RO          117    .text               os_core.o
    0x00001480   0x00000b40   Code   RO          145    .text               os_flag.o
    0x00001fc0   0x00000548   Code   RO          161    .text               os_mbox.o
    0x00002508   0x000002d8   Code   RO          173    .text               os_mem.o
    0x000027e0   0x000008bc   Code   RO          197    .text               os_q.o
    0x0000309c   0x0000045c   Code   RO          209    .text               os_sem.o
    0x000034f8   0x00000974   Code   RO          221    .text               os_task.o
    0x00003e6c   0x00000284   Code   RO          233    .text               os_time.o
    0x000040f0   0x00000468   Code   RO          245    .text               _arithmetic.o
    0x00004558   0x00001cd4   Code   RO          290    .text               _ascnumber.o
    0x0000622c   0x00000ac8   Code   RO          357    .text               _date.o
    0x00006cf4   0x000008ac   Code   RO          409    .text               _can.o
    0x000075a0   0x00000324   Code   RO          455    .text               _rtc.o
    0x000078c4   0x00000528   Code   RO          515    .text               _spi.o
    0x00007dec   0x00001ea0   Code   RO          561    .text               _uart.o
    0x00009c8c   0x00000814   Code   RO          608    .text               adchard.o
    0x0000a4a0   0x00000818   Code   RO          659    .text               ds18b20.o
    0x0000acb8   0x00002e10   Code   RO          730    .text               huaiweigprs.o
    0x0000dac8   0x00000a00   Code   RO          784    .text               gprshard.o
    0x0000e4c8   0x00000fa4   Code   RO          863    .text               less.o
    0x0000f46c   0x00000358   Code   RO          941    .text               acc.o
    0x0000f7c4   0x0000049c   Code   RO         1004    .text               oil.o
    0x0000fc60   0x00000598   Code   RO         1072    .text               sensor.o
    0x000101f8   0x00000fe4   Code   RO         1184    .text               gps.o
    0x000111dc   0x0000113c   Code   RO         1263    .text               display.o
    0x00012318   0x000005cc   Code   RO         1333    .text               temperture.o
    0x000128e4   0x00000ae4   Code   RO         1415    .text               mileage.o
    0x000133c8   0x0000027c   Code   RO         1497    .text               gprstzxy.o
    0x00013644   0x00000444   Code   RO         1567    .text               uarttzxy.o
    0x00013a88   0x000009c0   Code   RO         1637    .text               arealrm.o
    0x00014448   0x0000030c   Code   RO         1715    .text               help.o
    0x00014754   0x00000320   Code   RO         1778    .text               onoroff.o
    0x00014a74   0x00000224   Code   RO         1841    .text               adc1.o
    0x00014c98   0x000026e8   Code   RO         1908    .text               _rwfile.o
    0x00017380   0x000003d8   Code   RO         1976    .text               sensorcontr.o
    0x00017758   0x00002cc8   Code   RO         2044    .text               gprs.o
    0x0001a420   0x0000086c   Code   RO         2151    .text               timer.o
    0x0001ac8c   0x0000071c   Code   RO         2236    .text               photo.o
    0x0001b3a8   0x00000514   Code   RO         2329    .text               gpsandmileage.o
    0x0001b8bc   0x00003724   Code   RO         2505    .text               tz_agreen.o
    0x0001efe0   0x00006600   Code   RO         2590    .text               tz_send.o
    0x000255e0   0x00000c78   Code   RO         2677    .text               tzv2.1.o
    0x00026258   0x00000da8   Code   RO         2784    .text               _nandflash512.o
    0x00027000   0x00000808   Code   RO         2829    .text               _spiflash512.o
    0x00027808   0x000006a4   Code   RO         2881    .text               _flash.o
    0x00027eac   0x00000924   Code   RO         2935    .text               _rwflashlgc.o
    0x000287d0   0x00000330   Code   RO         2960    .text               _filedata.o
    0x00028b00   0x0000121c   Code   RO         3072    .text               takedata.o
    0x00029d1c   0x00003a44   Code   RO         3104    .text               appsendagreeon.o
    0x0002d760   0x00002394   Code   RO         3242    .text               appgprs.o
    0x0002faf4   0x00000364   Code   RO         3393    .text               opensensor.o
    0x0002fe58   0x00000a88   Code   RO         3518    .text               accoper.o
    0x000308e0   0x00000760   Code   RO         3663    .text               appagreedatasensor.o
    0x00031040   0x00000788   Code   RO         3837    .text               space.o
    0x000317c8   0x00000394   Code   RO         3862    .text               jugeoper.o
    0x00031b5c   0x00000408   Code   RO         3878    .text               warningupate.o
    0x00031f64   0x00000c0c   Code   RO         3902    .text               displayoper.o
    0x00032b70   0x00000ee8   Code   RO         3946    .text               messageandphone.o
    0x00033a58   0x00000cd0   Code   RO         3963    .text               logonserver.o
    0x00034728   0x0000051c   Code   RO         4172    .text               openandclose.o
    0x00034c44   0x00000240   Code   RO         4290    .text               _init.o
    0x00034e84   0x00000008   Ven    RO         4471    .text               rand.o(c_t.l)
    0x00034e8c   0x00000078   Code   RO         4471    .text               rand.o(c_t.l)
    0x00034f04   0x00000010   Code   RO         4475    .text               aeabi_memset.o(c_t.l)
    0x00034f14   0x00000064   Code   RO         4477    .text               rt_memcpy_w.o(c_t.l)
    0x00034f78   0x00000054   Code   RO         4479    .text               rt_memclr_w.o(c_t.l)
    0x00034fcc   0x00000008   Ven    RO         4481    .text               strlen.o(c_t.l)
    0x00034fd4   0x00000048   Code   RO         4481    .text               strlen.o(c_t.l)
    0x0003501c   0x00000008   Ven    RO         4483    .text               memchr.o(c_t.l)
    0x00035024   0x00000022   Code   RO         4483    .text               memchr.o(c_t.l)
    0x00035046   0x00000002   PAD
    0x00035048   0x00000180   Code   RO         4485    .text               aeabi_sdiv.o(c_t.l)
    0x000351c8   0x00000040   Code   RO         4501    .text               stkheap2.o(c_t.l)
    0x00035208   0x00000068   Code   RO         4551    .text               kernel.o(c_t.l)
    0x00035270   0x00000060   Code   RO         4554    .text               sys_stackheap_outer.o(c_t.l)
    0x000352d0   0x00000010   Code   RO         4563    .text               rt_stackheap_storage_intlibspace.o(c_t.l)
    0x000352e0   0x00000008   Ven    RO         4565    .text               _rserrno.o(c_t.l)
    0x000352e8   0x0000001a   Code   RO         4565    .text               _rserrno.o(c_t.l)
    0x00035302   0x00000002   PAD
    0x00035304   0x00000040   Code   RO         4567    .text               rt_memclr.o(c_t.l)
    0x00035344   0x00000018   Code   RO         4611    .text               sys_exit.o(c_t.l)
    0x0003535c   0x0000000c   Code   RO         4613    .text               libspace.o(c_t.l)
    0x00035368   0x00000004   Ven    RO         4621    .text               rt_errno_addr_intlibspace.o(c_t.l)
    0x0003536c   0x00000010   Code   RO         4621    .text               rt_errno_addr_intlibspace.o(c_t.l)
    0x0003537c   0x0000000c   Code   RO         4623    .text               exit.o(c_t.l)
    0x00035388   0x00000008   Ven    RO         4628    .text               lib_init.o(c_t.l)
    0x00035390   0x000000ce   Code   RO         4628    .text               lib_init.o(c_t.l)
    0x0003545e   0x00000002   PAD
    0x00035460   0x0000000c   Code   RO         4633    .text               boardinit2.o(c_t.l)
    0x0003546c   0x00000010   Code   RO         4635    .text               boardinit3.o(c_t.l)
    0x0003547c   0x00000004   Code   RO         4653    .text               use_no_semi.o(c_t.l)
    0x00035480   0x00000004   Ven    RO         4658    .text               rt_locale_intlibspace.o(c_t.l)
    0x00035484   0x00000010   Code   RO         4658    .text               rt_locale_intlibspace.o(c_t.l)
    0x00035494   0x00000006   Code   RO         4668    .text               no_argv.o(c_t.l)
    0x0003549a   0x00000002   PAD
    0x0003549c   0x00000010   Code   RO         4679    .text               rt_fp_status_addr_intlibspace.o(c_t.l)
    0x000354ac   0x0000001c   Code   RO         4486    .text_udiv          aeabi_sdiv.o(c_t.l)
    0x000354c8   0x000004f0   Code   RO           63    IRQ                 irq.o
    0x000359b8   0x0000000c   Ven    RO         4734    Veneer$$Code        anon$$obj.o
    0x000359c4   0x00000008   Ven    RO         4735    Veneer$$Code        anon$$obj.o
    0x000359cc   0x000004ac   Code   RO         4605    i.__ieee754_rem_pio2  rred.o(m_ts.l)
    0x00035e78   0x00000190   Code   RO         4602    i.__kernel_cos      cos_i.o(m_ts.l)
    0x00036008   0x000000f8   Code   RO         4651    i.__kernel_poly     poly.o(m_ts.l)
    0x00036100   0x00000178   Code   RO         4608    i.__kernel_sin      sin_i.o(m_ts.l)
    0x00036278   0x000000ec   Code   RO         4539    i.cos               cos.o(m_ts.l)
    0x00036364   0x000000fc   Code   RO         4543    i.sin               sin.o(m_ts.l)
    0x00036460   0x00000078   Code   RO         4547    i.sqrt              sqrt.o(m_ts.l)
    0x000364d8   0x00000110   Code   RO          113    subr                os_cpu_a.o
    0x000365e8   0x000000ac   Code   RO         4505    x$fpl$d2f           d2f.o(fz_ts.l)
    0x00036694   0x000001d4   Code   RO         4507    x$fpl$dadd          daddsub_noclz.o(fz_ts.l)
    0x00036868   0x00000010   Code   RO         4570    x$fpl$dcheck        dcheck.o(fz_ts.l)
    0x00036878   0x00000010   Code   RO         4572    x$fpl$dcheck1       dcheck1.o(fz_ts.l)
    0x00036888   0x00000064   Code   RO         4586    x$fpl$dcmpinfnan    fcmpin.o(fz_ts.l)
    0x000368ec   0x00000080   Code   RO         4639    x$fpl$dcmpinfnan    dcmpin.o(fz_ts.l)
    0x0003696c   0x000004c0   Code   RO         4514    x$fpl$ddiv          ddiv.o(fz_ts.l)
    0x00036e2c   0x000000b0   Code   RO         4641    x$fpl$dfix          dfix.o(fz_ts.l)
    0x00036edc   0x00000058   Code   RO         4575    x$fpl$dflt          dflt_noclz.o(fz_ts.l)
    0x00036f34   0x00000088   Code   RO         4592    x$fpl$dleqf         dleqf.o(fz_ts.l)
    0x00036fbc   0x000001dc   Code   RO         4517    x$fpl$dmul          dmul.o(fz_ts.l)
    0x00037198   0x000001fc   Code   RO         4649    x$fpl$drem          drem.o(fz_ts.l)
    0x00037394   0x00000018   Code   RO         4508    x$fpl$drsb          daddsub_noclz.o(fz_ts.l)
    0x000373ac   0x00000188   Code   RO         4578    x$fpl$dsqrt         dsqrt.o(fz_ts.l)
    0x00037534   0x00000248   Code   RO         4509    x$fpl$dsub          daddsub_noclz.o(fz_ts.l)
    0x0003777c   0x00000114   Code   RO         4580    x$fpl$dunder        dunder.o(fz_ts.l)
    0x00037890   0x00000064   Code   RO         4519    x$fpl$f2d           f2d.o(fz_ts.l)
    0x000378f4   0x00000108   Code   RO         4521    x$fpl$fadd          faddsub_noclz.o(fz_ts.l)
    0x000379fc   0x0000000c   Code   RO         4582    x$fpl$fcheck        fcheck.o(fz_ts.l)
    0x00037a08   0x0000000c   Code   RO         4584    x$fpl$fcheck1       fcheck1.o(fz_ts.l)
    0x00037a14   0x00000060   Code   RO         4527    x$fpl$ffixu         ffixu.o(fz_ts.l)
    0x00037a74   0x0000005c   Code   RO         4532    x$fpl$fflt          fflt_noclz.o(fz_ts.l)
    0x00037ad0   0x00000008   Code   RO         4531    x$fpl$ffltu         fflt_noclz.o(fz_ts.l)
    0x00037ad8   0x00000108   Code   RO         4535    x$fpl$fmul          fmul.o(fz_ts.l)
    0x00037be0   0x00000094   Code   RO         4588    x$fpl$fnorm2        fnorm2_noclz.o(fz_ts.l)
    0x00037c74   0x00000004   Ven    RO         4670    x$fpl$fpinit        fpinit.o(fz_ts.l)
    0x00037c78   0x00000018   Code   RO         4670    x$fpl$fpinit        fpinit.o(fz_ts.l)
    0x00037c90   0x00000084   Code   RO         4537    x$fpl$frleqf        frleqf.o(fz_ts.l)
    0x00037d14   0x00000168   Code   RO         4523    x$fpl$fsub          faddsub_noclz.o(fz_ts.l)
    0x00037e7c   0x00000090   Code   RO         4590    x$fpl$funder        funder.o(fz_ts.l)
    0x00037f0c   0x00000074   Code   RO         4645    x$fpl$retnan        retnan.o(fz_ts.l)
    0x00037f80   0x0000006c   Code   RO         4597    x$fpl$scalbn        scalbn_noclz.o(fz_ts.l)
    0x00037fec   0x0000003c   Code   RO         4647    x$fpl$trapveneer    trapv.o(fz_ts.l)
    0x00038028   0x00000000   Code   RO         4569    x$fpl$usenofp       usenofp.o(fz_ts.l)
    0x00038028   0x00000108   Data   RO          119    .constdata          os_core.o
    0x00038130   0x0000012c   Data   RO          246    .constdata          _arithmetic.o
    0x0003825c   0x000000ea   Data   RO          292    .constdata          _ascnumber.o
    0x00038346   0x00000002   PAD
    0x00038348   0x00000010   Data   RO          358    .constdata          _date.o
    0x00038358   0x0000000c   Data   RO          457    .constdata          _rtc.o
    0x00038364   0x00000024   Data   RO          517    .constdata          _spi.o
    0x00038388   0x00000014   Data   RO          563    .constdata          _uart.o
    0x0003839c   0x00000034   Data   RO          610    .constdata          adchard.o
    0x000383d0   0x00000114   Data   RO          661    .constdata          ds18b20.o
    0x000384e4   0x0000069f   Data   RO          732    .constdata          huaiweigprs.o
    0x00038b83   0x00000001   PAD
    0x00038b84   0x000000d0   Data   RO          786    .constdata          gprshard.o
    0x00038c54   0x00000078   Data   RO          865    .constdata          less.o
    0x00038ccc   0x00000024   Data   RO          943    .constdata          acc.o
    0x00038cf0   0x00000030   Data   RO         1006    .constdata          oil.o
    0x00038d20   0x00000038   Data   RO         1074    .constdata          sensor.o
    0x00038d58   0x00000070   Data   RO         1186    .constdata          gps.o
    0x00038dc8   0x000001a8   Data   RO         1265    .constdata          display.o
    0x00038f70   0x0000002b   Data   RO         1335    .constdata          temperture.o
    0x00038f9b   0x00000001   PAD
    0x00038f9c   0x00000024   Data   RO         1417    .constdata          mileage.o
    0x00038fc0   0x00000028   Data   RO         1499    .constdata          gprstzxy.o
    0x00038fe8   0x00000030   Data   RO         1569    .constdata          uarttzxy.o
    0x00039018   0x00000028   Data   RO         1639    .constdata          arealrm.o
    0x00039040   0x00000024   Data   RO         1717    .constdata          help.o
    0x00039064   0x00000024   Data   RO         1780    .constdata          onoroff.o
    0x00039088   0x00000030   Data   RO         1843    .constdata          adc1.o
    0x000390b8   0x0000003c   Data   RO         1910    .constdata          _rwfile.o
    0x000390f4   0x00000064   Data   RO         1978    .constdata          sensorcontr.o
    0x00039158   0x00000074   Data   RO         2046    .constdata          gprs.o
    0x000391cc   0x00000024   Data   RO         2153    .constdata          timer.o
    0x000391f0   0x00000014   Data   RO         2238    .constdata          photo.o
    0x00039204   0x00000010   Data   RO         2331    .constdata          gpsandmileage.o
    0x00039214   0x00000164   Data   RO         2506    .constdata          tz_agreen.o
    0x00039378   0x000000c4   Data   RO         2591    .constdata          tz_send.o
    0x0003943c   0x000001a4   Data   RO         2679    .constdata          tzv2.1.o
    0x000395e0   0x00000020   Data   RO         2785    .constdata          _nandflash512.o
    0x00039600   0x00000020   Data   RO         2830    .constdata          _spiflash512.o
    0x00039620   0x000000ac   Data   RO         2882    .constdata          _flash.o
    0x000396cc   0x00000010   Data   RO         2937    .constdata          _rwflashlgc.o
    0x000396dc   0x000007e4   Data   RO         2961    .constdata          _filedata.o
    0x00039ec0   0x00000040   Data   RO         3073    .constdata          takedata.o
    0x00039f00   0x00000178   Data   RO         3106    .constdata          appsendagreeon.o
    0x0003a078   0x0000016a   Data   RO         3244    .constdata          appgprs.o
    0x0003a1e2   0x00000002   PAD
    0x0003a1e4   0x00000120   Data   RO         3394    .constdata          opensensor.o
    0x0003a304   0x000002a4   Data   RO         3520    .constdata          accoper.o
    0x0003a5a8   0x00000104   Data   RO         3665    .constdata          appagreedatasensor.o
    0x0003a6ac   0x00000010   Data   RO         3839    .constdata          space.o
    0x0003a6bc   0x000001d8   Data   RO         3863    .constdata          jugeoper.o
    0x0003a894   0x0000005c   Data   RO         3879    .constdata          warningupate.o
    0x0003a8f0   0x000000dc   Data   RO         3904    .constdata          displayoper.o
    0x0003a9cc   0x00000024   Data   RO         3948    .constdata          messageandphone.o
    0x0003a9f0   0x00000004   Data   RO         3965    .constdata          logonserver.o
    0x0003a9f4   0x0000007c   Data   RO         4174    .constdata          openandclose.o
    0x0003aa70   0x00000030   Data   RO         4603    .constdata          cos_i.o(m_ts.l)
    0x0003aaa0   0x000000c0   Data   RO         4606    .constdata          rred.o(m_ts.l)
    0x0003ab60   0x00000028   Data   RO         4609    .constdata          sin_i.o(m_ts.l)
    0x0003ab88   0x00000218   Data   RO          733    .conststring        huaiweigprs.o
    0x0003ada0   0x00000003   Data   RO          787    .conststring        gprshard.o
    0x0003ada3   0x00000038   Data   RO         1187    .conststring        gps.o
    0x0003addb   0x00000032   Data   RO         2883    .conststring        _flash.o
    0x0003ae0d   0x000000a1   Data   RO         2962    .conststring        _filedata.o
    0x0003aeae   0x00000002   PAD
    0x0003aeb0   0x00000020   Data   RO         4718    Region$$Table       anon$$obj.o


    Execution Region RW_IRAM1 (Base: 0x40000000, Size: 0x000068d0, Max: 0x00008000, ABSOLUTE, COMPRESSED[0x000000dc])

    Base Addr    Size         Type   Attr      Idx    E Section Name        Object

    0x40000000   0x00000004   Data   RW           76    .data               os_cpu_c.o
    0x40000004   0x00000044   Data   RW          118    .data               os_core.o
    0x40000048   0x00000004   Data   RW          291    .data               _ascnumber.o
    0x4000004c   0x0000002c   Data   RW          410    .data               _can.o
    0x40000078   0x00000004   Data   RW          456    .data               _rtc.o
    0x4000007c   0x00000005   Data   RW          516    .data               _spi.o
    0x40000081   0x00000003   PAD
    0x40000084   0x0000005e   Data   RW          562    .data               _uart.o
    0x400000e2   0x00000002   PAD
    0x400000e4   0x00000004   Data   RW          609    .data               adchard.o
    0x400000e8   0x0000000a   Data   RW          660    .data               ds18b20.o
    0x400000f2   0x00000002   PAD
    0x400000f4   0x0000000c   Data   RW          731    .data               huaiweigprs.o
    0x40000100   0x0000000c   Data   RW          785    .data               gprshard.o
    0x4000010c   0x0000000b   Data   RW          864    .data               less.o
    0x40000117   0x00000001   PAD
    0x40000118   0x0000000c   Data   RW          942    .data               acc.o
    0x40000124   0x0000000d   Data   RW         1005    .data               oil.o
    0x40000131   0x00000003   PAD
    0x40000134   0x00000038   Data   RW         1073    .data               sensor.o
    0x4000016c   0x00000008   Data   RW         1185    .data               gps.o
    0x40000174   0x00000005   Data   RW         1264    .data               display.o
    0x40000179   0x00000003   PAD
    0x4000017c   0x00000016   Data   RW         1334    .data               temperture.o
    0x40000192   0x00000002   PAD
    0x40000194   0x0000000d   Data   RW         1416    .data               mileage.o
    0x400001a1   0x00000003   PAD
    0x400001a4   0x00000008   Data   RW         1498    .data               gprstzxy.o
    0x400001ac   0x00000008   Data   RW         1568    .data               uarttzxy.o
    0x400001b4   0x0000000b   Data   RW         1638    .data               arealrm.o
    0x400001bf   0x00000001   PAD
    0x400001c0   0x0000000c   Data   RW         1716    .data               help.o
    0x400001cc   0x00000005   Data   RW         1779    .data               onoroff.o
    0x400001d1   0x00000003   PAD
    0x400001d4   0x00000005   Data   RW         1842    .data               adc1.o
    0x400001d9   0x00000003   PAD
    0x400001dc   0x0000000c   Data   RW         1909    .data               _rwfile.o
    0x400001e8   0x00000010   Data   RW         1977    .data               sensorcontr.o
    0x400001f8   0x0000005f   Data   RW         2045    .data               gprs.o
    0x40000257   0x00000001   PAD
    0x40000258   0x0000000b   Data   RW         2152    .data               timer.o
    0x40000263   0x00000001   PAD
    0x40000264   0x0000000e   Data   RW         2237    .data               photo.o
    0x40000272   0x00000002   PAD
    0x40000274   0x00000004   Data   RW         2330    .data               gpsandmileage.o
    0x40000278   0x00000016   Data   RW         2678    .data               tzv2.1.o
    0x4000028e   0x00000002   PAD
    0x40000290   0x00000004   Data   RW         2936    .data               _rwflashlgc.o
    0x40000294   0x0000002c   Data   RW         3105    .data               appsendagreeon.o
    0x400002c0   0x00000028   Data   RW         3243    .data               appgprs.o
    0x400002e8   0x00000002   Data   RW         3519    .data               accoper.o
    0x400002ea   0x00000002   PAD
    0x400002ec   0x0000000c   Data   RW         3664    .data               appagreedatasensor.o
    0x400002f8   0x00000013   Data   RW         3838    .data               space.o
    0x4000030b   0x00000001   Data   RW         3903    .data               displayoper.o
    0x4000030c   0x00000001   Data   RW         3947    .data               messageandphone.o
    0x4000030d   0x00000003   PAD
    0x40000310   0x00000008   Data   RW         3964    .data               logonserver.o
    0x40000318   0x0000002e   Data   RW         4173    .data               openandclose.o
    0x40000346   0x00000002   PAD
    0x40000348   0x00000008   Data   RW         4472    .data               rand.o(c_t.l)
    0x40000350   0x000016c8   Zero   RW          120    .bss                os_core.o
    0x40001a18   0x00000140   Zero   RW          411    .bss                _can.o
    0x40001b58   0x00000060   Zero   RW          611    .bss                adchard.o
    0x40001bb8   0x00000120   Zero   RW          866    .bss                less.o
    0x40001cd8   0x00000028   Zero   RW         1007    .bss                oil.o
    0x40001d00   0x00000208   Zero   RW         1075    .bss                sensor.o
    0x40001f08   0x00000064   Zero   RW         1188    .bss                gps.o
    0x40001f6c   0x00000020   Zero   RW         1336    .bss                temperture.o
    0x40001f8c   0x00000068   Zero   RW         1418    .bss                mileage.o
    0x40001ff4   0x0000006c   Zero   RW         1640    .bss                arealrm.o
    0x40002060   0x000005a0   Zero   RW         1911    .bss                _rwfile.o
    0x40002600   0x00000a6c   Zero   RW         1979    .bss                sensorcontr.o
    0x4000306c   0x000000b4   Zero   RW         2047    .bss                gprs.o
    0x40003120   0x00000294   Zero   RW         2154    .bss                timer.o
    0x400033b4   0x00000638   Zero   RW         2239    .bss                photo.o
    0x400039ec   0x00000470   Zero   RW         2332    .bss                gpsandmileage.o
    0x40003e5c   0x00000864   Zero   RW         2680    .bss                tzv2.1.o
    0x400046c0   0x00000018   Zero   RW         2938    .bss                _rwflashlgc.o
    0x400046d8   0x00000144   Zero   RW         2963    .bss                _filedata.o
    0x4000481c   0x00000200   Zero   RW         3074    .bss                takedata.o
    0x40004a1c   0x0000080c   Zero   RW         3107    .bss                appsendagreeon.o
    0x40005228   0x00000090   Zero   RW         3521    .bss                accoper.o
    0x400052b8   0x00000800   Zero   RW         3880    .bss                warningupate.o
    0x40005ab8   0x0000041e   Zero   RW         3966    .bss                logonserver.o
    0x40005ed6   0x00000002   PAD
    0x40005ed8   0x00000014   Zero   RW         4175    .bss                openandclose.o
    0x40005eec   0x00000400   Zero   RW         4291    .bss                _init.o
    0x400062ec   0x000000dc   Zero   RW         4473    .bss                rand.o(c_t.l)
    0x400063c8   0x00000060   Zero   RW         4614    .bss                libspace.o(c_t.l)
    0x40006428   0x00000001   Zero   RW           68    HEAP                startup.o
    0x40006429   0x00000007   PAD
    0x40006430   0x00000420   Zero   RW           67    STACK               startup.o
    0x40006850   0x00000080   Zero   RW          114    SWIStacks           os_cpu_a.o


================================================================================

Image component sizes


      Code (inc. data)   RO Data    RW Data    ZI Data      Debug   Object Name

      1128         16        300          0          0       5383   _arithmetic.o
      7380         36        234          4          0      20921   _ascnumber.o
      2220         56          0         44        320      13809   _can.o
      2760          4         16          0          0       7149   _date.o
       816          8       2181          0        324      41483   _filedata.o
      1700          4        222          0          0       6795   _flash.o
       576         80          0          0       1024      37093   _init.o
      3496         12         32          0          0       9314   _nandflash512.o
       804         24         12          4          0      11564   _rtc.o
      9960         52         60         12       1440      29358   _rwfile.o
      2340         24         16          4         24       4944   _rwflashlgc.o
      1320         32         36          5          0      12788   _spi.o
      2056         16         32          0          0       8377   _spiflash512.o
      7840        216         20         94          0      23301   _uart.o
       856         28         36         12          0      18687   acc.o
      2696         72        676          2        144      32475   accoper.o
       548         16         48          5          0      19636   adc1.o
      2068         52         52          4         96      13463   adchard.o
      1888         84        260         12          0      29903   appagreedatasensor.o
      9108        120        362         40          0      52411   appgprs.o
     14916        172        376         44       2060      56074   appsendagreeon.o
      2496         60         40         11        108      21022   arealrm.o
      4412         52        424          5          0      27746   display.o
      3084         60        220          1          0      11475   displayoper.o
      2072         24        276         10          0      14563   ds18b20.o
     11464        144        116         95        180      40493   gprs.o
      2560         56        211         12          0      16880   gprshard.o
       636         16         40          8          0      18632   gprstzxy.o
      4068         84        168          8        100      28351   gps.o
      1300         48         16          4       1136      20508   gpsandmileage.o
       780         24         36         12          0      18720   help.o
     11792        132       2231         12          0      35115   huaiweigprs.o
      1264         24          0          0          0        244   irq.o
       916         32        472          0          0       2697   jugeoper.o
      4004         68        120         11        288      27179   less.o
      3280         80          4          8       1054      51498   logonserver.o
      3816        196         36          1          0       5712   messageandphone.o
      2788         80         36         13        104      20711   mileage.o
      1180         40         48         13         40      20221   oil.o
       800         24         36          5          0      18703   onoroff.o
      1308         92        124         46         20      23943   openandclose.o
       868         60        288          0          0      25699   opensensor.o
      2916        128        264         68       5832      12564   os_core.o
       272         36          0          0        128        272   os_cpu_a.o
       652          8          0          4          0       9892   os_cpu_c.o
      2880         24          0          0          0      10665   os_flag.o
      1352         12          0          0          0       3098   os_mbox.o
       728          8          0          0          0       2162   os_mem.o
      2236         20          0          0          0       4204   os_q.o
      1116         16          0          0          0       2538   os_sem.o
      2420         44          0          0          0       4523   os_task.o
       644         24          0          0          0       1566   os_time.o
      1820         60         20         14       1592      15666   photo.o
      1432         16         56         56        520      12565   sensor.o
       984         44        100         16       2668      19024   sensorcontr.o
      1928         76         16         19          0       4823   space.o
       220         52          0          0       1057        452   startup.o
      4636         52         64          0        512      10941   takedata.o
      1236         72          0          0          0      41680   target.o
      1484         44         43         22         32      20052   temperture.o
      2156         52         36         11        660      21392   timer.o
     14116        112        356          0          0      30922   tz_agreen.o
     26112         88        196          0          0      40524   tz_send.o
      3192         72        420         22       2148      23552   tzv2.1.o
      1092         32         48          8          0      21497   uarttzxy.o
      1032         48         92          0       2048      13770   warningupate.o

    ------------------------------------------------------------------------
    218040       3664      11664        840      25668    1233384   Object Totals
        20          4         32          0          0          0   (incl. Generated)
         0          0          8         39          9          0   (incl. Padding)

    ------------------------------------------------------------------------

      Code (inc. data)   RO Data    RW Data    ZI Data      Debug   Library Member Name

        92          0          0          0          0          0   __dczerorl2.o
         8          0          0          0          0          0   __main.o
        60          8          0          0          0          0   __scatter.o
        44          0          0          0          0          0   __scatter_zi.o
        34          0          0          0          0          0   _rserrno.o
        16          0          0          0          0          0   aeabi_memset.o
       412          0          0          0          0          0   aeabi_sdiv.o
        12          0          0          0          0          0   boardinit2.o
        16          0          0          0          0          0   boardinit3.o
       236         24          0          0          0          0   cos.o
       400         28         48          0          0          0   cos_i.o
       172          4          0          0          0          0   d2f.o
      1076         28          0          0          0          0   daddsub_noclz.o
        16          4          0          0          0          0   dcheck.o
        16          4          0          0          0          0   dcheck1.o
       128          0          0          0          0          0   dcmpin.o
      1216        144          0          0          0          0   ddiv.o
       176          4          0          0          0          0   dfix.o
        88          0          0          0          0          0   dflt_noclz.o
       136          4          0          0          0          0   dleqf.o
       476         16          0          0          0          0   dmul.o
       508         12          0          0          0          0   drem.o
       392          8          0          0          0          0   dsqrt.o
       276          0          0          0          0          0   dunder.o
        12          0          0          0          0          0   exit.o
       100          4          0          0          0          0   f2d.o
       624          8          0          0          0          0   faddsub_noclz.o
        12          4          0          0          0          0   fcheck.o
        12          4          0          0          0          0   fcheck1.o
       100          0          0          0          0          0   fcmpin.o
        96          4          0          0          0          0   ffixu.o
       100          0          0          0          0          0   fflt_noclz.o
       264          4          0          0          0          0   fmul.o
       148          0          0          0          0          0   fnorm2_noclz.o
        28          0          0          0          0          0   fpinit.o
       132          4          0          0          0          0   frleqf.o
       144          0          0          0          0          0   funder.o
       104          4          0          0          0          0   kernel.o
       234          4          0          0          0          0   lib_init.o
        12          4          0          0         96          0   libspace.o
        42          0          0          0          0          0   memchr.o
         6          0          0          0          0          0   no_argv.o
       248          0          0          0          0          0   poly.o
       128         18          0          8        220          0   rand.o
       116          0          0          0          0          0   retnan.o
      1196        104        192          0          0          0   rred.o
        20          4          0          0          0          0   rt_errno_addr_intlibspace.o
        16          4          0          0          0          0   rt_fp_status_addr_intlibspace.o
        20          4          0          0          0          0   rt_locale_intlibspace.o
        64          0          0          0          0          0   rt_memclr.o
        84          0          0          0          0          0   rt_memclr_w.o
       100          0          0          0          0          0   rt_memcpy_w.o
        16          4          0          0          0          0   rt_stackheap_storage_intlibspace.o
       108          0          0          0          0          0   scalbn_noclz.o
       252         24          0          0          0          0   sin.o
       376         12         40          0          0          0   sin_i.o
       120         20          0          0          0          0   sqrt.o
        64          0          0          0          0          0   stkheap2.o
        80          4          0          0          0          0   strlen.o
        24          8          0          0          0          0   sys_exit.o
        96          0          0          0          0          0   sys_stackheap_outer.o
        60          0          0          0          0          0   trapv.o
         4          0          0          0          0          0   use_no_semi.o
         0          0          0          0          0          0   usenofp.o

    ------------------------------------------------------------------------
     11376        538        280          8        316          0   Library Totals
         8          0          0          0          0          0   (incl. Padding)

    ------------------------------------------------------------------------

      Code (inc. data)   RO Data    RW Data    ZI Data      Debug   Library Name

      1820         66          0          8        316          0   c_t.l
      6720        260          0          0          0          0   fz_ts.l
      2828        212        280          0          0          0   m_ts.l

    ------------------------------------------------------------------------
     11376        538        280          8        316          0   Library Totals

    ------------------------------------------------------------------------

================================================================================


      Code (inc. data)   RO Data    RW Data    ZI Data      Debug   

    229416       4202      11944        848      25984    1233384   Grand Totals
    229416       4202      11944        220      25984    1233384   ELF Image Totals (compressed)
    229416       4202      11944        220          0          0   ROM Totals

================================================================================

    Total RO  Size (Code + RO Data)               241360 ( 235.70kB)
    Total RW  Size (RW Data + ZI Data)             26832 (  26.20kB)
    Total ROM Size (Code + RO Data + RW Data)     241580 ( 235.92kB)

================================================================================

