ARM Linker, RVCT3.1 [Build 942] for uVision [Standard]

================================================================================

Section Cross References

    target.o(.text) refers to os_core.o(.text) for OSTimeTick
    target.o(.text) refers to rand.o(.text) for srand
    target.o(.text) refers to irq.o(IRQ) for Timer0_Handler
    irq.o(IRQ) refers to target.o(.text) for IRQ_Exception
    irq.o(IRQ) refers to os_core.o(.text) for OSIntExit
    irq.o(IRQ) refers to _uart.o(.text) for UART0_Exception
    irq.o(IRQ) refers to _can.o(.text) for CAN_Exception
    irq.o(IRQ) refers to os_core.o(.data) for OSIntNesting
    irq.o(IRQ) refers to startup.o(STACK) for StackUsr
    irq.o(IRQ) refers to os_cpu_c.o(.data) for OsEnterSum
    irq.o(IRQ) refers to os_cpu_a.o(subr) for OSIntCtxSw
    startup.o(STACK) refers (Special) to stkheap2.o(.text) for __use_two_region_memory
    startup.o(HEAP) refers (Special) to stkheap2.o(.text) for __use_two_region_memory
    startup.o(RESET) refers to os_cpu_a.o(subr) for SoftwareInterrupt
    startup.o(RESET) refers to target.o(.text) for FIQ_Exception
    startup.o(RESET) refers to startup.o(STACK) for Stack_Top
    startup.o(RESET) refers to __main.o(!!!main) for __main
    startup.o(RESET) refers (Special) to stkheap2.o(.text) for __use_two_region_memory
    startup.o(.text) refers to startup.o(HEAP) for Heap_Mem
    startup.o(.text) refers to startup.o(STACK) for Stack_Mem
    startup.o(.text) refers (Special) to stkheap2.o(.text) for __use_two_region_memory
    os_cpu_c.o(.text) refers to target.o(.text) for WatchDog
    os_cpu_c.o(.text) refers to os_cpu_c.o(.data) for OsEnterSum
    os_cpu_c.o(.text) refers to os_core.o(.bss) for OSTCBPrioTbl
    os_cpu_a.o(subr) refers to os_cpu_c.o(.text) for SWI_Exception
    os_cpu_a.o(subr) refers to os_cpu_a.o(SWIStacks) for SvcStackSpace
    os_cpu_a.o(subr) refers to os_cpu_c.o(.data) for OsEnterSum
    os_cpu_a.o(subr) refers to os_core.o(.data) for OSTCBCur
    os_core.o(.text) refers to os_time.o(.text) for OSTimeDly
    os_core.o(.text) refers to aeabi_sdiv.o(.text_udiv) for __aeabi_uidivmod
    os_core.o(.text) refers to os_cpu_c.o(.text) for OSTaskStatHook
    os_core.o(.text) refers to os_task.o(.text) for OSTaskCreateExt
    os_core.o(.text) refers to os_flag.o(.text) for OS_FlagInit
    os_core.o(.text) refers to os_mem.o(.text) for OS_MemInit
    os_core.o(.text) refers to os_q.o(.text) for OS_QInit
    os_core.o(.text) refers to os_core.o(.data) for OSStatRdy
    os_core.o(.text) refers to os_core.o(.bss) for OSTaskStatStk
    os_core.o(.text) refers to os_core.o(.constdata) for OSUnMapTbl
    os_flag.o(.text) refers to os_core.o(.text) for OS_Sched
    os_flag.o(.text) refers to os_core.o(.data) for OSIntNesting
    os_flag.o(.text) refers to os_core.o(.bss) for OSFlagTbl
    os_mbox.o(.text) refers to os_core.o(.text) for OS_EventWaitListInit
    os_mbox.o(.text) refers to os_core.o(.data) for OSIntNesting
    os_mem.o(.text) refers to os_core.o(.data) for OSMemFreeList
    os_mem.o(.text) refers to os_core.o(.bss) for OSMemTbl
    os_mutex.o(.text) refers to os_core.o(.text) for OS_EventWaitListInit
    os_mutex.o(.text) refers to os_core.o(.data) for OSIntNesting
    os_mutex.o(.text) refers to os_core.o(.bss) for OSTCBPrioTbl
    os_mutex.o(.text) refers to os_core.o(.constdata) for OSMapTbl
    os_q.o(.text) refers to os_core.o(.text) for OS_EventWaitListInit
    os_q.o(.text) refers to os_core.o(.data) for OSIntNesting
    os_q.o(.text) refers to os_core.o(.bss) for OSQTbl
    os_sem.o(.text) refers to os_core.o(.text) for OS_EventWaitListInit
    os_sem.o(.text) refers to os_core.o(.data) for OSIntNesting
    os_task.o(.text) refers to os_core.o(.text) for OS_Sched
    os_task.o(.text) refers to os_cpu_c.o(.text) for OSTaskStkInit
    os_task.o(.text) refers to rt_memclr_w.o(.text) for __aeabi_memclr4
    os_task.o(.text) refers to os_flag.o(.text) for OS_FlagUnlink
    os_task.o(.text) refers to rt_memcpy_w.o(.text) for __aeabi_memcpy4
    os_task.o(.text) refers to os_core.o(.bss) for OSTCBPrioTbl
    os_task.o(.text) refers to os_core.o(.constdata) for OSMapTbl
    os_task.o(.text) refers to os_core.o(.data) for OSTCBCur
    os_time.o(.text) refers to os_core.o(.text) for OS_Sched
    os_time.o(.text) refers to aeabi_sdiv.o(.text_udiv) for __aeabi_uidivmod
    os_time.o(.text) refers to os_core.o(.data) for OSTCBCur
    os_time.o(.text) refers to os_core.o(.bss) for OSTCBPrioTbl
    _arithmetic.o(.text) refers to _arithmetic.o(.constdata) for .constdata
    _arithmetic.o(.constdata) refers to _arithmetic.o(.text) for nand_calculate_ecc
    _ascnumber.o(.text) refers to aeabi_sdiv.o(.text_udiv) for __aeabi_uidivmod
    _ascnumber.o(.text) refers to aeabi_sdiv.o(.text) for __aeabi_idivmod
    _ascnumber.o(.text) refers to memchr.o(.text) for memchr
    _ascnumber.o(.text) refers to _ascnumber.o(.constdata) for FixPointValue
    _ascnumber.o(.text) refers to _ascnumber.o(.data) for CN_st_File_GBK
[...]
    .text                                    0x00004470   Section     6604  _ascnumber.o(.text)
    Asc2Bcd                                  0x00004470   ARM Code      76  _ascnumber.o(.text)
    Bcd2Asc                                  0x000044bc   ARM Code      80  _ascnumber.o(.text)
    Asc2Algorism                             0x0000450c   ARM Code     100  _ascnumber.o(.text)
    Algorism2Asc                             0x00004570   ARM Code     176  _ascnumber.o(.text)
    Asc2HexSig                               0x00004620   ARM Code      96  _ascnumber.o(.text)
    Asc2HexBuf                               0x00004680   ARM Code     112  _ascnumber.o(.text)
    Hex2AscSig                               0x000046f0   ARM Code      52  _ascnumber.o(.text)
    HexBuf2Asc                               0x00004724   ARM Code      88  _ascnumber.o(.text)
    Asc2Hex                                  0x0000477c   ARM Code     100  _ascnumber.o(.text)
    Hex2Asc                                  0x000047e0   ARM Code     220  _ascnumber.o(.text)
    Bcd2Hex                                  0x000048bc   ARM Code      68  _ascnumber.o(.text)
    Hex2Bcd                                  0x00004900   ARM Code     108  _ascnumber.o(.text)
    JugeAscBcd                               0x0000496c   ARM Code      68  _ascnumber.o(.text)
    JugeHexBcd                               0x000049b0   ARM Code      80  _ascnumber.o(.text)
    JugeAscHex                               0x00004a00   ARM Code     132  _ascnumber.o(.text)
    Asc2Float                                0x00004a84   ARM Code     160  _ascnumber.o(.text)
    JugeAscFloat                             0x00004b24   ARM Code     116  _ascnumber.o(.text)
    ClsArray                                 0x00004b98   ARM Code      40  _ascnumber.o(.text)
    MoveByte                                 0x00004bc0   ARM Code      52  _ascnumber.o(.text)
    CompareBuf                               0x00004bf4   ARM Code      76  _ascnumber.o(.text)
    CompareVa                                0x00004c40   ARM Code     208  _ascnumber.o(.text)
    Strsize                                  0x00004d10   ARM Code      52  _ascnumber.o(.text)
    StrATChar                                0x00004d44   ARM Code      92  _ascnumber.o(.text)
    Strsize16                                0x00004da0   ARM Code      56  _ascnumber.o(.text)
    LookStr                                  0x00004dd8   ARM Code     156  _ascnumber.o(.text)
    LookStrInLength                          0x00004e74   ARM Code     148  _ascnumber.o(.text)
    LookStrDown                              0x00004f08   ARM Code     192  _ascnumber.o(.text)
    LookEnable                               0x00004fc8   ARM Code     132  _ascnumber.o(.text)
    LookShowChar                             0x0000504c   ARM Code      64  _ascnumber.o(.text)
    MemSpace                                 0x0000508c   ARM Code     108  _ascnumber.o(.text)
    IPAsc2INT32                              0x000050f8   ARM Code     232  _ascnumber.o(.text)
    INT322IPAsc                              0x000051e0   ARM Code     164  _ascnumber.o(.text)
    JugeBufType                              0x00005284   ARM Code     128  _ascnumber.o(.text)
    BinarySearchStr                          0x00005304   ARM Code     208  _ascnumber.o(.text)
    StrToUni                                 0x000053d4   ARM Code     212  _ascnumber.o(.text)
    gsmEncode7bit                            0x000054a8   ARM Code     144  _ascnumber.o(.text)
    PduNumber                                0x00005538   ARM Code      84  _ascnumber.o(.text)
    PhoPdu                                   0x0000558c   ARM Code     628  _ascnumber.o(.text)
    Bit72Bit8                                0x00005800   ARM Code     532  _ascnumber.o(.text)
    BinarySearchUni                          0x00005a14   ARM Code     200  _ascnumber.o(.text)
    UniToStr                                 0x00005adc   ARM Code     216  _ascnumber.o(.text)
    ExpPdu                                   0x00005bb4   ARM Code     528  _ascnumber.o(.text)
    GetCsq                                   0x00005dc4   ARM Code     100  _ascnumber.o(.text)
    .text                                    0x00005e3c   Section     2844  _date.o(.text)
    JugeSecond                               0x00005e3c   ARM Code      28  _date.o(.text)
    JugeMinute                               0x00005e58   ARM Code      28  _date.o(.text)
    JugeHour                                 0x00005e74   ARM Code      28  _date.o(.text)
    Bcd2Hex                                  0x00005e90   ARM Code      68  _date.o(.text)
    JugeDate                                 0x00005ed4   ARM Code     396  _date.o(.text)
    Juge                                     0x00006060   ARM Code     296  _date.o(.text)
    Hex2Bcd                                  0x00006188   ARM Code     108  _date.o(.text)
    NextDate                                 0x000061f4   ARM Code     408  _date.o(.text)
    NextHour                                 0x0000638c   ARM Code      96  _date.o(.text)
    NextMinute                               0x000063ec   ARM Code      96  _date.o(.text)
    NextSecond                               0x0000644c   ARM Code      96  _date.o(.text)
    Next                                     0x000064ac   ARM Code     120  _date.o(.text)
    BackDate                                 0x00006524   ARM Code     380  _date.o(.text)
    BackHour                                 0x000066a0   ARM Code      96  _date.o(.text)
    BackMinute                               0x00006700   ARM Code      96  _date.o(.text)
    BackSecond                               0x00006760   ARM Code      96  _date.o(.text)
    Back                                     0x000067c0   ARM Code     120  _date.o(.text)
    GetWeek                                  0x00006838   ARM Code     284  _date.o(.text)
    .text                                    0x00006958   Section     2156  _can.o(.text)
    Init                                     0x00006958   ARM Code     204  _can.o(.text)
    ClearSem                                 0x00006a24   ARM Code      84  _can.o(.text)
    Open1                                    0x00006a78   ARM Code     192  _can.o(.text)
    Open0                                    0x00006b38   ARM Code     192  _can.o(.text)
    Open                                     0x00006bf8   ARM Code      64  _can.o(.text)
    Close1                                   0x00006c38   ARM Code      84  _can.o(.text)
    Close0                                   0x00006c8c   ARM Code      84  _can.o(.text)
    Close                                    0x00006ce0   ARM Code      52  _can.o(.text)
    Read1                                    0x00006d14   ARM Code     188  _can.o(.text)
    Read0                                    0x00006dd0   ARM Code     188  _can.o(.text)
    Read                                     0x00006e8c   ARM Code      64  _can.o(.text)
    Write1                                   0x00006ecc   ARM Code     112  _can.o(.text)
    Write0                                   0x00006f3c   ARM Code     124  _can.o(.text)
    Write                                    0x00006fb8   ARM Code      64  _can.o(.text)
    .text                                    0x000071c4   Section     3296  gps.o(.text)
    Init                                     0x000071c4   ARM Code     180  gps.o(.text)
    Open                                     0x00007278   ARM Code     116  gps.o(.text)
    Close                                    0x000072ec   ARM Code     148  gps.o(.text)
    SeekChar                                 0x00007380   ARM Code      96  gps.o(.text)
    Parse_GPGGA_StarNumber                   0x000073e0   ARM Code     196  gps.o(.text)
    Parse_GPGGA                              0x000074a4   ARM Code      40  gps.o(.text)
    Parse_GPRMC_Angle                        0x000074cc   ARM Code     192  gps.o(.text)
    Parse_GPRMC_Speed                        0x0000758c   ARM Code     192  gps.o(.text)
    Parse_GPRMC_Long                         0x0000764c   ARM Code     296  gps.o(.text)
    Parse_GPRMC_Lat                          0x00007774   ARM Code     280  gps.o(.text)
    Parse_GPRMC_GetTime                      0x0000788c   ARM Code     356  gps.o(.text)
    Parse_GPRMC_LocationTrue                 0x000079f0   ARM Code     112  gps.o(.text)
    Parse_GPRMC                              0x00007a60   ARM Code     320  gps.o(.text)
    JugeOrder                                0x00007ba0   ARM Code     512  gps.o(.text)
    GpsCommInput                             0x00007da0   ARM Code     112  gps.o(.text)
    Read                                     0x00007e10   ARM Code      84  gps.o(.text)
    .text                                    0x00007ea4   Section      780  _rtc.o(.text)
    RTCInit                                  0x00007ea4   ARM Code      80  _rtc.o(.text)
    Init1                                    0x00007ef4   ARM Code      20  _rtc.o(.text)
    Init                                     0x00007f08   ARM Code      80  _rtc.o(.text)
    Read1                                    0x00007f58   ARM Code     188  _rtc.o(.text)
    Read                                     0x00008014   ARM Code      64  _rtc.o(.text)
    Write1                                   0x00008054   ARM Code     180  _rtc.o(.text)
    Write                                    0x00008108   ARM Code      64  _rtc.o(.text)
    RTCStart                                 0x00008148   ARM Code      32  _rtc.o(.text)
    RTCStop                                  0x00008168   ARM Code      24  _rtc.o(.text)
    RTC_CTCReset                             0x00008180   ARM Code      24  _rtc.o(.text)
    .text                                    0x000081b0   Section     1296  _spi.o(.text)
    Open                                     0x000081b0   ARM Code     148  _spi.o(.text)
    DelaySpi                                 0x00008244   ARM Code      28  _spi.o(.text)
    Start                                    0x00008260   ARM Code     116  _spi.o(.text)
    RwSpi                                    0x000082d4   ARM Code     180  _spi.o(.text)
    Write                                    0x00008388   ARM Code     144  _spi.o(.text)
    Read                                     0x00008418   ARM Code     172  _spi.o(.text)
    JugeBuf                                  0x000084c4   ARM Code     188  _spi.o(.text)
    JugeByte                                 0x00008580   ARM Code     172  _spi.o(.text)
    End                                      0x0000862c   ARM Code      84  _spi.o(.text)
    Close                                    0x00008680   ARM Code      32  _spi.o(.text)
    .text                                    0x000086c0   Section     3992  _spiflash.o(.text)
    Init1                                    0x000086c0   ARM Code      56  _spiflash.o(.text)
    CE_High                                  0x000086f8   ARM Code      40  _spiflash.o(.text)
    CE_Low                                   0x00008720   ARM Code      40  _spiflash.o(.text)
    ReadSpiFlash                             0x00008748   ARM Code     164  _spiflash.o(.text)
    ReadStatus                               0x000087ec   ARM Code     116  _spiflash.o(.text)
    ReadStatusOutTime                        0x00008860   ARM Code      72  _spiflash.o(.text)
    WriteDisable                             0x000088a8   ARM Code     164  _spiflash.o(.text)
    WriteClose                               0x0000894c   ARM Code      80  _spiflash.o(.text)
    WriteStatus                              0x0000899c   ARM Code     172  _spiflash.o(.text)
    WriteEnable                              0x00008a48   ARM Code     164  _spiflash.o(.text)
    WriteOpen                                0x00008aec   ARM Code     160  _spiflash.o(.text)
    WriteSpiFlash                            0x00008b8c   ARM Code     180  _spiflash.o(.text)
    JugeByteSpiFlash                         0x00008c40   ARM Code     168  _spiflash.o(.text)
    EraseSpiFlash                            0x00008ce8   ARM Code     148  _spiflash.o(.text)
    InitFlash                                0x00008d7c   ARM Code     220  _spiflash.o(.text)
    MoveByte                                 0x00008e58   ARM Code      36  _spiflash.o(.text)
    CompareBuf                               0x00008e7c   ARM Code      64  _spiflash.o(.text)
    GetIDSpiFlash                            0x00008ebc   ARM Code     120  _spiflash.o(.text)
    Open                                     0x00008f34   ARM Code     388  _spiflash.o(.text)
    Open1                                    0x000090b8   ARM Code      64  _spiflash.o(.text)
    Close1                                   0x000090f8   ARM Code      48  _spiflash.o(.text)
    Read                                     0x00009128   ARM Code      76  _spiflash.o(.text)
    Read1                                    0x00009174   ARM Code      88  _spiflash.o(.text)
    JugeBufSpiFlash                          0x000091cc   ARM Code     244  _spiflash.o(.text)
    Write                                    0x000092c0   ARM Code     188  _spiflash.o(.text)
    Write1                                   0x0000937c   ARM Code      88  _spiflash.o(.text)
    CreartBad                                0x000093d4   ARM Code     244  _spiflash.o(.text)
    Ease                                     0x000094c8   ARM Code      88  _spiflash.o(.text)
    Ease1                                    0x00009520   ARM Code      72  _spiflash.o(.text)
    Juge                                     0x00009568   ARM Code      76  _spiflash.o(.text)
    Juge1                                    0x000095b4   ARM Code      88  _spiflash.o(.text)
    CreartBad1                               0x0000960c   ARM Code      72  _spiflash.o(.text)
    .text                                    0x00009658   Section     5620  _uart.o(.text)
    Init                                     0x00009658   ARM Code     380  _uart.o(.text)
    ClearSem                                 0x000097d4   ARM Code      84  _uart.o(.text)
    Open3                                    0x00009828   ARM Code     536  _uart.o(.text)
    Open2                                    0x00009a40   ARM Code     536  _uart.o(.text)
    Open1                                    0x00009c58   ARM Code     548  _uart.o(.text)
    Open0                                    0x00009e7c   ARM Code     556  _uart.o(.text)
    Open                                     0x0000a0a8   ARM Code     104  _uart.o(.text)
    Close3                                   0x0000a110   ARM Code      96  _uart.o(.text)
    Close2                                   0x0000a170   ARM Code      92  _uart.o(.text)
    Close1                                   0x0000a1cc   ARM Code      92  _uart.o(.text)
    Close0                                   0x0000a228   ARM Code      92  _uart.o(.text)
    Close                                    0x0000a284   ARM Code      84  _uart.o(.text)
    Receive3Byte                             0x0000a2d8   ARM Code     120  _uart.o(.text)
    Read3                                    0x0000a350   ARM Code      80  _uart.o(.text)
    Receive2Byte                             0x0000a3a0   ARM Code     120  _uart.o(.text)
    Read2                                    0x0000a418   ARM Code     204  _uart.o(.text)
    Receive1Byte                             0x0000a4e4   ARM Code     120  _uart.o(.text)
    Read1                                    0x0000a55c   ARM Code      80  _uart.o(.text)
    Receive0Byte                             0x0000a5ac   ARM Code     120  _uart.o(.text)
    Read0                                    0x0000a624   ARM Code      80  _uart.o(.text)
    Read                                     0x0000a674   ARM Code     124  _uart.o(.text)
    Write3                                   0x0000a6f0   ARM Code      68  _uart.o(.text)
    Write2                                   0x0000a734   ARM Code      68  _uart.o(.text)
    Write1                                   0x0000a778   ARM Code      68  _uart.o(.text)
    Write0                                   0x0000a7bc   ARM Code      68  _uart.o(.text)
    Write                                    0x0000a800   ARM Code     124  _uart.o(.text)
    .text                                    0x0000ac4c   Section    17024  gprs.o(.text)
    LookOrder                                0x0000ac4c   ARM Code      68  gprs.o(.text)
    ModermCom                                0x0000ac90   ARM Code     564  gprs.o(.text)
    DelMsg                                   0x0000aec4   ARM Code     260  gprs.o(.text)
    SeekChar                                 0x0000afc8   ARM Code      96  gprs.o(.text)
    GetMessage                               0x0000b028   ARM Code     588  gprs.o(.text)
    ReadMessageCen                           0x0000b274   ARM Code     204  gprs.o(.text)
    QuerySim                                 0x0000b340   ARM Code     584  gprs.o(.text)
    Ip2Char                                  0x0000b588   ARM Code     296  gprs.o(.text)
    OpenLink                                 0x0000b6b0   ARM Code     160  gprs.o(.text)
    CloseLink                                0x0000b750   ARM Code     188  gprs.o(.text)
    SendIPData                               0x0000b80c   ARM Code     216  gprs.o(.text)
    SendTCPUDP                               0x0000b8e4   ARM Code     148  gprs.o(.text)
    GetTimeAdd                               0x0000b978   ARM Code     188  gprs.o(.text)
    HeartAffair                              0x0000ba34   ARM Code     744  gprs.o(.text)
    JugeEvent                                0x0000bd1c   ARM Code     436  gprs.o(.text)
    ReadUdpTcp                               0x0000bed0   ARM Code     532  gprs.o(.text)
    ReceiveTCPIP                             0x0000c0e4   ARM Code     236  gprs.o(.text)
    GetCenterNumber                          0x0000c1d0   ARM Code     380  gprs.o(.text)
    GetIMEI                                  0x0000c34c   ARM Code     280  gprs.o(.text)
    SeeCarrier                               0x0000c464   ARM Code     260  gprs.o(.text)
    See_De_Moderm_Com_SQ                     0x0000c568   ARM Code     268  gprs.o(.text)
    Res_Net                                  0x0000c674   ARM Code     228  gprs.o(.text)
    SeeCLCC                                  0x0000c758   ARM Code     256  gprs.o(.text)
    GetModermState                           0x0000c858   ARM Code     184  gprs.o(.text)
    ModelState                               0x0000c910   ARM Code    1284  gprs.o(.text)
    InitTCPUDP                               0x0000ce14   ARM Code     740  gprs.o(.text)
    ReOpenLink                               0x0000d0f8   ARM Code     156  gprs.o(.text)
    UpadateSet                               0x0000d194   ARM Code     164  gprs.o(.text)
    Set_Message                              0x0000d238   ARM Code     132  gprs.o(.text)
    SetCLIP                                  0x0000d2bc   ARM Code     140  gprs.o(.text)
    Set_Mem                                  0x0000d348   ARM Code     132  gprs.o(.text)
    SetIPR                                   0x0000d3cc   ARM Code     164  gprs.o(.text)
    CloseShow                                0x0000d470   ARM Code     136  gprs.o(.text)
    ModermPowerDown                          0x0000d4f8   ARM Code      92  gprs.o(.text)
    InitModel                                0x0000d554   ARM Code     596  gprs.o(.text)
    Task                                     0x0000d7a8   ARM Code     348  gprs.o(.text)
    Init                                     0x0000d904   ARM Code     364  gprs.o(.text)
    OpenMessage                              0x0000da70   ARM Code     244  gprs.o(.text)
    ReadMessage                              0x0000db64   ARM Code     208  gprs.o(.text)
    ReadPhone                                0x0000dc34   ARM Code     104  gprs.o(.text)
    MsgSend                                  0x0000dc9c   ARM Code     428  gprs.o(.text)
    SetTxtOrPdu                              0x0000de48   ARM Code     144  gprs.o(.text)
    SendMessageCen                           0x0000ded8   ARM Code      92  gprs.o(.text)
    SendMessage                              0x0000df34   ARM Code      80  gprs.o(.text)
    CloseMessage                             0x0000df84   ARM Code     112  gprs.o(.text)
    Call_Phone                               0x0000dff4   ARM Code     228  gprs.o(.text)
    CallPhone                                0x0000e0d8   ARM Code      92  gprs.o(.text)
    RingUp                                   0x0000e134   ARM Code      92  gprs.o(.text)
    HangPhone                                0x0000e190   ARM Code      84  gprs.o(.text)
    Answer_Phone                             0x0000e1e4   ARM Code     140  gprs.o(.text)
    AnswerPhone                              0x0000e270   ARM Code      84  gprs.o(.text)
    InitTCPIP                                0x0000e2c4   ARM Code      92  gprs.o(.text)
    SeekSpace                                0x0000e320   ARM Code     124  gprs.o(.text)
    OpenUDPTCP                               0x0000e39c   ARM Code     296  gprs.o(.text)
    CloseUDPTCP                              0x0000e4c4   ARM Code     148  gprs.o(.text)
    DNSR_Conversion                          0x0000e558   ARM Code     336  gprs.o(.text)
    TcpIPState                               0x0000e6a8   ARM Code     196  gprs.o(.text)
    DNSRIP                                   0x0000e76c   ARM Code     208  gprs.o(.text)
    ReadIpData                               0x0000e83c   ARM Code     220  gprs.o(.text)
    EditUDPTCPPro                            0x0000e918   ARM Code     288  gprs.o(.text)
    GetUDPTCPPro                             0x0000ea38   ARM Code      96  gprs.o(.text)
    Enable                                   0x0000ea98   ARM Code      60  gprs.o(.text)
    DisEnable                                0x0000ead4   ARM Code      60  gprs.o(.text)
    GetEnable                                0x0000eb10   ARM Code      64  gprs.o(.text)
    GetPro                                   0x0000eb50   ARM Code      80  gprs.o(.text)
    EditCen                                  0x0000eba0   ARM Code      12  gprs.o(.text)
    GetModermCard                            0x0000ebac   ARM Code     140  gprs.o(.text)
    GetChipID                                0x0000ec38   ARM Code     244  gprs.o(.text)
    EnableSync                               0x0000ed2c   ARM Code     136  gprs.o(.text)
    MODEM_Dly100ms                           0x0000edb4   ARM Code     128  gprs.o(.text)
    ModermPowerUp                            0x0000ee34   ARM Code     152  gprs.o(.text)
    .text                                    0x0000eecc   Section     1824  gpstask.o(.text)
    JugeAffair                               0x0000eecc   ARM Code     560  gpstask.o(.text)
    GpsTask                                  0x0000f0fc   ARM Code     132  gpstask.o(.text)
    Init                                     0x0000f180   ARM Code     336  gpstask.o(.text)
    SeekSpace                                0x0000f2d0   ARM Code      56  gpstask.o(.text)
    Open                                     0x0000f308   ARM Code     208  gpstask.o(.text)
    Close                                    0x0000f3d8   ARM Code     100  gpstask.o(.text)
    Read                                     0x0000f43c   ARM Code      80  gpstask.o(.text)
    PowerOpen                                0x0000f48c   ARM Code     120  gpstask.o(.text)
    PowerClose                               0x0000f504   ARM Code     184  gpstask.o(.text)
    .text                                    0x0000f5ec   Section     2016  timer.o(.text)
    JugeEvent                                0x0000f5ec   ARM Code     304  timer.o(.text)
    GetTimeAdd                               0x0000f71c   ARM Code     188  timer.o(.text)
    Task                                     0x0000f7d8   ARM Code     268  timer.o(.text)
    Init                                     0x0000f8e4   ARM Code     124  timer.o(.text)
    SeekSpace                                0x0000f960   ARM Code      60  timer.o(.text)
    Open                                     0x0000f99c   ARM Code     332  timer.o(.text)
    Close                                    0x0000fae8   ARM Code      80  timer.o(.text)
    Read                                     0x0000fb38   ARM Code      80  timer.o(.text)
    Enable                                   0x0000fb88   ARM Code     108  timer.o(.text)
    DisEnable                                0x0000fbf4   ARM Code     108  timer.o(.text)
    GetEnable                                0x0000fc60   ARM Code     112  timer.o(.text)
    GetPro                                   0x0000fcd0   ARM Code     116  timer.o(.text)
    EditPro                                  0x0000fd44   ARM Code     132  timer.o(.text)
    .text                                    0x0000fdcc   Section     1544  ftp.o(.text)
    FtpTaskInit                              0x0000fdcc   ARM Code     692  ftp.o(.text)
    FTP_Downloard_Task                       0x00010080   ARM Code     392  ftp.o(.text)
    Init                                     0x00010208   ARM Code     116  ftp.o(.text)
    FTP_CtrReceive                           0x0001027c   ARM Code      44  ftp.o(.text)
    FTP_SendCommand                          0x000102a8   ARM Code     272  ftp.o(.text)
    FtpTaskClose                             0x000103b8   ARM Code       8  ftp.o(.text)
    GetState                                 0x000103c0   ARM Code      12  ftp.o(.text)
    .text                                    0x000103d4   Section     9804  _rwfile.o(.text)
    ClsArray                                 0x000103d4   ARM Code      36  _rwfile.o(.text)
    Init                                     0x000103f8   ARM Code      44  _rwfile.o(.text)
    Init1                                    0x00010424   ARM Code      40  _rwfile.o(.text)
    Crc                                      0x0001044c   ARM Code     112  _rwfile.o(.text)
    WriteRecode                              0x000104bc   ARM Code     236  _rwfile.o(.text)
    MoveByte                                 0x000105a8   ARM Code      36  _rwfile.o(.text)
    ReadRecode                               0x000105cc   ARM Code     484  _rwfile.o(.text)
    CompareBuf                               0x000107b0   ARM Code      64  _rwfile.o(.text)
    LookSpace                                0x000107f0   ARM Code     312  _rwfile.o(.text)
    LookChip                                 0x00010928   ARM Code      56  _rwfile.o(.text)
    CreateBin                                0x00010960   ARM Code     472  _rwfile.o(.text)
    CreateBin1                               0x00010b38   ARM Code      76  _rwfile.o(.text)
    CreateRecoder                            0x00010b84   ARM Code     600  _rwfile.o(.text)
    CreateRecoder1                           0x00010ddc   ARM Code      92  _rwfile.o(.text)
    LookHeadTailFF                           0x00010e38   ARM Code     220  _rwfile.o(.text)
    GetHeadTailPoint                         0x00010f14   ARM Code     312  _rwfile.o(.text)
    GetFileInfor                             0x0001104c   ARM Code     280  _rwfile.o(.text)
    LookFileNameAgain                        0x00011164   ARM Code     212  _rwfile.o(.text)
    LookFileBufSpace                         0x00011238   ARM Code      68  _rwfile.o(.text)
    Open                                     0x0001127c   ARM Code     268  _rwfile.o(.text)
    Open1                                    0x00011388   ARM Code      76  _rwfile.o(.text)
    Close                                    0x000113d4   ARM Code      32  _rwfile.o(.text)
    Close1                                   0x000113f4   ARM Code      64  _rwfile.o(.text)
    ReadBin                                  0x00011434   ARM Code     232  _rwfile.o(.text)
    ReadBin1                                 0x0001151c   ARM Code      88  _rwfile.o(.text)
    WriteBin                                 0x00011574   ARM Code     236  _rwfile.o(.text)
    WriteBin1                                0x00011660   ARM Code      88  _rwfile.o(.text)
    GetJlNum                                 0x000116b8   ARM Code     188  _rwfile.o(.text)
    ReadRecoder1                             0x00011774   ARM Code    1768  _rwfile.o(.text)
    ReadRecoder2                             0x00011e5c   ARM Code      84  _rwfile.o(.text)
    fWriteHeadTail                           0x00011eb0   ARM Code     620  _rwfile.o(.text)
    UpdateHeadTailPoint                      0x0001211c   ARM Code     332  _rwfile.o(.text)
    WriteRecoder1                            0x00012268   ARM Code    1356  _rwfile.o(.text)
    WriteRecoder2                            0x000127b4   ARM Code      84  _rwfile.o(.text)
    GetJlNum1                                0x00012808   ARM Code      64  _rwfile.o(.text)
    Seek                                     0x00012848   ARM Code      12  _rwfile.o(.text)
    Seek1                                    0x00012854   ARM Code      88  _rwfile.o(.text)
    SeekSize                                 0x000128ac   ARM Code      36  _rwfile.o(.text)
    SeekSize1                                0x000128d0   ARM Code     108  _rwfile.o(.text)
    ReadHeadTail                             0x0001293c   ARM Code     120  _rwfile.o(.text)
    ReadPor                                  0x000129b4   ARM Code      84  _rwfile.o(.text)
    .text                                    0x00012a20   Section     1844  _rwflashlgc.o(.text)
    Open                                     0x00012a20   ARM Code     156  _rwflashlgc.o(.text)
    Lgc2Phy                                  0x00012abc   ARM Code     120  _rwflashlgc.o(.text)
    Read                                     0x00012b34   ARM Code     364  _rwflashlgc.o(.text)
    MoveByte                                 0x00012ca0   ARM Code      36  _rwflashlgc.o(.text)
    WriteBlock                               0x00012cc4   ARM Code     676  _rwflashlgc.o(.text)
    Write                                    0x00012f68   ARM Code     252  _rwflashlgc.o(.text)
    Ease                                     0x00013064   ARM Code     216  _rwflashlgc.o(.text)
    .text                                    0x00013154   Section     1504  _datatrans.o(.text)
    Trans_Gps_State                          0x00013154   ARM Code     160  _datatrans.o(.text)
    Trans_Gps_Year                           0x000131f4   ARM Code     104  _datatrans.o(.text)
    Trans_Gps_Angle                          0x0001325c   ARM Code     156  _datatrans.o(.text)
    Trans_Gps_Speed                          0x000132f8   ARM Code     144  _datatrans.o(.text)
    Trans_Gps_Location                       0x00013388   ARM Code     288  _datatrans.o(.text)
    Trans_Gps_LongHem                        0x000134a8   ARM Code     140  _datatrans.o(.text)
    Trans_Gps_Latitude                       0x00013534   ARM Code     140  _datatrans.o(.text)
    Trans_Gps_Timer                          0x000135c0   ARM Code      48  _datatrans.o(.text)
    .text                                    0x00013734   Section     4336  _filedata.o(.text)
    Get_Sys_State                            0x00013734   ARM Code     296  _filedata.o(.text)
    CheckFile_GpsMessage                     0x0001385c   ARM Code     104  _filedata.o(.text)
    CheckFile_Message                        0x000138c4   ARM Code     184  _filedata.o(.text)
    CheckFile_MessageState                   0x0001397c   ARM Code     288  _filedata.o(.text)
    BackUpLoader                             0x00013a9c   ARM Code      60  _filedata.o(.text)
    CheckFile_UpLoader                       0x00013ad8   ARM Code     144  _filedata.o(.text)
    BackAccTimer                             0x00013b68   ARM Code      52  _filedata.o(.text)
    CheckFile_Acc                            0x00013b9c   ARM Code     144  _filedata.o(.text)
    BackPareameter                           0x00013c2c   ARM Code     364  _filedata.o(.text)
    CheckFile_Parameter                      0x00013d98   ARM Code     144  _filedata.o(.text)
    BackCan                                  0x00013e28   ARM Code     116  _filedata.o(.text)
    CheckFile_CanID                          0x00013e9c   ARM Code     144  _filedata.o(.text)
    BackBasic                                0x00013f2c   ARM Code     268  _filedata.o(.text)
    CheckFile_Basic                          0x00014038   ARM Code     144  _filedata.o(.text)
    .text                                    0x00014824   Section      448  _init.o(.text)
    InitContrl                               0x00014824   ARM Code     164  _init.o(.text)
    Init                                     0x000148c8   ARM Code     156  _init.o(.text)
    .text                                    0x000149e4   Section      252  gpsevent.o(.text)
    GpsSem                                   0x00014a18   ARM Code      84  gpsevent.o(.text)
    GpsNoSem                                 0x00014a6c   ARM Code      80  gpsevent.o(.text)
    GpsErro                                  0x00014abc   ARM Code      16  gpsevent.o(.text)
    .text                                    0x00014ae8   Section      120  rand.o(.text)
    .text                                    0x00014b60   Section       16  aeabi_memset.o(.text)
    .text                                    0x00014b70   Section      100  rt_memcpy_w.o(.text)
    .text                                    0x00014bd4   Section       84  rt_memclr_w.o(.text)
    .text                                    0x00014c30   Section       72  strlen.o(.text)
    .text                                    0x00014c80   Section       34  memchr.o(.text)
    .text                                    0x00014ca4   Section      384  aeabi_sdiv.o(.text)
    __arm_div8                               0x00014cd0   ARM Code       0  aeabi_sdiv.o(.text)
    __arm_div4                               0x00014d00   ARM Code       0  aeabi_sdiv.o(.text)
    __arm_div_large                          0x00014d54   ARM Code       0  aeabi_sdiv.o(.text)
    .text                                    0x00014e24   Section       64  stkheap2.o(.text)
    .text                                    0x00014e64   Section      104  kernel.o(.text)
    .text                                    0x00014ecc   Section       96  sys_stackheap_outer.o(.text)
    .text                                    0x00014f2c   Section       16  rt_stackheap_storage_intlibspace.o(.text)
    .text                                    0x00014f3c   Section       64  rt_memclr.o(.text)
    .text                                    0x00014f7c   Section       24  sys_exit.o(.text)
    .text                                    0x00014f94   Section       12  libspace.o(.text)
    .text                                    0x00014fa0   Section       12  exit.o(.text)
    .text                                    0x00014fb4   Section      206  lib_init.o(.text)
    .text                                    0x00015084   Section       12  boardinit2.o(.text)
    .text                                    0x00015090   Section       16  boardinit3.o(.text)
    .text                                    0x000150a0   Section        4  use_no_semi.o(.text)
    .text                                    0x000150a8   Section       16  rt_locale_intlibspace.o(.text)
    .text                                    0x000150b8   Section        6  no_argv.o(.text)
    .text                                    0x000150c0   Section       16  rt_fp_status_addr_intlibspace.o(.text)
    .text_udiv                               0x000150d0   Section       28  aeabi_sdiv.o(.text_udiv)
    IRQ                                      0x000150ec   Section      892  irq.o(IRQ)
    subr                                     0x0001547c   Section      272  os_cpu_a.o(subr)
    x$fpl$fpinit                             0x00015590   Section       24  fpinit.o(x$fpl$fpinit)
    .constdata                               0x000155a8   Section      264  os_core.o(.constdata)
    .constdata                               0x000156b0   Section      292  _arithmetic.o(.constdata)
    nand_ecc_precalc_table                   0x000156d4   Data         256  _arithmetic.o(.constdata)
    .constdata                               0x000157d4   Section      214  _ascnumber.o(.constdata)
    .constdata                               0x000158ac   Section       16  _date.o(.constdata)
    .constdata                               0x000158bc   Section       88  gps.o(.constdata)
    .constdata                               0x00015914   Section       12  _rtc.o(.constdata)
    .constdata                               0x00015920   Section       36  _spi.o(.constdata)
    .constdata                               0x00015944   Section       68  _spiflash.o(.constdata)
    .constdata                               0x00015988   Section       20  _uart.o(.constdata)
    .constdata                               0x0001599c   Section      376  gprs.o(.constdata)
    .constdata                               0x00015b14   Section       24  gpstask.o(.constdata)
    .constdata                               0x00015b2c   Section       36  timer.o(.constdata)
    .constdata                               0x00015b50   Section       12  ftp.o(.constdata)
    .constdata                               0x00015b5c   Section       56  _rwfile.o(.constdata)
    .constdata                               0x00015b94   Section       16  _rwflashlgc.o(.constdata)
    .constdata                               0x00015ba4   Section       12  gpsevent.o(.constdata)
    .conststring                             0x00015bb0   Section       56  gps.o(.conststring)
    .conststring                             0x00015be8   Section      323  gprs.o(.conststring)
    .conststring                             0x00015d2b   Section        6  ftp.o(.conststring)
    .data                                    0x40000000   Section        4  os_cpu_c.o(.data)
    .data                                    0x40000004   Section       68  os_core.o(.data)
    .data                                    0x40000048   Section        4  _ascnumber.o(.data)
    .data                                    0x4000004c   Section       44  _can.o(.data)
    .data                                    0x40000078   Section        5  gps.o(.data)
    .data                                    0x40000080   Section        4  _rtc.o(.data)
    RTCSem                                   0x40000080   Data           4  _rtc.o(.data)
    .data                                    0x40000084   Section        5  _spi.o(.data)
    SPISem                                   0x40000084   Data           4  _spi.o(.data)
    UseSPITaskPro                            0x40000088   Data           1  _spi.o(.data)
    .data                                    0x4000008c   Section        4  _spiflash.o(.data)
    SpiFlashSem                              0x4000008c   Data           4  _spiflash.o(.data)
    .data                                    0x40000090   Section       64  _uart.o(.data)
    .data                                    0x400000d0   Section       27  gprs.o(.data)
    .data                                    0x400000ec   Section        8  gpstask.o(.data)
    .data                                    0x400000f4   Section        4  timer.o(.data)
    TimerSem                                 0x400000f4   Data           4  timer.o(.data)
    .data                                    0x400000f8   Section       25  ftp.o(.data)
    step@FtpTaskInit_0                       0x40000104   Data           1  ftp.o(.data)
    state@FTP_Downloard_Task_0               0x40000105   Data           1  ftp.o(.data)
    .data                                    0x40000114   Section       12  _rwfile.o(.data)
    X_BUF                                    0x40000118   Data           4  _rwfile.o(.data)
    FileSem                                  0x4000011c   Data           4  _rwfile.o(.data)
    .data                                    0x40000120   Section       24  _rwflashlgc.o(.data)
    ptst_Da_Flash                            0x40000120   Data           4  _rwflashlgc.o(.data)
    X_BUF                                    0x40000124   Data           4  _rwflashlgc.o(.data)
    SpiFlashSem                              0x4000012c   Data           4  _rwflashlgc.o(.data)
    .data                                    0x40000138   Section       12  _filedata.o(.data)
    .data                                    0x40000144   Section        8  _init.o(.data)
    .data                                    0x4000014c   Section        8  rand.o(.data)
    _random_j                                0x4000014c   Data           4  rand.o(.data)
    _random_k                                0x40000150   Data           4  rand.o(.data)
    .bss                                     0x40000154   Section     5832  os_core.o(.bss)
    .bss                                     0x4000181c   Section      320  _can.o(.bss)
    .bss                                     0x4000195c   Section      100  gps.o(.bss)
    .bss                                     0x400019c0   Section     7413  gprs.o(.bss)
    .bss                                     0x400036b8   Section     2216  gpstask.o(.bss)
    .bss                                     0x40003f60   Section     2368  timer.o(.bss)
    Timer_Stk                                0x400040a0   Data        2048  timer.o(.bss)
    .bss                                     0x400048a0   Section     2556  ftp.o(.bss)
    FTP_Stk                                  0x40004968   Data        2048  ftp.o(.bss)
    .bss                                     0x4000529c   Section      540  _rwfile.o(.bss)
    .bss                                     0x400054b8   Section       62  _rwflashlgc.o(.bss)
    CN_st_Da_Flash                           0x400054b8   Data          62  _rwflashlgc.o(.bss)
    .bss                                     0x400054f8   Section      680  _filedata.o(.bss)
    .bss                                     0x400057a0   Section     2048  _init.o(.bss)
    .bss                                     0x40005fa0   Section      220  rand.o(.bss)
    _random_number_seed                      0x40005fa0   Data         220  rand.o(.bss)
    .bss                                     0x4000607c   Section       96  libspace.o(.bss)
    HEAP                                     0x400060e0   Section        1  startup.o(HEAP)
    Heap_Mem                                 0x400060e0   Data           1  startup.o(HEAP)
    STACK                                    0x400060e8   Section     1056  startup.o(STACK)
    Stack_Mem                                0x400060e8   Data        1056  startup.o(STACK)
    SWIStacks                                0x40006508   Section      128  os_cpu_a.o(SWIStacks)
    Stack_Top                                0x40006508   Data           0  startup.o(STACK)
    SvcStackSpace                            0x40006508   Data         128  os_cpu_a.o(SWIStacks)

    Global Symbols

    Symbol Name                              Value     Ov Type        Size  Object(Section)

    BuildAttributes$$THM_ISAv1$ARM_ISAv4$M$S$PE$A:L22$X:L11$S22$IEEE1$IW$USESV6$~STKCKD$USESV7$~SHL$OSPACE$EBA8$STANDARDLIB$REQ8$PRES8$EABIv2 0x00000000   Number         0  anon$$obj.o ABSOLUTE
    __ARM_use_no_argv                        0x00000000   Number         0  _init.o ABSOLUTE
    __ARM_exceptions_init                     - Undefined Weak Reference
    __Heap_DescSize                           - Undefined Weak Reference
    __alloca_initialize                       - Undefined Weak Reference
    __cpp_initialize__aeabi_                  - Undefined Weak Reference
    __cxa_finalize                            - Undefined Weak Reference
    __sigvec_lookup                           - Undefined Weak Reference
    __user_heap_extend                        - Undefined Weak Reference
    _atexit_init                              - Undefined Weak Reference
    _call_atexit_fns                          - Undefined Weak Reference
    _clock_init                               - Undefined Weak Reference
    _fp_trap_init                             - Undefined Weak Reference
    _get_lc_collate                           - Undefined Weak Reference
    _get_lc_ctype                             - Undefined Weak Reference
    _get_lc_monetary                          - Undefined Weak Reference
    _get_lc_numeric                           - Undefined Weak Reference
    _get_lc_time                              - Undefined Weak Reference
    _getenv_init                              - Undefined Weak Reference
    _handle_redirection                       - Undefined Weak Reference
    _init_alloc                               - Undefined Weak Reference
    _init_user_alloc                          - Undefined Weak Reference
    _initio                                   - Undefined Weak Reference
    _signal_init                              - Undefined Weak Reference
    _terminate_user_alloc                     - Undefined Weak Reference
    _terminateio                              - Undefined Weak Reference
    Reset_Handler                            0x00000058   ARM Code       0  startup.o(RESET)
    __main                                   0x000000b8   ARM Code       8  __main.o(!!!main)
    __scatterload                            0x000000c0   ARM Code       0  __scatter.o(!!!scatter)
    __scatterload_rt2                        0x000000c0   ARM Code      52  __scatter.o(!!!scatter)
    __scatterload_null                       0x000000d4   ARM Code       0  __scatter.o(!!!scatter)
    __decompress                             0x000000fc   ARM Code      68  __dczerorl.o(!!dczerorl)
    __decompress0                            0x000000fc   ARM Code       0  __dczerorl.o(!!dczerorl)
    __scatterload_zeroinit                   0x00000140   ARM Code      44  __scatter_zi.o(!!handler_zi)
    Inline Thumb to ARM Veneer to __ARM_argv_veneer 0x0000016d   Thumb Code     4  lib_init.o(.emb_text)
    __ARM_argv_veneer                        0x00000170   ARM Code      16  lib_init.o(.emb_text)
    ConfigurePLL                             0x00000180   ARM Code     304  target.o(.text)
    GPIOResetInit                            0x000002b0   ARM Code     120  target.o(.text)
    init_VIC                                 0x00000328   ARM Code      88  target.o(.text)
    TargetResetInit                          0x00000380   ARM Code      92  target.o(.text)
    Install_IRQ                              0x000003dc   ARM Code      92  target.o(.text)
    init_port                                0x00000438   ARM Code      40  target.o(.text)
    IRQ_Exception                            0x00000460   ARM Code       8  target.o(.text)
    FIQ_Exception                            0x00000468   ARM Code       8  target.o(.text)
    Timer0_Exception                         0x00000470   ARM Code      36  target.o(.text)
    Timer0Init                               0x00000494   ARM Code      48  target.o(.text)
    VIC_Setup                                0x000004c4   ARM Code     108  target.o(.text)
    TargetInit                               0x00000548   ARM Code      44  target.o(.text)
    WatchDog                                 0x00000574   ARM Code      72  target.o(.text)
    __user_initial_stackheap                 0x000005f8   ARM Code       0  startup.o(.text)
    OSTaskStkInit                            0x0000061c   ARM Code     232  os_cpu_c.o(.text)
    SWI_Exception                            0x00000704   ARM Code     336  os_cpu_c.o(.text)
    OSStartHighRdy                           0x00000854   ARM Code      16  os_cpu_c.o(.text)
    OSInitHookBegin                          0x00000864   ARM Code       4  os_cpu_c.o(.text)
    OSInitHookEnd                            0x00000868   ARM Code       4  os_cpu_c.o(.text)
    OSTaskCreateHook                         0x0000086c   ARM Code       8  os_cpu_c.o(.text)
    OSTaskDelHook                            0x00000874   ARM Code       8  os_cpu_c.o(.text)
    OSTaskSwHook                             0x0000087c   ARM Code       4  os_cpu_c.o(.text)
    OSTaskStatHook                           0x00000880   ARM Code       4  os_cpu_c.o(.text)
    OSTCBInitHook                            0x00000884   ARM Code       8  os_cpu_c.o(.text)
    OSTimeTickHook                           0x0000088c   ARM Code       4  os_cpu_c.o(.text)
    OSTaskIdleHook                           0x00000890   ARM Code      16  os_cpu_c.o(.text)
    OS_TaskStat                              0x000008a8   ARM Code     220  os_core.o(.text)
    OS_TaskIdle                              0x000009c8   ARM Code      48  os_core.o(.text)
    OSInit                                   0x00000bb0   ARM Code      56  os_core.o(.text)
    OSIntEnter                               0x00000be8   ARM Code      56  os_core.o(.text)
    OSIntExit                                0x00000c20   ARM Code     240  os_core.o(.text)
    OSSchedLock                              0x00000d10   ARM Code      72  os_core.o(.text)
    OS_Sched                                 0x00000d58   ARM Code     168  os_core.o(.text)
    OSSchedUnlock                            0x00000e00   ARM Code     124  os_core.o(.text)
    OSStart                                  0x00000e7c   ARM Code     132  os_core.o(.text)
    OSStatInit                               0x00000f00   ARM Code      84  os_core.o(.text)
    OSTimeTick                               0x00000f54   ARM Code     212  os_core.o(.text)
    OSVersion                                0x00001028   ARM Code       8  os_core.o(.text)
    OS_Dummy                                 0x00001030   ARM Code       4  os_core.o(.text)
    OS_EventTaskRdy                          0x00001034   ARM Code     188  os_core.o(.text)
    OS_EventTaskWait                         0x000010f0   ARM Code     188  os_core.o(.text)
    OS_EventTO                               0x000011ac   ARM Code     116  os_core.o(.text)
    OS_EventWaitListInit                     0x00001220   ARM Code      28  os_core.o(.text)
    OS_TCBInit                               0x0000123c   ARM Code     336  os_core.o(.text)
    OSFlagAccept                             0x0000140c   ARM Code     440  os_flag.o(.text)
    OSFlagCreate                             0x000015c4   ARM Code     144  os_flag.o(.text)
    OS_FlagUnlink                            0x00001654   ARM Code      84  os_flag.o(.text)
    OSFlagDel                                0x00001734   ARM Code     344  os_flag.o(.text)
    OSFlagPend                               0x00001968   ARM Code     816  os_flag.o(.text)
    OSFlagPost                               0x00001c98   ARM Code     496  os_flag.o(.text)
    OSFlagQuery                              0x00001e88   ARM Code      96  os_flag.o(.text)
    OS_FlagInit                              0x00001ee8   ARM Code      76  os_flag.o(.text)
    OSMboxAccept                             0x00001f4c   ARM Code      76  os_mbox.o(.text)
    OSMboxCreate                             0x00001f98   ARM Code     128  os_mbox.o(.text)
    OSMboxDel                                0x00002018   ARM Code     344  os_mbox.o(.text)
    OSMboxPend                               0x00002170   ARM Code     316  os_mbox.o(.text)
    OSMboxPost                               0x000022ac   ARM Code     156  os_mbox.o(.text)
    OSMboxPostOpt                            0x00002348   ARM Code     204  os_mbox.o(.text)
    OSMboxQuery                              0x00002414   ARM Code     116  os_mbox.o(.text)
    OSMemCreate                              0x00002494   ARM Code     252  os_mem.o(.text)
    OSMemGet                                 0x00002590   ARM Code     120  os_mem.o(.text)
    OSMemPut                                 0x00002608   ARM Code     116  os_mem.o(.text)
    OSMemQuery                               0x0000267c   ARM Code     120  os_mem.o(.text)
    OS_MemInit                               0x000026f4   ARM Code     112  os_mem.o(.text)
    OSQAccept                                0x0000276c   ARM Code     140  os_q.o(.text)
    OSQCreate                                0x000027f8   ARM Code     240  os_q.o(.text)
    OSQDel                                   0x000028e8   ARM Code     392  os_q.o(.text)
    OSQFlush                                 0x00002a70   ARM Code      92  os_q.o(.text)
    OSQPend                                  0x00002acc   ARM Code     364  os_q.o(.text)
    OSQPost                                  0x00002c38   ARM Code     216  os_q.o(.text)
    OSQPostFront                             0x00002d10   ARM Code     220  os_q.o(.text)
    OSQPostOpt                               0x00002dec   ARM Code     320  os_q.o(.text)
    OSQQuery                                 0x00002f2c   ARM Code     164  os_q.o(.text)
    OS_QInit                                 0x00002fd0   ARM Code      68  os_q.o(.text)
    OSSemAccept                              0x00003028   ARM Code      88  os_sem.o(.text)
    OSSemCreate                              0x00003080   ARM Code     128  os_sem.o(.text)
    OSSemDel                                 0x00003100   ARM Code     344  os_sem.o(.text)
    OSSemPend                                0x00003258   ARM Code     272  os_sem.o(.text)
    OSSemPost                                0x00003368   ARM Code     152  os_sem.o(.text)
    OSSemQuery                               0x00003400   ARM Code     116  os_sem.o(.text)
    OSTaskChangePrio                         0x00003484   ARM Code     460  os_task.o(.text)
    OSTaskCreate                             0x00003650   ARM Code     236  os_task.o(.text)
    OSTaskCreateExt                          0x0000373c   ARM Code     288  os_task.o(.text)
    OSTaskDel                                0x0000385c   ARM Code     508  os_task.o(.text)
    OSTaskDelReq                             0x00003a58   ARM Code     140  os_task.o(.text)
    OSTaskResume                             0x00003ae4   ARM Code     192  os_task.o(.text)
    OSTaskStkChk                             0x00003ba4   ARM Code     192  os_task.o(.text)
    OSTaskSuspend                            0x00003c64   ARM Code     240  os_task.o(.text)
    OSTaskQuery                              0x00003d54   ARM Code     120  os_task.o(.text)
    OSTimeDly                                0x00003df8   ARM Code     140  os_time.o(.text)
    OSTimeDlyHMSM                            0x00003e84   ARM Code     232  os_time.o(.text)
    OSTimeDlyResume                          0x00003f6c   ARM Code     184  os_time.o(.text)
    OSTimeGet                                0x00004024   ARM Code      32  os_time.o(.text)
    OSTimeSet                                0x00004044   ARM Code      32  os_time.o(.text)
    CAN_Exception                            0x00006ff8   ARM Code     404  _can.o(.text)
    UART0_Exception                          0x0000a87c   ARM Code     244  _uart.o(.text)
    UART1_Exception                          0x0000a970   ARM Code     244  _uart.o(.text)
    UART2_Exception                          0x0000aa64   ARM Code     244  _uart.o(.text)
    UART3_Exception                          0x0000ab58   ARM Code     244  _uart.o(.text)
    Trans_Gps                                0x000135f0   ARM Code     140  _datatrans.o(.text)
    Trans_Gps_Hand                           0x0001367c   ARM Code     176  _datatrans.o(.text)
    CheckFile                                0x000140c8   ARM Code     104  _filedata.o(.text)
    InitCenPhone                             0x00014130   ARM Code     192  _filedata.o(.text)
    BackInit                                 0x000141f0   ARM Code      44  _filedata.o(.text)
    Get_Gps_Data                             0x0001421c   ARM Code     588  _filedata.o(.text)
    Get_Gps_DataHand                         0x00014468   ARM Code      60  _filedata.o(.text)
    GetPhone                                 0x000144a4   ARM Code     480  _filedata.o(.text)
    SendMessage                              0x00014684   ARM Code     416  _filedata.o(.text)
    main                                     0x00014964   ARM Code      48  _init.o(.text)
    GpsInit                                  0x000149e4   ARM Code      52  gpsevent.o(.text)
    Inline ARM to Thumb Veneer to srand      0x00014ae0   ARM Code       8  rand.o(.text)
    srand                                    0x00014ae9   Thumb Code    42  rand.o(.text)
    _rand_init                               0x00014b13   Thumb Code     4  rand.o(.text)
    rand                                     0x00014b17   Thumb Code    56  rand.o(.text)
    __aeabi_memset                           0x00014b60   ARM Code      16  aeabi_memset.o(.text)
    __aeabi_memcpy4                          0x00014b70   ARM Code       0  rt_memcpy_w.o(.text)
    __aeabi_memcpy8                          0x00014b70   ARM Code       0  rt_memcpy_w.o(.text)
    __rt_memcpy_w                            0x00014b70   ARM Code     100  rt_memcpy_w.o(.text)
    _memcpy_lastbytes_aligned                0x00014bbc   ARM Code       0  rt_memcpy_w.o(.text)
    __aeabi_memclr4                          0x00014bd4   ARM Code       0  rt_memclr_w.o(.text)
    __aeabi_memclr8                          0x00014bd4   ARM Code       0  rt_memclr_w.o(.text)
    __rt_memclr_w                            0x00014bd4   ARM Code      84  rt_memclr_w.o(.text)
    _memset_w                                0x00014bd8   ARM Code       0  rt_memclr_w.o(.text)
    Inline ARM to Thumb Veneer to strlen     0x00014c28   ARM Code       8  strlen.o(.text)
    strlen                                   0x00014c31   Thumb Code    68  strlen.o(.text)
    Inline ARM to Thumb Veneer to memchr     0x00014c78   ARM Code       8  memchr.o(.text)
    memchr                                   0x00014c81   Thumb Code    34  memchr.o(.text)
    __aeabi_idiv                             0x00014ca4   ARM Code       0  aeabi_sdiv.o(.text)
    __aeabi_idivmod                          0x00014ca4   ARM Code     384  aeabi_sdiv.o(.text)
    __use_two_region_memory                  0x00014e24   ARM Code       4  stkheap2.o(.text)
    __rt_stackheap_init                      0x00014e28   ARM Code      36  stkheap2.o(.text)
    __rt_heap_extend                         0x00014e4c   ARM Code      24  stkheap2.o(.text)
    __rt_entry                               0x00014e64   ARM Code      76  kernel.o(.text)
    __rt_exit                                0x00014eb0   ARM Code      20  kernel.o(.text)
    __rt_abort                               0x00014ec4   ARM Code       8  kernel.o(.text)
    __user_setup_stackheap                   0x00014ecc   ARM Code      96  sys_stackheap_outer.o(.text)
    __rt_stackheap_storage                   0x00014f2c   ARM Code      12  rt_stackheap_storage_intlibspace.o(.text)
    __aeabi_memclr                           0x00014f3c   ARM Code       0  rt_memclr.o(.text)
    __rt_memclr                              0x00014f3c   ARM Code      64  rt_memclr.o(.text)
    _memset                                  0x00014f40   ARM Code       0  rt_memclr.o(.text)
    _sys_exit                                0x00014f7c   ARM Code      20  sys_exit.o(.text)
    __user_libspace                          0x00014f94   ARM Code       8  libspace.o(.text)
    __user_perproc_libspace                  0x00014f94   ARM Code       0  libspace.o(.text)
    __user_perthread_libspace                0x00014f94   ARM Code       0  libspace.o(.text)
    exit                                     0x00014fa1   Thumb Code    12  exit.o(.text)
    Inline ARM to Thumb Veneer to __rt_lib_init 0x00014fac   ARM Code       8  lib_init.o(.text)
    __rt_lib_init                            0x00014fb5   Thumb Code   184  lib_init.o(.text)
    __rt_lib_shutdown                        0x0001506d   Thumb Code    22  lib_init.o(.text)
    _platform_post_stackheap_init            0x00015084   ARM Code      12  boardinit2.o(.text)
    _platform_post_lib_init                  0x00015090   ARM Code      16  boardinit3.o(.text)
    __I_use_semihosting                      0x000150a0   ARM Code       0  use_no_semi.o(.text)
    __use_no_semihosting_swi                 0x000150a0   ARM Code       4  use_no_semi.o(.text)
    Inline Thumb to ARM Veneer to __rt_locale 0x000150a5   Thumb Code     4  rt_locale_intlibspace.o(.text)
    __rt_locale                              0x000150a8   ARM Code      12  rt_locale_intlibspace.o(.text)
    __ARM_get_argv                           0x000150b9   Thumb Code     6  no_argv.o(.text)
    __rt_fp_status_addr                      0x000150c0   ARM Code      12  rt_fp_status_addr_intlibspace.o(.text)
    __aeabi_uidiv                            0x000150d0   ARM Code       0  aeabi_sdiv.o(.text_udiv)
    __aeabi_uidivmod                         0x000150d0   ARM Code      28  aeabi_sdiv.o(.text_udiv)
    IRQ_Handler                              0x000150ec   ARM Code       0  irq.o(IRQ)
    Timer0_Handler                           0x00015168   ARM Code       0  irq.o(IRQ)
    Uart0_Handler                            0x000151e4   ARM Code       0  irq.o(IRQ)
    Uart1_Handler                            0x00015260   ARM Code       0  irq.o(IRQ)
    Uart2_Handler                            0x000152dc   ARM Code       0  irq.o(IRQ)
    Uart3_Handler                            0x00015358   ARM Code       0  irq.o(IRQ)
    CAN_Handler                              0x000153d4   ARM Code       0  irq.o(IRQ)
    Long ARM to Thumb Veneer to __rt_lib_shutdown 0x00015468   ARM Code      12  anon$$obj.o(Veneer$$Code)
    Short Thumb to ARM Veneer to __rt_exit   0x00015475   Thumb Code     8  anon$$obj.o(Veneer$$Code)
    SoftwareInterrupt                        0x0001547c   ARM Code       0  os_cpu_a.o(subr)
    OSIntCtxSw                               0x000154b8   ARM Code       0  os_cpu_a.o(subr)
    __OSStartHighRdy                         0x0001554c   ARM Code       0  os_cpu_a.o(subr)
    Inline Thumb to ARM Veneer to _fp_init   0x0001558d   Thumb Code     4  fpinit.o(x$fpl$fpinit)
    _fp_init                                 0x00015590   ARM Code      24  fpinit.o(x$fpl$fpinit)
    __fplib_config_pureend_doubles           0x000155a0   ARM Code       0  fpinit.o(x$fpl$fpinit)
    OSMapTbl                                 0x000155a8   Data           8  os_core.o(.constdata)
    OSUnMapTbl                               0x000155b0   Data         256  os_core.o(.constdata)
    CN_st_Fun_Ecc                            0x000156b0   Data           8  _arithmetic.o(.constdata)
    CN_st_Fun_Crc                            0x000156b8   Data           4  _arithmetic.o(.constdata)
    CN_st_Fun_CheckSum                       0x000156bc   Data           4  _arithmetic.o(.constdata)
    CN_st_Fun_CheckAdd                       0x000156c0   Data           4  _arithmetic.o(.constdata)
    CN_st_Fun_Arithmetic                     0x000156c4   Data          16  _arithmetic.o(.constdata)
    CN_st_Fun_AscNumber                      0x000157d4   Data         156  _ascnumber.o(.constdata)
    FixPointValue                            0x00015870   Data          40  _ascnumber.o(.constdata)
    CN_st_Asc_GetData                        0x00015898   Data          18  _ascnumber.o(.constdata)
    CN_st_Fun_Date                           0x000158ac   Data          16  _date.o(.constdata)
    CN_st_Gps_Order                          0x000158bc   Data          64  gps.o(.constdata)
    CN_st_Fun_Gps                            0x000158fc   Data          16  gps.o(.constdata)
    CN_st_Fun_RTC                            0x00015914   Data          12  _rtc.o(.constdata)
    CN_st_Fun_Spi                            0x00015920   Data          36  _spi.o(.constdata)
    CN_st_Da_Flash_Chip                      0x00015944   Data          36  _spiflash.o(.constdata)
    CN_st_Fun_NorFlashPhy1                   0x00015968   Data          32  _spiflash.o(.constdata)
    CN_st_Fun_Uart                           0x00015988   Data          20  _uart.o(.constdata)
    CN_st_Fun_Gprs                           0x0001599c   Data          88  gprs.o(.constdata)
    CN_st_Moderm_Order                       0x000159f4   Data         272  gprs.o(.constdata)
    CN_st_Control_Fun_Gps                    0x00015b14   Data          24  gpstask.o(.constdata)
    CN_st_Fun_Timer                          0x00015b2c   Data          36  timer.o(.constdata)
    FTP_Fun                                  0x00015b50   Data           8  ftp.o(.constdata)
    CN_st_Fun_File                           0x00015b5c   Data          56  _rwfile.o(.constdata)
    CN_st_Fun_NorFlash                       0x00015b94   Data          16  _rwflashlgc.o(.constdata)
    Region$$Table$$Base                      0x00015d34   Number         0  anon$$obj.o(Region$$Table)
    Region$$Table$$Limit                     0x00015d54   Number         0  anon$$obj.o(Region$$Table)
    OsEnterSum                               0x40000000   Data           4  os_cpu_c.o(.data)
    OSCtxSwCtr                               0x40000004   Data           4  os_core.o(.data)
    OSEventFreeList                          0x40000008   Data           4  os_core.o(.data)
    OSFlagFreeList                           0x4000000c   Data           4  os_core.o(.data)
    OSCPUUsage                               0x40000010   Data           1  os_core.o(.data)
    OSIdleCtrMax                             0x40000014   Data           4  os_core.o(.data)
    OSIdleCtrRun                             0x40000018   Data           4  os_core.o(.data)
    OSStatRdy                                0x4000001c   Data           1  os_core.o(.data)
    OSIntNesting                             0x4000001d   Data           1  os_core.o(.data)
    OSIntExitY                               0x4000001e   Data           1  os_core.o(.data)
    OSLockNesting                            0x4000001f   Data           1  os_core.o(.data)
    OSPrioCur                                0x40000020   Data           1  os_core.o(.data)
    OSPrioHighRdy                            0x40000021   Data           1  os_core.o(.data)
    OSRdyGrp                                 0x40000022   Data           1  os_core.o(.data)
    OSRdyTbl                                 0x40000023   Data           3  os_core.o(.data)
    OSRunning                                0x40000026   Data           1  os_core.o(.data)
    OSTaskCtr                                0x40000027   Data           1  os_core.o(.data)
    OSIdleCtr                                0x40000028   Data           4  os_core.o(.data)
    OSTCBCur                                 0x4000002c   Data           4  os_core.o(.data)
    OSTCBFreeList                            0x40000030   Data           4  os_core.o(.data)
    OSTCBHighRdy                             0x40000034   Data           4  os_core.o(.data)
    OSTCBList                                0x40000038   Data           4  os_core.o(.data)
    OSMemFreeList                            0x4000003c   Data           4  os_core.o(.data)
    OSQFreeList                              0x40000040   Data           4  os_core.o(.data)
    OSTime                                   0x40000044   Data           4  os_core.o(.data)
    CN_st_File_GBK                           0x40000048   Data           4  _ascnumber.o(.data)
    CN_st_Fun_Can                            0x4000004c   Data          20  _can.o(.data)
    Can0_RxHead                              0x40000060   Data           2  _can.o(.data)
    Can0_RxTail                              0x40000062   Data           2  _can.o(.data)
    Can1_RxHead                              0x40000064   Data           2  _can.o(.data)
    Can1_RxTail                              0x40000066   Data           2  _can.o(.data)
    Can0UseSem                               0x40000068   Data           4  _can.o(.data)
    Can1UseSem                               0x4000006c   Data           4  _can.o(.data)
    Can0RxSem                                0x40000070   Data           4  _can.o(.data)
    Can1RxSem                                0x40000074   Data           4  _can.o(.data)
    GpsSem                                   0x40000078   Data           4  gps.o(.data)
    CN_PowerState                            0x4000007c   Data           1  gps.o(.data)
    ptUart0ReBuf                             0x40000090   Data           4  _uart.o(.data)
    ptUart1ReBuf                             0x40000094   Data           4  _uart.o(.data)
    ptUart2ReBuf                             0x40000098   Data           4  _uart.o(.data)
    ptUart3ReBuf                             0x4000009c   Data           4  _uart.o(.data)
    Uart0UseSem                              0x400000a0   Data           4  _uart.o(.data)
    Uart1UseSem                              0x400000a4   Data           4  _uart.o(.data)
    Uart2UseSem                              0x400000a8   Data           4  _uart.o(.data)
    Uart3UseSem                              0x400000ac   Data           4  _uart.o(.data)
    Uart0RxSem                               0x400000b0   Data           4  _uart.o(.data)
    Uart1RxSem                               0x400000b4   Data           4  _uart.o(.data)
    Uart2RxSem                               0x400000b8   Data           4  _uart.o(.data)
    Uart3RxSem                               0x400000bc   Data           4  _uart.o(.data)
    UART0_RxHead                             0x400000c0   Data           2  _uart.o(.data)
    UART0_RxTail                             0x400000c2   Data           2  _uart.o(.data)
    UART1_RxHead                             0x400000c4   Data           2  _uart.o(.data)
    UART1_RxTail                             0x400000c6   Data           2  _uart.o(.data)
    UART2_RxHead                             0x400000c8   Data           2  _uart.o(.data)
    UART2_RxTail                             0x400000ca   Data           2  _uart.o(.data)
    UART3_RxHead                             0x400000cc   Data           2  _uart.o(.data)
    UART3_RxTail                             0x400000ce   Data           2  _uart.o(.data)
    LinkOpen                                 0x400000d0   Data           1  gprs.o(.data)
    GprsUseSem                               0x400000d4   Data           4  gprs.o(.data)
    PhoneUseSem                              0x400000d8   Data           4  gprs.o(.data)
    ReadSmsStartAddree                       0x400000dc   Data           1  gprs.o(.data)
    CN_st_Data_Timer                         0x400000dd   Data           7  gprs.o(.data)
    CN_st_Data_Timer_Cur                     0x400000e4   Data           7  gprs.o(.data)
    RTC_First_Updata                         0x400000ec   Data           1  gpstask.o(.data)
    GpsCtrSem                                0x400000f0   Data           4  gpstask.o(.data)
    pApn                                     0x400000f8   Data           4  ftp.o(.data)
    pUser                                    0x400000fc   Data           4  ftp.o(.data)
    pPassword                                0x40000100   Data           4  ftp.o(.data)
    FTPRecBox                                0x40000108   Data           4  ftp.o(.data)
    FTPReBox                                 0x4000010c   Data           4  ftp.o(.data)
    FTP_Fd                                   0x40000110   Data           1  ftp.o(.data)
    ptst_Data_FileBuf                        0x40000114   Data           4  _rwfile.o(.data)
    CN_st_Fun_NorFlashPhy                    0x40000128   Data           4  _rwflashlgc.o(.data)
    CN_st_NorFlash                           0x40000130   Data           8  _rwflashlgc.o(.data)
    MessageTail                              0x40000138   Data           2  _filedata.o(.data)
    MessageSendSpace                         0x4000013a   Data           2  _filedata.o(.data)
    MessageNumber                            0x4000013c   Data           2  _filedata.o(.data)
    SleepCheck                               0x4000013e   Data           1  _filedata.o(.data)
    TimeSend                                 0x4000013f   Data           1  _filedata.o(.data)
    FileDataSem                              0x40000140   Data           4  _filedata.o(.data)
    CN_st_Da_Uart                            0x40000144   Data           8  _init.o(.data)
    OSEventTbl                               0x40000154   Data         480  os_core.o(.bss)
    OSFlagTbl                                0x40000334   Data          60  os_core.o(.bss)
    OSTaskStatStk                            0x40000370   Data        2048  os_core.o(.bss)
    OSTaskIdleStk                            0x40000b70   Data        2048  os_core.o(.bss)
    OSTCBPrioTbl                             0x40001370   Data          68  os_core.o(.bss)
    OSTCBTbl                                 0x400013b4   Data         884  os_core.o(.bss)
    OSMemTbl                                 0x40001728   Data         100  os_core.o(.bss)
    OSQTbl                                   0x4000178c   Data         144  os_core.o(.bss)
    CN_st_Da_CanInfor                        0x4000181c   Data         160  _can.o(.bss)
    CN_st_Da_CanInfor1                       0x400018bc   Data         160  _can.o(.bss)
    CN_Gps_Buf                               0x4000195c   Data         100  gps.o(.bss)
    DataBuf                                  0x400019c0   Data        1075  gprs.o(.bss)
    SMS_State                                0x40001df3   Data          20  gprs.o(.bss)
    GprsTaskStk                              0x40001e08   Data        4096  gprs.o(.bss)
    CN_st_Oper_Gprs                          0x40002e08   Data        2144  gprs.o(.bss)
    CN_st_Gsm_Net_Information                0x40003668   Data          77  gprs.o(.bss)
    GpsTaskStk                               0x400036b8   Data        2048  gpstask.o(.bss)
    CN_st_Control_Gps                        0x40003eb8   Data         168  gpstask.o(.bss)
    CN_st_Control_Timer                      0x40003f60   Data         288  timer.o(.bss)
    CN_st_Data_GpsControl                    0x40004080   Data          32  timer.o(.bss)
    FTP_Cmd                                  0x400048a0   Data         200  ftp.o(.bss)
    Ftp_Data                                 0x40005168   Data         308  ftp.o(.bss)
    CN_st_Data_FileBuf                       0x4000529c   Data         540  _rwfile.o(.bss)
    CN_st_Sys_State                          0x400054f8   Data           9  _filedata.o(.bss)
    CN_st_Sys_Event                          0x40005501   Data          18  _filedata.o(.bss)
    CN_st_Data_Can                           0x40005514   Data         108  _filedata.o(.bss)
    CN_st_Waring_Sys                         0x40005580   Data          16  _filedata.o(.bss)
    CN_st_File_fd                            0x40005590   Data          16  _filedata.o(.bss)
    CN_X_BUF                                 0x400055a0   Data         512  _filedata.o(.bss)
    TaskStk                                  0x400057a0   Data        2048  _init.o(.bss)
    __libspace_start                         0x4000607c   Data          96  libspace.o(.bss)
    __temporary_stack_top_libspace           0x400060dc   Number         0  libspace.o(.bss)
    StackUsr                                 0x400062e8   Data           0  startup.o(STACK)


================================================================================

Memory Map of the image

  Image Entry point : 0x000000b8

  Load Region LR_IROM1 (Base: 0x00000000, Size: 0x00015ea8, Max: 0x00080000, ABSOLUTE, COMPRESSED[0x00015da4])

    Execution Region ER_IROM1 (Base: 0x00000000, Size: 0x00015d54, Max: 0x00080000, ABSOLUTE)

    Base Addr    Size         Type   Attr      Idx    E Section Name        Object

    0x00000000   0x000000b8   Code   RO           69    RESET               startup.o
    0x000000b8   0x00000008   Code   RO         2736  * !!!main             __main.o(c_t.l)
    0x000000c0   0x0000003c   Code   RO         2845    !!!scatter          __scatter.o(c_t.l)
    0x000000fc   0x00000044   Code   RO         2843    !!dczerorl          __dczerorl.o(c_t.l)
    0x00000140   0x0000002c   Code   RO         2847    !!handler_zi        __scatter_zi.o(c_t.l)
    0x0000016c   0x00000004   Ven    RO         2765    .emb_text           lib_init.o(c_t.l)
    0x00000170   0x00000010   Code   RO         2765    .emb_text           lib_init.o(c_t.l)
    0x00000180   0x00000478   Code   RO            1    .text               target.o
    0x000005f8   0x00000024   Code   RO           70    .text               startup.o
    0x0000061c   0x0000028c   Code   RO           75    .text               os_cpu_c.o
    0x000008a8   0x00000b64   Code   RO          117    .text               os_core.o
    0x0000140c   0x00000b40   Code   RO          145    .text               os_flag.o
    0x00001f4c   0x00000548   Code   RO          161    .text               os_mbox.o
    0x00002494   0x000002d8   Code   RO          173    .text               os_mem.o
    0x0000276c   0x000008bc   Code   RO          197    .text               os_q.o
    0x00003028   0x0000045c   Code   RO          209    .text               os_sem.o
    0x00003484   0x00000974   Code   RO          221    .text               os_task.o
    0x00003df8   0x00000284   Code   RO          233    .text               os_time.o
    0x0000407c   0x000003f4   Code   RO          245    .text               _arithmetic.o
    0x00004470   0x000019cc   Code   RO          290    .text               _ascnumber.o
    0x00005e3c   0x00000b1c   Code   RO          361    .text               _date.o
    0x00006958   0x0000086c   Code   RO          413    .text               _can.o
    0x000071c4   0x00000ce0   Code   RO          459    .text               gps.o
    0x00007ea4   0x0000030c   Code   RO          535    .text               _rtc.o
    0x000081b0   0x00000510   Code   RO          595    .text               _spi.o
    0x000086c0   0x00000f98   Code   RO          641    .text               _spiflash.o
    0x00009658   0x000015f4   Code   RO          701    .text               _uart.o
    0x0000ac4c   0x00004280   Code   RO          956    .text               gprs.o
    0x0000eecc   0x00000720   Code   RO         1061    .text               gpstask.o
    0x0000f5ec   0x000007e0   Code   RO         1209    .text               timer.o
    0x0000fdcc   0x00000608   Code   RO         1353    .text               ftp.o
    0x000103d4   0x0000264c   Code   RO         1416    .text               _rwfile.o
    0x00012a20   0x00000734   Code   RO         1488    .text               _rwflashlgc.o
    0x00013154   0x000005e0   Code   RO         1509    .text               _datatrans.o
    0x00013734   0x000010f0   Code   RO         1575    .text               _filedata.o
    0x00014824   0x000001c0   Code   RO         1693    .text               _init.o
    0x000149e4   0x000000fc   Code   RO         2246    .text               gpsevent.o
    0x00014ae0   0x00000008   Ven    RO         2704    .text               rand.o(c_t.l)
    0x00014ae8   0x00000078   Code   RO         2704    .text               rand.o(c_t.l)
    0x00014b60   0x00000010   Code   RO         2708    .text               aeabi_memset.o(c_t.l)
    0x00014b70   0x00000064   Code   RO         2710    .text               rt_memcpy_w.o(c_t.l)
    0x00014bd4   0x00000054   Code   RO         2712    .text               rt_memclr_w.o(c_t.l)
    0x00014c28   0x00000008   Ven    RO         2714    .text               strlen.o(c_t.l)
    0x00014c30   0x00000048   Code   RO         2714    .text               strlen.o(c_t.l)
    0x00014c78   0x00000008   Ven    RO         2716    .text               memchr.o(c_t.l)
    0x00014c80   0x00000022   Code   RO         2716    .text               memchr.o(c_t.l)
    0x00014ca2   0x00000002   PAD
    0x00014ca4   0x00000180   Code   RO         2718    .text               aeabi_sdiv.o(c_t.l)
    0x00014e24   0x00000040   Code   RO         2734    .text               stkheap2.o(c_t.l)
    0x00014e64   0x00000068   Code   RO         2738    .text               kernel.o(c_t.l)
    0x00014ecc   0x00000060   Code   RO         2741    .text               sys_stackheap_outer.o(c_t.l)
    0x00014f2c   0x00000010   Code   RO         2750    .text               rt_stackheap_storage_intlibspace.o(c_t.l)
    0x00014f3c   0x00000040   Code   RO         2752    .text               rt_memclr.o(c_t.l)
    0x00014f7c   0x00000018   Code   RO         2754    .text               sys_exit.o(c_t.l)
    0x00014f94   0x0000000c   Code   RO         2756    .text               libspace.o(c_t.l)
    0x00014fa0   0x0000000c   Code   RO         2761    .text               exit.o(c_t.l)
    0x00014fac   0x00000008   Ven    RO         2766    .text               lib_init.o(c_t.l)
    0x00014fb4   0x000000ce   Code   RO         2766    .text               lib_init.o(c_t.l)
    0x00015082   0x00000002   PAD
    0x00015084   0x0000000c   Code   RO         2771    .text               boardinit2.o(c_t.l)
    0x00015090   0x00000010   Code   RO         2773    .text               boardinit3.o(c_t.l)
    0x000150a0   0x00000004   Code   RO         2777    .text               use_no_semi.o(c_t.l)
    0x000150a4   0x00000004   Ven    RO         2782    .text               rt_locale_intlibspace.o(c_t.l)
    0x000150a8   0x00000010   Code   RO         2782    .text               rt_locale_intlibspace.o(c_t.l)
    0x000150b8   0x00000006   Code   RO         2792    .text               no_argv.o(c_t.l)
    0x000150be   0x00000002   PAD
    0x000150c0   0x00000010   Code   RO         2803    .text               rt_fp_status_addr_intlibspace.o(c_t.l)
    0x000150d0   0x0000001c   Code   RO         2719    .text_udiv          aeabi_sdiv.o(c_t.l)
    0x000150ec   0x0000037c   Code   RO           63    IRQ                 irq.o
    0x00015468   0x0000000c   Ven    RO         2856    Veneer$$Code        anon$$obj.o
    0x00015474   0x00000008   Ven    RO         2857    Veneer$$Code        anon$$obj.o
    0x0001547c   0x00000110   Code   RO          113    subr                os_cpu_a.o
    0x0001558c   0x00000004   Ven    RO         2794    x$fpl$fpinit        fpinit.o(fz_ts.l)
    0x00015590   0x00000018   Code   RO         2794    x$fpl$fpinit        fpinit.o(fz_ts.l)
    0x000155a8   0x00000108   Data   RO          119    .constdata          os_core.o
    0x000156b0   0x00000124   Data   RO          246    .constdata          _arithmetic.o
    0x000157d4   0x000000d6   Data   RO          292    .constdata          _ascnumber.o
    0x000158aa   0x00000002   PAD
    0x000158ac   0x00000010   Data   RO          362    .constdata          _date.o
    0x000158bc   0x00000058   Data   RO          461    .constdata          gps.o
    0x00015914   0x0000000c   Data   RO          537    .constdata          _rtc.o
    0x00015920   0x00000024   Data   RO          597    .constdata          _spi.o
    0x00015944   0x00000044   Data   RO          643    .constdata          _spiflash.o
    0x00015988   0x00000014   Data   RO          703    .constdata          _uart.o
    0x0001599c   0x00000178   Data   RO          958    .constdata          gprs.o
    0x00015b14   0x00000018   Data   RO         1063    .constdata          gpstask.o
    0x00015b2c   0x00000024   Data   RO         1211    .constdata          timer.o
    0x00015b50   0x0000000c   Data   RO         1355    .constdata          ftp.o
    0x00015b5c   0x00000038   Data   RO         1418    .constdata          _rwfile.o
    0x00015b94   0x00000010   Data   RO         1490    .constdata          _rwflashlgc.o
    0x00015ba4   0x0000000c   Data   RO         2247    .constdata          gpsevent.o
    0x00015bb0   0x00000038   Data   RO          462    .conststring        gps.o
    0x00015be8   0x00000143   Data   RO          959    .conststring        gprs.o
    0x00015d2b   0x00000006   Data   RO         1356    .conststring        ftp.o
    0x00015d31   0x00000003   PAD
    0x00015d34   0x00000020   Data   RO         2842    Region$$Table       anon$$obj.o


    Execution Region RW_IRAM1 (Base: 0x40000000, Size: 0x00006588, Max: 0x00008000, ABSOLUTE, COMPRESSED[0x00000050])

    Base Addr    Size         Type   Attr      Idx    E Section Name        Object

    0x40000000   0x00000004   Data   RW           76    .data               os_cpu_c.o
    0x40000004   0x00000044   Data   RW          118    .data               os_core.o
    0x40000048   0x00000004   Data   RW          291    .data               _ascnumber.o
    0x4000004c   0x0000002c   Data   RW          414    .data               _can.o
    0x40000078   0x00000005   Data   RW          460    .data               gps.o
    0x4000007d   0x00000003   PAD
    0x40000080   0x00000004   Data   RW          536    .data               _rtc.o
    0x40000084   0x00000005   Data   RW          596    .data               _spi.o
    0x40000089   0x00000003   PAD
    0x4000008c   0x00000004   Data   RW          642    .data               _spiflash.o
    0x40000090   0x00000040   Data   RW          702    .data               _uart.o
    0x400000d0   0x0000001b   Data   RW          957    .data               gprs.o
    0x400000eb   0x00000001   PAD
    0x400000ec   0x00000008   Data   RW         1062    .data               gpstask.o
    0x400000f4   0x00000004   Data   RW         1210    .data               timer.o
    0x400000f8   0x00000019   Data   RW         1354    .data               ftp.o
    0x40000111   0x00000003   PAD
    0x40000114   0x0000000c   Data   RW         1417    .data               _rwfile.o
    0x40000120   0x00000018   Data   RW         1489    .data               _rwflashlgc.o
    0x40000138   0x0000000c   Data   RW         1576    .data               _filedata.o
    0x40000144   0x00000008   Data   RW         1694    .data               _init.o
    0x4000014c   0x00000008   Data   RW         2705    .data               rand.o(c_t.l)
    0x40000154   0x000016c8   Zero   RW          120    .bss                os_core.o
    0x4000181c   0x00000140   Zero   RW          415    .bss                _can.o
    0x4000195c   0x00000064   Zero   RW          463    .bss                gps.o
    0x400019c0   0x00001cf5   Zero   RW          960    .bss                gprs.o
    0x400036b5   0x00000003   PAD
    0x400036b8   0x000008a8   Zero   RW         1064    .bss                gpstask.o
    0x40003f60   0x00000940   Zero   RW         1212    .bss                timer.o
    0x400048a0   0x000009fc   Zero   RW         1357    .bss                ftp.o
    0x4000529c   0x0000021c   Zero   RW         1419    .bss                _rwfile.o
    0x400054b8   0x0000003e   Zero   RW         1491    .bss                _rwflashlgc.o
    0x400054f6   0x00000002   PAD
    0x400054f8   0x000002a8   Zero   RW         1577    .bss                _filedata.o
    0x400057a0   0x00000800   Zero   RW         1695    .bss                _init.o
    0x40005fa0   0x000000dc   Zero   RW         2706    .bss                rand.o(c_t.l)
    0x4000607c   0x00000060   Zero   RW         2757    .bss                libspace.o(c_t.l)
    0x400060dc   0x00000004   PAD
    0x400060e0   0x00000001   Zero   RW           68    HEAP                startup.o
    0x400060e1   0x00000007   PAD
    0x400060e8   0x00000420   Zero   RW           67    STACK               startup.o
    0x40006508   0x00000080   Zero   RW          114    SWIStacks           os_cpu_a.o


================================================================================

Image component sizes


      Code (inc. data)   RO Data    RW Data    ZI Data      Debug   Object Name

      1012         12        292          0          0       4901   _arithmetic.o
      6604         36        214          4          0      18317   _ascnumber.o
      2156         56          0         44        320      13729   _can.o
      1504          8          0          0          0       9067   _datatrans.o
      2844          4         16          0          0       7117   _date.o
      4336        312          0         12        680      34378   _filedata.o
       448         80          0          8       2048      13923   _init.o
       780         24         12          4          0      11496   _rtc.o
      9804         52         56         12        540      30735   _rwfile.o
      1844         24         16         24         62       4146   _rwflashlgc.o
      1296         32         36          5          0      12716   _spi.o
      3992         80         68          4          0      20973   _spiflash.o
      5620        124         20         64          0      20045   _uart.o
      1544        136         18         25       2556      20153   ftp.o
     17024        484        699         27       7413      43768   gprs.o
      3296         64        144          5        100      19697   gps.o
       252         20         12          0          0       5122   gpsevent.o
      1824         96         24          8       2216      14616   gpstask.o
       892         24          0          0          0        224   irq.o
      2916        128        264         68       5832      12524   os_core.o
       272         36          0          0        128        264   os_cpu_a.o
       652          8          0          4          0       9852   os_cpu_c.o
      2880         24          0          0          0      10641   os_flag.o
      1352         12          0          0          0       3082   os_mbox.o
       728          8          0          0          0       2146   os_mem.o
      2236         20          0          0          0       4188   os_q.o
      1116         16          0          0          0       2522   os_sem.o
      2420         44          0          0          0       4507   os_task.o
       644         24          0          0          0       1558   os_time.o
       220         52          0          0       1057        436   startup.o
      1144         60          0          0          0      21640   target.o
      2016         64         36          4       2368      15676   timer.o

    ------------------------------------------------------------------------
     85688       2168       1964        332      25332     394160   Object Totals
        20          4         32          0          0          0   (incl. Generated)
         0          0          5         10         12          1   (incl. Padding)

    ------------------------------------------------------------------------

      Code (inc. data)   RO Data    RW Data    ZI Data      Debug   Library Member Name

        68          2          0          0          0          0   __dczerorl.o
         8          0          0          0          0          0   __main.o
        60          8          0          0          0          0   __scatter.o
        44          0          0          0          0          0   __scatter_zi.o
        16          0          0          0          0          0   aeabi_memset.o
       412          0          0          0          0          0   aeabi_sdiv.o
        12          0          0          0          0          0   boardinit2.o
        16          0          0          0          0          0   boardinit3.o
        12          0          0          0          0          0   exit.o
        28          0          0          0          0          0   fpinit.o
       104          4          0          0          0          0   kernel.o
       234          4          0          0          0          0   lib_init.o
        12          4          0          0         96          0   libspace.o
        42          0          0          0          0          0   memchr.o
         6          0          0          0          0          0   no_argv.o
       128         18          0          8        220          0   rand.o
        16          4          0          0          0          0   rt_fp_status_addr_intlibspace.o
        20          4          0          0          0          0   rt_locale_intlibspace.o
        64          0          0          0          0          0   rt_memclr.o
        84          0          0          0          0          0   rt_memclr_w.o
       100          0          0          0          0          0   rt_memcpy_w.o
        16          4          0          0          0          0   rt_stackheap_storage_intlibspace.o
        64          0          0          0          0          0   stkheap2.o
        80          4          0          0          0          0   strlen.o
        24          8          0          0          0          0   sys_exit.o
        96          0          0          0          0          0   sys_stackheap_outer.o
         4          0          0          0          0          0   use_no_semi.o

    ------------------------------------------------------------------------
      1776         64          0          8        320          0   Library Totals
         6          0          0          0          4          0   (incl. Padding)

    ------------------------------------------------------------------------

      Code (inc. data)   RO Data    RW Data    ZI Data      Debug   Library Name

      1742         64          0          8        316          0   c_t.l
        28          0          0          0          0          0   fz_ts.l

    ------------------------------------------------------------------------
      1776         64          0          8        320          0   Library Totals

    ------------------------------------------------------------------------

================================================================================


      Code (inc. data)   RO Data    RW Data    ZI Data      Debug   

     87464       2232       1964        340      25652     394160   Grand Totals
     87464       2232       1964         80      25652     394160   ELF Image Totals (compressed)
     87464       2232       1964         80          0          0   ROM Totals

================================================================================

    Total RO  Size (Code + RO Data)                89428 (  87.33kB)
    Total RW  Size (RW Data + ZI Data)             25992 (  25.38kB)
    Total ROM Size (Code + RO Data + RW Data)      89508 (  87.41kB)

================================================================================

