<html>
<body>
<pre>
<h1>礦ision Build Log</h1>
<h2>Tool Versions:</h2>
IDE-Version: μVision V5.25.2.0
Copyright (C) 2018 ARM Ltd and ARM Germany GmbH. All rights reserved.
License Information: 123 jhf, 3q, LIC=9N012-9GN3N-PFBIX-H19VB-7WGZA-SG2D4
 
Tool Versions:
Toolchain:       MDK-ARM Professional  Version: 5.25.2.0
Toolchain Path:  C:\Keil_v5\ARM\ARMCC\Bin
C Compiler:      Armcc.exe V5.06 update 6 (build 750)
Assembler:       Armasm.exe V5.06 update 6 (build 750)
Linker/Locator:  ArmLink.exe V5.06 update 6 (build 750)
Library Manager: ArmAr.exe V5.06 update 6 (build 750)
Hex Converter:   FromElf.exe V5.06 update 6 (build 750)
CPU DLL:         SARM.DLL V5.25.2.0
Dialog DLL:      DARMP.DLL V1.53.0.0
    Target DLL: AGDIRDI.DLL
Dialog DLL:      TARMP.DLL V1.53.0.0
 
<h2>Project:</h2>
G:\work\当前工作120\当前工作1206\当前工作\lpc2368_port.uvproj
Project File Date:  01/04/2019

<h2>Output:</h2>
*** Using Compiler 'V5.06 update 6 (build 750)', folder: 'C:\Keil_v5\ARM\ARMCC\Bin'
*** Note: Rebuilding project, since 'Options->Output->Create Batch File' is selected.
Rebuild target 'LPC2368Kit'
compiling target.c...
assembling IRQ.s...
assembling Startup.s...
compiling Os_cpu_c.c...
assembling Os_cpu_a.s...
compiling OS_CORE.C...
compiling OS_FLAG.C...
compiling OS_MBOX.C...
compiling OS_MEM.C...
compiling OS_MUTEX.C...
compiling OS_Q.C...
compiling OS_SEM.C...
compiling OS_TASK.C...
compiling OS_TIME.C...
compiling _Arithmetic.c...
miscellaneous\Arithmetic\_Arithmetic.c(173): warning:  #111-D: statement is unreachable
        return 0;
miscellaneous\Arithmetic\_Arithmetic.c: 1 warning, 0 errors
compiling _AscNumber.c...
compiling _Date.c...
compiling _Can.c...
compiling _RTC.c...
HardWare\RTC\_RTC.c(139): warning:  #177-D: function "RTCStop"  was declared but never referenced
  static void RTCStop( void )
HardWare\RTC\_RTC.c(155): warning:  #177-D: function "RTC_CTCReset"  was declared but never referenced
  static void RTC_CTCReset( void )
HardWare\RTC\_RTC.c(122): warning:  #177-D: function "RTCStart"  was declared but never referenced
  static void RTCStart( void ) 
HardWare\RTC\_RTC.c: 3 warnings, 0 errors
compiling _Spi.c...
HardWare\Spi\_Spi.c(82): warning:  #550-D: variable "a"  was set but never used
        uint8 a;
HardWare\Spi\_Spi.c: 1 warning, 0 errors
compiling _UART.C...
compiling ADCHard.C...
compiling DS18B20.c...
compiling HuaiweiGprs.c...
Dev\GPRS\Huaiwei\HuaiweiGprs.c(6): warning:  #513-D: a value of type "void *" cannot be assigned to an entity of type "uint16 (*)(uint8 *, uint8 *, uint16, st_GprsHard_Order_Cut *)"
  {     ModermCom=pFunc;                                                                                                        //获取底层的串口驱动
Dev\GPRS\Huaiwei\HuaiweiGprs.c: 1 warning, 0 errors
compiling GprsHard.c...
Dev\GPRS\GprsHard.c(193): warning:  #177-D: function "MODEM_Dly100ms"  was declared but never referenced
  static void MODEM_Dly100ms(int num)
Dev\GPRS\GprsHard.c: 1 warning, 0 errors
compiling Less.c...
compiling ACC.C...
compiling Oil.c...
compiling Sensor.c...
compiling Gps.c...
compiling Display.c...
Dev\Sensor\Display\Display.c(54): warning:  #177-D: variable "Data"  was declared but never referenced
        uint8 i,Data;
Dev\Sensor\Display\Display.c(271): warning:  #117-D: non-void function "CommType2App"  should return a value
                return ;
Dev\Sensor\Display\Display.c(264): warning:  #177-D: variable "DataLen"  was declared but never referenced
        uint8 i,DataLen;
Dev\Sensor\Display\Display.c(407): warning:  #177-D: function "Int162Asc"  was declared but never referenced
  static uint16 Int162Asc(uint16 Val,uint8 *Asc)
Dev\Sensor\Display\Display.c(417): warning:  #177-D: function "Asc2Int16"  was declared but never referenced
  static uint16 Asc2Int16(uint8 *Asc,uint8 SizeofAsc)
Dev\Sensor\Display\Display.c: 5 warnings, 0 errors
compiling temperture.c...
compiling mileage.c...
compiling GprsTzxy.C...
compiling UartTzxy.C...
compiling arealrm.c...
Dev\Sensor\arealrm\arealrm.c(118): warning:  #177-D: function "GetTimeAdd"  was declared but never referenced
  static uint32 GetTimeAdd(uint8 *Small,uint8 *Big)
Dev\Sensor\arealrm\arealrm.c: 1 warning, 0 errors
compiling Help.C...
compiling OnOrOff.C...
Dev\Sensor\OnOff\OnOrOff.C(58): warning:  #177-D: function "GetTimeAdd"  was declared but never referenced
  static uint32 GetTimeAdd(uint8 *Small,uint8 *Big)
Dev\Sensor\OnOff\OnOrOff.C: 1 warning, 0 errors
compiling Adc1.c...
compiling SmsTzxy.C...
Dev\Sensor\SmsTzxy\SmsTzxy.C(73): warning:  #177-D: variable "OverTimer"  was declared but never referenced
        uint32 OverTimer;
Dev\Sensor\SmsTzxy\SmsTzxy.C(117): warning:  #177-D: variable "SmsDataLen"  was declared but never referenced
        uint16 SmsDataLen,SendDataLen,Result;
Dev\Sensor\SmsTzxy\SmsTzxy.C(117): warning:  #550-D: variable "Result"  was set but never used
        uint16 SmsDataLen,SendDataLen,Result;
Dev\Sensor\SmsTzxy\SmsTzxy.C: 3 warnings, 0 errors
compiling _rwFile.c...
compiling _DownFile.c...
compiling SensorContr.c...
compiling GPRS.c...
Control\Gprs\GPRS.c(109): warning:  #550-D: variable "Result"  was set but never used
  {     uint16 Result;  
Control\Gprs\GPRS.c(294): warning:  #167-D: argument of type "int16 *" is incompatible with parameter of type "uint16 *"
        if((Result=CN_st_Fun_File.Open(De_FileName_GBK2Uni,&CN_st_File_GBK.GBK2Unifd))!=De_Suc_File)
Control\Gprs\GPRS.c(698): warning:  #177-D: variable "LinkState"  was declared but never referenced
        uint8 fd,err,j,LinkState;
Control\Gprs\GPRS.c(1013): warning:  #177-D: variable "CN_st_Data_IPPar"  was declared but never referenced
  {     st_Data_IPPar   CN_st_Data_IPPar;
Control\Gprs\GPRS.c(1014): warning:  #177-D: variable "CN_st_Data_OpenUDPTCP"  was declared but never referenced
        st_Data_OpenUDPTCP      CN_st_Data_OpenUDPTCP;
Control\Gprs\GPRS.c(916): warning:  #177-D: function "JugeIPData"  was declared but never referenced
  static uint16 JugeIPData(void)
Control\Gprs\GPRS.c(964): warning:  #177-D: function "BackUpAPNAndIp"  was declared but never referenced
  static uint16 BackUpAPNAndIp(void)
Control\Gprs\GPRS.c: 7 warnings, 0 errors
compiling Timer.c...
Control\Timer\Timer.c(132): warning:  #177-D: variable "GpsID"  was declared but never referenced
        uint8 GpsID;
Control\Timer\Timer.c: 1 warning, 0 errors
compiling Photo.c...
compiling GpsAndMileage.c...
compiling FTP.c...
Control\FTP\FTP.c(94): warning:  #177-D: variable "Result"  was declared but never referenced
  {     uint16 Result;
Control\FTP\FTP.c(169): warning:  #177-D: variable "FileLength"  was declared but never referenced
        uint32 FileLength;
Control\FTP\FTP.c(357): warning:  #177-D: variable "Offset"  was declared but never referenced
  {     uint16 j,DataLen,Offset;
Control\FTP\FTP.c(358): warning:  #177-D: variable "i"  was declared but never referenced
        uint32 i;
Control\FTP\FTP.c(359): warning:  #177-D: variable "Buf"  was declared but never referenced
        uint8 Buf[20],LinkState;
Control\FTP\FTP.c: 5 warnings, 0 errors
compiling Tz_Agreen.c...
AgreeOn\TzV2.1\Agree\Tz_Agreen_Pubi.c(152): warning:  #223-D: function "FileData_BackSet" declared implicitly
        {       FileData_BackSet();
AgreeOn\TzV2.1\Agree\Tz_Agreen.c(189): warning:  #177-D: variable "i"  was declared but never referenced
      uint8 i;
AgreeOn\TzV2.1\Agree\Tz_Agreen.c(232): warning:  #177-D: function "Explain_Activation"  was declared but never referenced
  static void Explain_Activation(uint8 *Buf,void *OutBuf,uint16 DataLen)                //激活定位终端
AgreeOn\TzV2.1\Agree\Tz_Agreen.c: 3 warnings, 0 errors
compiling Tz_Send.c...
AgreeOn\TzV2.1\Send\Tz_Send_Pubi.c(1379): warning:  #940-D: missing return statement at end of non-void function "Expain_VidType2LessAddree" 
  }
AgreeOn\TzV2.1\Send\Tz_Send_Pubi.c(1463): warning:  #186-D: pointless comparison of unsigned integer with zero
        for(Point=(sizeof(ptst_AgreeOn_Send_UploaderPar->CN_st_AgreeOn_Send_Basic.State)/8)-1,i=0;i<sizeof(ptst_AgreeOn_Send_UploaderPar->CN_st_AgreeOn_Send_Basic.State)&&Point>=0;Point--)
AgreeOn\TzV2.1\Send\Tz_Send.c(208): warning:  #177-D: function "Explain_UploaderLog"  was declared but never referenced
  static void Explain_UploaderLog(uint8 *OutBuf,void *InputBuf,uint16 *ReDataLen)       //上传日志文件
AgreeOn\TzV2.1\Send\Tz_Send.c: 3 warnings, 0 errors
compiling TzV2.1.C...
compiling _NandFlash512.c...
compiling _SpiFlash512.c...
compiling _Flash.c...
Dev\Flash\_Flash.c(62): warning:  #550-D: variable "Result"  was set but never used
        uint16 Result;
Dev\Flash\_Flash.c: 1 warning, 0 errors
compiling _rwflashlgc.c...
compiling _FileData.c...
compiling TakeData.c...
FilleData\TakeData.c(74): warning:  #111-D: statement is unreachable
        return De_Erro_NoSend;  
FilleData\TakeData.c(279): warning:  #174-D: expression has no effect
                return De_Erro_Ara_NoData;
FilleData\TakeData.c(281): warning:  #174-D: expression has no effect
                return De_Erro_Ara_NoData;
FilleData\TakeData.c(295): warning:  #111-D: statement is unreachable
        return De_Erro_Ara_NoData;
FilleData\TakeData.c(295): warning:  #174-D: expression has no effect
        return De_Erro_Ara_NoData;
FilleData\TakeData.c(308): warning:  #174-D: expression has no effect
                        return De_Erro_Ara_NoData;
FilleData\TakeData.c(320): warning:  #174-D: expression has no effect
                        return De_Erro_Ara_NoData;
FilleData\TakeData.c: 7 warnings, 0 errors
compiling AppSendAgreeOn.c...
AppSendAgreeOn\AppSendAgreeOn.c(346): warning:  #177-D: variable "CN_st_Parameter_Table"  was declared but never referenced
  {     st_Parameter_Table      CN_st_Parameter_Table;
AppSendAgreeOn\AppSendAgreeOn.c: 1 warning, 0 errors
compiling AppGprs.c...
AppAgreenOn\AppGprs.c(6): warning:  #177-D: variable "ptst_AgreeOn_UpdateSoftWare"  was declared but never referenced
        st_AgreeOn_UpdateSoftWare       *ptst_AgreeOn_UpdateSoftWare;
AppAgreenOn\AppGprs.c(53): warning:  #177-D: variable "Tail"  was declared but never referenced
        uint16 i,Tail;
AppAgreenOn\AppGprs.c(114): warning:  #550-D: variable "ptst_AgreeOn_LoaderTxt"  was set but never used
  {     st_AgreeOn_LoaderTxt    *ptst_AgreeOn_LoaderTxt;
AppAgreenOn\AppGprs.c(140): warning:  #550-D: variable "ptst_AgreeOn_LoaderTxtMenum"  was set but never used
  {     st_AgreeOn_LoaderTxtMenum       *ptst_AgreeOn_LoaderTxtMenum;
AppAgreenOn\AppGprs.c(197): warning:  #1293-D: assignment in condition
        if(Result=CN_st_Fun_Gprs.GetPhoneState(&CN_st_Data_Gprs_Call))
AppAgreenOn\AppGprs.c(560): warning:  #550-D: variable "Result"  was set but never used
        uint16 Result;
AppAgreenOn\AppGprs.c(643): warning:  #940-D: missing return statement at end of non-void function "GetLessAdree" 
        }
AppAgreenOn\AppGprs.c(610): warning:  #177-D: variable "CN_st_st_AgreeOn_Dev_WritePar"  was declared but never referenced
        st_st_AgreeOn_Dev_WritePar      CN_st_st_AgreeOn_Dev_WritePar;
AppAgreenOn\AppGprs.c(611): warning:  #177-D: variable "Oper"  was declared but never referenced
        uint8 Oper;
AppAgreenOn\AppGprs.c: 9 warnings, 0 errors
compiling OpenSensor.c...
compiling AccOper.c...
AppOper\AccOper.c(185): warning:  #177-D: variable "CN_st_File_WorkPar"  was declared but never referenced
        st_File_WorkPar CN_st_File_WorkPar;
AppOper\AccOper.c: 1 warning, 0 errors
compiling AppAgreeDataSensor.c...
compiling Space.c...
AppOper\Space.c(10): warning:  #177-D: variable "fd"  was declared but never referenced
        uint8 fd;
AppOper\Space.c: 1 warning, 0 errors
compiling JugeOper.c...
AppOper\JugeOper.c(21): warning:  #117-D: non-void function "JugeAppair"  should return a value
                return ;
AppOper\JugeOper.c(30): warning:  #117-D: non-void function "JugeAppair"  should return a value
                        return ;
AppOper\JugeOper.c(35): warning:  #117-D: non-void function "JugeAppair"  should return a value
        return ;
AppOper\JugeOper.c(49): warning:  #1441-D: nonstandard cast on lvalue
        (uint32 )Un_DataJuge.CN_st_Juge_void.State1=(uint32 )Un_DataJuge.CN_st_Juge_void.State1+(uint32 )Data;
AppOper\JugeOper.c(50): warning:  #1441-D: nonstandard cast on lvalue
        (uint32 )Un_DataJuge.CN_st_Juge_void.State2=(uint32 )Un_DataJuge.CN_st_Juge_void.State2+(uint32 )Data;
AppOper\JugeOper.c: 5 warnings, 0 errors
compiling WarningUpate.c...
compiling DisPlayOper.c...
AppOper\DisPlayOper.h(25): warning:  #47-D: incompatible redefinition of macro "De_Suc_Display"  (declared at line 13 of "AppOper\..\Dev\Sensor\Display\Display.h")
        #define De_Suc_Display                                                                                                          0
AppOper\DisPlayOper.c: 1 warning, 0 errors
compiling MessageAndPhone.c...
AppOper\MessageAndPhone.c(289): warning:  #940-D: missing return statement at end of non-void function "JugeDriver" 
  }
AppOper\MessageAndPhone.c: 1 warning, 0 errors
compiling LogOnServer.c...
AppTask\LogOnServer\LogOnServer.c(145): warning:  #513-D: a value of type "void *" cannot be assigned to an entity of type "void (*)(uint8 *)"
        CN_st_Affair_UDPTCP.ptFunLinkClose=ptFun;
AppTask\LogOnServer\LogOnServer.c(177): warning:  #513-D: a value of type "void *" cannot be assigned to an entity of type "void (*)(st_st_AgreeOn_Dev_Par *, uint8)"
        CN_st_Appair_Tzv2.ptFunction=AgreeOnFun;
AppTask\LogOnServer\LogOnServer.c(196): warning:  #550-D: variable "CN_st_Dev_Tzxy_Send"  was set but never used
  {     st_Dev_Tzxy_Send        CN_st_Dev_Tzxy_Send;
AppTask\LogOnServer\LogOnServer.c(281): warning:  #550-D: variable "Result"  was set but never used
  {     uint8 Result;
AppTask\LogOnServer\LogOnServer.c: 4 warnings, 0 errors
compiling OpenAndClose.c...
AppTask\OpenClose\OpenAndClose.c(42): warning:  #513-D: a value of type "void (*)(uint8)" cannot be assigned to an entity of type "void (*)(uint8 *)"
                CN_st_BoxData_LogOnServer.ptLinkCloseFun=OpenGprsNo;
AppTask\OpenClose\OpenAndClose.c(44): warning:  #513-D: a value of type "void (*)(st_st_AgreeOn_Dev_Par *, uint8)" cannot be assigned to an entity of type "void (*)(uint8 *, uint8, uint16)"
                CN_st_BoxData_LogOnServer.AgreeOnNewDataFun=CN_st_Fun_AppGprs.Read;
AppTask\OpenClose\OpenAndClose.c: 2 warnings, 0 errors
compiling UpdateSoftWare.c...
AppTask\UpdateSoftWare\UpdateSoftWare.c(16): warning:  #177-D: variable "Result"  was declared but never referenced
        uint16 Result,DataLength;
AppTask\UpdateSoftWare\UpdateSoftWare.c: 1 warning, 0 errors
compiling _Init.c...
main\_Init.c(64): warning:  #177-D: variable "CN_st_File_Basic"  was declared but never referenced
        st_File_Basic   CN_st_File_Basic;
main\_Init.c: 1 warning, 0 errors
linking...
Program Size: Code=253264 RO-data=12556 RW-data=996 ZI-data=30140  
FromELF: creating hex file...
".\obj\GPRS_OS1.axf" - 0 Error(s), 71 Warning(s).
Build Time Elapsed:  00:00:39
</pre>
</body>
</html>
