<!doctype html public "-//w3c//dtd html 4.0 transitional//en">
<html><head>
<title>Static Call Graph - [.\obj\GPRS_OS1.axf]</title></head>
<body><HR>
<H1>Static Call Graph for image .\obj\GPRS_OS1.axf</H1><HR>
<BR><P>#&#060CALLGRAPH&#062# ARM Linker, 5060750: Last Updated: Thu Jan 10 22:46:02 2019
<BR><P>
<H3>Maximum Stack Usage =       1104 bytes + Unknown(Functions without stacksize, Cycles, Untraceable Function Pointers)</H3><H3>
Call chain for Maximum Stack Depth:</H3>
SeePar &rArr; GetCentrIP
<P>
<H3>
Functions with no stack information
</H3><UL>
 <LI><a href="#[9]">Reset_Handler</a>
 <LI><a href="#[3ef]">__user_initial_stackheap</a>
 <LI><a href="#[3f6]">IRQ_Handler</a>
 <LI><a href="#[14]">Timer0_Handler</a>
 <LI><a href="#[15]">Uart0_Handler</a>
 <LI><a href="#[16]">Uart1_Handler</a>
 <LI><a href="#[17]">Uart2_Handler</a>
 <LI><a href="#[18]">Uart3_Handler</a>
 <LI><a href="#[19]">CAN_Handler</a>
 <LI><a href="#[12]">Timer1_Handler</a>
 <LI><a href="#[13]">Timer2_Handler</a>
 <LI><a href="#[11]">EINT2_Handler</a>
 <LI><a href="#[b]">SoftwareInterrupt</a>
 <LI><a href="#[2e]">OSIntCtxSw</a>
 <LI><a href="#[2f]">__OSStartHighRdy</a>
 <LI><a href="#[a]">Undef_Handler</a>
 <LI><a href="#[c]">PAbt_Handler</a>
 <LI><a href="#[d]">DAbt_Handler</a>
 <LI><a href="#[e]">FIQ_Handler</a>
</UL>
</UL>
<P>
<H3>
Mutually Recursive functions
</H3> <LI><a href="#[a]">Undef_Handler</a>&nbsp;&nbsp;&nbsp;&rArr;&nbsp;&nbsp;&nbsp;<a href="#[a]">Undef_Handler</a><BR>
 <LI><a href="#[c]">PAbt_Handler</a>&nbsp;&nbsp;&nbsp;&rArr;&nbsp;&nbsp;&nbsp;<a href="#[c]">PAbt_Handler</a><BR>
 <LI><a href="#[d]">DAbt_Handler</a>&nbsp;&nbsp;&nbsp;&rArr;&nbsp;&nbsp;&nbsp;<a href="#[d]">DAbt_Handler</a><BR>
</UL>
<P>
<H3>
Function Pointers
</H3><UL>
 <LI><a href="#[1f6]">AccOper</a> from accoper.o(.text) referenced from accoper.o(.constdata)
 <LI><a href="#[1b2]">AccessAear</a> from takedata.o(.text) referenced from takedata.o(.constdata)
 <LI><a href="#[1d8]">Activation</a> from appgprs.o(.text) referenced from appgprs.o(.constdata)
 <LI><a href="#[1af]">AddSpace</a> from takedata.o(.text) referenced from takedata.o(.constdata)
 <LI><a href="#[1c9]">AgreeData</a> from appgprs.o(.text) referenced from appgprs.o(.constdata)
 <LI><a href="#[128]">AgreePhone1</a> from gprs.o(.text) referenced from gprs.o(.constdata)
 <LI><a href="#[39]">Algorism2Asc</a> from _ascnumber.o(.text) referenced from _ascnumber.o(.constdata)
 <LI><a href="#[62]">Algorism2BCD</a> from _ascnumber.o(.text) referenced from _ascnumber.o(.constdata)
 <LI><a href="#[1f0]">AmendForm</a> from appgprs.o(.text) referenced from appgprs.o(.constdata)
 <LI><a href="#[1ce]">AmendMenum</a> from appgprs.o(.text) referenced from appgprs.o(.constdata)
 <LI><a href="#[1c8]">Answer</a> from appsendagreeon.o(.text) referenced from appsendagreeon.o(.constdata)
 <LI><a href="#[38]">Asc2Algorism</a> from _ascnumber.o(.text) referenced from _ascnumber.o(.constdata)
 <LI><a href="#[36]">Asc2Bcd</a> from _ascnumber.o(.text) referenced from _ascnumber.o(.constdata)
 <LI><a href="#[3e]">Asc2Float</a> from _ascnumber.o(.text) referenced from _ascnumber.o(.constdata)
 <LI><a href="#[3c]">Asc2Hex</a> from _ascnumber.o(.text) referenced from _ascnumber.o(.constdata)
 <LI><a href="#[3a]">Asc2HexBuf</a> from _ascnumber.o(.text) referenced from _ascnumber.o(.constdata)
 <LI><a href="#[63]">BCD2Algorism</a> from _ascnumber.o(.text) referenced from _ascnumber.o(.constdata)
 <LI><a href="#[66]">Back</a> from _date.o(.text) referenced from _date.o(.constdata)
 <LI><a href="#[37]">Bcd2Asc</a> from _ascnumber.o(.text) referenced from _ascnumber.o(.constdata)
 <LI><a href="#[3f]">Bcd2Hex</a> from _ascnumber.o(.text) referenced from _ascnumber.o(.constdata)
 <LI><a href="#[58]">Bit72Bit8</a> from _ascnumber.o(.text) referenced from _ascnumber.o(.constdata)
 <LI><a href="#[19]">CAN_Handler</a> from irq.o(IRQ) referenced from target.o(.text)
 <LI><a href="#[22]">CE_High</a> from _spiflash512.o(.text) referenced from _spiflash512.o(.text)
 <LI><a href="#[23]">CE_Low</a> from _spiflash512.o(.text) referenced from _spiflash512.o(.text)
 <LI><a href="#[1d2]">CallAnswer</a> from appgprs.o(.text) referenced from appgprs.o(.constdata)
 <LI><a href="#[5f]">Char2IP</a> from _ascnumber.o(.text) referenced from _ascnumber.o(.constdata)
 <LI><a href="#[214]">ChargeLoadDev</a> from openandclose.o(.text) referenced from openandclose.o(.constdata)
 <LI><a href="#[213]">ChargeLogin</a> from openandclose.o(.text) referenced from openandclose.o(.constdata)
 <LI><a href="#[34]">CheckAdd</a> from _arithmetic.o(.text) referenced from _arithmetic.o(.constdata)
 <LI><a href="#[33]">CheckSum</a> from _arithmetic.o(.text) referenced from _arithmetic.o(.constdata)
 <LI><a href="#[114]">CleanProperty</a> from _downfile.o(.text) referenced from _downfile.o(.constdata)
 <LI><a href="#[1ac]">ClearState</a> from takedata.o(.text) referenced from takedata.o(.constdata)
 <LI><a href="#[212]">ClearTimer</a> from openandclose.o(.text) referenced from openandclose.o(.constdata)
 <LI><a href="#[73]">Close</a> from _spi.o(.text) referenced 24 times from _spi.o(.constdata)
 <LI><a href="#[5]">Close</a> from _can.o(.text) referenced 2 times from _can.o(.data)
 <LI><a href="#[b1]">Close1</a> from less.o(.text) referenced 2 times from less.o(.constdata)
 <LI><a href="#[210]">CloseCall</a> from messageandphone.o(.text) referenced from messageandphone.o(.constdata)
 <LI><a href="#[129]">CloseCall1</a> from gprs.o(.text) referenced from gprs.o(.constdata)
 <LI><a href="#[1fa]">CloseGprs</a> from accoper.o(.text) referenced 2 times from accoper.o(.constdata)
 <LI><a href="#[1f9]">CloseGps</a> from accoper.o(.text) referenced 2 times from accoper.o(.constdata)
 <LI><a href="#[123]">CloseIP1</a> from gprs.o(.text) referenced from gprs.o(.constdata)
 <LI><a href="#[122]">CloseMessage1</a> from gprs.o(.text) referenced from gprs.o(.constdata)
 <LI><a href="#[124]">ClosePhone1</a> from gprs.o(.text) referenced from gprs.o(.constdata)
 <LI><a href="#[121]">CloseSys1</a> from gprs.o(.text) referenced from gprs.o(.constdata)
 <LI><a href="#[45]">ClsArray</a> from _ascnumber.o(.text) referenced from _ascnumber.o(.constdata)
 <LI><a href="#[47]">CompareBuf</a> from _ascnumber.o(.text) referenced from _ascnumber.o(.constdata)
 <LI><a href="#[48]">CompareVa</a> from _ascnumber.o(.text) referenced from _ascnumber.o(.constdata)
 <LI><a href="#[1d7]">ConfigCentrSever</a> from appgprs.o(.text) referenced from appgprs.o(.constdata)
 <LI><a href="#[1d6]">ConfineCall</a> from appgprs.o(.text) referenced from appgprs.o(.constdata)
 <LI><a href="#[1d5]">Contrl</a> from appgprs.o(.text) referenced from appgprs.o(.constdata)
 <LI><a href="#[32]">Crc</a> from _arithmetic.o(.text) referenced from _arithmetic.o(.constdata)
 <LI><a href="#[35]">Crc1021</a> from _arithmetic.o(.text) referenced from _arithmetic.o(.constdata)
 <LI><a href="#[19c]">CreatBad</a> from _flash.o(.text) referenced from _flash.o(.constdata)
 <LI><a href="#[fd]">CreateBin1</a> from _rwfile.o(.text) referenced from _rwfile.o(.constdata)
 <LI><a href="#[10d]">CreateFile</a> from _downfile.o(.text) referenced from _downfile.o(.constdata)
 <LI><a href="#[fe]">CreateRecoder1</a> from _rwfile.o(.text) referenced from _rwfile.o(.constdata)
 <LI><a href="#[d]">DAbt_Handler</a> from startup.o(RESET) referenced from startup.o(RESET)
 <LI><a href="#[132]">DNSRIP1</a> from gprs.o(.text) referenced from gprs.o(.constdata)
 <LI><a href="#[1b3]">DelAear</a> from takedata.o(.text) referenced from takedata.o(.constdata)
 <LI><a href="#[1e8]">DelPolygon</a> from appgprs.o(.text) referenced from appgprs.o(.constdata)
 <LI><a href="#[1e6]">DelRectangle</a> from appgprs.o(.text) referenced from appgprs.o(.constdata)
 <LI><a href="#[1ea]">DelRoadMap</a> from appgprs.o(.text) referenced from appgprs.o(.constdata)
 <LI><a href="#[1e4]">DelRound</a> from appgprs.o(.text) referenced from appgprs.o(.constdata)
 <LI><a href="#[13a]">DisEnable</a> from timer.o(.text) referenced from timer.o(.constdata)
 <LI><a href="#[26]">DownLoaderOver</a> from appgprs.o(.text) referenced from appgprs.o(.text)
 <LI><a href="#[1ec]">Driver</a> from appgprs.o(.text) referenced from appgprs.o(.constdata)
 <LI><a href="#[11]">EINT2_Handler</a> from irq.o(IRQ) referenced from target.o(.text)
 <LI><a href="#[190]">Ease</a> from _nandflash512.o(.text) referenced 3 times from _nandflash512.o(.constdata)
 <LI><a href="#[1a0]">EaseFlash</a> from _flash.o(.text) referenced from _flash.o(.constdata)
 <LI><a href="#[13d]">EditPro</a> from timer.o(.text) referenced from timer.o(.constdata)
 <LI><a href="#[139]">Enable</a> from timer.o(.text) referenced from timer.o(.constdata)
 <LI><a href="#[72]">End</a> from _spi.o(.text) referenced from _spi.o(.constdata)
 <LI><a href="#[57]">ExpPdu</a> from _ascnumber.o(.text) referenced from _ascnumber.o(.constdata)
 <LI><a href="#[170]">Explain</a> from tz_agreen.o(.text) referenced 2 times from tz_agreen.o(.constdata)
 <LI><a href="#[16b]">Explain_AmendForm</a> from tz_agreen.o(.text) referenced from tz_agreen.o(.constdata)
 <LI><a href="#[14c]">Explain_AmendMenum</a> from tz_agreen.o(.text) referenced from tz_agreen.o(.constdata)
 <LI><a href="#[149]">Explain_Answer</a> from tz_agreen.o(.text) referenced 2 times from tz_agreen.o(.constdata)
 <LI><a href="#[150]">Explain_CallAnswer</a> from tz_agreen.o(.text) referenced from tz_agreen.o(.constdata)
 <LI><a href="#[155]">Explain_ConfigCentrSever</a> from tz_agreen.o(.text) referenced from tz_agreen.o(.constdata)
 <LI><a href="#[154]">Explain_ConfineCall</a> from tz_agreen.o(.text) referenced from tz_agreen.o(.constdata)
 <LI><a href="#[153]">Explain_Contrl</a> from tz_agreen.o(.text) referenced from tz_agreen.o(.constdata)
 <LI><a href="#[163]">Explain_DelPolygon</a> from tz_agreen.o(.text) referenced from tz_agreen.o(.constdata)
 <LI><a href="#[161]">Explain_DelRectangle</a> from tz_agreen.o(.text) referenced from tz_agreen.o(.constdata)
 <LI><a href="#[165]">Explain_DelRoadMap</a> from tz_agreen.o(.text) referenced from tz_agreen.o(.constdata)
 <LI><a href="#[15f]">Explain_DelRound</a> from tz_agreen.o(.text) referenced from tz_agreen.o(.constdata)
 <LI><a href="#[167]">Explain_Driver</a> from tz_agreen.o(.text) referenced from tz_agreen.o(.constdata)
 <LI><a href="#[171]">Explain_GetSeverComPar</a> from tz_send.o(.text) referenced 5 times from tz_send.o(.constdata)
 <LI><a href="#[16a]">Explain_HandAttemper</a> from tz_agreen.o(.text) referenced from tz_agreen.o(.constdata)
 <LI><a href="#[169]">Explain_HandTxt</a> from tz_agreen.o(.text) referenced from tz_agreen.o(.constdata)
 <LI><a href="#[157]">Explain_JpgIng</a> from tz_agreen.o(.text) referenced from tz_agreen.o(.constdata)
 <LI><a href="#[14d]">Explain_LoaderTxt</a> from tz_agreen.o(.text) referenced from tz_agreen.o(.constdata)
 <LI><a href="#[14e]">Explain_LoaderTxtMenum</a> from tz_agreen.o(.text) referenced from tz_agreen.o(.constdata)
 <LI><a href="#[156]">Explain_LookJpg</a> from tz_agreen.o(.text) referenced from tz_agreen.o(.constdata)
 <LI><a href="#[15c]">Explain_LookLog</a> from tz_agreen.o(.text) referenced from tz_agreen.o(.constdata)
 <LI><a href="#[152]">Explain_LookPar</a> from tz_agreen.o(.text) referenced 2 times from tz_agreen.o(.constdata)
 <LI><a href="#[173]">Explain_Menum</a> from tz_send.o(.text) referenced from tz_send.o(.constdata)
 <LI><a href="#[168]">Explain_Navigation</a> from tz_agreen.o(.text) referenced from tz_agreen.o(.constdata)
 <LI><a href="#[17b]">Explain_NoSem</a> from tz_send.o(.text) referenced 2 times from tz_send.o(.constdata)
 <LI><a href="#[17d]">Explain_OutRoadMap</a> from tz_send.o(.text) referenced from tz_send.o(.constdata)
 <LI><a href="#[182]">Explain_OverFromErro</a> from tz_send.o(.text) referenced from tz_send.o(.constdata)
 <LI><a href="#[183]">Explain_PriceData</a> from tz_send.o(.text) referenced from tz_send.o(.constdata)
 <LI><a href="#[166]">Explain_Reduce</a> from tz_agreen.o(.text) referenced from tz_agreen.o(.constdata)
 <LI><a href="#[14b]">Explain_SetPar</a> from tz_agreen.o(.text) referenced from tz_agreen.o(.constdata)
 <LI><a href="#[14f]">Explain_SetPhone</a> from tz_agreen.o(.text) referenced from tz_agreen.o(.constdata)
 <LI><a href="#[162]">Explain_SetPolygon</a> from tz_agreen.o(.text) referenced from tz_agreen.o(.constdata)
 <LI><a href="#[160]">Explain_SetRectangle</a> from tz_agreen.o(.text) referenced from tz_agreen.o(.constdata)
 <LI><a href="#[164]">Explain_SetRoadMap</a> from tz_agreen.o(.text) referenced from tz_agreen.o(.constdata)
 <LI><a href="#[15e]">Explain_SetRound</a> from tz_agreen.o(.text) referenced from tz_agreen.o(.constdata)
 <LI><a href="#[158]">Explain_SetVidType</a> from tz_agreen.o(.text) referenced from tz_agreen.o(.constdata)
 <LI><a href="#[15d]">Explain_SetWaringTerm</a> from tz_agreen.o(.text) referenced from tz_agreen.o(.constdata)
 <LI><a href="#[159]">Explain_TabelList</a> from tz_agreen.o(.text) referenced from tz_agreen.o(.constdata)
 <LI><a href="#[14a]">Explain_Track</a> from tz_agreen.o(.text) referenced from tz_agreen.o(.constdata)
 <LI><a href="#[174]">Explain_TxtMenum</a> from tz_send.o(.text) referenced from tz_send.o(.constdata)
 <LI><a href="#[16f]">Explain_UpLoaderCan</a> from tz_agreen.o(.text) referenced from tz_agreen.o(.constdata)
 <LI><a href="#[17f]">Explain_UpLoaderDriver</a> from tz_send.o(.text) referenced from tz_send.o(.constdata)
 <LI><a href="#[16c]">Explain_UpLoaderForm</a> from tz_agreen.o(.text) referenced from tz_agreen.o(.constdata)
 <LI><a href="#[16e]">Explain_UpLoaderFormErro</a> from tz_agreen.o(.text) referenced from tz_agreen.o(.constdata)
 <LI><a href="#[16d]">Explain_UpLoaderFormSuc</a> from tz_agreen.o(.text) referenced from tz_agreen.o(.constdata)
 <LI><a href="#[181]">Explain_UpLoaderFrom</a> from tz_send.o(.text) referenced from tz_send.o(.constdata)
 <LI><a href="#[180]">Explain_UpLoaderHandMess</a> from tz_send.o(.text) referenced from tz_send.o(.constdata)
 <LI><a href="#[17e]">Explain_UpLoaderReduce</a> from tz_send.o(.text) referenced from tz_send.o(.constdata)
 <LI><a href="#[17c]">Explain_UpLoaderWarning</a> from tz_send.o(.text) referenced from tz_send.o(.constdata)
 <LI><a href="#[151]">Explain_UpdateSoftWare</a> from tz_agreen.o(.text) referenced 2 times from tz_agreen.o(.constdata)
 <LI><a href="#[178]">Explain_UploaderJpg1</a> from tz_send.o(.text) referenced from tz_send.o(.constdata)
 <LI><a href="#[179]">Explain_UploaderJpg2</a> from tz_send.o(.text) referenced from tz_send.o(.constdata)
 <LI><a href="#[17a]">Explain_UploaderPar</a> from tz_send.o(.text) referenced from tz_send.o(.constdata)
 <LI><a href="#[177]">Explain_Waring</a> from tz_send.o(.text) referenced from tz_send.o(.constdata)
 <LI><a href="#[15b]">Explain_WorkParSpace</a> from tz_agreen.o(.text) referenced from tz_agreen.o(.constdata)
 <LI><a href="#[15a]">Explain_WorkParTimer</a> from tz_agreen.o(.text) referenced from tz_agreen.o(.constdata)
 <LI><a href="#[e]">FIQ_Handler</a> from startup.o(RESET) referenced from startup.o(RESET)
 <LI><a href="#[192]">FMrdPg517</a> from _nandflash512.o(.text) referenced from _nandflash512.o(.constdata)
 <LI><a href="#[191]">FMwrPg</a> from _nandflash512.o(.text) referenced from _nandflash512.o(.constdata)
 <LI><a href="#[145]">FTP_CtrReceive</a> from ftp.o(.text) referenced from ftp.o(.constdata)
 <LI><a href="#[146]">FTP_DataReceive</a> from ftp.o(.text) referenced from ftp.o(.constdata)
 <LI><a href="#[19b]">FormatFlash</a> from _flash.o(.text) referenced from _flash.o(.constdata)
 <LI><a href="#[c1]">Get</a> from sensor.o(.text) referenced 2 times from sensor.o(.constdata)
 <LI><a href="#[1b1]">GetAreaData</a> from takedata.o(.text) referenced from takedata.o(.constdata)
 <LI><a href="#[84]">GetChipID</a> from huaiweigprs.o(.text) referenced from huaiweigprs.o(.constdata)
 <LI><a href="#[59]">GetCsq</a> from _ascnumber.o(.text) referenced from _ascnumber.o(.constdata)
 <LI><a href="#[134]">GetCurIPState</a> from gprs.o(.text) referenced from gprs.o(.constdata)
 <LI><a href="#[1fc]">GetData</a> from appagreedatasensor.o(.text) referenced 2 times from appagreedatasensor.o(.constdata)
 <LI><a href="#[13b]">GetEnable</a> from timer.o(.text) referenced from timer.o(.constdata)
 <LI><a href="#[111]">GetFileProperty</a> from _downfile.o(.text) referenced from _downfile.o(.constdata)
 <LI><a href="#[1a8]">GetFlowWaringType</a> from takedata.o(.text) referenced from takedata.o(.constdata)
 <LI><a href="#[1fe]">GetGps</a> from space.o(.text) referenced from space.o(.constdata)
 <LI><a href="#[c2]">GetID2Par</a> from sensor.o(.text) referenced from sensor.o(.constdata)
 <LI><a href="#[131]">GetIPState1</a> from gprs.o(.text) referenced from gprs.o(.constdata)
 <LI><a href="#[133]">GetIpPro1</a> from gprs.o(.text) referenced from gprs.o(.constdata)
 <LI><a href="#[105]">GetJlNum1</a> from _rwfile.o(.text) referenced from _rwfile.o(.constdata)
 <LI><a href="#[12f]">GetMessageState1</a> from gprs.o(.text) referenced from gprs.o(.constdata)
 <LI><a href="#[c3]">GetPar2ID</a> from sensor.o(.text) referenced 2 times from sensor.o(.constdata)
 <LI><a href="#[1aa]">GetPhoneCut</a> from takedata.o(.text) referenced from takedata.o(.constdata)
 <LI><a href="#[130]">GetPhoneState1</a> from gprs.o(.text) referenced from gprs.o(.constdata)
 <LI><a href="#[1a9]">GetPhonesSize</a> from takedata.o(.text) referenced from takedata.o(.constdata)
 <LI><a href="#[10a]">GetPointNum</a> from _rwfile.o(.text) referenced from _rwfile.o(.constdata)
 <LI><a href="#[13c]">GetPro</a> from timer.o(.text) referenced from timer.o(.constdata)
 <LI><a href="#[c4]">GetSi</a> from sensor.o(.text) referenced from sensor.o(.constdata)
 <LI><a href="#[c0]">GetState</a> from sensor.o(.text) referenced 5 times from sensor.o(.constdata)
 <LI><a href="#[b3]">GetState1</a> from less.o(.text) referenced from less.o(.constdata)
 <LI><a href="#[12e]">GetSysState1</a> from gprs.o(.text) referenced from gprs.o(.constdata)
 <LI><a href="#[67]">GetWeek</a> from _date.o(.text) referenced from _date.o(.constdata)
 <LI><a href="#[1ef]">HandAttemper</a> from appgprs.o(.text) referenced from appgprs.o(.constdata)
 <LI><a href="#[1ee]">HandTxt</a> from appgprs.o(.text) referenced from appgprs.o(.constdata)
 <LI><a href="#[3d]">Hex2Asc</a> from _ascnumber.o(.text) referenced from _ascnumber.o(.constdata)
 <LI><a href="#[40]">Hex2Bcd</a> from _ascnumber.o(.text) referenced from _ascnumber.o(.constdata)
 <LI><a href="#[3b]">HexBuf2Asc</a> from _ascnumber.o(.text) referenced from _ascnumber.o(.constdata)
 <LI><a href="#[ca]">Host_Answer</a> from display.o(.text) referenced from display.o(.constdata)
 <LI><a href="#[d1]">Host_ConInfor</a> from display.o(.text) referenced from display.o(.constdata)
 <LI><a href="#[cb]">Host_DeliverCentr</a> from display.o(.text) referenced from display.o(.constdata)
 <LI><a href="#[d0]">Host_HostSoft</a> from display.o(.text) referenced from display.o(.constdata)
 <LI><a href="#[cf]">Host_InitOver</a> from display.o(.text) referenced from display.o(.constdata)
 <LI><a href="#[ce]">Host_InitStart</a> from display.o(.text) referenced from display.o(.constdata)
 <LI><a href="#[d2]">Host_ParAnswer</a> from display.o(.text) referenced from display.o(.constdata)
 <LI><a href="#[cd]">Host_Phone</a> from display.o(.text) referenced from display.o(.constdata)
 <LI><a href="#[cc]">Host_SysInfor</a> from display.o(.text) referenced from display.o(.constdata)
 <LI><a href="#[97]">Huawei_ATA</a> from huaiweigprs.o(.text) referenced from huaiweigprs.o(.constdata)
 <LI><a href="#[95]">Huawei_ATD</a> from huaiweigprs.o(.text) referenced from huaiweigprs.o(.constdata)
 <LI><a href="#[99]">Huawei_CGDCONT</a> from huaiweigprs.o(.text) referenced from huaiweigprs.o(.constdata)
 <LI><a href="#[a5]">Huawei_CLCC</a> from huaiweigprs.o(.text) referenced from huaiweigprs.o(.constdata)
 <LI><a href="#[94]">Huawei_CLIP</a> from huaiweigprs.o(.text) referenced from huaiweigprs.o(.constdata)
 <LI><a href="#[96]">Huawei_Chup</a> from huaiweigprs.o(.text) referenced from huaiweigprs.o(.constdata)
 <LI><a href="#[83]">Huawei_CloseShow</a> from huaiweigprs.o(.text) referenced from huaiweigprs.o(.constdata)
 <LI><a href="#[a3]">Huawei_DNSR</a> from huaiweigprs.o(.text) referenced from huaiweigprs.o(.constdata)
 <LI><a href="#[8f]">Huawei_DelMsg</a> from huaiweigprs.o(.text) referenced from huaiweigprs.o(.constdata)
 <LI><a href="#[9a]">Huawei_Etcpip</a> from huaiweigprs.o(.text) referenced from huaiweigprs.o(.constdata)
 <LI><a href="#[87]">Huawei_GetCenterNumber</a> from huaiweigprs.o(.text) referenced from huaiweigprs.o(.constdata)
 <LI><a href="#[88]">Huawei_GetMessage</a> from huaiweigprs.o(.text) referenced from huaiweigprs.o(.constdata)
 <LI><a href="#[86]">Huawei_GetModermCard</a> from huaiweigprs.o(.text) referenced from huaiweigprs.o(.constdata)
 <LI><a href="#[85]">Huawei_GetModermState</a> from huaiweigprs.o(.text) referenced from huaiweigprs.o(.constdata)
 <LI><a href="#[98]">Huawei_IMEI</a> from huaiweigprs.o(.text) referenced from huaiweigprs.o(.constdata)
 <LI><a href="#[9b]">Huawei_IOMODE</a> from huaiweigprs.o(.text) referenced from huaiweigprs.o(.constdata)
 <LI><a href="#[a0]">Huawei_IPCLOSE</a> from huaiweigprs.o(.text) referenced from huaiweigprs.o(.constdata)
 <LI><a href="#[9f]">Huawei_IPDR</a> from huaiweigprs.o(.text) referenced from huaiweigprs.o(.constdata)
 <LI><a href="#[9c]">Huawei_IPOPENX</a> from huaiweigprs.o(.text) referenced from huaiweigprs.o(.constdata)
 <LI><a href="#[a4]">Huawei_IPR</a> from huaiweigprs.o(.text) referenced from huaiweigprs.o(.constdata)
 <LI><a href="#[9d]">Huawei_IPSENDX</a> from huaiweigprs.o(.text) referenced from huaiweigprs.o(.constdata)
 <LI><a href="#[a2]">Huawei_JugeETCPIP</a> from huaiweigprs.o(.text) referenced from huaiweigprs.o(.constdata)
 <LI><a href="#[a1]">Huawei_LogOnTCPIP</a> from huaiweigprs.o(.text) referenced from huaiweigprs.o(.constdata)
 <LI><a href="#[91]">Huawei_MessSet</a> from huaiweigprs.o(.text) referenced from huaiweigprs.o(.constdata)
 <LI><a href="#[8b]">Huawei_MsgSend</a> from huaiweigprs.o(.text) referenced from huaiweigprs.o(.constdata)
 <LI><a href="#[8c]">Huawei_MsgSendData</a> from huaiweigprs.o(.text) referenced from huaiweigprs.o(.constdata)
 <LI><a href="#[a7]">Huawei_PowerDown</a> from huaiweigprs.o(.text) referenced from huaiweigprs.o(.constdata)
 <LI><a href="#[93]">Huawei_Reg</a> from huaiweigprs.o(.text) referenced from huaiweigprs.o(.constdata)
 <LI><a href="#[a6]">Huawei_SEEIPCLOSE</a> from huaiweigprs.o(.text) referenced from huaiweigprs.o(.constdata)
 <LI><a href="#[8e]">Huawei_SQ</a> from huaiweigprs.o(.text) referenced from huaiweigprs.o(.constdata)
 <LI><a href="#[a8]">Huawei_SeeCGDCONT</a> from huaiweigprs.o(.text) referenced from huaiweigprs.o(.constdata)
 <LI><a href="#[8d]">Huawei_SeeCarrier</a> from huaiweigprs.o(.text) referenced from huaiweigprs.o(.constdata)
 <LI><a href="#[9e]">Huawei_SeeDataRead</a> from huaiweigprs.o(.text) referenced from huaiweigprs.o(.constdata)
 <LI><a href="#[8a]">Huawei_SeeTxtOrPdu</a> from huaiweigprs.o(.text) referenced from huaiweigprs.o(.constdata)
 <LI><a href="#[a9]">Huawei_SendExtension</a> from huaiweigprs.o(.text) referenced from huaiweigprs.o(.constdata)
 <LI><a href="#[89]">Huawei_SetTxtOrPdu</a> from huaiweigprs.o(.text) referenced from huaiweigprs.o(.constdata)
 <LI><a href="#[aa]">Huawei_SetVolume</a> from huaiweigprs.o(.text) referenced from huaiweigprs.o(.constdata)
 <LI><a href="#[90]">Huawei_Set_Mem</a> from huaiweigprs.o(.text) referenced from huaiweigprs.o(.constdata)
 <LI><a href="#[92]">Huawei_Upadate</a> from huaiweigprs.o(.text) referenced from huaiweigprs.o(.constdata)
 <LI><a href="#[5c]">INT322IPAsc</a> from _ascnumber.o(.text) referenced from _ascnumber.o(.constdata)
 <LI><a href="#[5e]">IP2Char</a> from _ascnumber.o(.text) referenced from _ascnumber.o(.constdata)
 <LI><a href="#[5d]">IPAsc2INT32</a> from _ascnumber.o(.text) referenced from _ascnumber.o(.constdata)
 <LI><a href="#[68]">Init</a> from _rtc.o(.text) referenced 38 times from _rtc.o(.constdata)
 <LI><a href="#[3]">Init</a> from _can.o(.text) referenced 4 times from _can.o(.data)
 <LI><a href="#[2d]">Init</a> from _init.o(.text) referenced from _init.o(.text)
 <LI><a href="#[af]">Init1</a> from less.o(.text) referenced 2 times from less.o(.constdata)
 <LI><a href="#[11c]">InitGprs1</a> from gprs.o(.text) referenced from gprs.o(.constdata)
 <LI><a href="#[11a]">InitMessage1</a> from gprs.o(.text) referenced from gprs.o(.constdata)
 <LI><a href="#[11b]">InitPhone1</a> from gprs.o(.text) referenced from gprs.o(.constdata)
 <LI><a href="#[1fd]">InitSpace</a> from space.o(.text) referenced from space.o(.constdata)
 <LI><a href="#[119]">InitSys1</a> from gprs.o(.text) referenced from gprs.o(.constdata)
 <LI><a href="#[1da]">JpgIng</a> from appgprs.o(.text) referenced from appgprs.o(.constdata)
 <LI><a href="#[64]">Juge</a> from _date.o(.text) referenced 2 times from _date.o(.constdata)
 <LI><a href="#[41]">JugeAscBcd</a> from _ascnumber.o(.text) referenced from _ascnumber.o(.constdata)
 <LI><a href="#[43]">JugeAscFloat</a> from _ascnumber.o(.text) referenced from _ascnumber.o(.constdata)
 <LI><a href="#[42]">JugeAscHex</a> from _ascnumber.o(.text) referenced from _ascnumber.o(.constdata)
 <LI><a href="#[71]">JugeBuf</a> from _spi.o(.text) referenced 3 times from _spi.o(.constdata)
 <LI><a href="#[53]">JugeBufType</a> from _ascnumber.o(.text) referenced from _ascnumber.o(.constdata)
 <LI><a href="#[70]">JugeByte</a> from _spi.o(.text) referenced 3 times from _spi.o(.constdata)
 <LI><a href="#[19d]">JugeFlash</a> from _flash.o(.text) referenced from _flash.o(.constdata)
 <LI><a href="#[44]">JugeHexBcd</a> from _ascnumber.o(.text) referenced from _ascnumber.o(.constdata)
 <LI><a href="#[208]">LCDRef</a> from displayoper.o(.text) referenced from displayoper.o(.constdata)
 <LI><a href="#[1cf]">LoaderTxt</a> from appgprs.o(.text) referenced from appgprs.o(.constdata)
 <LI><a href="#[1d0]">LoaderTxtMenum</a> from appgprs.o(.text) referenced from appgprs.o(.constdata)
 <LI><a href="#[206]">Log</a> from displayoper.o(.text) referenced from displayoper.o(.constdata)
 <LI><a href="#[1b4]">LogInfor</a> from appsendagreeon.o(.text) referenced from appsendagreeon.o(.constdata)
 <LI><a href="#[2b]">LogSucOper</a> from openandclose.o(.text) referenced from openandclose.o(.text)
 <LI><a href="#[18d]">LookBad</a> from _nandflash512.o(.text) referenced from _nandflash512.o(.constdata)
 <LI><a href="#[60]">LookBufInLength</a> from _ascnumber.o(.text) referenced from _ascnumber.o(.constdata)
 <LI><a href="#[4d]">LookEnable</a> from _ascnumber.o(.text) referenced from _ascnumber.o(.constdata)
 <LI><a href="#[1d9]">LookJpg</a> from appgprs.o(.text) referenced from appgprs.o(.constdata)
 <LI><a href="#[1e0]">LookLog</a> from appgprs.o(.text) referenced from appgprs.o(.constdata)
 <LI><a href="#[1b8]">LookPar</a> from appsendagreeon.o(.text) referenced 2 times from appsendagreeon.o(.constdata)
 <LI><a href="#[50]">LookShowChar</a> from _ascnumber.o(.text) referenced from _ascnumber.o(.constdata)
 <LI><a href="#[4c]">LookStr</a> from _ascnumber.o(.text) referenced from _ascnumber.o(.constdata)
 <LI><a href="#[4f]">LookStrDown</a> from _ascnumber.o(.text) referenced from _ascnumber.o(.constdata)
 <LI><a href="#[4e]">LookStrInLength</a> from _ascnumber.o(.text) referenced from _ascnumber.o(.constdata)
 <LI><a href="#[1e2]">LookWaringTerm</a> from appgprs.o(.text) referenced from appgprs.o(.constdata)
 <LI><a href="#[1dd]">LookWorkPar</a> from appgprs.o(.text) referenced from appgprs.o(.constdata)
 <LI><a href="#[52]">MemSpace</a> from _ascnumber.o(.text) referenced from _ascnumber.o(.constdata)
 <LI><a href="#[1b6]">Menum</a> from appsendagreeon.o(.text) referenced from appsendagreeon.o(.constdata)
 <LI><a href="#[1a]">ModermCom</a> from gprshard.o(.text) referenced from gprshard.o(.text)
 <LI><a href="#[46]">MoveByte</a> from _ascnumber.o(.text) referenced from _ascnumber.o(.constdata)
 <LI><a href="#[1ed]">Navigation</a> from appgprs.o(.text) referenced from appgprs.o(.constdata)
 <LI><a href="#[20f]">NewMessage</a> from messageandphone.o(.text) referenced from messageandphone.o(.constdata)
 <LI><a href="#[65]">Next</a> from _date.o(.text) referenced from _date.o(.constdata)
 <LI><a href="#[1c5]">NoSemSend</a> from appsendagreeon.o(.text) referenced from appsendagreeon.o(.constdata)
 <LI><a href="#[2e]">OSIntCtxSw</a> from os_cpu_a.o(subr) referenced from irq.o(IRQ)
 <LI><a href="#[2e]">OSIntCtxSw</a> from os_cpu_a.o(subr) referenced from os_cpu_a.o(subr)
 <LI><a href="#[241]">OS_TaskIdle</a> from os_core.o(.text) referenced from os_core.o(.text)
 <LI><a href="#[23b]">OS_TaskStat</a> from os_core.o(.text) referenced from os_core.o(.text)
 <LI><a href="#[6b]">Open</a> from _spi.o(.text) referenced 26 times from _spi.o(.constdata)
 <LI><a href="#[4]">Open</a> from _can.o(.text) referenced 2 times from _can.o(.data)
 <LI><a href="#[b0]">Open1</a> from less.o(.text) referenced 2 times from less.o(.constdata)
 <LI><a href="#[1f8]">OpenGprs</a> from accoper.o(.text) referenced 14 times from accoper.o(.constdata)
 <LI><a href="#[2a]">OpenGprsNo</a> from openandclose.o(.text) referenced from openandclose.o(.constdata)
 <LI><a href="#[2a]">OpenGprsNo</a> from openandclose.o(.text) referenced from openandclose.o(.text)
 <LI><a href="#[1f7]">OpenGps</a> from accoper.o(.text) referenced 14 times from accoper.o(.constdata)
 <LI><a href="#[11f]">OpenIP1</a> from gprs.o(.text) referenced from gprs.o(.constdata)
 <LI><a href="#[11e]">OpenMessage1</a> from gprs.o(.text) referenced from gprs.o(.constdata)
 <LI><a href="#[120]">OpenPhone1</a> from gprs.o(.text) referenced from gprs.o(.constdata)
 <LI><a href="#[11d]">OpenSys1</a> from gprs.o(.text) referenced from gprs.o(.constdata)
 <LI><a href="#[21a]">OpenUart</a> from openandclose.o(.text) referenced from openandclose.o(.constdata)
 <LI><a href="#[203]">Order_Phone</a> from displayoper.o(.text) referenced from displayoper.o(.constdata)
 <LI><a href="#[1b5]">Orientation</a> from appsendagreeon.o(.text) referenced 4 times from appsendagreeon.o(.constdata)
 <LI><a href="#[1c0]">OutRoadMap</a> from appsendagreeon.o(.text) referenced from appsendagreeon.o(.constdata)
 <LI><a href="#[c]">PAbt_Handler</a> from startup.o(RESET) referenced from startup.o(RESET)
 <LI><a href="#[56]">PduNumber</a> from _ascnumber.o(.text) referenced from _ascnumber.o(.constdata)
 <LI><a href="#[54]">PhoPdu</a> from _ascnumber.o(.text) referenced from _ascnumber.o(.constdata)
 <LI><a href="#[ad]">PowerDown</a> from gprshard.o(.text) referenced from gprshard.o(.constdata)
 <LI><a href="#[ac]">PowerUp</a> from gprshard.o(.text) referenced from gprshard.o(.constdata)
 <LI><a href="#[69]">Read</a> from _rtc.o(.text) referenced 24 times from _rtc.o(.constdata)
 <LI><a href="#[7]">Read</a> from _can.o(.text) referenced 2 times from _can.o(.data)
 <LI><a href="#[b2]">Read1</a> from less.o(.text) referenced 2 times from less.o(.constdata)
 <LI><a href="#[101]">ReadBin1</a> from _rwfile.o(.text) referenced from _rwfile.o(.constdata)
 <LI><a href="#[1a7]">ReadDataFlow</a> from takedata.o(.text) referenced from takedata.o(.constdata)
 <LI><a href="#[10e]">ReadFile</a> from _downfile.o(.text) referenced from _downfile.o(.constdata)
 <LI><a href="#[19f]">ReadFlash</a> from _flash.o(.text) referenced from _flash.o(.constdata)
 <LI><a href="#[1a5]">ReadFlow</a> from takedata.o(.text) referenced from takedata.o(.constdata)
 <LI><a href="#[108]">ReadHeadTail</a> from _rwfile.o(.text) referenced from _rwfile.o(.constdata)
 <LI><a href="#[18c]">ReadID</a> from _nandflash512.o(.text) referenced 2 times from _nandflash512.o(.constdata)
 <LI><a href="#[126]">ReadIP1</a> from gprs.o(.text) referenced from gprs.o(.constdata)
 <LI><a href="#[125]">ReadMessage1</a> from gprs.o(.text) referenced from gprs.o(.constdata)
 <LI><a href="#[24]">ReadParTable</a> from takedata.o(.text) referenced from takedata.o(.constdata)
 <LI><a href="#[24]">ReadParTable</a> from takedata.o(.text) referenced from takedata.o(.text)
 <LI><a href="#[127]">ReadPhone1</a> from gprs.o(.text) referenced from gprs.o(.constdata)
 <LI><a href="#[109]">ReadPor</a> from _rwfile.o(.text) referenced from _rwfile.o(.constdata)
 <LI><a href="#[103]">ReadRecoder2</a> from _rwfile.o(.text) referenced from _rwfile.o(.constdata)
 <LI><a href="#[1b0]">ReadSpace</a> from takedata.o(.text) referenced from takedata.o(.constdata)
 <LI><a href="#[1eb]">Reduce</a> from appgprs.o(.text) referenced from appgprs.o(.constdata)
 <LI><a href="#[9]">Reset_Handler</a> from startup.o(RESET) referenced from startup.o(RESET)
 <LI><a href="#[6d]">RwSpi</a> from _spi.o(.text) referenced from _spi.o(.constdata)
 <LI><a href="#[204]">SeePar</a> from displayoper.o(.text) referenced from displayoper.o(.constdata)
 <LI><a href="#[106]">Seek1</a> from _rwfile.o(.text) referenced from _rwfile.o(.constdata)
 <LI><a href="#[107]">SeekSize1</a> from _rwfile.o(.text) referenced from _rwfile.o(.constdata)
 <LI><a href="#[51]">SeekStr</a> from _ascnumber.o(.text) referenced from _ascnumber.o(.constdata)
 <LI><a href="#[12b]">SendIP1</a> from gprs.o(.text) referenced from gprs.o(.constdata)
 <LI><a href="#[12a]">SendMessage1</a> from gprs.o(.text) referenced from gprs.o(.constdata)
 <LI><a href="#[12c]">SendPhone1</a> from gprs.o(.text) referenced from gprs.o(.constdata)
 <LI><a href="#[112]">SetFileLength</a> from _downfile.o(.text) referenced from _downfile.o(.constdata)
 <LI><a href="#[113]">SetFileName</a> from _downfile.o(.text) referenced from _downfile.o(.constdata)
 <LI><a href="#[205]">SetPar</a> from displayoper.o(.text) referenced from displayoper.o(.constdata)
 <LI><a href="#[1cc]">SetPar1</a> from appgprs.o(.text) referenced from appgprs.o(.constdata)
 <LI><a href="#[1d1]">SetPhone</a> from appgprs.o(.text) referenced from appgprs.o(.constdata)
 <LI><a href="#[1e7]">SetPolygon</a> from appgprs.o(.text) referenced from appgprs.o(.constdata)
 <LI><a href="#[1e5]">SetRectangle</a> from appgprs.o(.text) referenced from appgprs.o(.constdata)
 <LI><a href="#[1e9]">SetRoadMap</a> from appgprs.o(.text) referenced from appgprs.o(.constdata)
 <LI><a href="#[1e3]">SetRound</a> from appgprs.o(.text) referenced from appgprs.o(.constdata)
 <LI><a href="#[1ae]">SetState</a> from takedata.o(.text) referenced from takedata.o(.constdata)
 <LI><a href="#[1db]">SetVidType</a> from appgprs.o(.text) referenced from appgprs.o(.constdata)
 <LI><a href="#[12d]">SetVolume1</a> from gprs.o(.text) referenced from gprs.o(.constdata)
 <LI><a href="#[1e1]">SetWaringTerm</a> from appgprs.o(.text) referenced from appgprs.o(.constdata)
 <LI><a href="#[27]">SoftWareState</a> from appgprs.o(.text) referenced from appgprs.o(.text)
 <LI><a href="#[b]">SoftwareInterrupt</a> from os_cpu_a.o(subr) referenced from startup.o(RESET)
 <LI><a href="#[1ff]">Space_Track</a> from space.o(.text) referenced from space.o(.constdata)
 <LI><a href="#[200]">Space_WorkParSpace</a> from space.o(.text) referenced from space.o(.constdata)
 <LI><a href="#[6c]">Start</a> from _spi.o(.text) referenced from _spi.o(.constdata)
 <LI><a href="#[4b]">StrATChar</a> from _ascnumber.o(.text) referenced from _ascnumber.o(.constdata)
 <LI><a href="#[5a]">StrToUni</a> from _ascnumber.o(.text) referenced from _ascnumber.o(.constdata)
 <LI><a href="#[49]">Strsize</a> from _ascnumber.o(.text) referenced from _ascnumber.o(.constdata)
 <LI><a href="#[4a]">Strsize16</a> from _ascnumber.o(.text) referenced from _ascnumber.o(.constdata)
 <LI><a href="#[1dc]">TabelList</a> from appgprs.o(.text) referenced from appgprs.o(.constdata)
 <LI><a href="#[234]">TargetInit</a> from target.o(.text) referenced from target.o(.text)
 <LI><a href="#[1b]">Task</a> from sensorcontr.o(.text) referenced 11 times from sensorcontr.o(.text)
 <LI><a href="#[14]">Timer0_Handler</a> from irq.o(IRQ) referenced from target.o(.text)
 <LI><a href="#[12]">Timer1_Handler</a> from irq.o(IRQ) referenced from target.o(.text)
 <LI><a href="#[13]">Timer2_Handler</a> from irq.o(IRQ) referenced from target.o(.text)
 <LI><a href="#[1cb]">Track</a> from appgprs.o(.text) referenced from appgprs.o(.constdata)
 <LI><a href="#[1b7]">TxtMenum</a> from appsendagreeon.o(.text) referenced from appsendagreeon.o(.constdata)
 <LI><a href="#[15]">Uart0_Handler</a> from irq.o(IRQ) referenced from target.o(.text)
 <LI><a href="#[16]">Uart1_Handler</a> from irq.o(IRQ) referenced from target.o(.text)
 <LI><a href="#[17]">Uart2_Handler</a> from irq.o(IRQ) referenced from target.o(.text)
 <LI><a href="#[18]">Uart3_Handler</a> from irq.o(IRQ) referenced from target.o(.text)
 <LI><a href="#[a]">Undef_Handler</a> from startup.o(RESET) referenced from startup.o(RESET)
 <LI><a href="#[5b]">UniToStr</a> from _ascnumber.o(.text) referenced from _ascnumber.o(.constdata)
 <LI><a href="#[1cd]">UnlockWaring</a> from appgprs.o(.text) referenced from appgprs.o(.constdata)
 <LI><a href="#[1f4]">UpLoaderCan</a> from appgprs.o(.text) referenced from appgprs.o(.constdata)
 <LI><a href="#[1c2]">UpLoaderDriver</a> from appsendagreeon.o(.text) referenced from appsendagreeon.o(.constdata)
 <LI><a href="#[1f1]">UpLoaderForm</a> from appgprs.o(.text) referenced from appgprs.o(.constdata)
 <LI><a href="#[1f3]">UpLoaderFormErro</a> from appgprs.o(.text) referenced from appgprs.o(.constdata)
 <LI><a href="#[1f2]">UpLoaderFormSuc</a> from appgprs.o(.text) referenced from appgprs.o(.constdata)
 <LI><a href="#[1c3]">UpLoaderHandMess</a> from appsendagreeon.o(.text) referenced from appsendagreeon.o(.constdata)
 <LI><a href="#[1c1]">UpLoaderReduce1</a> from appsendagreeon.o(.text) referenced from appsendagreeon.o(.constdata)
 <LI><a href="#[1bf]">UpLoaderWarning</a> from appsendagreeon.o(.text) referenced from appsendagreeon.o(.constdata)
 <LI><a href="#[1b9]">UpdateSoftWare</a> from appsendagreeon.o(.text) referenced 2 times from appsendagreeon.o(.constdata)
 <LI><a href="#[1bb]">UploaderJpg1</a> from appsendagreeon.o(.text) referenced from appsendagreeon.o(.constdata)
 <LI><a href="#[1bc]">UploaderJpg2</a> from appsendagreeon.o(.text) referenced from appsendagreeon.o(.constdata)
 <LI><a href="#[1be]">UploaderLog</a> from appsendagreeon.o(.text) referenced from appsendagreeon.o(.constdata)
 <LI><a href="#[1bd]">UploaderPar</a> from appsendagreeon.o(.text) referenced from appsendagreeon.o(.constdata)
 <LI><a href="#[61]">Value32</a> from _ascnumber.o(.text) referenced from _ascnumber.o(.constdata)
 <LI><a href="#[207]">Voic</a> from displayoper.o(.text) referenced from displayoper.o(.constdata)
 <LI><a href="#[1ba]">Waring</a> from appsendagreeon.o(.text) referenced from appsendagreeon.o(.constdata)
 <LI><a href="#[1df]">WorkParSpace</a> from appgprs.o(.text) referenced from appgprs.o(.constdata)
 <LI><a href="#[1de]">WorkParTimer</a> from appgprs.o(.text) referenced from appgprs.o(.constdata)
 <LI><a href="#[6a]">Write</a> from _rtc.o(.text) referenced 6 times from _rtc.o(.constdata)
 <LI><a href="#[6]">Write</a> from _can.o(.text) referenced 2 times from _can.o(.data)
 <LI><a href="#[102]">WriteBin1</a> from _rwfile.o(.text) referenced from _rwfile.o(.constdata)
 <LI><a href="#[1c7]">WriteCommand</a> from appsendagreeon.o(.text) referenced from appsendagreeon.o(.constdata)
 <LI><a href="#[10f]">WriteFile</a> from _downfile.o(.text) referenced from _downfile.o(.constdata)
 <LI><a href="#[19e]">WriteFlash</a> from _flash.o(.text) referenced from _flash.o(.constdata)
 <LI><a href="#[1a6]">WriteFlow</a> from takedata.o(.text) referenced 2 times from takedata.o(.constdata)
 <LI><a href="#[1ab]">WritePhone</a> from takedata.o(.text) referenced from takedata.o(.constdata)
 <LI><a href="#[104]">WriteRecoder2</a> from _rwfile.o(.text) referenced from _rwfile.o(.constdata)
 <LI><a href="#[2f]">__OSStartHighRdy</a> from os_cpu_a.o(subr) referenced from os_cpu_a.o(subr)
 <LI><a href="#[21b]">__main</a> from __main.o(!!!main) referenced from startup.o(RESET)
 <LI><a href="#[55]">gsmEncode7bit</a> from _ascnumber.o(.text) referenced from _ascnumber.o(.constdata)
 <LI><a href="#[10]">main</a> from _init.o(.text) referenced from __rtentry2.o(.ARM.Collect$$rtentry$$0000000D)
 <LI><a href="#[30]">nand_calculate_ecc</a> from _arithmetic.o(.text) referenced from _arithmetic.o(.constdata)
 <LI><a href="#[31]">nand_correct_data</a> from _arithmetic.o(.text) referenced from _arithmetic.o(.constdata)
 <LI><a href="#[20d]">ptFunHupWork</a> from messageandphone.o(.text) referenced from messageandphone.o(.constdata)
 <LI><a href="#[20e]">ptFunMostPhone</a> from messageandphone.o(.text) referenced from messageandphone.o(.constdata)
 <LI><a href="#[20c]">ptFunNewPhone</a> from messageandphone.o(.text) referenced from messageandphone.o(.constdata)
</UL>
<P>
<H3>
Global Symbols
</H3>
<P><STRONG><a name="[9]"></a>Reset_Handler</STRONG> (ARM, 0 bytes, Stack size unknown bytes, startup.o(RESET))
<BR><BR>[Stack]<UL><LI>Max Depth = 4 + Unknown Stack Size
<LI>Call Chain = Reset_Handler &rArr; TargetResetInit
</UL>
<BR>[Calls]<UL><LI><a href="#[21d]">&gt;&gt;</a>&nbsp;&nbsp;&nbsp;TargetResetInit
</UL>
<BR>[Address Reference Count : 1]<UL><LI> startup.o(RESET)
</UL>
<P><STRONG><a name="[21b]"></a>__main</STRONG> (ARM, 8 bytes, Stack size 0 bytes, __main.o(!!!main))
<BR><BR>[Calls]<UL><LI><a href="#[21f]">&gt;&gt;</a>&nbsp;&nbsp;&nbsp;__rt_entry
<LI><a href="#[21e]">&gt;&gt;</a>&nbsp;&nbsp;&nbsp;__scatterload
</UL>

<P><STRONG><a name="[21e]"></a>__scatterload</STRONG> (ARM, 0 bytes, Stack size unknown bytes, __scatter.o(!!!scatter))
<BR><BR>[Called By]<UL><LI><a href="#[21b]">&gt;&gt;</a>&nbsp;&nbsp;&nbsp;__main
</UL>

<P><STRONG><a name="[220]"></a>__scatterload_rt2</STRONG> (ARM, 52 bytes, Stack size unknown bytes, __scatter.o(!!!scatter), UNUSED)
<BR><BR>[Calls]<UL><LI><a href="#[21f]">&gt;&gt;</a>&nbsp;&nbsp;&nbsp;__rt_entry
</UL>

<P><STRONG><a name="[42c]"></a>__scatterload_null</STRONG> (ARM, 0 bytes, Stack size unknown bytes, __scatter.o(!!!scatter), UNUSED)

<P><STRONG><a name="[42d]"></a>__decompress</STRONG> (ARM, 92 bytes, Stack size unknown bytes, __dczerorl2.o(!!dczerorl2), UNUSED)

<P><STRONG><a name="[42e]"></a>__decompress1</STRONG> (ARM, 0 bytes, Stack size unknown bytes, __dczerorl2.o(!!dczerorl2), UNUSED)

<P><STRONG><a name="[42f]"></a>__scatterload_zeroinit</STRONG> (ARM, 44 bytes, Stack size unknown bytes, __scatter_zi.o(!!handler_zi), UNUSED)

<P><STRONG><a name="[226]"></a>__rt_lib_init</STRONG> (Thumb, 0 bytes, Stack size unknown bytes, libinit.o(.ARM.Collect$$libinit$$00000000))
<BR><BR>[Called By]<UL><LI><a href="#[225]">&gt;&gt;</a>&nbsp;&nbsp;&nbsp;__rt_entry_li (via Veneer)
</UL>

<P><STRONG><a name="[430]"></a>__rt_lib_init_fp_1</STRONG> (Thumb, 0 bytes, Stack size unknown bytes, libinit2.o(.ARM.Collect$$libinit$$00000002))

<P><STRONG><a name="[431]"></a>__rt_lib_init_heap_1</STRONG> (Thumb, 0 bytes, Stack size unknown bytes, libinit2.o(.ARM.Collect$$libinit$$0000000A))

<P><STRONG><a name="[432]"></a>__rt_lib_init_preinit_1</STRONG> (Thumb, 0 bytes, Stack size unknown bytes, libinit2.o(.ARM.Collect$$libinit$$00000004))

<P><STRONG><a name="[221]"></a>__rt_lib_init_rand_2</STRONG> (Thumb, 0 bytes, Stack size unknown bytes, libinit2.o(.ARM.Collect$$libinit$$0000000D))
<BR><BR>[Stack]<UL><LI>Max Depth = 8 + Unknown Stack Size
<LI>Call Chain = __rt_lib_init_rand_2 &rArr; _rand_init &rArr; srand
</UL>
<BR>[Calls]<UL><LI><a href="#[222]">&gt;&gt;</a>&nbsp;&nbsp;&nbsp;_rand_init
</UL>

<P><STRONG><a name="[433]"></a>__rt_lib_init_user_alloc_1</STRONG> (Thumb, 0 bytes, Stack size unknown bytes, libinit2.o(.ARM.Collect$$libinit$$0000000C))

<P><STRONG><a name="[434]"></a>__rt_lib_init_alloca_1</STRONG> (Thumb, 0 bytes, Stack size unknown bytes, libinit2.o(.ARM.Collect$$libinit$$0000002E))

<P><STRONG><a name="[435]"></a>__rt_lib_init_argv_1</STRONG> (Thumb, 0 bytes, Stack size unknown bytes, libinit2.o(.ARM.Collect$$libinit$$0000002C))

<P><STRONG><a name="[436]"></a>__rt_lib_init_atexit_1</STRONG> (Thumb, 0 bytes, Stack size unknown bytes, libinit2.o(.ARM.Collect$$libinit$$0000001B))

<P><STRONG><a name="[437]"></a>__rt_lib_init_clock_1</STRONG> (Thumb, 0 bytes, Stack size unknown bytes, libinit2.o(.ARM.Collect$$libinit$$00000021))

<P><STRONG><a name="[438]"></a>__rt_lib_init_cpp_1</STRONG> (Thumb, 0 bytes, Stack size unknown bytes, libinit2.o(.ARM.Collect$$libinit$$00000032))

<P><STRONG><a name="[439]"></a>__rt_lib_init_exceptions_1</STRONG> (Thumb, 0 bytes, Stack size unknown bytes, libinit2.o(.ARM.Collect$$libinit$$00000030))

<P><STRONG><a name="[43a]"></a>__rt_lib_init_fp_trap_1</STRONG> (Thumb, 0 bytes, Stack size unknown bytes, libinit2.o(.ARM.Collect$$libinit$$0000001F))

<P><STRONG><a name="[43b]"></a>__rt_lib_init_getenv_1</STRONG> (Thumb, 0 bytes, Stack size unknown bytes, libinit2.o(.ARM.Collect$$libinit$$00000023))

<P><STRONG><a name="[43c]"></a>__rt_lib_init_lc_collate_1</STRONG> (Thumb, 0 bytes, Stack size unknown bytes, libinit2.o(.ARM.Collect$$libinit$$00000011))

<P><STRONG><a name="[43d]"></a>__rt_lib_init_lc_ctype_1</STRONG> (Thumb, 0 bytes, Stack size unknown bytes, libinit2.o(.ARM.Collect$$libinit$$00000013))

<P><STRONG><a name="[43e]"></a>__rt_lib_init_lc_monetary_1</STRONG> (Thumb, 0 bytes, Stack size unknown bytes, libinit2.o(.ARM.Collect$$libinit$$00000015))

<P><STRONG><a name="[43f]"></a>__rt_lib_init_lc_numeric_1</STRONG> (Thumb, 0 bytes, Stack size unknown bytes, libinit2.o(.ARM.Collect$$libinit$$00000017))

<P><STRONG><a name="[440]"></a>__rt_lib_init_lc_time_1</STRONG> (Thumb, 0 bytes, Stack size unknown bytes, libinit2.o(.ARM.Collect$$libinit$$00000019))

<P><STRONG><a name="[441]"></a>__rt_lib_init_rand_1</STRONG> (Thumb, 0 bytes, Stack size unknown bytes, libinit2.o(.ARM.Collect$$libinit$$0000000E))

<P><STRONG><a name="[442]"></a>__rt_lib_init_return</STRONG> (Thumb, 0 bytes, Stack size unknown bytes, libinit2.o(.ARM.Collect$$libinit$$00000033))

<P><STRONG><a name="[443]"></a>__rt_lib_init_signal_1</STRONG> (Thumb, 0 bytes, Stack size unknown bytes, libinit2.o(.ARM.Collect$$libinit$$0000001D))

<P><STRONG><a name="[444]"></a>__rt_lib_init_stdio_1</STRONG> (Thumb, 0 bytes, Stack size unknown bytes, libinit2.o(.ARM.Collect$$libinit$$00000025))

<P><STRONG><a name="[22a]"></a>__rt_lib_shutdown</STRONG> (Thumb, 0 bytes, Stack size unknown bytes, libshutdown.o(.ARM.Collect$$libshutdown$$00000000))
<BR><BR>[Called By]<UL><LI><a href="#[229]">&gt;&gt;</a>&nbsp;&nbsp;&nbsp;__rt_exit_ls (via Veneer)
</UL>

<P><STRONG><a name="[445]"></a>__rt_lib_shutdown_cpp_1</STRONG> (Thumb, 0 bytes, Stack size unknown bytes, libshutdown2.o(.ARM.Collect$$libshutdown$$00000002))

<P><STRONG><a name="[446]"></a>__rt_lib_shutdown_fp_trap_1</STRONG> (Thumb, 0 bytes, Stack size unknown bytes, libshutdown2.o(.ARM.Collect$$libshutdown$$00000007))

<P><STRONG><a name="[447]"></a>__rt_lib_shutdown_heap_1</STRONG> (Thumb, 0 bytes, Stack size unknown bytes, libshutdown2.o(.ARM.Collect$$libshutdown$$0000000F))

<P><STRONG><a name="[448]"></a>__rt_lib_shutdown_return</STRONG> (Thumb, 0 bytes, Stack size unknown bytes, libshutdown2.o(.ARM.Collect$$libshutdown$$00000010))

<P><STRONG><a name="[449]"></a>__rt_lib_shutdown_signal_1</STRONG> (Thumb, 0 bytes, Stack size unknown bytes, libshutdown2.o(.ARM.Collect$$libshutdown$$0000000A))

<P><STRONG><a name="[44a]"></a>__rt_lib_shutdown_stdio_1</STRONG> (Thumb, 0 bytes, Stack size unknown bytes, libshutdown2.o(.ARM.Collect$$libshutdown$$00000004))

<P><STRONG><a name="[44b]"></a>__rt_lib_shutdown_user_alloc_1</STRONG> (Thumb, 0 bytes, Stack size unknown bytes, libshutdown2.o(.ARM.Collect$$libshutdown$$0000000C))

<P><STRONG><a name="[21f]"></a>__rt_entry</STRONG> (ARM, 0 bytes, Stack size unknown bytes, __rtentry.o(.ARM.Collect$$rtentry$$00000000))
<BR><BR>[Called By]<UL><LI><a href="#[21b]">&gt;&gt;</a>&nbsp;&nbsp;&nbsp;__main
<LI><a href="#[220]">&gt;&gt;</a>&nbsp;&nbsp;&nbsp;__scatterload_rt2
</UL>

<P><STRONG><a name="[44c]"></a>__rt_entry_presh_1</STRONG> (ARM, 0 bytes, Stack size unknown bytes, __rtentry2.o(.ARM.Collect$$rtentry$$00000002))

<P><STRONG><a name="[223]"></a>__rt_entry_sh</STRONG> (ARM, 0 bytes, Stack size unknown bytes, __rtentry4.o(.ARM.Collect$$rtentry$$00000004))
<BR><BR>[Stack]<UL><LI>Max Depth = 8 + Unknown Stack Size
<LI>Call Chain = __rt_entry_sh &rArr; __user_setup_stackheap
</UL>
<BR>[Calls]<UL><LI><a href="#[224]">&gt;&gt;</a>&nbsp;&nbsp;&nbsp;__user_setup_stackheap
</UL>

<P><STRONG><a name="[225]"></a>__rt_entry_li</STRONG> (ARM, 0 bytes, Stack size unknown bytes, __rtentry2.o(.ARM.Collect$$rtentry$$0000000A))
<BR><BR>[Calls]<UL><LI><a href="#[226]">&gt;&gt;</a>&nbsp;&nbsp;&nbsp;__rt_lib_init (via Veneer)
</UL>

<P><STRONG><a name="[44d]"></a>__rt_entry_postsh_1</STRONG> (ARM, 0 bytes, Stack size unknown bytes, __rtentry2.o(.ARM.Collect$$rtentry$$00000009))

<P><STRONG><a name="[227]"></a>__rt_entry_main</STRONG> (ARM, 0 bytes, Stack size unknown bytes, __rtentry2.o(.ARM.Collect$$rtentry$$0000000D))
<BR><BR>[Stack]<UL><LI>Max Depth = 8 + Unknown Stack Size
<LI>Call Chain = __rt_entry_main &rArr; exit
</UL>
<BR>[Calls]<UL><LI><a href="#[228]">&gt;&gt;</a>&nbsp;&nbsp;&nbsp;exit (via BX)
</UL>

<P><STRONG><a name="[44e]"></a>__rt_entry_postli_1</STRONG> (ARM, 0 bytes, Stack size unknown bytes, __rtentry2.o(.ARM.Collect$$rtentry$$0000000C))

<P><STRONG><a name="[3f1]"></a>__rt_exit</STRONG> (ARM, 0 bytes, Stack size unknown bytes, rtexit.o(.ARM.Collect$$rtexit$$00000000))
<BR><BR>[Called By]<UL><LI><a href="#[228]">&gt;&gt;</a>&nbsp;&nbsp;&nbsp;exit (via Veneer)
</UL>

<P><STRONG><a name="[229]"></a>__rt_exit_ls</STRONG> (ARM, 0 bytes, Stack size unknown bytes, rtexit2.o(.ARM.Collect$$rtexit$$00000003))
<BR><BR>[Calls]<UL><LI><a href="#[22a]">&gt;&gt;</a>&nbsp;&nbsp;&nbsp;__rt_lib_shutdown (via Veneer)
</UL>

<P><STRONG><a name="[44f]"></a>__rt_exit_prels_1</STRONG> (ARM, 0 bytes, Stack size unknown bytes, rtexit2.o(.ARM.Collect$$rtexit$$00000002))

<P><STRONG><a name="[22b]"></a>__rt_exit_exit</STRONG> (ARM, 0 bytes, Stack size unknown bytes, rtexit2.o(.ARM.Collect$$rtexit$$00000004))
<BR><BR>[Calls]<UL><LI><a href="#[22c]">&gt;&gt;</a>&nbsp;&nbsp;&nbsp;_sys_exit (via Veneer)
</UL>

<P><STRONG><a name="[22d]"></a>ConfigurePLL</STRONG> (ARM, 320 bytes, Stack size 0 bytes, target.o(.text))
<BR><BR>[Called By]<UL><LI><a href="#[21d]">&gt;&gt;</a>&nbsp;&nbsp;&nbsp;TargetResetInit
</UL>

<P><STRONG><a name="[22e]"></a>GPIOResetInit</STRONG> (ARM, 120 bytes, Stack size 0 bytes, target.o(.text))
<BR><BR>[Called By]<UL><LI><a href="#[21d]">&gt;&gt;</a>&nbsp;&nbsp;&nbsp;TargetResetInit
</UL>

<P><STRONG><a name="[22f]"></a>init_VIC</STRONG> (ARM, 84 bytes, Stack size 0 bytes, target.o(.text))
<BR><BR>[Called By]<UL><LI><a href="#[21d]">&gt;&gt;</a>&nbsp;&nbsp;&nbsp;TargetResetInit
</UL>

<P><STRONG><a name="[21d]"></a>TargetResetInit</STRONG> (ARM, 92 bytes, Stack size 4 bytes, target.o(.text))
<BR><BR>[Stack]<UL><LI>Max Depth = 4<LI>Call Chain = TargetResetInit
</UL>
<BR>[Calls]<UL><LI><a href="#[22f]">&gt;&gt;</a>&nbsp;&nbsp;&nbsp;init_VIC
<LI><a href="#[22e]">&gt;&gt;</a>&nbsp;&nbsp;&nbsp;GPIOResetInit
<LI><a href="#[22d]">&gt;&gt;</a>&nbsp;&nbsp;&nbsp;ConfigurePLL
</UL>
<BR>[Called By]<UL><LI><a href="#[9]">&gt;&gt;</a>&nbsp;&nbsp;&nbsp;Reset_Handler
</UL>

<P><STRONG><a name="[233]"></a>Install_IRQ</STRONG> (ARM, 92 bytes, Stack size 8 bytes, target.o(.text))
<BR><BR>[Stack]<UL><LI>Max Depth = 8<LI>Call Chain = Install_IRQ
</UL>
<BR>[Called By]<UL><LI><a href="#[232]">&gt;&gt;</a>&nbsp;&nbsp;&nbsp;VIC_Setup
</UL>

<P><STRONG><a name="[238]"></a>init_port</STRONG> (ARM, 72 bytes, Stack size 0 bytes, target.o(.text))
<BR><BR>[Called By]<UL><LI><a href="#[234]">&gt;&gt;</a>&nbsp;&nbsp;&nbsp;TargetInit
</UL>

<P><STRONG><a name="[3f7]"></a>IRQ_Exception</STRONG> (ARM, 8 bytes, Stack size 0 bytes, target.o(.text), UNUSED)
<BR><BR>[Called By]<UL><LI><a href="#[3f6]">&gt;&gt;</a>&nbsp;&nbsp;&nbsp;IRQ_Handler
</UL>

<P><STRONG><a name="[21c]"></a>FIQ_Exception</STRONG> (ARM, 8 bytes, Stack size 0 bytes, target.o(.text))
<BR><BR>[Called By]<UL><LI><a href="#[e]">&gt;&gt;</a>&nbsp;&nbsp;&nbsp;FIQ_Handler
</UL>

<P><STRONG><a name="[230]"></a>Timer0_Exception</STRONG> (ARM, 36 bytes, Stack size 8 bytes, target.o(.text))
<BR><BR>[Stack]<UL><LI>Max Depth = 16<LI>Call Chain = Timer0_Exception &rArr; OSTimeTick
</UL>
<BR>[Calls]<UL><LI><a href="#[231]">&gt;&gt;</a>&nbsp;&nbsp;&nbsp;OSTimeTick
</UL>
<BR>[Called By]<UL><LI><a href="#[14]">&gt;&gt;</a>&nbsp;&nbsp;&nbsp;Timer0_Handler
</UL>

<P><STRONG><a name="[237]"></a>Timer0Init</STRONG> (ARM, 48 bytes, Stack size 0 bytes, target.o(.text))
<BR><BR>[Called By]<UL><LI><a href="#[234]">&gt;&gt;</a>&nbsp;&nbsp;&nbsp;TargetInit
</UL>

<P><STRONG><a name="[232]"></a>VIC_Setup</STRONG> (ARM, 156 bytes, Stack size 4 bytes, target.o(.text))
<BR><BR>[Stack]<UL><LI>Max Depth = 12<LI>Call Chain = VIC_Setup &rArr; Install_IRQ
</UL>
<BR>[Calls]<UL><LI><a href="#[233]">&gt;&gt;</a>&nbsp;&nbsp;&nbsp;Install_IRQ
</UL>
<BR>[Called By]<UL><LI><a href="#[234]">&gt;&gt;</a>&nbsp;&nbsp;&nbsp;TargetInit
</UL>

<P><STRONG><a name="[234]"></a>TargetInit</STRONG> (ARM, 44 bytes, Stack size 8 bytes, target.o(.text))
<BR><BR>[Stack]<UL><LI>Max Depth = 20<LI>Call Chain = TargetInit &rArr; VIC_Setup &rArr; Install_IRQ
</UL>
<BR>[Calls]<UL><LI><a href="#[232]">&gt;&gt;</a>&nbsp;&nbsp;&nbsp;VIC_Setup
<LI><a href="#[237]">&gt;&gt;</a>&nbsp;&nbsp;&nbsp;Timer0Init
<LI><a href="#[238]">&gt;&gt;</a>&nbsp;&nbsp;&nbsp;init_port
<LI><a href="#[236]">&gt;&gt;</a>&nbsp;&nbsp;&nbsp;InitWTD
<LI><a href="#[235]">&gt;&gt;</a>&nbsp;&nbsp;&nbsp;srand (via Veneer)
</UL>
<BR>[Called By]<UL><LI><a href="#[10]">&gt;&gt;</a>&nbsp;&nbsp;&nbsp;main
</UL>
<BR>[Address Reference Count : 1]<UL><LI> target.o(.text)
</UL>
<P><STRONG><a name="[23a]"></a>WatchDog</STRONG> (ARM, 72 bytes, Stack size 0 bytes, target.o(.text))
<BR><BR>[Called By]<UL><LI><a href="#[29a]">&gt;&gt;</a>&nbsp;&nbsp;&nbsp;Write0
<LI><a href="#[239]">&gt;&gt;</a>&nbsp;&nbsp;&nbsp;OSTaskIdleHook
<LI><a href="#[bf]">&gt;&gt;</a>&nbsp;&nbsp;&nbsp;Read
<LI><a href="#[2cb]">&gt;&gt;</a>&nbsp;&nbsp;&nbsp;ModermCom1
<LI><a href="#[2c5]">&gt;&gt;</a>&nbsp;&nbsp;&nbsp;DS18B20WriteBit
<LI><a href="#[2c4]">&gt;&gt;</a>&nbsp;&nbsp;&nbsp;DS18B20ReadByte
<LI><a href="#[2c2]">&gt;&gt;</a>&nbsp;&nbsp;&nbsp;DS18B20ReadBit
<LI><a href="#[2c0]">&gt;&gt;</a>&nbsp;&nbsp;&nbsp;DS18B20Reset
<LI><a href="#[7b]">&gt;&gt;</a>&nbsp;&nbsp;&nbsp;Read
<LI><a href="#[30a]">&gt;&gt;</a>&nbsp;&nbsp;&nbsp;Send
<LI><a href="#[309]">&gt;&gt;</a>&nbsp;&nbsp;&nbsp;Agree
<LI><a href="#[2f3]">&gt;&gt;</a>&nbsp;&nbsp;&nbsp;AgreeData
<LI><a href="#[2f0]">&gt;&gt;</a>&nbsp;&nbsp;&nbsp;JugeOrder
<LI><a href="#[1c]">&gt;&gt;</a>&nbsp;&nbsp;&nbsp;Task
<LI><a href="#[1b]">&gt;&gt;</a>&nbsp;&nbsp;&nbsp;Task
<LI><a href="#[38d]">&gt;&gt;</a>&nbsp;&nbsp;&nbsp;Write1
<LI><a href="#[38b]">&gt;&gt;</a>&nbsp;&nbsp;&nbsp;WriteSig
<LI><a href="#[21]">&gt;&gt;</a>&nbsp;&nbsp;&nbsp;Task
<LI><a href="#[184]">&gt;&gt;</a>&nbsp;&nbsp;&nbsp;Explain
<LI><a href="#[378]">&gt;&gt;</a>&nbsp;&nbsp;&nbsp;FileData_BackSet
<LI><a href="#[170]">&gt;&gt;</a>&nbsp;&nbsp;&nbsp;Explain
<LI><a href="#[20]">&gt;&gt;</a>&nbsp;&nbsp;&nbsp;Task
<LI><a href="#[1f]">&gt;&gt;</a>&nbsp;&nbsp;&nbsp;Task
<LI><a href="#[366]">&gt;&gt;</a>&nbsp;&nbsp;&nbsp;JugeEvent
<LI><a href="#[1e]">&gt;&gt;</a>&nbsp;&nbsp;&nbsp;Task
<LI><a href="#[365]">&gt;&gt;</a>&nbsp;&nbsp;&nbsp;Photo
<LI><a href="#[1d]">&gt;&gt;</a>&nbsp;&nbsp;&nbsp;Task
<LI><a href="#[35f]">&gt;&gt;</a>&nbsp;&nbsp;&nbsp;JugeEvent
<LI><a href="#[1c9]">&gt;&gt;</a>&nbsp;&nbsp;&nbsp;AgreeData
<LI><a href="#[25]">&gt;&gt;</a>&nbsp;&nbsp;&nbsp;Task
<LI><a href="#[3b0]">&gt;&gt;</a>&nbsp;&nbsp;&nbsp;NoSemTrack
<LI><a href="#[3ae]">&gt;&gt;</a>&nbsp;&nbsp;&nbsp;NoSemWorkPar
<LI><a href="#[3ac]">&gt;&gt;</a>&nbsp;&nbsp;&nbsp;NoSemReduce
<LI><a href="#[3ab]">&gt;&gt;</a>&nbsp;&nbsp;&nbsp;NoSemJpgData
<LI><a href="#[3a8]">&gt;&gt;</a>&nbsp;&nbsp;&nbsp;NoSemDriver
<LI><a href="#[3a3]">&gt;&gt;</a>&nbsp;&nbsp;&nbsp;Send
<LI><a href="#[1a6]">&gt;&gt;</a>&nbsp;&nbsp;&nbsp;WriteFlow
<LI><a href="#[39e]">&gt;&gt;</a>&nbsp;&nbsp;&nbsp;FileData_CheckFile
<LI><a href="#[39d]">&gt;&gt;</a>&nbsp;&nbsp;&nbsp;BackFacFile
<LI><a href="#[29]">&gt;&gt;</a>&nbsp;&nbsp;&nbsp;Task
<LI><a href="#[3dc]">&gt;&gt;</a>&nbsp;&nbsp;&nbsp;GetSevPar
<LI><a href="#[3da]">&gt;&gt;</a>&nbsp;&nbsp;&nbsp;GetSevParSigle
<LI><a href="#[208]">&gt;&gt;</a>&nbsp;&nbsp;&nbsp;LCDRef
<LI><a href="#[206]">&gt;&gt;</a>&nbsp;&nbsp;&nbsp;Log
<LI><a href="#[20a]">&gt;&gt;</a>&nbsp;&nbsp;&nbsp;GetData
<LI><a href="#[28]">&gt;&gt;</a>&nbsp;&nbsp;&nbsp;Task
<LI><a href="#[1fc]">&gt;&gt;</a>&nbsp;&nbsp;&nbsp;GetData
<LI><a href="#[1fb]">&gt;&gt;</a>&nbsp;&nbsp;&nbsp;Init
<LI><a href="#[1f6]">&gt;&gt;</a>&nbsp;&nbsp;&nbsp;AccOper
<LI><a href="#[1f5]">&gt;&gt;</a>&nbsp;&nbsp;&nbsp;Init
<LI><a href="#[2c]">&gt;&gt;</a>&nbsp;&nbsp;&nbsp;Task
</UL>

<P><STRONG><a name="[3ef]"></a>__user_initial_stackheap</STRONG> (ARM, 0 bytes, Stack size unknown bytes, startup.o(.text))
<BR><BR>[Called By]<UL><LI><a href="#[224]">&gt;&gt;</a>&nbsp;&nbsp;&nbsp;__user_setup_stackheap
</UL>

<P><STRONG><a name="[271]"></a>OSTaskStkInit</STRONG> (ARM, 232 bytes, Stack size 8 bytes, os_cpu_c.o(.text))
<BR><BR>[Stack]<UL><LI>Max Depth = 8<LI>Call Chain = OSTaskStkInit
</UL>
<BR>[Called By]<UL><LI><a href="#[270]">&gt;&gt;</a>&nbsp;&nbsp;&nbsp;OSTaskCreate
<LI><a href="#[240]">&gt;&gt;</a>&nbsp;&nbsp;&nbsp;OSTaskCreateExt
</UL>

<P><STRONG><a name="[40b]"></a>SWI_Exception</STRONG> (ARM, 348 bytes, Stack size 4 bytes, os_cpu_c.o(.text))
<BR><BR>[Stack]<UL><LI>Max Depth = 4<LI>Call Chain = SWI_Exception
</UL>
<BR>[Called By]<UL><LI><a href="#[b]">&gt;&gt;</a>&nbsp;&nbsp;&nbsp;SoftwareInterrupt
</UL>

<P><STRONG><a name="[250]"></a>OSStartHighRdy</STRONG> (ARM, 16 bytes, Stack size 8 bytes, os_cpu_c.o(.text))
<BR><BR>[Stack]<UL><LI>Max Depth = 8<LI>Call Chain = OSStartHighRdy
</UL>
<BR>[Called By]<UL><LI><a href="#[24f]">&gt;&gt;</a>&nbsp;&nbsp;&nbsp;OSStart
</UL>

<P><STRONG><a name="[244]"></a>OSInitHookBegin</STRONG> (ARM, 4 bytes, Stack size 0 bytes, os_cpu_c.o(.text))
<BR><BR>[Called By]<UL><LI><a href="#[243]">&gt;&gt;</a>&nbsp;&nbsp;&nbsp;OSInit
</UL>

<P><STRONG><a name="[24c]"></a>OSInitHookEnd</STRONG> (ARM, 4 bytes, Stack size 0 bytes, os_cpu_c.o(.text))
<BR><BR>[Called By]<UL><LI><a href="#[243]">&gt;&gt;</a>&nbsp;&nbsp;&nbsp;OSInit
</UL>

<P><STRONG><a name="[255]"></a>OSTaskCreateHook</STRONG> (ARM, 8 bytes, Stack size 0 bytes, os_cpu_c.o(.text))
<BR><BR>[Called By]<UL><LI><a href="#[253]">&gt;&gt;</a>&nbsp;&nbsp;&nbsp;OS_TCBInit
</UL>

<P><STRONG><a name="[275]"></a>OSTaskDelHook</STRONG> (ARM, 8 bytes, Stack size 0 bytes, os_cpu_c.o(.text), UNUSED)
<BR><BR>[Called By]<UL><LI><a href="#[273]">&gt;&gt;</a>&nbsp;&nbsp;&nbsp;OSTaskDel
</UL>

<P><STRONG><a name="[40c]"></a>OSTaskSwHook</STRONG> (ARM, 4 bytes, Stack size 0 bytes, os_cpu_c.o(.text))
<BR><BR>[Called By]<UL><LI><a href="#[2f]">&gt;&gt;</a>&nbsp;&nbsp;&nbsp;__OSStartHighRdy
<LI><a href="#[2e]">&gt;&gt;</a>&nbsp;&nbsp;&nbsp;OSIntCtxSw
</UL>

<P><STRONG><a name="[23e]"></a>OSTaskStatHook</STRONG> (ARM, 4 bytes, Stack size 0 bytes, os_cpu_c.o(.text))
<BR><BR>[Called By]<UL><LI><a href="#[23b]">&gt;&gt;</a>&nbsp;&nbsp;&nbsp;OS_TaskStat
</UL>

<P><STRONG><a name="[254]"></a>OSTCBInitHook</STRONG> (ARM, 8 bytes, Stack size 0 bytes, os_cpu_c.o(.text))
<BR><BR>[Called By]<UL><LI><a href="#[253]">&gt;&gt;</a>&nbsp;&nbsp;&nbsp;OS_TCBInit
</UL>

<P><STRONG><a name="[252]"></a>OSTimeTickHook</STRONG> (ARM, 4 bytes, Stack size 0 bytes, os_cpu_c.o(.text))
<BR><BR>[Called By]<UL><LI><a href="#[231]">&gt;&gt;</a>&nbsp;&nbsp;&nbsp;OSTimeTick
</UL>

<P><STRONG><a name="[239]"></a>OSTaskIdleHook</STRONG> (ARM, 16 bytes, Stack size 8 bytes, os_cpu_c.o(.text))
<BR><BR>[Stack]<UL><LI>Max Depth = 8<LI>Call Chain = OSTaskIdleHook
</UL>
<BR>[Calls]<UL><LI><a href="#[23a]">&gt;&gt;</a>&nbsp;&nbsp;&nbsp;WatchDog
</UL>
<BR>[Called By]<UL><LI><a href="#[241]">&gt;&gt;</a>&nbsp;&nbsp;&nbsp;OS_TaskIdle
</UL>

<P><STRONG><a name="[23b]"></a>OS_TaskStat</STRONG> (ARM, 216 bytes, Stack size 0 bytes, os_core.o(.text))
<BR><BR>[Stack]<UL><LI>Max Depth = 16 + Unknown Stack Size
<LI>Call Chain = OS_TaskStat &rArr; OSTimeDly &rArr; OS_Sched
</UL>
<BR>[Calls]<UL><LI><a href="#[23c]">&gt;&gt;</a>&nbsp;&nbsp;&nbsp;OSTimeDly
<LI><a href="#[23e]">&gt;&gt;</a>&nbsp;&nbsp;&nbsp;OSTaskStatHook
<LI><a href="#[23d]">&gt;&gt;</a>&nbsp;&nbsp;&nbsp;__aeabi_uidivmod
</UL>
<BR>[Address Reference Count : 1]<UL><LI> os_core.o(.text)
</UL>
<P><STRONG><a name="[241]"></a>OS_TaskIdle</STRONG> (ARM, 44 bytes, Stack size 0 bytes, os_core.o(.text))
<BR><BR>[Stack]<UL><LI>Max Depth = 8<LI>Call Chain = OS_TaskIdle &rArr; OSTaskIdleHook
</UL>
<BR>[Calls]<UL><LI><a href="#[239]">&gt;&gt;</a>&nbsp;&nbsp;&nbsp;OSTaskIdleHook
</UL>
<BR>[Address Reference Count : 1]<UL><LI> os_core.o(.text)
</UL>
<P><STRONG><a name="[243]"></a>OSInit</STRONG> (ARM, 56 bytes, Stack size 8 bytes, os_core.o(.text))
<BR><BR>[Stack]<UL><LI>Max Depth = 128<LI>Call Chain = OSInit &rArr; OS_InitTaskIdle &rArr; OSTaskCreateExt &rArr; OS_TCBInit
</UL>
<BR>[Calls]<UL><LI><a href="#[24b]">&gt;&gt;</a>&nbsp;&nbsp;&nbsp;OS_QInit
<LI><a href="#[24a]">&gt;&gt;</a>&nbsp;&nbsp;&nbsp;OS_MemInit
<LI><a href="#[249]">&gt;&gt;</a>&nbsp;&nbsp;&nbsp;OS_FlagInit
<LI><a href="#[245]">&gt;&gt;</a>&nbsp;&nbsp;&nbsp;OS_InitMisc
<LI><a href="#[246]">&gt;&gt;</a>&nbsp;&nbsp;&nbsp;OS_InitRdyList
<LI><a href="#[247]">&gt;&gt;</a>&nbsp;&nbsp;&nbsp;OS_InitTCBList
<LI><a href="#[248]">&gt;&gt;</a>&nbsp;&nbsp;&nbsp;OS_InitEventList
<LI><a href="#[242]">&gt;&gt;</a>&nbsp;&nbsp;&nbsp;OS_InitTaskIdle
<LI><a href="#[23f]">&gt;&gt;</a>&nbsp;&nbsp;&nbsp;OS_InitTaskStat
<LI><a href="#[24c]">&gt;&gt;</a>&nbsp;&nbsp;&nbsp;OSInitHookEnd
<LI><a href="#[244]">&gt;&gt;</a>&nbsp;&nbsp;&nbsp;OSInitHookBegin
</UL>
<BR>[Called By]<UL><LI><a href="#[10]">&gt;&gt;</a>&nbsp;&nbsp;&nbsp;main
</UL>

<P><STRONG><a name="[450]"></a>OSIntEnter</STRONG> (ARM, 56 bytes, Stack size 0 bytes, os_core.o(.text), UNUSED)

<P><STRONG><a name="[3f8]"></a>OSIntExit</STRONG> (ARM, 244 bytes, Stack size 8 bytes, os_core.o(.text))
<BR><BR>[Stack]<UL><LI>Max Depth = 8<LI>Call Chain = OSIntExit
</UL>
<BR>[Called By]<UL><LI><a href="#[3f6]">&gt;&gt;</a>&nbsp;&nbsp;&nbsp;IRQ_Handler
<LI><a href="#[18]">&gt;&gt;</a>&nbsp;&nbsp;&nbsp;Uart3_Handler
<LI><a href="#[17]">&gt;&gt;</a>&nbsp;&nbsp;&nbsp;Uart2_Handler
<LI><a href="#[16]">&gt;&gt;</a>&nbsp;&nbsp;&nbsp;Uart1_Handler
<LI><a href="#[15]">&gt;&gt;</a>&nbsp;&nbsp;&nbsp;Uart0_Handler
<LI><a href="#[13]">&gt;&gt;</a>&nbsp;&nbsp;&nbsp;Timer2_Handler
<LI><a href="#[12]">&gt;&gt;</a>&nbsp;&nbsp;&nbsp;Timer1_Handler
<LI><a href="#[14]">&gt;&gt;</a>&nbsp;&nbsp;&nbsp;Timer0_Handler
<LI><a href="#[11]">&gt;&gt;</a>&nbsp;&nbsp;&nbsp;EINT2_Handler
<LI><a href="#[19]">&gt;&gt;</a>&nbsp;&nbsp;&nbsp;CAN_Handler
</UL>

<P><STRONG><a name="[451]"></a>OSSchedLock</STRONG> (ARM, 72 bytes, Stack size 8 bytes, os_core.o(.text), UNUSED)

<P><STRONG><a name="[24e]"></a>OS_Sched</STRONG> (ARM, 168 bytes, Stack size 8 bytes, os_core.o(.text))
<BR><BR>[Stack]<UL><LI>Max Depth = 8<LI>Call Chain = OS_Sched
</UL>
<BR>[Called By]<UL><LI><a href="#[27b]">&gt;&gt;</a>&nbsp;&nbsp;&nbsp;OSTimeDlyResume
<LI><a href="#[277]">&gt;&gt;</a>&nbsp;&nbsp;&nbsp;OSTaskSuspend
<LI><a href="#[276]">&gt;&gt;</a>&nbsp;&nbsp;&nbsp;OSTaskResume
<LI><a href="#[273]">&gt;&gt;</a>&nbsp;&nbsp;&nbsp;OSTaskDel
<LI><a href="#[270]">&gt;&gt;</a>&nbsp;&nbsp;&nbsp;OSTaskCreate
<LI><a href="#[26f]">&gt;&gt;</a>&nbsp;&nbsp;&nbsp;OSTaskChangePrio
<LI><a href="#[26e]">&gt;&gt;</a>&nbsp;&nbsp;&nbsp;OSSemPost
<LI><a href="#[26d]">&gt;&gt;</a>&nbsp;&nbsp;&nbsp;OSSemPend
<LI><a href="#[26c]">&gt;&gt;</a>&nbsp;&nbsp;&nbsp;OSSemDel
<LI><a href="#[26a]">&gt;&gt;</a>&nbsp;&nbsp;&nbsp;OSQPostOpt
<LI><a href="#[269]">&gt;&gt;</a>&nbsp;&nbsp;&nbsp;OSQPostFront
<LI><a href="#[268]">&gt;&gt;</a>&nbsp;&nbsp;&nbsp;OSQPost
<LI><a href="#[267]">&gt;&gt;</a>&nbsp;&nbsp;&nbsp;OSQPend
<LI><a href="#[266]">&gt;&gt;</a>&nbsp;&nbsp;&nbsp;OSQDel
<LI><a href="#[264]">&gt;&gt;</a>&nbsp;&nbsp;&nbsp;OSMboxPostOpt
<LI><a href="#[263]">&gt;&gt;</a>&nbsp;&nbsp;&nbsp;OSMboxPost
<LI><a href="#[260]">&gt;&gt;</a>&nbsp;&nbsp;&nbsp;OSMboxPend
<LI><a href="#[25e]">&gt;&gt;</a>&nbsp;&nbsp;&nbsp;OSMboxDel
<LI><a href="#[25b]">&gt;&gt;</a>&nbsp;&nbsp;&nbsp;OSFlagPost
<LI><a href="#[259]">&gt;&gt;</a>&nbsp;&nbsp;&nbsp;OSFlagPend
<LI><a href="#[258]">&gt;&gt;</a>&nbsp;&nbsp;&nbsp;OSFlagDel
<LI><a href="#[23c]">&gt;&gt;</a>&nbsp;&nbsp;&nbsp;OSTimeDly
<LI><a href="#[240]">&gt;&gt;</a>&nbsp;&nbsp;&nbsp;OSTaskCreateExt
<LI><a href="#[24d]">&gt;&gt;</a>&nbsp;&nbsp;&nbsp;OSSchedUnlock
</UL>

<P><STRONG><a name="[24d]"></a>OSSchedUnlock</STRONG> (ARM, 124 bytes, Stack size 8 bytes, os_core.o(.text), UNUSED)
<BR><BR>[Calls]<UL><LI><a href="#[24e]">&gt;&gt;</a>&nbsp;&nbsp;&nbsp;OS_Sched
</UL>

<P><STRONG><a name="[24f]"></a>OSStart</STRONG> (ARM, 132 bytes, Stack size 16 bytes, os_core.o(.text))
<BR><BR>[Stack]<UL><LI>Max Depth = 24<LI>Call Chain = OSStart &rArr; OSStartHighRdy
</UL>
<BR>[Calls]<UL><LI><a href="#[250]">&gt;&gt;</a>&nbsp;&nbsp;&nbsp;OSStartHighRdy
</UL>
<BR>[Called By]<UL><LI><a href="#[10]">&gt;&gt;</a>&nbsp;&nbsp;&nbsp;main
</UL>

<P><STRONG><a name="[251]"></a>OSStatInit</STRONG> (ARM, 84 bytes, Stack size 8 bytes, os_core.o(.text), UNUSED)
<BR><BR>[Calls]<UL><LI><a href="#[23c]">&gt;&gt;</a>&nbsp;&nbsp;&nbsp;OSTimeDly
</UL>

<P><STRONG><a name="[231]"></a>OSTimeTick</STRONG> (ARM, 220 bytes, Stack size 8 bytes, os_core.o(.text))
<BR><BR>[Stack]<UL><LI>Max Depth = 8<LI>Call Chain = OSTimeTick
</UL>
<BR>[Calls]<UL><LI><a href="#[252]">&gt;&gt;</a>&nbsp;&nbsp;&nbsp;OSTimeTickHook
</UL>
<BR>[Called By]<UL><LI><a href="#[230]">&gt;&gt;</a>&nbsp;&nbsp;&nbsp;Timer0_Exception
</UL>

<P><STRONG><a name="[452]"></a>OSVersion</STRONG> (ARM, 8 bytes, Stack size 0 bytes, os_core.o(.text), UNUSED)

<P><STRONG><a name="[274]"></a>OS_Dummy</STRONG> (ARM, 4 bytes, Stack size 0 bytes, os_core.o(.text), UNUSED)
<BR><BR>[Called By]<UL><LI><a href="#[273]">&gt;&gt;</a>&nbsp;&nbsp;&nbsp;OSTaskDel
</UL>

<P><STRONG><a name="[25f]"></a>OS_EventTaskRdy</STRONG> (ARM, 200 bytes, Stack size 24 bytes, os_core.o(.text))
<BR><BR>[Stack]<UL><LI>Max Depth = 24<LI>Call Chain = OS_EventTaskRdy
</UL>
<BR>[Called By]<UL><LI><a href="#[26e]">&gt;&gt;</a>&nbsp;&nbsp;&nbsp;OSSemPost
<LI><a href="#[26c]">&gt;&gt;</a>&nbsp;&nbsp;&nbsp;OSSemDel
<LI><a href="#[26a]">&gt;&gt;</a>&nbsp;&nbsp;&nbsp;OSQPostOpt
<LI><a href="#[269]">&gt;&gt;</a>&nbsp;&nbsp;&nbsp;OSQPostFront
<LI><a href="#[268]">&gt;&gt;</a>&nbsp;&nbsp;&nbsp;OSQPost
<LI><a href="#[266]">&gt;&gt;</a>&nbsp;&nbsp;&nbsp;OSQDel
<LI><a href="#[264]">&gt;&gt;</a>&nbsp;&nbsp;&nbsp;OSMboxPostOpt
<LI><a href="#[263]">&gt;&gt;</a>&nbsp;&nbsp;&nbsp;OSMboxPost
<LI><a href="#[25e]">&gt;&gt;</a>&nbsp;&nbsp;&nbsp;OSMboxDel
</UL>

<P><STRONG><a name="[261]"></a>OS_EventTaskWait</STRONG> (ARM, 192 bytes, Stack size 0 bytes, os_core.o(.text))
<BR><BR>[Called By]<UL><LI><a href="#[26d]">&gt;&gt;</a>&nbsp;&nbsp;&nbsp;OSSemPend
<LI><a href="#[267]">&gt;&gt;</a>&nbsp;&nbsp;&nbsp;OSQPend
<LI><a href="#[260]">&gt;&gt;</a>&nbsp;&nbsp;&nbsp;OSMboxPend
</UL>

<P><STRONG><a name="[262]"></a>OS_EventTO</STRONG> (ARM, 120 bytes, Stack size 0 bytes, os_core.o(.text))
<BR><BR>[Called By]<UL><LI><a href="#[26d]">&gt;&gt;</a>&nbsp;&nbsp;&nbsp;OSSemPend
<LI><a href="#[267]">&gt;&gt;</a>&nbsp;&nbsp;&nbsp;OSQPend
<LI><a href="#[260]">&gt;&gt;</a>&nbsp;&nbsp;&nbsp;OSMboxPend
</UL>

<P><STRONG><a name="[25d]"></a>OS_EventWaitListInit</STRONG> (ARM, 32 bytes, Stack size 0 bytes, os_core.o(.text))
<BR><BR>[Called By]<UL><LI><a href="#[26b]">&gt;&gt;</a>&nbsp;&nbsp;&nbsp;OSSemCreate
<LI><a href="#[265]">&gt;&gt;</a>&nbsp;&nbsp;&nbsp;OSQCreate
<LI><a href="#[25c]">&gt;&gt;</a>&nbsp;&nbsp;&nbsp;OSMboxCreate
</UL>

<P><STRONG><a name="[253]"></a>OS_TCBInit</STRONG> (ARM, 336 bytes, Stack size 40 bytes, os_core.o(.text))
<BR><BR>[Stack]<UL><LI>Max Depth = 40<LI>Call Chain = OS_TCBInit
</UL>
<BR>[Calls]<UL><LI><a href="#[254]">&gt;&gt;</a>&nbsp;&nbsp;&nbsp;OSTCBInitHook
<LI><a href="#[255]">&gt;&gt;</a>&nbsp;&nbsp;&nbsp;OSTaskCreateHook
</UL>
<BR>[Called By]<UL><LI><a href="#[270]">&gt;&gt;</a>&nbsp;&nbsp;&nbsp;OSTaskCreate
<LI><a href="#[240]">&gt;&gt;</a>&nbsp;&nbsp;&nbsp;OSTaskCreateExt
</UL>

<P><STRONG><a name="[453]"></a>OSFlagAccept</STRONG> (ARM, 444 bytes, Stack size 32 bytes, os_flag.o(.text), UNUSED)

<P><STRONG><a name="[454]"></a>OSFlagCreate</STRONG> (ARM, 140 bytes, Stack size 16 bytes, os_flag.o(.text), UNUSED)

<P><STRONG><a name="[257]"></a>OS_FlagUnlink</STRONG> (ARM, 88 bytes, Stack size 4 bytes, os_flag.o(.text), UNUSED)
<BR><BR>[Called By]<UL><LI><a href="#[273]">&gt;&gt;</a>&nbsp;&nbsp;&nbsp;OSTaskDel
<LI><a href="#[259]">&gt;&gt;</a>&nbsp;&nbsp;&nbsp;OSFlagPend
<LI><a href="#[256]">&gt;&gt;</a>&nbsp;&nbsp;&nbsp;OS_FlagTaskRdy
</UL>

<P><STRONG><a name="[258]"></a>OSFlagDel</STRONG> (ARM, 344 bytes, Stack size 24 bytes, os_flag.o(.text), UNUSED)
<BR><BR>[Calls]<UL><LI><a href="#[256]">&gt;&gt;</a>&nbsp;&nbsp;&nbsp;OS_FlagTaskRdy
<LI><a href="#[24e]">&gt;&gt;</a>&nbsp;&nbsp;&nbsp;OS_Sched
</UL>

<P><STRONG><a name="[259]"></a>OSFlagPend</STRONG> (ARM, 824 bytes, Stack size 64 bytes, os_flag.o(.text), UNUSED)
<BR><BR>[Calls]<UL><LI><a href="#[257]">&gt;&gt;</a>&nbsp;&nbsp;&nbsp;OS_FlagUnlink
<LI><a href="#[25a]">&gt;&gt;</a>&nbsp;&nbsp;&nbsp;OS_FlagBlock
<LI><a href="#[24e]">&gt;&gt;</a>&nbsp;&nbsp;&nbsp;OS_Sched
</UL>

<P><STRONG><a name="[25b]"></a>OSFlagPost</STRONG> (ARM, 496 bytes, Stack size 40 bytes, os_flag.o(.text), UNUSED)
<BR><BR>[Calls]<UL><LI><a href="#[256]">&gt;&gt;</a>&nbsp;&nbsp;&nbsp;OS_FlagTaskRdy
<LI><a href="#[24e]">&gt;&gt;</a>&nbsp;&nbsp;&nbsp;OS_Sched
</UL>

<P><STRONG><a name="[455]"></a>OSFlagQuery</STRONG> (ARM, 96 bytes, Stack size 16 bytes, os_flag.o(.text), UNUSED)

<P><STRONG><a name="[249]"></a>OS_FlagInit</STRONG> (ARM, 76 bytes, Stack size 0 bytes, os_flag.o(.text))
<BR><BR>[Called By]<UL><LI><a href="#[243]">&gt;&gt;</a>&nbsp;&nbsp;&nbsp;OSInit
</UL>

<P><STRONG><a name="[456]"></a>OSMboxAccept</STRONG> (ARM, 76 bytes, Stack size 16 bytes, os_mbox.o(.text), UNUSED)

<P><STRONG><a name="[25c]"></a>OSMboxCreate</STRONG> (ARM, 128 bytes, Stack size 16 bytes, os_mbox.o(.text))
<BR><BR>[Stack]<UL><LI>Max Depth = 16<LI>Call Chain = OSMboxCreate
</UL>
<BR>[Calls]<UL><LI><a href="#[25d]">&gt;&gt;</a>&nbsp;&nbsp;&nbsp;OS_EventWaitListInit
</UL>
<BR>[Called By]<UL><LI><a href="#[3]">&gt;&gt;</a>&nbsp;&nbsp;&nbsp;Init
<LI><a href="#[74]">&gt;&gt;</a>&nbsp;&nbsp;&nbsp;Init
<LI><a href="#[147]">&gt;&gt;</a>&nbsp;&nbsp;&nbsp;Init
<LI><a href="#[1c4]">&gt;&gt;</a>&nbsp;&nbsp;&nbsp;Init
<LI><a href="#[1ab]">&gt;&gt;</a>&nbsp;&nbsp;&nbsp;WritePhone
<LI><a href="#[211]">&gt;&gt;</a>&nbsp;&nbsp;&nbsp;Init
<LI><a href="#[215]">&gt;&gt;</a>&nbsp;&nbsp;&nbsp;Init
</UL>

<P><STRONG><a name="[25e]"></a>OSMboxDel</STRONG> (ARM, 344 bytes, Stack size 24 bytes, os_mbox.o(.text))
<BR><BR>[Stack]<UL><LI>Max Depth = 48<LI>Call Chain = OSMboxDel &rArr; OS_EventTaskRdy
</UL>
<BR>[Calls]<UL><LI><a href="#[25f]">&gt;&gt;</a>&nbsp;&nbsp;&nbsp;OS_EventTaskRdy
<LI><a href="#[24e]">&gt;&gt;</a>&nbsp;&nbsp;&nbsp;OS_Sched
</UL>
<BR>[Called By]<UL><LI><a href="#[1ab]">&gt;&gt;</a>&nbsp;&nbsp;&nbsp;WritePhone
</UL>

<P><STRONG><a name="[260]"></a>OSMboxPend</STRONG> (ARM, 316 bytes, Stack size 24 bytes, os_mbox.o(.text))
<BR><BR>[Stack]<UL><LI>Max Depth = 32<LI>Call Chain = OSMboxPend &rArr; OS_Sched
</UL>
<BR>[Calls]<UL><LI><a href="#[262]">&gt;&gt;</a>&nbsp;&nbsp;&nbsp;OS_EventTO
<LI><a href="#[261]">&gt;&gt;</a>&nbsp;&nbsp;&nbsp;OS_EventTaskWait
<LI><a href="#[24e]">&gt;&gt;</a>&nbsp;&nbsp;&nbsp;OS_Sched
</UL>
<BR>[Called By]<UL><LI><a href="#[372]">&gt;&gt;</a>&nbsp;&nbsp;&nbsp;ClearSem
<LI><a href="#[36b]">&gt;&gt;</a>&nbsp;&nbsp;&nbsp;JudgeFtpAsk
<LI><a href="#[25]">&gt;&gt;</a>&nbsp;&nbsp;&nbsp;Task
<LI><a href="#[1ab]">&gt;&gt;</a>&nbsp;&nbsp;&nbsp;WritePhone
<LI><a href="#[29]">&gt;&gt;</a>&nbsp;&nbsp;&nbsp;Task
<LI><a href="#[218]">&gt;&gt;</a>&nbsp;&nbsp;&nbsp;OpenGprs
<LI><a href="#[3e5]">&gt;&gt;</a>&nbsp;&nbsp;&nbsp;ClearSem
</UL>

<P><STRONG><a name="[263]"></a>OSMboxPost</STRONG> (ARM, 156 bytes, Stack size 16 bytes, os_mbox.o(.text))
<BR><BR>[Stack]<UL><LI>Max Depth = 40<LI>Call Chain = OSMboxPost &rArr; OS_EventTaskRdy
</UL>
<BR>[Calls]<UL><LI><a href="#[25f]">&gt;&gt;</a>&nbsp;&nbsp;&nbsp;OS_EventTaskRdy
<LI><a href="#[24e]">&gt;&gt;</a>&nbsp;&nbsp;&nbsp;OS_Sched
</UL>
<BR>[Called By]<UL><LI><a href="#[145]">&gt;&gt;</a>&nbsp;&nbsp;&nbsp;FTP_CtrReceive
<LI><a href="#[1e]">&gt;&gt;</a>&nbsp;&nbsp;&nbsp;Task
<LI><a href="#[1c7]">&gt;&gt;</a>&nbsp;&nbsp;&nbsp;WriteCommand
<LI><a href="#[1c6]">&gt;&gt;</a>&nbsp;&nbsp;&nbsp;WriteFlow
<LI><a href="#[1c5]">&gt;&gt;</a>&nbsp;&nbsp;&nbsp;NoSemSend
<LI><a href="#[29]">&gt;&gt;</a>&nbsp;&nbsp;&nbsp;Task
<LI><a href="#[2c]">&gt;&gt;</a>&nbsp;&nbsp;&nbsp;Task
<LI><a href="#[219]">&gt;&gt;</a>&nbsp;&nbsp;&nbsp;CloseGprs
<LI><a href="#[218]">&gt;&gt;</a>&nbsp;&nbsp;&nbsp;OpenGprs
</UL>

<P><STRONG><a name="[264]"></a>OSMboxPostOpt</STRONG> (ARM, 208 bytes, Stack size 16 bytes, os_mbox.o(.text), UNUSED)
<BR><BR>[Calls]<UL><LI><a href="#[25f]">&gt;&gt;</a>&nbsp;&nbsp;&nbsp;OS_EventTaskRdy
<LI><a href="#[24e]">&gt;&gt;</a>&nbsp;&nbsp;&nbsp;OS_Sched
</UL>

<P><STRONG><a name="[373]"></a>OSMboxQuery</STRONG> (ARM, 116 bytes, Stack size 24 bytes, os_mbox.o(.text))
<BR><BR>[Stack]<UL><LI>Max Depth = 24<LI>Call Chain = OSMboxQuery
</UL>
<BR>[Called By]<UL><LI><a href="#[372]">&gt;&gt;</a>&nbsp;&nbsp;&nbsp;ClearSem
</UL>

<P><STRONG><a name="[457]"></a>OSMemCreate</STRONG> (ARM, 252 bytes, Stack size 40 bytes, os_mem.o(.text), UNUSED)

<P><STRONG><a name="[458]"></a>OSMemGet</STRONG> (ARM, 120 bytes, Stack size 16 bytes, os_mem.o(.text), UNUSED)

<P><STRONG><a name="[459]"></a>OSMemPut</STRONG> (ARM, 116 bytes, Stack size 16 bytes, os_mem.o(.text), UNUSED)

<P><STRONG><a name="[45a]"></a>OSMemQuery</STRONG> (ARM, 120 bytes, Stack size 16 bytes, os_mem.o(.text), UNUSED)

<P><STRONG><a name="[24a]"></a>OS_MemInit</STRONG> (ARM, 116 bytes, Stack size 0 bytes, os_mem.o(.text))
<BR><BR>[Called By]<UL><LI><a href="#[243]">&gt;&gt;</a>&nbsp;&nbsp;&nbsp;OSInit
</UL>

<P><STRONG><a name="[45b]"></a>OSQAccept</STRONG> (ARM, 140 bytes, Stack size 16 bytes, os_q.o(.text), UNUSED)

<P><STRONG><a name="[265]"></a>OSQCreate</STRONG> (ARM, 236 bytes, Stack size 24 bytes, os_q.o(.text))
<BR><BR>[Stack]<UL><LI>Max Depth = 24<LI>Call Chain = OSQCreate
</UL>
<BR>[Calls]<UL><LI><a href="#[25d]">&gt;&gt;</a>&nbsp;&nbsp;&nbsp;OS_EventWaitListInit
</UL>
<BR>[Called By]<UL><LI><a href="#[147]">&gt;&gt;</a>&nbsp;&nbsp;&nbsp;Init
<LI><a href="#[13e]">&gt;&gt;</a>&nbsp;&nbsp;&nbsp;Init
<LI><a href="#[8]">&gt;&gt;</a>&nbsp;&nbsp;&nbsp;Init
</UL>

<P><STRONG><a name="[266]"></a>OSQDel</STRONG> (ARM, 392 bytes, Stack size 24 bytes, os_q.o(.text), UNUSED)
<BR><BR>[Calls]<UL><LI><a href="#[25f]">&gt;&gt;</a>&nbsp;&nbsp;&nbsp;OS_EventTaskRdy
<LI><a href="#[24e]">&gt;&gt;</a>&nbsp;&nbsp;&nbsp;OS_Sched
</UL>

<P><STRONG><a name="[45c]"></a>OSQFlush</STRONG> (ARM, 92 bytes, Stack size 16 bytes, os_q.o(.text), UNUSED)

<P><STRONG><a name="[267]"></a>OSQPend</STRONG> (ARM, 364 bytes, Stack size 24 bytes, os_q.o(.text))
<BR><BR>[Stack]<UL><LI>Max Depth = 32<LI>Call Chain = OSQPend &rArr; OS_Sched
</UL>
<BR>[Calls]<UL><LI><a href="#[262]">&gt;&gt;</a>&nbsp;&nbsp;&nbsp;OS_EventTO
<LI><a href="#[261]">&gt;&gt;</a>&nbsp;&nbsp;&nbsp;OS_EventTaskWait
<LI><a href="#[24e]">&gt;&gt;</a>&nbsp;&nbsp;&nbsp;OS_Sched
</UL>
<BR>[Called By]<UL><LI><a href="#[20]">&gt;&gt;</a>&nbsp;&nbsp;&nbsp;Task
<LI><a href="#[369]">&gt;&gt;</a>&nbsp;&nbsp;&nbsp;ClearQ
<LI><a href="#[1e]">&gt;&gt;</a>&nbsp;&nbsp;&nbsp;Task
<LI><a href="#[2c]">&gt;&gt;</a>&nbsp;&nbsp;&nbsp;Task
</UL>

<P><STRONG><a name="[268]"></a>OSQPost</STRONG> (ARM, 216 bytes, Stack size 16 bytes, os_q.o(.text))
<BR><BR>[Stack]<UL><LI>Max Depth = 40<LI>Call Chain = OSQPost &rArr; OS_EventTaskRdy
</UL>
<BR>[Calls]<UL><LI><a href="#[25f]">&gt;&gt;</a>&nbsp;&nbsp;&nbsp;OS_EventTaskRdy
<LI><a href="#[24e]">&gt;&gt;</a>&nbsp;&nbsp;&nbsp;OS_Sched
</UL>
<BR>[Called By]<UL><LI><a href="#[146]">&gt;&gt;</a>&nbsp;&nbsp;&nbsp;FTP_DataReceive
<LI><a href="#[20]">&gt;&gt;</a>&nbsp;&nbsp;&nbsp;Task
<LI><a href="#[1d3]">&gt;&gt;</a>&nbsp;&nbsp;&nbsp;UpdateSoftWare
<LI><a href="#[1ab]">&gt;&gt;</a>&nbsp;&nbsp;&nbsp;WritePhone
<LI><a href="#[2c]">&gt;&gt;</a>&nbsp;&nbsp;&nbsp;Task
</UL>

<P><STRONG><a name="[269]"></a>OSQPostFront</STRONG> (ARM, 220 bytes, Stack size 16 bytes, os_q.o(.text), UNUSED)
<BR><BR>[Calls]<UL><LI><a href="#[25f]">&gt;&gt;</a>&nbsp;&nbsp;&nbsp;OS_EventTaskRdy
<LI><a href="#[24e]">&gt;&gt;</a>&nbsp;&nbsp;&nbsp;OS_Sched
</UL>

<P><STRONG><a name="[26a]"></a>OSQPostOpt</STRONG> (ARM, 328 bytes, Stack size 24 bytes, os_q.o(.text), UNUSED)
<BR><BR>[Calls]<UL><LI><a href="#[25f]">&gt;&gt;</a>&nbsp;&nbsp;&nbsp;OS_EventTaskRdy
<LI><a href="#[24e]">&gt;&gt;</a>&nbsp;&nbsp;&nbsp;OS_Sched
</UL>

<P><STRONG><a name="[36a]"></a>OSQQuery</STRONG> (ARM, 164 bytes, Stack size 24 bytes, os_q.o(.text))
<BR><BR>[Stack]<UL><LI>Max Depth = 24<LI>Call Chain = OSQQuery
</UL>
<BR>[Called By]<UL><LI><a href="#[369]">&gt;&gt;</a>&nbsp;&nbsp;&nbsp;ClearQ
</UL>

<P><STRONG><a name="[24b]"></a>OS_QInit</STRONG> (ARM, 72 bytes, Stack size 0 bytes, os_q.o(.text))
<BR><BR>[Called By]<UL><LI><a href="#[243]">&gt;&gt;</a>&nbsp;&nbsp;&nbsp;OSInit
</UL>

<P><STRONG><a name="[45d]"></a>OSSemAccept</STRONG> (ARM, 88 bytes, Stack size 16 bytes, os_sem.o(.text), UNUSED)

<P><STRONG><a name="[26b]"></a>OSSemCreate</STRONG> (ARM, 128 bytes, Stack size 16 bytes, os_sem.o(.text))
<BR><BR>[Stack]<UL><LI>Max Depth = 16<LI>Call Chain = OSSemCreate
</UL>
<BR>[Calls]<UL><LI><a href="#[25d]">&gt;&gt;</a>&nbsp;&nbsp;&nbsp;OS_EventWaitListInit
</UL>
<BR>[Called By]<UL><LI><a href="#[6b]">&gt;&gt;</a>&nbsp;&nbsp;&nbsp;Open
<LI><a href="#[68]">&gt;&gt;</a>&nbsp;&nbsp;&nbsp;Init
<LI><a href="#[3]">&gt;&gt;</a>&nbsp;&nbsp;&nbsp;Init
<LI><a href="#[bc]">&gt;&gt;</a>&nbsp;&nbsp;&nbsp;Init
<LI><a href="#[b8]">&gt;&gt;</a>&nbsp;&nbsp;&nbsp;Init
<LI><a href="#[b4]">&gt;&gt;</a>&nbsp;&nbsp;&nbsp;Init
<LI><a href="#[2d3]">&gt;&gt;</a>&nbsp;&nbsp;&nbsp;Init
<LI><a href="#[7d]">&gt;&gt;</a>&nbsp;&nbsp;&nbsp;Init
<LI><a href="#[79]">&gt;&gt;</a>&nbsp;&nbsp;&nbsp;Init
<LI><a href="#[74]">&gt;&gt;</a>&nbsp;&nbsp;&nbsp;Init
<LI><a href="#[e8]">&gt;&gt;</a>&nbsp;&nbsp;&nbsp;Init
<LI><a href="#[e4]">&gt;&gt;</a>&nbsp;&nbsp;&nbsp;Init
<LI><a href="#[e0]">&gt;&gt;</a>&nbsp;&nbsp;&nbsp;Init
<LI><a href="#[dc]">&gt;&gt;</a>&nbsp;&nbsp;&nbsp;Init
<LI><a href="#[d7]">&gt;&gt;</a>&nbsp;&nbsp;&nbsp;Init
<LI><a href="#[d3]">&gt;&gt;</a>&nbsp;&nbsp;&nbsp;Init
<LI><a href="#[c5]">&gt;&gt;</a>&nbsp;&nbsp;&nbsp;Init
<LI><a href="#[118]">&gt;&gt;</a>&nbsp;&nbsp;&nbsp;Init
<LI><a href="#[115]">&gt;&gt;</a>&nbsp;&nbsp;&nbsp;Init
<LI><a href="#[10b]">&gt;&gt;</a>&nbsp;&nbsp;&nbsp;Init
<LI><a href="#[fc]">&gt;&gt;</a>&nbsp;&nbsp;&nbsp;Init1
<LI><a href="#[f8]">&gt;&gt;</a>&nbsp;&nbsp;&nbsp;Init
<LI><a href="#[f4]">&gt;&gt;</a>&nbsp;&nbsp;&nbsp;Init
<LI><a href="#[f0]">&gt;&gt;</a>&nbsp;&nbsp;&nbsp;Init
<LI><a href="#[ec]">&gt;&gt;</a>&nbsp;&nbsp;&nbsp;Init
<LI><a href="#[185]">&gt;&gt;</a>&nbsp;&nbsp;&nbsp;Init
<LI><a href="#[141]">&gt;&gt;</a>&nbsp;&nbsp;&nbsp;Init
<LI><a href="#[135]">&gt;&gt;</a>&nbsp;&nbsp;&nbsp;Init
<LI><a href="#[1c4]">&gt;&gt;</a>&nbsp;&nbsp;&nbsp;Init
</UL>

<P><STRONG><a name="[26c]"></a>OSSemDel</STRONG> (ARM, 344 bytes, Stack size 24 bytes, os_sem.o(.text), UNUSED)
<BR><BR>[Calls]<UL><LI><a href="#[25f]">&gt;&gt;</a>&nbsp;&nbsp;&nbsp;OS_EventTaskRdy
<LI><a href="#[24e]">&gt;&gt;</a>&nbsp;&nbsp;&nbsp;OS_Sched
</UL>

<P><STRONG><a name="[26d]"></a>OSSemPend</STRONG> (ARM, 280 bytes, Stack size 16 bytes, os_sem.o(.text))
[...]
</UL>
<P><STRONG><a name="[3d3]"></a>GetCentrIP</STRONG> (ARM, 144 bytes, Stack size 112 bytes, displayoper.o(.text))
<BR><BR>[Stack]<UL><LI>Max Depth = 112<LI>Call Chain = GetCentrIP
</UL>
<BR>[Called By]<UL><LI><a href="#[204]">&gt;&gt;</a>&nbsp;&nbsp;&nbsp;SeePar
</UL>

<P><STRONG><a name="[204]"></a>SeePar</STRONG> (ARM, 844 bytes, Stack size 992 bytes, displayoper.o(.text))
<BR><BR>[Stack]<UL><LI>Max Depth = 1104<LI>Call Chain = SeePar &rArr; GetCentrIP
</UL>
<BR>[Calls]<UL><LI><a href="#[3d3]">&gt;&gt;</a>&nbsp;&nbsp;&nbsp;GetCentrIP
</UL>
<BR>[Address Reference Count : 1]<UL><LI> displayoper.o(.constdata)
</UL>
<P><STRONG><a name="[205]"></a>SetPar</STRONG> (ARM, 692 bytes, Stack size 552 bytes, displayoper.o(.text))
<BR><BR>[Stack]<UL><LI>Max Depth = 584<LI>Call Chain = SetPar &rArr; Answer
</UL>
<BR>[Calls]<UL><LI><a href="#[3d2]">&gt;&gt;</a>&nbsp;&nbsp;&nbsp;Answer
</UL>
<BR>[Address Reference Count : 1]<UL><LI> displayoper.o(.constdata)
</UL>
<P><STRONG><a name="[206]"></a>Log</STRONG> (ARM, 576 bytes, Stack size 88 bytes, displayoper.o(.text))
<BR><BR>[Stack]<UL><LI>Max Depth = 88<LI>Call Chain = Log
</UL>
<BR>[Calls]<UL><LI><a href="#[23a]">&gt;&gt;</a>&nbsp;&nbsp;&nbsp;WatchDog
</UL>
<BR>[Address Reference Count : 1]<UL><LI> displayoper.o(.constdata)
</UL>
<P><STRONG><a name="[207]"></a>Voic</STRONG> (ARM, 80 bytes, Stack size 16 bytes, displayoper.o(.text))
<BR><BR>[Stack]<UL><LI>Max Depth = 48<LI>Call Chain = Voic &rArr; Answer
</UL>
<BR>[Calls]<UL><LI><a href="#[3d2]">&gt;&gt;</a>&nbsp;&nbsp;&nbsp;Answer
</UL>
<BR>[Address Reference Count : 1]<UL><LI> displayoper.o(.constdata)
</UL>
<P><STRONG><a name="[208]"></a>LCDRef</STRONG> (ARM, 632 bytes, Stack size 200 bytes, displayoper.o(.text))
<BR><BR>[Stack]<UL><LI>Max Depth = 200<LI>Call Chain = LCDRef
</UL>
<BR>[Calls]<UL><LI><a href="#[23a]">&gt;&gt;</a>&nbsp;&nbsp;&nbsp;WatchDog
</UL>
<BR>[Address Reference Count : 1]<UL><LI> displayoper.o(.constdata)
</UL>
<P><STRONG><a name="[20b]"></a>Init</STRONG> (ARM, 216 bytes, Stack size 40 bytes, messageandphone.o(.text))
<BR><BR>[Stack]<UL><LI>Max Depth = 48<LI>Call Chain = Init &rArr; __aeabi_memcpy4
</UL>
<BR>[Calls]<UL><LI><a href="#[279]">&gt;&gt;</a>&nbsp;&nbsp;&nbsp;__aeabi_memcpy4
</UL>
<BR>[Address Reference Count : 1]<UL><LI> messageandphone.o(.constdata)
</UL>
<P><STRONG><a name="[3d4]"></a>AgreePhone</STRONG> (ARM, 216 bytes, Stack size 48 bytes, messageandphone.o(.text))
<BR><BR>[Stack]<UL><LI>Max Depth = 48<LI>Call Chain = AgreePhone
</UL>
<BR>[Called By]<UL><LI><a href="#[20e]">&gt;&gt;</a>&nbsp;&nbsp;&nbsp;ptFunMostPhone
<LI><a href="#[20c]">&gt;&gt;</a>&nbsp;&nbsp;&nbsp;ptFunNewPhone
<LI><a href="#[20d]">&gt;&gt;</a>&nbsp;&nbsp;&nbsp;ptFunHupWork
</UL>

<P><STRONG><a name="[20d]"></a>ptFunHupWork</STRONG> (ARM, 28 bytes, Stack size 8 bytes, messageandphone.o(.text))
<BR><BR>[Stack]<UL><LI>Max Depth = 56<LI>Call Chain = ptFunHupWork &rArr; AgreePhone
</UL>
<BR>[Calls]<UL><LI><a href="#[3d4]">&gt;&gt;</a>&nbsp;&nbsp;&nbsp;AgreePhone
</UL>
<BR>[Address Reference Count : 1]<UL><LI> messageandphone.o(.constdata)
</UL>
<P><STRONG><a name="[20f]"></a>NewMessage</STRONG> (ARM, 588 bytes, Stack size 488 bytes, messageandphone.o(.text))
<BR><BR>[Stack]<UL><LI>Max Depth = 488<LI>Call Chain = NewMessage
</UL>
<BR>[Address Reference Count : 1]<UL><LI> messageandphone.o(.constdata)
</UL>
<P><STRONG><a name="[3d8]"></a>JugePhone</STRONG> (ARM, 208 bytes, Stack size 120 bytes, messageandphone.o(.text))
<BR><BR>[Stack]<UL><LI>Max Depth = 120<LI>Call Chain = JugePhone
</UL>
<BR>[Called By]<UL><LI><a href="#[20c]">&gt;&gt;</a>&nbsp;&nbsp;&nbsp;ptFunNewPhone
</UL>

<P><STRONG><a name="[3d7]"></a>JugeDriver</STRONG> (ARM, 1540 bytes, Stack size 432 bytes, messageandphone.o(.text))
<BR><BR>[Stack]<UL><LI>Max Depth = 432<LI>Call Chain = JugeDriver
</UL>
<BR>[Called By]<UL><LI><a href="#[20c]">&gt;&gt;</a>&nbsp;&nbsp;&nbsp;ptFunNewPhone
</UL>

<P><STRONG><a name="[3d6]"></a>ConsPhone</STRONG> (ARM, 452 bytes, Stack size 160 bytes, messageandphone.o(.text))
<BR><BR>[Stack]<UL><LI>Max Depth = 160<LI>Call Chain = ConsPhone
</UL>
<BR>[Called By]<UL><LI><a href="#[20c]">&gt;&gt;</a>&nbsp;&nbsp;&nbsp;ptFunNewPhone
</UL>

<P><STRONG><a name="[3d5]"></a>BasicPhone</STRONG> (ARM, 244 bytes, Stack size 48 bytes, messageandphone.o(.text))
<BR><BR>[Stack]<UL><LI>Max Depth = 48<LI>Call Chain = BasicPhone
</UL>
<BR>[Called By]<UL><LI><a href="#[20c]">&gt;&gt;</a>&nbsp;&nbsp;&nbsp;ptFunNewPhone
</UL>

<P><STRONG><a name="[20c]"></a>ptFunNewPhone</STRONG> (ARM, 404 bytes, Stack size 16 bytes, messageandphone.o(.text))
<BR><BR>[Stack]<UL><LI>Max Depth = 448<LI>Call Chain = ptFunNewPhone &rArr; JugeDriver
</UL>
<BR>[Calls]<UL><LI><a href="#[3d5]">&gt;&gt;</a>&nbsp;&nbsp;&nbsp;BasicPhone
<LI><a href="#[3d6]">&gt;&gt;</a>&nbsp;&nbsp;&nbsp;ConsPhone
<LI><a href="#[3d7]">&gt;&gt;</a>&nbsp;&nbsp;&nbsp;JugeDriver
<LI><a href="#[3d8]">&gt;&gt;</a>&nbsp;&nbsp;&nbsp;JugePhone
<LI><a href="#[3d4]">&gt;&gt;</a>&nbsp;&nbsp;&nbsp;AgreePhone
</UL>
<BR>[Address Reference Count : 1]<UL><LI> messageandphone.o(.constdata)
</UL>
<P><STRONG><a name="[20e]"></a>ptFunMostPhone</STRONG> (ARM, 116 bytes, Stack size 8 bytes, messageandphone.o(.text))
<BR><BR>[Stack]<UL><LI>Max Depth = 56<LI>Call Chain = ptFunMostPhone &rArr; AgreePhone
</UL>
<BR>[Calls]<UL><LI><a href="#[3d4]">&gt;&gt;</a>&nbsp;&nbsp;&nbsp;AgreePhone
</UL>
<BR>[Address Reference Count : 1]<UL><LI> messageandphone.o(.constdata)
</UL>
<P><STRONG><a name="[210]"></a>CloseCall</STRONG> (ARM, 56 bytes, Stack size 16 bytes, messageandphone.o(.text))
<BR><BR>[Stack]<UL><LI>Max Depth = 16<LI>Call Chain = CloseCall
</UL>
<BR>[Address Reference Count : 1]<UL><LI> messageandphone.o(.constdata)
</UL>
<P><STRONG><a name="[3d9]"></a>OpenSms</STRONG> (ARM, 296 bytes, Stack size 344 bytes, logonserver.o(.text))
<BR><BR>[Stack]<UL><LI>Max Depth = 352<LI>Call Chain = OpenSms &rArr; __aeabi_memcpy4
</UL>
<BR>[Calls]<UL><LI><a href="#[279]">&gt;&gt;</a>&nbsp;&nbsp;&nbsp;__aeabi_memcpy4
</UL>
<BR>[Called By]<UL><LI><a href="#[29]">&gt;&gt;</a>&nbsp;&nbsp;&nbsp;Task
</UL>

<P><STRONG><a name="[3e3]"></a>CreartAgreeOn</STRONG> (ARM, 272 bytes, Stack size 448 bytes, logonserver.o(.text))
<BR><BR>[Stack]<UL><LI>Max Depth = 448<LI>Call Chain = CreartAgreeOn
</UL>
<BR>[Called By]<UL><LI><a href="#[3df]">&gt;&gt;</a>&nbsp;&nbsp;&nbsp;Login
</UL>

<P><STRONG><a name="[3e2]"></a>CreatDev</STRONG> (ARM, 168 bytes, Stack size 32 bytes, logonserver.o(.text))
<BR><BR>[Stack]<UL><LI>Max Depth = 32<LI>Call Chain = CreatDev
</UL>
<BR>[Called By]<UL><LI><a href="#[3df]">&gt;&gt;</a>&nbsp;&nbsp;&nbsp;Login
</UL>

<P><STRONG><a name="[3e1]"></a>OpenSev</STRONG> (ARM, 320 bytes, Stack size 520 bytes, logonserver.o(.text))
<BR><BR>[Stack]<UL><LI>Max Depth = 520<LI>Call Chain = OpenSev
</UL>
<BR>[Called By]<UL><LI><a href="#[3df]">&gt;&gt;</a>&nbsp;&nbsp;&nbsp;Login
</UL>

<P><STRONG><a name="[3db]"></a>GetTimeAdd</STRONG> (ARM, 244 bytes, Stack size 24 bytes, logonserver.o(.text))
<BR><BR>[Stack]<UL><LI>Max Depth = 24<LI>Call Chain = GetTimeAdd
</UL>
<BR>[Called By]<UL><LI><a href="#[3dc]">&gt;&gt;</a>&nbsp;&nbsp;&nbsp;GetSevPar
<LI><a href="#[3da]">&gt;&gt;</a>&nbsp;&nbsp;&nbsp;GetSevParSigle
</UL>

<P><STRONG><a name="[3da]"></a>GetSevParSigle</STRONG> (ARM, 568 bytes, Stack size 168 bytes, logonserver.o(.text))
<BR><BR>[Stack]<UL><LI>Max Depth = 192<LI>Call Chain = GetSevParSigle &rArr; GetTimeAdd
</UL>
<BR>[Calls]<UL><LI><a href="#[23c]">&gt;&gt;</a>&nbsp;&nbsp;&nbsp;OSTimeDly
<LI><a href="#[23a]">&gt;&gt;</a>&nbsp;&nbsp;&nbsp;WatchDog
<LI><a href="#[3db]">&gt;&gt;</a>&nbsp;&nbsp;&nbsp;GetTimeAdd
</UL>
<BR>[Called By]<UL><LI><a href="#[3dc]">&gt;&gt;</a>&nbsp;&nbsp;&nbsp;GetSevPar
</UL>

<P><STRONG><a name="[3dc]"></a>GetSevPar</STRONG> (ARM, 212 bytes, Stack size 72 bytes, logonserver.o(.text))
<BR><BR>[Stack]<UL><LI>Max Depth = 264<LI>Call Chain = GetSevPar &rArr; GetSevParSigle &rArr; GetTimeAdd
</UL>
<BR>[Calls]<UL><LI><a href="#[23c]">&gt;&gt;</a>&nbsp;&nbsp;&nbsp;OSTimeDly
<LI><a href="#[23a]">&gt;&gt;</a>&nbsp;&nbsp;&nbsp;WatchDog
<LI><a href="#[3da]">&gt;&gt;</a>&nbsp;&nbsp;&nbsp;GetSevParSigle
<LI><a href="#[3db]">&gt;&gt;</a>&nbsp;&nbsp;&nbsp;GetTimeAdd
</UL>
<BR>[Called By]<UL><LI><a href="#[3df]">&gt;&gt;</a>&nbsp;&nbsp;&nbsp;Login
</UL>

<P><STRONG><a name="[3de]"></a>LoginUDP</STRONG> (ARM, 224 bytes, Stack size 112 bytes, logonserver.o(.text))
<BR><BR>[Stack]<UL><LI>Max Depth = 112<LI>Call Chain = LoginUDP
</UL>
<BR>[Called By]<UL><LI><a href="#[3dd]">&gt;&gt;</a>&nbsp;&nbsp;&nbsp;Dev_Login
</UL>

<P><STRONG><a name="[3dd]"></a>Dev_Login</STRONG> (ARM, 112 bytes, Stack size 376 bytes, logonserver.o(.text))
<BR><BR>[Stack]<UL><LI>Max Depth = 488<LI>Call Chain = Dev_Login &rArr; LoginUDP
</UL>
<BR>[Calls]<UL><LI><a href="#[3de]">&gt;&gt;</a>&nbsp;&nbsp;&nbsp;LoginUDP
</UL>
<BR>[Called By]<UL><LI><a href="#[3df]">&gt;&gt;</a>&nbsp;&nbsp;&nbsp;Login
</UL>

<P><STRONG><a name="[3e0]"></a>Dev_APN</STRONG> (ARM, 164 bytes, Stack size 432 bytes, logonserver.o(.text))
<BR><BR>[Stack]<UL><LI>Max Depth = 432<LI>Call Chain = Dev_APN
</UL>
<BR>[Called By]<UL><LI><a href="#[3df]">&gt;&gt;</a>&nbsp;&nbsp;&nbsp;Login
</UL>

<P><STRONG><a name="[3df]"></a>Login</STRONG> (ARM, 212 bytes, Stack size 64 bytes, logonserver.o(.text))
<BR><BR>[Stack]<UL><LI>Max Depth = 584<LI>Call Chain = Login &rArr; OpenSev
</UL>
<BR>[Calls]<UL><LI><a href="#[3e0]">&gt;&gt;</a>&nbsp;&nbsp;&nbsp;Dev_APN
<LI><a href="#[3dd]">&gt;&gt;</a>&nbsp;&nbsp;&nbsp;Dev_Login
<LI><a href="#[3dc]">&gt;&gt;</a>&nbsp;&nbsp;&nbsp;GetSevPar
<LI><a href="#[3e1]">&gt;&gt;</a>&nbsp;&nbsp;&nbsp;OpenSev
<LI><a href="#[3e2]">&gt;&gt;</a>&nbsp;&nbsp;&nbsp;CreatDev
<LI><a href="#[3e3]">&gt;&gt;</a>&nbsp;&nbsp;&nbsp;CreartAgreeOn
</UL>
<BR>[Called By]<UL><LI><a href="#[29]">&gt;&gt;</a>&nbsp;&nbsp;&nbsp;Task
</UL>

<P><STRONG><a name="[3e4]"></a>CloseSms</STRONG> (ARM, 88 bytes, Stack size 8 bytes, logonserver.o(.text))
<BR><BR>[Stack]<UL><LI>Max Depth = 8<LI>Call Chain = CloseSms
</UL>
<BR>[Called By]<UL><LI><a href="#[29]">&gt;&gt;</a>&nbsp;&nbsp;&nbsp;Task
</UL>

<P><STRONG><a name="[29]"></a>Task</STRONG> (ARM, 652 bytes, Stack size 8 bytes, logonserver.o(.text))
<BR><BR>[Stack]<UL><LI>Max Depth = 592<LI>Call Chain = Task &rArr; Login &rArr; OpenSev
</UL>
<BR>[Calls]<UL><LI><a href="#[263]">&gt;&gt;</a>&nbsp;&nbsp;&nbsp;OSMboxPost
<LI><a href="#[260]">&gt;&gt;</a>&nbsp;&nbsp;&nbsp;OSMboxPend
<LI><a href="#[23c]">&gt;&gt;</a>&nbsp;&nbsp;&nbsp;OSTimeDly
<LI><a href="#[23a]">&gt;&gt;</a>&nbsp;&nbsp;&nbsp;WatchDog
<LI><a href="#[3e4]">&gt;&gt;</a>&nbsp;&nbsp;&nbsp;CloseSms
<LI><a href="#[3df]">&gt;&gt;</a>&nbsp;&nbsp;&nbsp;Login
<LI><a href="#[3d9]">&gt;&gt;</a>&nbsp;&nbsp;&nbsp;OpenSms
</UL>
<BR>[Address Reference Count : 1]<UL><LI> logonserver.o(.text)
</UL>
<P><STRONG><a name="[211]"></a>Init</STRONG> (ARM, 204 bytes, Stack size 8 bytes, logonserver.o(.text))
<BR><BR>[Stack]<UL><LI>Max Depth = 88<LI>Call Chain = Init &rArr; OSTaskCreate &rArr; OS_TCBInit
</UL>
<BR>[Calls]<UL><LI><a href="#[270]">&gt;&gt;</a>&nbsp;&nbsp;&nbsp;OSTaskCreate
<LI><a href="#[25c]">&gt;&gt;</a>&nbsp;&nbsp;&nbsp;OSMboxCreate
</UL>
<BR>[Address Reference Count : 1]<UL><LI> logonserver.o(.constdata)
</UL>
<P><STRONG><a name="[215]"></a>Init</STRONG> (ARM, 212 bytes, Stack size 8 bytes, openandclose.o(.text))
<BR><BR>[Stack]<UL><LI>Max Depth = 24<LI>Call Chain = Init &rArr; OSMboxCreate
</UL>
<BR>[Calls]<UL><LI><a href="#[25c]">&gt;&gt;</a>&nbsp;&nbsp;&nbsp;OSMboxCreate
</UL>
<BR>[Address Reference Count : 1]<UL><LI> openandclose.o(.constdata)
</UL>
<P><STRONG><a name="[216]"></a>OpenGps</STRONG> (ARM, 116 bytes, Stack size 24 bytes, openandclose.o(.text))
<BR><BR>[Stack]<UL><LI>Max Depth = 24<LI>Call Chain = OpenGps
</UL>
<BR>[Address Reference Count : 1]<UL><LI> openandclose.o(.constdata)
</UL>
<P><STRONG><a name="[217]"></a>CloseGps</STRONG> (ARM, 140 bytes, Stack size 8 bytes, openandclose.o(.text))
<BR><BR>[Stack]<UL><LI>Max Depth = 8<LI>Call Chain = CloseGps
</UL>
<BR>[Address Reference Count : 1]<UL><LI> openandclose.o(.constdata)
</UL>
<P><STRONG><a name="[2b]"></a>LogSucOper</STRONG> (ARM, 160 bytes, Stack size 8 bytes, openandclose.o(.text))
<BR><BR>[Stack]<UL><LI>Max Depth = 64<LI>Call Chain = LogSucOper &rArr; OpenGprs &rArr; ClearSem &rArr; OSMboxPend &rArr; OS_Sched
</UL>
<BR>[Calls]<UL><LI><a href="#[218]">&gt;&gt;</a>&nbsp;&nbsp;&nbsp;OpenGprs
</UL>
<BR>[Address Reference Count : 1]<UL><LI> openandclose.o(.text)
</UL>
<P><STRONG><a name="[2a]"></a>OpenGprsNo</STRONG> (ARM, 64 bytes, Stack size 8 bytes, openandclose.o(.text))
<BR><BR>[Stack]<UL><LI>Max Depth = 64<LI>Call Chain = OpenGprsNo &rArr; OpenGprs &rArr; ClearSem &rArr; OSMboxPend &rArr; OS_Sched
</UL>
<BR>[Calls]<UL><LI><a href="#[218]">&gt;&gt;</a>&nbsp;&nbsp;&nbsp;OpenGprs
</UL>
<BR>[Called By]<UL><LI><a href="#[213]">&gt;&gt;</a>&nbsp;&nbsp;&nbsp;ChargeLogin
</UL>
<BR>[Address Reference Count : 2]<UL><LI> openandclose.o(.constdata)
<LI> openandclose.o(.text)
</UL>
<P><STRONG><a name="[3e5]"></a>ClearSem</STRONG> (ARM, 88 bytes, Stack size 16 bytes, openandclose.o(.text))
<BR><BR>[Stack]<UL><LI>Max Depth = 48<LI>Call Chain = ClearSem &rArr; OSMboxPend &rArr; OS_Sched
</UL>
<BR>[Calls]<UL><LI><a href="#[293]">&gt;&gt;</a>&nbsp;&nbsp;&nbsp;OSSemQuery
<LI><a href="#[260]">&gt;&gt;</a>&nbsp;&nbsp;&nbsp;OSMboxPend
</UL>
<BR>[Called By]<UL><LI><a href="#[219]">&gt;&gt;</a>&nbsp;&nbsp;&nbsp;CloseGprs
<LI><a href="#[218]">&gt;&gt;</a>&nbsp;&nbsp;&nbsp;OpenGprs
</UL>

<P><STRONG><a name="[218]"></a>OpenGprs</STRONG> (ARM, 192 bytes, Stack size 8 bytes, openandclose.o(.text))
<BR><BR>[Stack]<UL><LI>Max Depth = 56<LI>Call Chain = OpenGprs &rArr; ClearSem &rArr; OSMboxPend &rArr; OS_Sched
</UL>
<BR>[Calls]<UL><LI><a href="#[263]">&gt;&gt;</a>&nbsp;&nbsp;&nbsp;OSMboxPost
<LI><a href="#[260]">&gt;&gt;</a>&nbsp;&nbsp;&nbsp;OSMboxPend
<LI><a href="#[3e5]">&gt;&gt;</a>&nbsp;&nbsp;&nbsp;ClearSem
</UL>
<BR>[Called By]<UL><LI><a href="#[2a]">&gt;&gt;</a>&nbsp;&nbsp;&nbsp;OpenGprsNo
<LI><a href="#[2b]">&gt;&gt;</a>&nbsp;&nbsp;&nbsp;LogSucOper
</UL>
<BR>[Address Reference Count : 1]<UL><LI> openandclose.o(.constdata)
</UL>
<P><STRONG><a name="[219]"></a>CloseGprs</STRONG> (ARM, 128 bytes, Stack size 8 bytes, openandclose.o(.text))
<BR><BR>[Stack]<UL><LI>Max Depth = 56<LI>Call Chain = CloseGprs &rArr; ClearSem &rArr; OSMboxPend &rArr; OS_Sched
</UL>
<BR>[Calls]<UL><LI><a href="#[263]">&gt;&gt;</a>&nbsp;&nbsp;&nbsp;OSMboxPost
<LI><a href="#[3e5]">&gt;&gt;</a>&nbsp;&nbsp;&nbsp;ClearSem
</UL>
<BR>[Address Reference Count : 1]<UL><LI> openandclose.o(.constdata)
</UL>
<P><STRONG><a name="[212]"></a>ClearTimer</STRONG> (ARM, 20 bytes, Stack size 0 bytes, openandclose.o(.text))
<BR>[Address Reference Count : 1]<UL><LI> openandclose.o(.constdata)
</UL>
<P><STRONG><a name="[21a]"></a>OpenUart</STRONG> (ARM, 108 bytes, Stack size 40 bytes, openandclose.o(.text))
<BR><BR>[Stack]<UL><LI>Max Depth = 48<LI>Call Chain = OpenUart &rArr; __aeabi_memcpy4
</UL>
<BR>[Calls]<UL><LI><a href="#[279]">&gt;&gt;</a>&nbsp;&nbsp;&nbsp;__aeabi_memcpy4
</UL>
<BR>[Address Reference Count : 1]<UL><LI> openandclose.o(.constdata)
</UL>
<P><STRONG><a name="[213]"></a>ChargeLogin</STRONG> (ARM, 48 bytes, Stack size 16 bytes, openandclose.o(.text))
<BR><BR>[Stack]<UL><LI>Max Depth = 80<LI>Call Chain = ChargeLogin &rArr; OpenGprsNo &rArr; OpenGprs &rArr; ClearSem &rArr; OSMboxPend &rArr; OS_Sched
</UL>
<BR>[Calls]<UL><LI><a href="#[2a]">&gt;&gt;</a>&nbsp;&nbsp;&nbsp;OpenGprsNo
</UL>
<BR>[Address Reference Count : 1]<UL><LI> openandclose.o(.constdata)
</UL>
<P><STRONG><a name="[214]"></a>ChargeLoadDev</STRONG> (ARM, 56 bytes, Stack size 16 bytes, openandclose.o(.text))
<BR><BR>[Stack]<UL><LI>Max Depth = 16<LI>Call Chain = ChargeLoadDev
</UL>
<BR>[Address Reference Count : 1]<UL><LI> openandclose.o(.constdata)
</UL>
<P><STRONG><a name="[2c]"></a>Task</STRONG> (ARM, 876 bytes, Stack size 8 bytes, updatesoftware.o(.text))
<BR><BR>[Stack]<UL><LI>Max Depth = 48<LI>Call Chain = Task &rArr; OSQPost &rArr; OS_EventTaskRdy
</UL>
<BR>[Calls]<UL><LI><a href="#[268]">&gt;&gt;</a>&nbsp;&nbsp;&nbsp;OSQPost
<LI><a href="#[267]">&gt;&gt;</a>&nbsp;&nbsp;&nbsp;OSQPend
<LI><a href="#[263]">&gt;&gt;</a>&nbsp;&nbsp;&nbsp;OSMboxPost
<LI><a href="#[23a]">&gt;&gt;</a>&nbsp;&nbsp;&nbsp;WatchDog
</UL>
<BR>[Address Reference Count : 1]<UL><LI> updatesoftware.o(.text)
</UL>
<P><STRONG><a name="[8]"></a>Init</STRONG> (ARM, 104 bytes, Stack size 8 bytes, updatesoftware.o(.text))
<BR><BR>[Stack]<UL><LI>Max Depth = 88<LI>Call Chain = Init &rArr; OSTaskCreate &rArr; OS_TCBInit
</UL>
<BR>[Calls]<UL><LI><a href="#[270]">&gt;&gt;</a>&nbsp;&nbsp;&nbsp;OSTaskCreate
<LI><a href="#[265]">&gt;&gt;</a>&nbsp;&nbsp;&nbsp;OSQCreate
</UL>
<BR>[Address Reference Count : 1]<UL><LI> updatesoftware.o(.data)
</UL>
<P><STRONG><a name="[3e7]"></a>MODEM_Dly100ms</STRONG> (ARM, 128 bytes, Stack size 4 bytes, _init.o(.text))
<BR><BR>[Stack]<UL><LI>Max Depth = 4<LI>Call Chain = MODEM_Dly100ms
</UL>
<BR>[Called By]<UL><LI><a href="#[3e6]">&gt;&gt;</a>&nbsp;&nbsp;&nbsp;CheckLed
</UL>

<P><STRONG><a name="[3e6]"></a>CheckLed</STRONG> (ARM, 452 bytes, Stack size 8 bytes, _init.o(.text))
<BR><BR>[Stack]<UL><LI>Max Depth = 12<LI>Call Chain = CheckLed &rArr; MODEM_Dly100ms
</UL>
<BR>[Calls]<UL><LI><a href="#[3e7]">&gt;&gt;</a>&nbsp;&nbsp;&nbsp;MODEM_Dly100ms
</UL>
<BR>[Called By]<UL><LI><a href="#[2d]">&gt;&gt;</a>&nbsp;&nbsp;&nbsp;Init
</UL>

<P><STRONG><a name="[2d]"></a>Init</STRONG> (ARM, 440 bytes, Stack size 16 bytes, _init.o(.text))
<BR><BR>[Stack]<UL><LI>Max Depth = 64<LI>Call Chain = Init &rArr; FileData_CheckFile &rArr; BackFacFile
</UL>
<BR>[Calls]<UL><LI><a href="#[23c]">&gt;&gt;</a>&nbsp;&nbsp;&nbsp;OSTimeDly
<LI><a href="#[39e]">&gt;&gt;</a>&nbsp;&nbsp;&nbsp;FileData_CheckFile
<LI><a href="#[3e6]">&gt;&gt;</a>&nbsp;&nbsp;&nbsp;CheckLed
</UL>
<BR>[Address Reference Count : 1]<UL><LI> _init.o(.text)
</UL>
<P><STRONG><a name="[3f4]"></a>__arm_div8</STRONG> (ARM, 0 bytes, Stack size unknown bytes, aeabi_sdiv.o(.text))
<BR><BR>[Called By]<UL><LI><a href="#[23d]">&gt;&gt;</a>&nbsp;&nbsp;&nbsp;__aeabi_uidivmod
</UL>

<P><STRONG><a name="[3f3]"></a>__arm_div5</STRONG> (ARM, 0 bytes, Stack size unknown bytes, aeabi_sdiv.o(.text))
<BR><BR>[Called By]<UL><LI><a href="#[23d]">&gt;&gt;</a>&nbsp;&nbsp;&nbsp;__aeabi_uidivmod
</UL>

<P><STRONG><a name="[3f2]"></a>__arm_div2</STRONG> (ARM, 0 bytes, Stack size unknown bytes, aeabi_sdiv.o(.text))
<BR><BR>[Called By]<UL><LI><a href="#[23d]">&gt;&gt;</a>&nbsp;&nbsp;&nbsp;__aeabi_uidivmod
</UL>

<P><STRONG><a name="[3f5]"></a>__arm_div_large</STRONG> (ARM, 0 bytes, Stack size unknown bytes, aeabi_sdiv.o(.text))
<BR><BR>[Called By]<UL><LI><a href="#[23d]">&gt;&gt;</a>&nbsp;&nbsp;&nbsp;__aeabi_uidivmod
</UL>

<P><STRONG><a name="[41b]"></a>_dadd1</STRONG> (ARM, 0 bytes, Stack size unknown bytes, daddsub_noclz.o(x$fpl$dadd), UNUSED)
<BR><BR>[Called By]<UL><LI><a href="#[41c]">&gt;&gt;</a>&nbsp;&nbsp;&nbsp;_dsub
<LI><a href="#[41a]">&gt;&gt;</a>&nbsp;&nbsp;&nbsp;_drsb
</UL>

<P><STRONG><a name="[411]"></a>_dsub1</STRONG> (ARM, 0 bytes, Stack size unknown bytes, daddsub_noclz.o(x$fpl$dsub), UNUSED)
<BR><BR>[Called By]<UL><LI><a href="#[41a]">&gt;&gt;</a>&nbsp;&nbsp;&nbsp;_drsb
<LI><a href="#[410]">&gt;&gt;</a>&nbsp;&nbsp;&nbsp;_dadd
</UL>

<P><STRONG><a name="[42a]"></a>_fadd1</STRONG> (ARM, 0 bytes, Stack size unknown bytes, faddsub_noclz.o(x$fpl$fadd), UNUSED)
<BR><BR>[Called By]<UL><LI><a href="#[429]">&gt;&gt;</a>&nbsp;&nbsp;&nbsp;_fsub
</UL>

<P><STRONG><a name="[420]"></a>_fsub1</STRONG> (ARM, 0 bytes, Stack size unknown bytes, faddsub_noclz.o(x$fpl$fsub), UNUSED)
<BR><BR>[Called By]<UL><LI><a href="#[41f]">&gt;&gt;</a>&nbsp;&nbsp;&nbsp;_fadd
</UL>
<P>
<H3>
Undefined Global Symbols
</H3>
<P><STRONG><a name="[3f0]"></a>_call_atexit_fns</STRONG> (ARM, 0 bytes, Stack size 0 bytes, UNDEFINED)
<BR><BR>[Called By]<UL><LI><a href="#[228]">&gt;&gt;</a>&nbsp;&nbsp;&nbsp;exit
</UL>
<HR></body></html>
