<!doctype html public "-//w3c//dtd html 4.0 transitional//en">
<html><head>
<title>Static Call Graph - [.\obj\GPRS_OS.axf]</title></head>
<body><HR>
<H1>Static Call Graph for image .\obj\GPRS_OS.axf</H1><HR>
<BR><P>#&#060CALLGRAPH&#062# ARM Linker, RVCT3.1 [Build 942]: Last Updated: Sat Dec 05 21:30:38 2009
<BR><P>
<H3>Maximum Stack Usage =       1104 bytes + Unknown(Functions without stacksize, Cycles, Untraceable Function Pointers)</H3><H3>
Call chain for Maximum Stack Depth:</H3>
SeePar &rArr; GetCentrIP
<P>
<H3>
Functions with no stack information
</H3><UL>
 <LI><a href="#[c80c88]">Reset_Handler</a>
 <LI><a href="#[c80cd0]">__user_initial_stackheap</a>
 <LI><a href="#[c816b8]">IRQ_Handler</a>
 <LI><a href="#[c81e58]">Timer0_Handler</a>
 <LI><a href="#[c81d80]">Uart0_Handler</a>
 <LI><a href="#[c81d38]">Uart1_Handler</a>
 <LI><a href="#[c81cf0]">Uart2_Handler</a>
 <LI><a href="#[c81ca8]">Uart3_Handler</a>
 <LI><a href="#[c81f30]">CAN_Handler</a>
 <LI><a href="#[c81e10]">Timer1_Handler</a>
 <LI><a href="#[c81dc8]">Timer2_Handler</a>
 <LI><a href="#[c81ee8]">EINT2_Handler</a>
 <LI><a href="#[c80c40]">SoftwareInterrupt</a>
 <LI><a href="#[c815e0]">OSIntCtxSw</a>
 <LI><a href="#[c7edd0]">__OSStartHighRdy</a>
 <LI><a href="#[c80ec8]">Undef_Handler</a>
 <LI><a href="#[c80e80]">PAbt_Handler</a>
 <LI><a href="#[c80e38]">DAbt_Handler</a>
 <LI><a href="#[c80df0]">FIQ_Handler</a>
</UL>
</UL>
<P>
<H3>
Mutually Recursive functions
</H3> <LI><a href="#[c80ec8]">Undef_Handler</a>&nbsp;&nbsp;&nbsp;&rArr;&nbsp;&nbsp;&nbsp;<a href="#[c80ec8]">Undef_Handler</a><BR>
 <LI><a href="#[c80e80]">PAbt_Handler</a>&nbsp;&nbsp;&nbsp;&rArr;&nbsp;&nbsp;&nbsp;<a href="#[c80e80]">PAbt_Handler</a><BR>
 <LI><a href="#[c80e38]">DAbt_Handler</a>&nbsp;&nbsp;&nbsp;&rArr;&nbsp;&nbsp;&nbsp;<a href="#[c80e38]">DAbt_Handler</a><BR>
</UL>
<P>
<H3>
Function Pointers
</H3><UL>
 <LI><a href="#[10511b8]">Init</a>
 <LI><a href="#[1051098]">Open</a>
 <LI><a href="#[1050fc0]">Close</a>
 <LI><a href="#[1050e10]">Write</a>
 <LI><a href="#[1050ee8]">Read</a>
 <LI><a href="#[18c7020]">Init</a>
 <LI><a href="#[c80c88]">Reset_Handler</a>
 <LI><a href="#[c80ec8]">Undef_Handler</a>
 <LI><a href="#[c80c40]">SoftwareInterrupt</a>
 <LI><a href="#[c80e80]">PAbt_Handler</a>
 <LI><a href="#[c80e38]">DAbt_Handler</a>
 <LI><a href="#[c80df0]">FIQ_Handler</a>
 <LI><a href="#[196ba90]">__main</a>
 <LI><a href="#[1961970]">__ARM_get_argv</a>
 <LI><a href="#[c81ee8]">EINT2_Handler</a>
 <LI><a href="#[c81e10]">Timer1_Handler</a>
 <LI><a href="#[c81dc8]">Timer2_Handler</a>
 <LI><a href="#[c81e58]">Timer0_Handler</a>
 <LI><a href="#[c81d80]">Uart0_Handler</a>
 <LI><a href="#[c81d38]">Uart1_Handler</a>
 <LI><a href="#[c81cf0]">Uart2_Handler</a>
 <LI><a href="#[c81ca8]">Uart3_Handler</a>
 <LI><a href="#[c81f30]">CAN_Handler</a>
 <LI><a href="#[15cfb90]">CE_High</a>
 <LI><a href="#[15cfb48]">CE_Low</a>
 <LI><a href="#[196f598]">main</a>
 <LI><a href="#[19626d8]">__I_use_semihosting</a>
 <LI><a href="#[c815e0]">OSIntCtxSw</a>
 <LI><a href="#[c815e0]">OSIntCtxSw</a>
 <LI><a href="#[c7edd0]">__OSStartHighRdy</a>
 <LI><a href="#[c75638]">nand_calculate_ecc</a>
 <LI><a href="#[c755f0]">nand_correct_data</a>
 <LI><a href="#[c755a8]">Crc</a>
 <LI><a href="#[c75560]">CheckSum</a>
 <LI><a href="#[c75518]">CheckAdd</a>
 <LI><a href="#[c754d0]">Crc1021</a>
 <LI><a href="#[10564c8]">Asc2Bcd</a>
 <LI><a href="#[1056480]">Bcd2Asc</a>
 <LI><a href="#[1056438]">Asc2Algorism</a>
 <LI><a href="#[10563f0]">Algorism2Asc</a>
 <LI><a href="#[1056360]">Asc2HexBuf</a>
 <LI><a href="#[10562d0]">HexBuf2Asc</a>
 <LI><a href="#[1056288]">Asc2Hex</a>
 <LI><a href="#[1056240]">Hex2Asc</a>
 <LI><a href="#[1056120]">Asc2Float</a>
 <LI><a href="#[10565e8]">Bcd2Hex</a>
 <LI><a href="#[1056558]">Hex2Bcd</a>
 <LI><a href="#[10561f8]">JugeAscBcd</a>
 <LI><a href="#[1056168]">JugeAscHex</a>
 <LI><a href="#[10560d8]">JugeAscFloat</a>
 <LI><a href="#[10561b0]">JugeHexBcd</a>
 <LI><a href="#[1056090]">ClsArray</a>
 <LI><a href="#[1056048]">MoveByte</a>
 <LI><a href="#[1056000]">CompareBuf</a>
 <LI><a href="#[1055fb8]">CompareVa</a>
 <LI><a href="#[1055f70]">Strsize</a>
 <LI><a href="#[1055ee0]">Strsize16</a>
 <LI><a href="#[1055f28]">StrATChar</a>
 <LI><a href="#[1055e98]">LookStr</a>
 <LI><a href="#[1055dc0]">LookEnable</a>
 <LI><a href="#[1055e50]">LookStrInLength</a>
 <LI><a href="#[1055e08]">LookStrDown</a>
 <LI><a href="#[1055d78]">LookShowChar</a>
 <LI><a href="#[1055ce8]">SeekStr</a>
 <LI><a href="#[1055ca0]">MemSpace</a>
 <LI><a href="#[1055bc8]">JugeBufType</a>
 <LI><a href="#[1055a60]">PhoPdu</a>
 <LI><a href="#[1055af0]">gsmEncode7bit</a>
 <LI><a href="#[1055aa8]">PduNumber</a>
 <LI><a href="#[1055940]">ExpPdu</a>
 <LI><a href="#[1055a18]">Bit72Bit8</a>
 <LI><a href="#[10558f8]">GetCsq</a>
 <LI><a href="#[1055b38]">StrToUni</a>
 <LI><a href="#[1055988]">UniToStr</a>
 <LI><a href="#[1055c10]">INT322IPAsc</a>
 <LI><a href="#[1055c58]">IPAsc2INT32</a>
 <LI><a href="#[10558b0]">IP2Char</a>
 <LI><a href="#[1055868]">Char2IP</a>
 <LI><a href="#[1055820]">LookBufInLength</a>
 <LI><a href="#[10557d8]">Value32</a>
 <LI><a href="#[1056510]">Algorism2BCD</a>
 <LI><a href="#[10565a0]">BCD2Algorism</a>
 <LI><a href="#[1053260]">Juge</a>
 <LI><a href="#[10530b0]">Next</a>
 <LI><a href="#[1052f48]">Back</a>
 <LI><a href="#[1052f00]">GetWeek</a>
 <LI><a href="#[104ebe8]">Init</a>
 <LI><a href="#[104eb58]">Read</a>
 <LI><a href="#[104eac8]">Write</a>
 <LI><a href="#[104cad8]">Open</a>
 <LI><a href="#[104ca48]">Start</a>
 <LI><a href="#[104ca00]">RwSpi</a>
 <LI><a href="#[104c9b8]">Write</a>
 <LI><a href="#[104c970]">Read</a>
 <LI><a href="#[104c8e0]">JugeByte</a>
 <LI><a href="#[104c928]">JugeBuf</a>
 <LI><a href="#[104c898]">End</a>
 <LI><a href="#[104c850]">Close</a>
 <LI><a href="#[104ac70]">Init</a>
 <LI><a href="#[104aa78]">Open</a>
 <LI><a href="#[104a8c8]">Close</a>
 <LI><a href="#[104a5b0]">Read</a>
 <LI><a href="#[104a400]">Write</a>
 <LI><a href="#[1047dd8]">Init</a>
 <LI><a href="#[1047d90]">Open</a>
 <LI><a href="#[1047d00]">Read</a>
 <LI><a href="#[1047d48]">Close</a>
 <LI><a href="#[1045858]">Init</a>
 <LI><a href="#[1045810]">Open</a>
 <LI><a href="#[1045540]">Read</a>
 <LI><a href="#[10454f8]">Close</a>
 <LI><a href="#[1043038]">Init</a>
 <LI><a href="#[1042ff0]">Read</a>
 <LI><a href="#[1042fa8]">Huawei_CloseShow</a>
 <LI><a href="#[1042f18]">GetChipID</a>
 <LI><a href="#[1042ed0]">Huawei_GetModermState</a>
 <LI><a href="#[1042e88]">Huawei_GetModermCard</a>
 <LI><a href="#[1042df8]">Huawei_GetCenterNumber</a>
 <LI><a href="#[1042db0]">Huawei_GetMessage</a>
 <LI><a href="#[1042d68]">Huawei_SetTxtOrPdu</a>
 <LI><a href="#[1042d20]">Huawei_SeeTxtOrPdu</a>
 <LI><a href="#[1042cd8]">Huawei_MsgSend</a>
 <LI><a href="#[1042c90]">Huawei_MsgSendData</a>
 <LI><a href="#[1042c48]">Huawei_SeeCarrier</a>
 <LI><a href="#[1042c00]">Huawei_SQ</a>
 <LI><a href="#[1042bb8]">Huawei_DelMsg</a>
 <LI><a href="#[1042b70]">Huawei_Set_Mem</a>
 <LI><a href="#[1042b28]">Huawei_MessSet</a>
 <LI><a href="#[1042ae0]">Huawei_Upadate</a>
 <LI><a href="#[1042a98]">Huawei_Reg</a>
 <LI><a href="#[1042a50]">Huawei_CLIP</a>
 <LI><a href="#[1042a08]">Huawei_ATD</a>
 <LI><a href="#[10429c0]">Huawei_Chup</a>
 <LI><a href="#[1042978]">Huawei_ATA</a>
 <LI><a href="#[1042930]">Huawei_IMEI</a>
 <LI><a href="#[10428e8]">Huawei_CGDCONT</a>
 <LI><a href="#[10428a0]">Huawei_Etcpip</a>
 <LI><a href="#[1042858]">Huawei_IOMODE</a>
 <LI><a href="#[1042810]">Huawei_IPOPENX</a>
 <LI><a href="#[10427c8]">Huawei_IPSENDX</a>
 <LI><a href="#[1042780]">Huawei_SeeDataRead</a>
 <LI><a href="#[1042738]">Huawei_IPDR</a>
 <LI><a href="#[10425d0]">Huawei_IPCLOSE</a>
 <LI><a href="#[1042588]">Huawei_LogOnTCPIP</a>
 <LI><a href="#[10426f0]">Huawei_JugeETCPIP</a>
 <LI><a href="#[10426a8]">Huawei_DNSR</a>
 <LI><a href="#[1042660]">Huawei_IPR</a>
 <LI><a href="#[1042618]">Huawei_CLCC</a>
 <LI><a href="#[1042540]">Huawei_SEEIPCLOSE</a>
 <LI><a href="#[10424f8]">Huawei_PowerDown</a>
 <LI><a href="#[10424b0]">Huawei_SeeCGDCONT</a>
 <LI><a href="#[1042468]">Huawei_SendExtension</a>
 <LI><a href="#[1042420]">Huawei_SetVolume</a>
 <LI><a href="#[124f4f8]">Init</a>
 <LI><a href="#[124f228]">PowerUp</a>
 <LI><a href="#[124f1e0]">PowerDown</a>
 <LI><a href="#[124f198]">Read</a>
 <LI><a href="#[124c208]">Init1</a>
 <LI><a href="#[124bf80]">Open1</a>
 <LI><a href="#[124bef0]">Close1</a>
 <LI><a href="#[124bd40]">Read1</a>
 <LI><a href="#[124bcb0]">GetState1</a>
 <LI><a href="#[1248e50]">Init</a>
 <LI><a href="#[1248e08]">Open</a>
 <LI><a href="#[1248dc0]">Close</a>
 <LI><a href="#[1248d30]">Read</a>
 <LI><a href="#[1246230]">Init</a>
 <LI><a href="#[12461e8]">Open</a>
 <LI><a href="#[12461a0]">Close</a>
 <LI><a href="#[1246110]">Read</a>
 <LI><a href="#[1242b78]">Init</a>
 <LI><a href="#[1242b30]">Open</a>
 <LI><a href="#[1242ae8]">Close</a>
 <LI><a href="#[1242aa0]">Read</a>
 <LI><a href="#[1242a58]">GetState</a>
 <LI><a href="#[12429c8]">Get</a>
 <LI><a href="#[1242938]">GetID2Par</a>
 <LI><a href="#[1242980]">GetPar2ID</a>
 <LI><a href="#[1242a10]">GetSi</a>
 <LI><a href="#[12fec20]">Init</a>
 <LI><a href="#[12febd8]">Open</a>
 <LI><a href="#[12feb90]">Close</a>
 <LI><a href="#[12fe7a0]">Read</a>
 <LI><a href="#[12fe758]">GetState</a>
 <LI><a href="#[12fa758]">Host_Answer</a>
 <LI><a href="#[12fa710]">Host_DeliverCentr</a>
 <LI><a href="#[12fa6c8]">Host_SysInfor</a>
 <LI><a href="#[12fa680]">Host_Phone</a>
 <LI><a href="#[12fa638]">Host_InitStart</a>
 <LI><a href="#[12fa5f0]">Host_InitOver</a>
 <LI><a href="#[12fa5a8]">Host_HostSoft</a>
 <LI><a href="#[12fa560]">Host_ConInfor</a>
 <LI><a href="#[12fa4d0]">Host_ParAnswer</a>
 <LI><a href="#[12fa9e0]">Init</a>
 <LI><a href="#[12fa998]">Open</a>
 <LI><a href="#[12fa7e8]">Close</a>
 <LI><a href="#[12fa830]">Read1</a>
 <LI><a href="#[12f67f8]">Init</a>
 <LI><a href="#[12f67b0]">Open</a>
 <LI><a href="#[12f6768]">Close</a>
 <LI><a href="#[12f66d8]">Read</a>
 <LI><a href="#[12f6690]">GetState</a>
 <LI><a href="#[12f33c8]">Init</a>
 <LI><a href="#[12f3380]">Open</a>
 <LI><a href="#[12f3338]">Close</a>
 <LI><a href="#[12f3260]">Read</a>
 <LI><a href="#[12f0108]">Init</a>
 <LI><a href="#[12f00c0]">Open</a>
 <LI><a href="#[12f0078]">Close</a>
 <LI><a href="#[12f0030]">Read</a>
 <LI><a href="#[13ac008]">Init</a>
 <LI><a href="#[13abfc0]">Open</a>
 <LI><a href="#[13abf78]">Close</a>
 <LI><a href="#[13abea0]">Read</a>
 <LI><a href="#[13a9148]">Init</a>
 <LI><a href="#[13a9100]">Open</a>
 <LI><a href="#[13a90b8]">Close</a>
 <LI><a href="#[13a8f98]">Read</a>
 <LI><a href="#[13a6330]">Init</a>
 <LI><a href="#[13a62e8]">Open</a>
 <LI><a href="#[13a62a0]">Close</a>
 <LI><a href="#[13a6210]">Read</a>
 <LI><a href="#[13a3938]">Init</a>
 <LI><a href="#[13a38f0]">Open</a>
 <LI><a href="#[13a38a8]">Close</a>
 <LI><a href="#[13a3860]">Read</a>
 <LI><a href="#[13a0fc8]">Init</a>
 <LI><a href="#[13a0f80]">Open</a>
 <LI><a href="#[13a0f38]">Close</a>
 <LI><a href="#[13a0ef0]">Read</a>
 <LI><a href="#[146d510]">Init</a>
 <LI><a href="#[146d4c8]">Open</a>
 <LI><a href="#[146d480]">Close</a>
 <LI><a href="#[146d3a8]">Read</a>
 <LI><a href="#[146a828]">Init1</a>
 <LI><a href="#[146a5a0]">CreateBin1</a>
 <LI><a href="#[146a510]">CreateRecoder1</a>
 <LI><a href="#[146a318]">Open1</a>
 <LI><a href="#[146a288]">Close1</a>
 <LI><a href="#[146a1f8]">ReadBin1</a>
 <LI><a href="#[146a168]">WriteBin1</a>
 <LI><a href="#[146a090]">ReadRecoder2</a>
 <LI><a href="#[1469f70]">WriteRecoder2</a>
 <LI><a href="#[1469f28]">GetJlNum1</a>
 <LI><a href="#[1469e98]">Seek1</a>
 <LI><a href="#[1469e08]">SeekSize1</a>
 <LI><a href="#[1469dc0]">ReadHeadTail</a>
 <LI><a href="#[1469d78]">ReadPor</a>
 <LI><a href="#[1469d30]">GetPointNum</a>
 <LI><a href="#[14674f8]">Init</a>
 <LI><a href="#[14673d8]">Open</a>
 <LI><a href="#[1467348]">CreateFile</a>
 <LI><a href="#[14672b8]">ReadFile</a>
 <LI><a href="#[1467228]">WriteFile</a>
 <LI><a href="#[1467198]">Close</a>
 <LI><a href="#[1467108]">GetFileProperty</a>
 <LI><a href="#[1467078]">SetFileLength</a>
 <LI><a href="#[1466fe8]">SetFileName</a>
 <LI><a href="#[1466f58]">CleanProperty</a>
 <LI><a href="#[14642d0]">Init</a>
 <LI><a href="#[1464288]">Open</a>
 <LI><a href="#[1464240]">Close</a>
 <LI><a href="#[1460b20]">Init</a>
 <LI><a href="#[1460ad8]">InitSys1</a>
 <LI><a href="#[1460a90]">InitMessage1</a>
 <LI><a href="#[1460a48]">InitPhone1</a>
 <LI><a href="#[1460a00]">InitGprs1</a>
 <LI><a href="#[1460970]">OpenSys1</a>
 <LI><a href="#[14608e0]">OpenMessage1</a>
 <LI><a href="#[1460850]">OpenIP1</a>
 <LI><a href="#[14607c0]">OpenPhone1</a>
 <LI><a href="#[1460778]">CloseSys1</a>
 <LI><a href="#[14606e8]">CloseMessage1</a>
 <LI><a href="#[1460730]">CloseIP1</a>
 <LI><a href="#[14606a0]">ClosePhone1</a>
 <LI><a href="#[14602b0]">ReadMessage1</a>
 <LI><a href="#[1460220]">ReadIP1</a>
 <LI><a href="#[1460190]">ReadPhone1</a>
 <LI><a href="#[1460100]">AgreePhone1</a>
 <LI><a href="#[1460070]">CloseCall1</a>
 <LI><a href="#[145ffe0]">SendMessage1</a>
 <LI><a href="#[145ff98]">SendIP1</a>
 <LI><a href="#[145ff08]">SendPhone1</a>
 <LI><a href="#[145fe78]">SetVolume1</a>
 <LI><a href="#[1460610]">GetSysState1</a>
 <LI><a href="#[1460580]">GetMessageState1</a>
 <LI><a href="#[14604f0]">GetPhoneState1</a>
 <LI><a href="#[1460460]">GetIPState1</a>
 <LI><a href="#[1460340]">DNSRIP1</a>
 <LI><a href="#[14603d0]">GetIpPro1</a>
 <LI><a href="#[145fe30]">GetCurIPState</a>
 <LI><a href="#[14fbc08]">Init</a>
 <LI><a href="#[14fbb78]">Open</a>
 <LI><a href="#[14fbb30]">Close</a>
 <LI><a href="#[14fbae8]">Read</a>
 <LI><a href="#[14fbaa0]">Enable</a>
 <LI><a href="#[14fba58]">DisEnable</a>
 <LI><a href="#[14fba10]">GetEnable</a>
 <LI><a href="#[14fb9c8]">GetPro</a>
 <LI><a href="#[14fb980]">EditPro</a>
 <LI><a href="#[14f87f0]">Init</a>
 <LI><a href="#[14f87a8]">Open</a>
 <LI><a href="#[14f8760]">Close</a>
 <LI><a href="#[14f5600]">Init</a>
 <LI><a href="#[14f55b8]">Open</a>
 <LI><a href="#[14f5570]">Close</a>
 <LI><a href="#[14f5528]">Get</a>
 <LI><a href="#[14f1ea8]">FTP_CtrReceive</a>
 <LI><a href="#[14f1e60]">FTP_DataReceive</a>
 <LI><a href="#[14f1ef0]">Init</a>
 <LI><a href="#[14f1e18]">GetState</a>
 <LI><a href="#[14ee4b8]">Explain_Answer</a>
 <LI><a href="#[14ee470]">Explain_Track</a>
 <LI><a href="#[14ee428]">Explain_SetPar</a>
 <LI><a href="#[14ee3e0]">Explain_AmendMenum</a>
 <LI><a href="#[14ee398]">Explain_LoaderTxt</a>
 <LI><a href="#[14ee350]">Explain_LoaderTxtMenum</a>
 <LI><a href="#[14ee308]">Explain_SetPhone</a>
 <LI><a href="#[14ee2c0]">Explain_CallAnswer</a>
 <LI><a href="#[14ee278]">Explain_UpdateSoftWare</a>
 <LI><a href="#[14ee230]">Explain_LookPar</a>
 <LI><a href="#[14ee1e8]">Explain_Contrl</a>
 <LI><a href="#[14ee1a0]">Explain_ConfineCall</a>
 <LI><a href="#[14ee158]">Explain_ConfigCentrSever</a>
 <LI><a href="#[14ee0c8]">Explain_LookJpg</a>
 <LI><a href="#[14ee080]">Explain_JpgIng</a>
 <LI><a href="#[14ee038]">Explain_SetVidType</a>
 <LI><a href="#[14edff0]">Explain_TabelList</a>
 <LI><a href="#[14edfa8]">Explain_WorkParTimer</a>
 <LI><a href="#[14edf60]">Explain_WorkParSpace</a>
 <LI><a href="#[14edf18]">Explain_LookLog</a>
 <LI><a href="#[14eded0]">Explain_SetWaringTerm</a>
 <LI><a href="#[14ede88]">Explain_SetRound</a>
 <LI><a href="#[14ede40]">Explain_DelRound</a>
 <LI><a href="#[14eddf8]">Explain_SetRectangle</a>
 <LI><a href="#[14eddb0]">Explain_DelRectangle</a>
 <LI><a href="#[14edd68]">Explain_SetPolygon</a>
 <LI><a href="#[14edd20]">Explain_DelPolygon</a>
 <LI><a href="#[14edcd8]">Explain_SetRoadMap</a>
 <LI><a href="#[14edc90]">Explain_DelRoadMap</a>
 <LI><a href="#[14edc48]">Explain_Reduce</a>
 <LI><a href="#[14edc00]">Explain_Driver</a>
 <LI><a href="#[14edbb8]">Explain_Navigation</a>
 <LI><a href="#[14edb70]">Explain_HandTxt</a>
 <LI><a href="#[14edb28]">Explain_HandAttemper</a>
 <LI><a href="#[14edae0]">Explain_AmendForm</a>
 <LI><a href="#[14eda98]">Explain_UpLoaderForm</a>
 <LI><a href="#[14eda50]">Explain_UpLoaderFormSuc</a>
 <LI><a href="#[14eda08]">Explain_UpLoaderFormErro</a>
 <LI><a href="#[14ed9c0]">Explain_UpLoaderCan</a>
 <LI><a href="#[14ee500]">Explain</a>
 <LI><a href="#[15d8ff0]">Explain_GetSeverComPar</a>
 <LI><a href="#[15d8ff0]">Explain_GetSeverComPar</a>
 <LI><a href="#[15d8ff0]">Explain_GetSeverComPar</a>
 <LI><a href="#[15d8ff0]">Explain_GetSeverComPar</a>
 <LI><a href="#[15d8fa8]">Explain_Answer</a>
 <LI><a href="#[15d8ff0]">Explain_GetSeverComPar</a>
 <LI><a href="#[15d8f60]">Explain_Menum</a>
 <LI><a href="#[15d8f18]">Explain_TxtMenum</a>
 <LI><a href="#[15d8ed0]">Explain_LookPar</a>
 <LI><a href="#[15d8e88]">Explain_UpdateSoftWare</a>
 <LI><a href="#[15d8e40]">Explain_Waring</a>
 <LI><a href="#[15d8df8]">Explain_UploaderJpg1</a>
 <LI><a href="#[15d8db0]">Explain_UploaderJpg2</a>
 <LI><a href="#[15d8d68]">Explain_UploaderPar</a>
 <LI><a href="#[15d8b70]">Explain_NoSem</a>
 <LI><a href="#[15d8cd8]">Explain_UpLoaderWarning</a>
 <LI><a href="#[15d8c90]">Explain_OutRoadMap</a>
 <LI><a href="#[15d8c48]">Explain_UpLoaderReduce</a>
 <LI><a href="#[15d8c00]">Explain_UpLoaderDriver</a>
 <LI><a href="#[15d8bb8]">Explain_UpLoaderHandMess</a>
 <LI><a href="#[15d8b70]">Explain_NoSem</a>
 <LI><a href="#[15d8b28]">Explain_UpLoaderFrom</a>
 <LI><a href="#[15d8ae0]">Explain_OverFromErro</a>
 <LI><a href="#[15d8a98]">Explain_PriceData</a>
 <LI><a href="#[15d9038]">Explain</a>
 <LI><a href="#[15d4c30]">Init</a>
 <LI><a href="#[15d4ba0]">Open</a>
 <LI><a href="#[15d4b58]">Close</a>
 <LI><a href="#[15d4b10]">Read</a>
 <LI><a href="#[15d49f0]">Write</a>
 <LI><a href="#[15d49a8]">GetPar2ID</a>
 <LI><a href="#[15d1e20]">Init</a>
 <LI><a href="#[15d1d48]">ReadID</a>
 <LI><a href="#[15d1c70]">LookBad</a>
 <LI><a href="#[15d1c28]">JugeByte</a>
 <LI><a href="#[15d1be0]">JugeBuf</a>
 <LI><a href="#[15d1b98]">Ease</a>
 <LI><a href="#[15d1b50]">FMwrPg</a>
 <LI><a href="#[15d1cb8]">FMrdPg517</a>
 <LI><a href="#[15cfbd8]">Init</a>
 <LI><a href="#[15cfb00]">ReadID</a>
 <LI><a href="#[15cfab8]">JugeByte</a>
 <LI><a href="#[15cfa70]">JugeBuf</a>
 <LI><a href="#[15cf830]">Ease</a>
 <LI><a href="#[15cf7e8]">Write</a>
 <LI><a href="#[15cf7a0]">Read</a>
 <LI><a href="#[15cd4f8]">Open</a>
 <LI><a href="#[15cd588]">FormatFlash</a>
 <LI><a href="#[15cd5d0]">CreatBad</a>
 <LI><a href="#[15cd4b0]">JugeFlash</a>
 <LI><a href="#[15cd468]">WriteFlash</a>
 <LI><a href="#[15cd420]">ReadFlash</a>
 <LI><a href="#[15cd3d8]">EaseFlash</a>
 <LI><a href="#[16ae678]">Open</a>
 <LI><a href="#[16ae5e8]">Read</a>
 <LI><a href="#[16ae4c8]">Write</a>
 <LI><a href="#[16ae480]">Ease</a>
 <LI><a href="#[16a75c0]">ReadFlow</a>
 <LI><a href="#[16a7410]">WriteFlow</a>
 <LI><a href="#[16a7530]">ReadDataFlow</a>
 <LI><a href="#[16a73c8]">GetFlowWaringType</a>
 <LI><a href="#[16a72f0]">GetPhonesSize</a>
 <LI><a href="#[16a72a8]">GetPhoneCut</a>
 <LI><a href="#[16a7260]">WritePhone</a>
 <LI><a href="#[16a7218]">ClearState</a>
 <LI><a href="#[16a71d0]">GetState</a>
 <LI><a href="#[16a7188]">SetState</a>
 <LI><a href="#[16a7338]">AddSpace</a>
 <LI><a href="#[16a7380]">ReadSpace</a>
 <LI><a href="#[16a74e8]">ReadParTable</a>
 <LI><a href="#[16a7140]">GetAreaData</a>
 <LI><a href="#[16a70b0]">AccessAear</a>
 <LI><a href="#[16a7068]">DelAear</a>
 <LI><a href="#[16a22f0]">LogInfor</a>
 <LI><a href="#[16a22a8]">Orientation</a>
 <LI><a href="#[16a22a8]">Orientation</a>
 <LI><a href="#[16a22a8]">Orientation</a>
 <LI><a href="#[16a2260]">Menum</a>
 <LI><a href="#[16a2218]">TxtMenum</a>
 <LI><a href="#[16a21d0]">LookPar</a>
 <LI><a href="#[16a2188]">UpdateSoftWare</a>
 <LI><a href="#[16a2140]">Waring</a>
 <LI><a href="#[16a20f8]">UploaderJpg1</a>
 <LI><a href="#[16a2068]">UploaderJpg2</a>
 <LI><a href="#[16a2020]">UploaderPar</a>
 <LI><a href="#[16a1f48]">UploaderLog</a>
 <LI><a href="#[16a1f00]">UpLoaderWarning</a>
 <LI><a href="#[16a1eb8]">OutRoadMap</a>
 <LI><a href="#[16a1e70]">UpLoaderReduce1</a>
 <LI><a href="#[16a1e28]">UpLoaderDriver</a>
 <LI><a href="#[16a1de0]">UpLoaderHandMess</a>
 <LI><a href="#[16a24a0]">Init</a>
 <LI><a href="#[16a2410]">NoSemSend</a>
 <LI><a href="#[16a23c8]">WriteFlow</a>
 <LI><a href="#[16a2380]">WriteCommand</a>
 <LI><a href="#[16a2338]">Answer</a>
 <LI><a href="#[1753610]">AgreeData</a>
 <LI><a href="#[17535c8]">Orientation</a>
 <LI><a href="#[1753580]">Track</a>
 <LI><a href="#[1753538]">SetPar1</a>
 <LI><a href="#[17534f0]">UnlockWaring</a>
 <LI><a href="#[17534a8]">AmendMenum</a>
 <LI><a href="#[1753460]">LoaderTxt</a>
 <LI><a href="#[1753418]">LoaderTxtMenum</a>
 <LI><a href="#[17533d0]">SetPhone</a>
 <LI><a href="#[1753388]">CallAnswer</a>
 <LI><a href="#[17532b0]">UpdateSoftWare</a>
 <LI><a href="#[1753268]">LookPar</a>
 <LI><a href="#[1753220]">Contrl</a>
 <LI><a href="#[17531d8]">ConfineCall</a>
 <LI><a href="#[1753190]">ConfigCentrSever</a>
 <LI><a href="#[1753148]">Activation</a>
 <LI><a href="#[1753100]">LookJpg</a>
 <LI><a href="#[17530b8]">JpgIng</a>
 <LI><a href="#[1753070]">SetVidType</a>
 <LI><a href="#[1753028]">TabelList</a>
 <LI><a href="#[1752f98]">LookWorkPar</a>
 <LI><a href="#[1752f50]">WorkParTimer</a>
 <LI><a href="#[1752f08]">WorkParSpace</a>
 <LI><a href="#[1752ec0]">LookLog</a>
 <LI><a href="#[1752e78]">SetWaringTerm</a>
 <LI><a href="#[1752e30]">LookWaringTerm</a>
 <LI><a href="#[1752de8]">SetRound</a>
 <LI><a href="#[1752da0]">DelRound</a>
 <LI><a href="#[1752d58]">SetRectangle</a>
 <LI><a href="#[1752d10]">DelRectangle</a>
 <LI><a href="#[1752cc8]">SetPolygon</a>
 <LI><a href="#[1752c80]">DelPolygon</a>
 <LI><a href="#[1752c38]">SetRoadMap</a>
 <LI><a href="#[1752bf0]">DelRoadMap</a>
 <LI><a href="#[1752ba8]">Reduce</a>
 <LI><a href="#[1752b18]">Driver</a>
 <LI><a href="#[1752ad0]">Navigation</a>
 <LI><a href="#[1752a88]">HandTxt</a>
 <LI><a href="#[1752a40]">HandAttemper</a>
 <LI><a href="#[17529f8]">AmendForm</a>
 <LI><a href="#[17529b0]">UpLoaderForm</a>
 <LI><a href="#[1752968]">UpLoaderFormSuc</a>
 <LI><a href="#[1752920]">UpLoaderFormErro</a>
 <LI><a href="#[17528d8]">UpLoaderCan</a>
 <LI><a href="#[174d4c8]">Init</a>
 <LI><a href="#[1748478]">AccOper</a>
 <LI><a href="#[1748430]">OpenGps</a>
 <LI><a href="#[1748430]">OpenGps</a>
 <LI><a href="#[1748430]">OpenGps</a>
 <LI><a href="#[1748430]">OpenGps</a>
 <LI><a href="#[1748430]">OpenGps</a>
 <LI><a href="#[1748430]">OpenGps</a>
 <LI><a href="#[1748430]">OpenGps</a>
 <LI><a href="#[1748430]">OpenGps</a>
 <LI><a href="#[1748430]">OpenGps</a>
 <LI><a href="#[1748430]">OpenGps</a>
 <LI><a href="#[1748430]">OpenGps</a>
 <LI><a href="#[1748430]">OpenGps</a>
 <LI><a href="#[1748430]">OpenGps</a>
 <LI><a href="#[17483e8]">OpenGprs</a>
 <LI><a href="#[17483e8]">OpenGprs</a>
 <LI><a href="#[17483e8]">OpenGprs</a>
 <LI><a href="#[17483e8]">OpenGprs</a>
 <LI><a href="#[17483e8]">OpenGprs</a>
 <LI><a href="#[17483e8]">OpenGprs</a>
 <LI><a href="#[17483e8]">OpenGprs</a>
 <LI><a href="#[17483e8]">OpenGprs</a>
 <LI><a href="#[17483e8]">OpenGprs</a>
 <LI><a href="#[17483e8]">OpenGprs</a>
 <LI><a href="#[17483e8]">OpenGprs</a>
 <LI><a href="#[17483e8]">OpenGprs</a>
 <LI><a href="#[17483e8]">OpenGprs</a>
 <LI><a href="#[17483a0]">CloseGps</a>
 <LI><a href="#[1748358]">CloseGprs</a>
 <LI><a href="#[180c820]">Init</a>
 <LI><a href="#[180c5e0]">GetData</a>
 <LI><a href="#[18075b8]">InitSpace</a>
 <LI><a href="#[18074e0]">GetGps</a>
 <LI><a href="#[1807498]">Space_Track</a>
 <LI><a href="#[1807450]">Space_WorkParSpace</a>
 <LI><a href="#[18038d8]">Juge</a>
 <LI><a href="#[18af058]">Init</a>
 <LI><a href="#[18aa768]">Order_Phone</a>
 <LI><a href="#[18aa6d8]">SeePar</a>
 <LI><a href="#[18aa690]">SetPar</a>
 <LI><a href="#[18aa648]">Log</a>
 <LI><a href="#[18aa600]">Voic</a>
 <LI><a href="#[18aa5b8]">LCDRef</a>
 <LI><a href="#[18aa840]">Init</a>
 <LI><a href="#[18aa7f8]">GetData</a>
 <LI><a href="#[18a5c30]">Init</a>
 <LI><a href="#[18a59f0]">ptFunNewPhone</a>
 <LI><a href="#[18a5ba0]">ptFunHupWork</a>
 <LI><a href="#[18a59a8]">ptFunMostPhone</a>
 <LI><a href="#[18a5b58]">NewMessage</a>
 <LI><a href="#[18a5960]">CloseCall</a>
 <LI><a href="#[18a06d0]">Init</a>
 <LI><a href="#[18ca938]">ClearTimer</a>
 <LI><a href="#[18ca8a8]">ChargeLogin</a>
 <LI><a href="#[18ca860]">ChargeLoadDev</a>
 <LI><a href="#[18cab78]">Init</a>
 <LI><a href="#[18cab30]">OpenGps</a>
 <LI><a href="#[18caae8]">CloseGps</a>
 <LI><a href="#[18ca9c8]">OpenGprs</a>
 <LI><a href="#[18ca980]">CloseGprs</a>
 <LI><a href="#[18caa58]">OpenGprsNo</a>
 <LI><a href="#[18ca8f0]">OpenUart</a>
 <LI><a href="#[10511b8]">Init</a>
 <LI><a href="#[1051098]">Open</a>
 <LI><a href="#[1050fc0]">Close</a>
 <LI><a href="#[1050e10]">Write</a>
 <LI><a href="#[1050ee8]">Read</a>
 <LI><a href="#[18c7020]">Init</a>
</UL>
<P>
<H3>
Global Symbols
</H3>
<P><STRONG><a name="[c80c88]"></a>Reset_Handler</STRONG> (ARM, 0 bytes, Stack size unknown bytes, startup.o(RESET))
<BR><BR>[Stack]<UL><LI>Max Depth = 4 + Unknown Stack Size
<LI>Call Chain = Reset_Handler &rArr; TargetResetInit
</UL>
<BR>[Calls]<UL><LI><a href="#[c82200]">&gt;&gt;</a>&nbsp;&nbsp;&nbsp;TargetResetInit
</UL>
<BR>[Address Reference Count : 1]<UL><LI> startup.o(RESET)
</UL>
<P><STRONG><a name="[196ba90]"></a>__main</STRONG> (ARM, 8 bytes, Stack size 0 bytes, __main.o(!!!main))
<BR><BR>[Stack]<UL><LI>Max Depth = 64 + Unknown Stack Size
<LI>Call Chain = __main &rArr; __rt_entry &rArr; __rt_lib_init &rArr; _fp_init
</UL>
<BR>[Calls]<UL><LI><a href="#[1968888]">&gt;&gt;</a>&nbsp;&nbsp;&nbsp;__rt_entry
<LI><a href="#[1a1eb60]">&gt;&gt;</a>&nbsp;&nbsp;&nbsp;__scatterload
</UL>

<P><STRONG><a name="[1a1eb60]"></a>__scatterload</STRONG> (ARM, 0 bytes, Stack size unknown bytes, __scatter.o(!!!scatter))
<BR><BR>[Called By]<UL><LI><a href="#[196ba90]">&gt;&gt;</a>&nbsp;&nbsp;&nbsp;__main
</UL>

<P><STRONG><a name="[1a1eb18]"></a>__scatterload_rt2</STRONG> (ARM, 52 bytes, Stack size unknown bytes, __scatter.o(!!!scatter), UNUSED)
<BR><BR>[Calls]<UL><LI><a href="#[1968888]">&gt;&gt;</a>&nbsp;&nbsp;&nbsp;__rt_entry
</UL>

<P><STRONG><a name="[1a1ead0]"></a>__scatterload_null</STRONG> (ARM, 0 bytes, Stack size unknown bytes, __scatter.o(!!!scatter), UNUSED)

<P><STRONG><a name="[1a1ede8]"></a>__decompress</STRONG> (ARM, 92 bytes, Stack size unknown bytes, __dczerorl2.o(!!dczerorl2), UNUSED)

<P><STRONG><a name="[1a1eda0]"></a>__decompress1</STRONG> (ARM, 0 bytes, Stack size unknown bytes, __dczerorl2.o(!!dczerorl2), UNUSED)

<P><STRONG><a name="[1a1e890]"></a>__scatterload_zeroinit</STRONG> (ARM, 44 bytes, Stack size unknown bytes, __scatter_zi.o(!!handler_zi), UNUSED)

<P><STRONG><a name="[1964280]"></a>__ARM_argv_veneer</STRONG> (ARM, 16 bytes, Stack size 0 bytes, lib_init.o(.emb_text))
<BR><BR>[Called By]<UL><LI><a href="#[19641f0]">&gt;&gt;</a>&nbsp;&nbsp;&nbsp;__rt_lib_init (via Veneer)
</UL>

<P><STRONG><a name="[c822d8]"></a>ConfigurePLL</STRONG> (ARM, 304 bytes, Stack size 0 bytes, target.o(.text))
<BR><BR>[Called By]<UL><LI><a href="#[c82200]">&gt;&gt;</a>&nbsp;&nbsp;&nbsp;TargetResetInit
</UL>

<P><STRONG><a name="[c82290]"></a>GPIOResetInit</STRONG> (ARM, 120 bytes, Stack size 0 bytes, target.o(.text))
<BR><BR>[Called By]<UL><LI><a href="#[c82200]">&gt;&gt;</a>&nbsp;&nbsp;&nbsp;TargetResetInit
</UL>

<P><STRONG><a name="[c82248]"></a>init_VIC</STRONG> (ARM, 88 bytes, Stack size 0 bytes, target.o(.text))
<BR><BR>[Called By]<UL><LI><a href="#[c82200]">&gt;&gt;</a>&nbsp;&nbsp;&nbsp;TargetResetInit
</UL>

<P><STRONG><a name="[c82200]"></a>TargetResetInit</STRONG> (ARM, 92 bytes, Stack size 4 bytes, target.o(.text))
<BR><BR>[Stack]<UL><LI>Max Depth = 4<LI>Call Chain = TargetResetInit
</UL>
<BR>[Calls]<UL><LI><a href="#[c82248]">&gt;&gt;</a>&nbsp;&nbsp;&nbsp;init_VIC
<LI><a href="#[c82290]">&gt;&gt;</a>&nbsp;&nbsp;&nbsp;GPIOResetInit
<LI><a href="#[c822d8]">&gt;&gt;</a>&nbsp;&nbsp;&nbsp;ConfigurePLL
</UL>
<BR>[Called By]<UL><LI><a href="#[c80c88]">&gt;&gt;</a>&nbsp;&nbsp;&nbsp;Reset_Handler
</UL>

<P><STRONG><a name="[c821b8]"></a>Install_IRQ</STRONG> (ARM, 92 bytes, Stack size 8 bytes, target.o(.text))
<BR><BR>[Stack]<UL><LI>Max Depth = 8<LI>Call Chain = Install_IRQ
</UL>
<BR>[Called By]<UL><LI><a href="#[c82008]">&gt;&gt;</a>&nbsp;&nbsp;&nbsp;VIC_Setup
</UL>

<P><STRONG><a name="[c82170]"></a>init_port</STRONG> (ARM, 72 bytes, Stack size 0 bytes, target.o(.text))
<BR><BR>[Called By]<UL><LI><a href="#[c81fc0]">&gt;&gt;</a>&nbsp;&nbsp;&nbsp;TargetInit
</UL>

<P><STRONG><a name="[c82128]"></a>IRQ_Exception</STRONG> (ARM, 8 bytes, Stack size 0 bytes, target.o(.text), UNUSED)
<BR><BR>[Called By]<UL><LI><a href="#[c816b8]">&gt;&gt;</a>&nbsp;&nbsp;&nbsp;IRQ_Handler
</UL>

<P><STRONG><a name="[c820e0]"></a>FIQ_Exception</STRONG> (ARM, 8 bytes, Stack size 0 bytes, target.o(.text))
<BR><BR>[Called By]<UL><LI><a href="#[c80df0]">&gt;&gt;</a>&nbsp;&nbsp;&nbsp;FIQ_Handler
</UL>

<P><STRONG><a name="[c82098]"></a>Timer0_Exception</STRONG> (ARM, 36 bytes, Stack size 8 bytes, target.o(.text))
<BR><BR>[Stack]<UL><LI>Max Depth = 16<LI>Call Chain = Timer0_Exception &rArr; OSTimeTick
</UL>
<BR>[Calls]<UL><LI><a href="#[c81ea0]">&gt;&gt;</a>&nbsp;&nbsp;&nbsp;OSTimeTick
</UL>
<BR>[Called By]<UL><LI><a href="#[c81e58]">&gt;&gt;</a>&nbsp;&nbsp;&nbsp;Timer0_Handler
</UL>

<P><STRONG><a name="[c82050]"></a>Timer0Init</STRONG> (ARM, 48 bytes, Stack size 0 bytes, target.o(.text))
<BR><BR>[Called By]<UL><LI><a href="#[c81fc0]">&gt;&gt;</a>&nbsp;&nbsp;&nbsp;TargetInit
</UL>

<P><STRONG><a name="[c82008]"></a>VIC_Setup</STRONG> (ARM, 156 bytes, Stack size 4 bytes, target.o(.text))
<BR><BR>[Stack]<UL><LI>Max Depth = 12<LI>Call Chain = VIC_Setup &rArr; Install_IRQ
</UL>
<BR>[Calls]<UL><LI><a href="#[c821b8]">&gt;&gt;</a>&nbsp;&nbsp;&nbsp;Install_IRQ
</UL>
<BR>[Called By]<UL><LI><a href="#[c81fc0]">&gt;&gt;</a>&nbsp;&nbsp;&nbsp;TargetInit
</UL>

<P><STRONG><a name="[c81fc0]"></a>TargetInit</STRONG> (ARM, 44 bytes, Stack size 8 bytes, target.o(.text))
<BR><BR>[Stack]<UL><LI>Max Depth = 20<LI>Call Chain = TargetInit &rArr; VIC_Setup &rArr; Install_IRQ
</UL>
<BR>[Calls]<UL><LI><a href="#[c82008]">&gt;&gt;</a>&nbsp;&nbsp;&nbsp;VIC_Setup
<LI><a href="#[c82050]">&gt;&gt;</a>&nbsp;&nbsp;&nbsp;Timer0Init
<LI><a href="#[c82170]">&gt;&gt;</a>&nbsp;&nbsp;&nbsp;init_port
<LI><a href="#[c82bd8]">&gt;&gt;</a>&nbsp;&nbsp;&nbsp;InitWTD
<LI><a href="#[196d8e8]">&gt;&gt;</a>&nbsp;&nbsp;&nbsp;srand (via Veneer)
</UL>
<BR>[Called By]<UL><LI><a href="#[196f598]">&gt;&gt;</a>&nbsp;&nbsp;&nbsp;main
</UL>

<P><STRONG><a name="[c81f78]"></a>WatchDog</STRONG> (ARM, 72 bytes, Stack size 0 bytes, target.o(.text))
<BR><BR>[Called By]<UL><LI><a href="#[c7f180]">&gt;&gt;</a>&nbsp;&nbsp;&nbsp;OSTaskIdleHook
<LI><a href="#[1045618]">&gt;&gt;</a>&nbsp;&nbsp;&nbsp;DS18B20WriteBit
<LI><a href="#[1045660]">&gt;&gt;</a>&nbsp;&nbsp;&nbsp;DS18B20ReadByte
<LI><a href="#[10456a8]">&gt;&gt;</a>&nbsp;&nbsp;&nbsp;DS18B20ReadBit
<LI><a href="#[1045738]">&gt;&gt;</a>&nbsp;&nbsp;&nbsp;DS18B20Reset
<LI><a href="#[1047d00]">&gt;&gt;</a>&nbsp;&nbsp;&nbsp;Read
<LI><a href="#[1050e58]">&gt;&gt;</a>&nbsp;&nbsp;&nbsp;Write0
<LI><a href="#[1242aa0]">&gt;&gt;</a>&nbsp;&nbsp;&nbsp;Read
<LI><a href="#[124f468]">&gt;&gt;</a>&nbsp;&nbsp;&nbsp;ModermCom1
<LI><a href="#[12fa908]">&gt;&gt;</a>&nbsp;&nbsp;&nbsp;AgreeData
<LI><a href="#[12fe830]">&gt;&gt;</a>&nbsp;&nbsp;&nbsp;JugeOrder
<LI><a href="#[13abee8]">&gt;&gt;</a>&nbsp;&nbsp;&nbsp;Send
<LI><a href="#[13abf30]">&gt;&gt;</a>&nbsp;&nbsp;&nbsp;Agree
<LI><a href="#[1460b68]">&gt;&gt;</a>&nbsp;&nbsp;&nbsp;Task
<LI><a href="#[1464318]">&gt;&gt;</a>&nbsp;&nbsp;&nbsp;Task
<LI><a href="#[14ee500]">&gt;&gt;</a>&nbsp;&nbsp;&nbsp;Explain
<LI><a href="#[14f1f38]">&gt;&gt;</a>&nbsp;&nbsp;&nbsp;Task
<LI><a href="#[14f5648]">&gt;&gt;</a>&nbsp;&nbsp;&nbsp;Task
<LI><a href="#[14f5720]">&gt;&gt;</a>&nbsp;&nbsp;&nbsp;JugeEvent
<LI><a href="#[14f8838]">&gt;&gt;</a>&nbsp;&nbsp;&nbsp;Task
<LI><a href="#[14f8880]">&gt;&gt;</a>&nbsp;&nbsp;&nbsp;Photo
<LI><a href="#[14fbc50]">&gt;&gt;</a>&nbsp;&nbsp;&nbsp;Task
<LI><a href="#[14fbce0]">&gt;&gt;</a>&nbsp;&nbsp;&nbsp;JugeEvent
<LI><a href="#[15d4a38]">&gt;&gt;</a>&nbsp;&nbsp;&nbsp;Write1
<LI><a href="#[15d4a80]">&gt;&gt;</a>&nbsp;&nbsp;&nbsp;WriteSig
<LI><a href="#[15d4c78]">&gt;&gt;</a>&nbsp;&nbsp;&nbsp;Task
<LI><a href="#[15d9038]">&gt;&gt;</a>&nbsp;&nbsp;&nbsp;Explain
<LI><a href="#[15db718]">&gt;&gt;</a>&nbsp;&nbsp;&nbsp;FileData_BackSet
<LI><a href="#[16a24e8]">&gt;&gt;</a>&nbsp;&nbsp;&nbsp;Task
<LI><a href="#[16a2578]">&gt;&gt;</a>&nbsp;&nbsp;&nbsp;NoSemTrack
<LI><a href="#[16a2608]">&gt;&gt;</a>&nbsp;&nbsp;&nbsp;NoSemWorkPar
<LI><a href="#[16a2698]">&gt;&gt;</a>&nbsp;&nbsp;&nbsp;NoSemReduce
<LI><a href="#[16a2728]">&gt;&gt;</a>&nbsp;&nbsp;&nbsp;NoSemJpgData
<LI><a href="#[16a27b8]">&gt;&gt;</a>&nbsp;&nbsp;&nbsp;NoSemDriver
<LI><a href="#[16a2968]">&gt;&gt;</a>&nbsp;&nbsp;&nbsp;Send
<LI><a href="#[16a7410]">&gt;&gt;</a>&nbsp;&nbsp;&nbsp;WriteFlow
<LI><a href="#[16a98d8]">&gt;&gt;</a>&nbsp;&nbsp;&nbsp;FileData_CheckFile
<LI><a href="#[16ab198]">&gt;&gt;</a>&nbsp;&nbsp;&nbsp;BackFacFile
<LI><a href="#[1748478]">&gt;&gt;</a>&nbsp;&nbsp;&nbsp;AccOper
<LI><a href="#[174d4c8]">&gt;&gt;</a>&nbsp;&nbsp;&nbsp;Init
<LI><a href="#[1753610]">&gt;&gt;</a>&nbsp;&nbsp;&nbsp;AgreeData
<LI><a href="#[180c5e0]">&gt;&gt;</a>&nbsp;&nbsp;&nbsp;GetData
<LI><a href="#[180c820]">&gt;&gt;</a>&nbsp;&nbsp;&nbsp;Init
<LI><a href="#[18a0718]">&gt;&gt;</a>&nbsp;&nbsp;&nbsp;Task
<LI><a href="#[18a08c8]">&gt;&gt;</a>&nbsp;&nbsp;&nbsp;GetSevPar
<LI><a href="#[18a0910]">&gt;&gt;</a>&nbsp;&nbsp;&nbsp;GetSevParSigle
<LI><a href="#[18aa5b8]">&gt;&gt;</a>&nbsp;&nbsp;&nbsp;LCDRef
<LI><a href="#[18aa648]">&gt;&gt;</a>&nbsp;&nbsp;&nbsp;Log
<LI><a href="#[18aa7f8]">&gt;&gt;</a>&nbsp;&nbsp;&nbsp;GetData
<LI><a href="#[18af0a0]">&gt;&gt;</a>&nbsp;&nbsp;&nbsp;Task
<LI><a href="#[18c7068]">&gt;&gt;</a>&nbsp;&nbsp;&nbsp;Task
</UL>

<P><STRONG><a name="[c80cd0]"></a>__user_initial_stackheap</STRONG> (ARM, 0 bytes, Stack size unknown bytes, startup.o(.text))
<BR><BR>[Called By]<UL><LI><a href="#[1968260]">&gt;&gt;</a>&nbsp;&nbsp;&nbsp;__user_setup_stackheap
</UL>

<P><STRONG><a name="[c7f498]"></a>OSTaskStkInit</STRONG> (ARM, 232 bytes, Stack size 8 bytes, os_cpu_c.o(.text))
<BR><BR>[Stack]<UL><LI>Max Depth = 8<LI>Call Chain = OSTaskStkInit
</UL>
<BR>[Called By]<UL><LI><a href="#[c77598]">&gt;&gt;</a>&nbsp;&nbsp;&nbsp;OSTaskCreate
<LI><a href="#[c7d328]">&gt;&gt;</a>&nbsp;&nbsp;&nbsp;OSTaskCreateExt
</UL>

<P><STRONG><a name="[c7f450]"></a>SWI_Exception</STRONG> (ARM, 336 bytes, Stack size 4 bytes, os_cpu_c.o(.text))
<BR><BR>[Stack]<UL><LI>Max Depth = 4<LI>Call Chain = SWI_Exception
</UL>
<BR>[Called By]<UL><LI><a href="#[c80c40]">&gt;&gt;</a>&nbsp;&nbsp;&nbsp;SoftwareInterrupt
</UL>

<P><STRONG><a name="[c7f408]"></a>OSStartHighRdy</STRONG> (ARM, 16 bytes, Stack size 8 bytes, os_cpu_c.o(.text))
<BR><BR>[Stack]<UL><LI>Max Depth = 8<LI>Call Chain = OSStartHighRdy
</UL>
<BR>[Called By]<UL><LI><a href="#[c7d5b0]">&gt;&gt;</a>&nbsp;&nbsp;&nbsp;OSStart
</UL>

<P><STRONG><a name="[c7f3c0]"></a>OSInitHookBegin</STRONG> (ARM, 4 bytes, Stack size 0 bytes, os_cpu_c.o(.text))
<BR><BR>[Called By]<UL><LI><a href="#[c7d718]">&gt;&gt;</a>&nbsp;&nbsp;&nbsp;OSInit
</UL>

<P><STRONG><a name="[c7f378]"></a>OSInitHookEnd</STRONG> (ARM, 4 bytes, Stack size 0 bytes, os_cpu_c.o(.text))
<BR><BR>[Called By]<UL><LI><a href="#[c7d718]">&gt;&gt;</a>&nbsp;&nbsp;&nbsp;OSInit
</UL>

<P><STRONG><a name="[c7f330]"></a>OSTaskCreateHook</STRONG> (ARM, 8 bytes, Stack size 0 bytes, os_cpu_c.o(.text))
<BR><BR>[Called By]<UL><LI><a href="#[c7d370]">&gt;&gt;</a>&nbsp;&nbsp;&nbsp;OS_TCBInit
</UL>

<P><STRONG><a name="[c7f2e8]"></a>OSTaskDelHook</STRONG> (ARM, 8 bytes, Stack size 0 bytes, os_cpu_c.o(.text), UNUSED)
<BR><BR>[Called By]<UL><LI><a href="#[c77550]">&gt;&gt;</a>&nbsp;&nbsp;&nbsp;OSTaskDel
</UL>

<P><STRONG><a name="[c7f2a0]"></a>OSTaskSwHook</STRONG> (ARM, 4 bytes, Stack size 0 bytes, os_cpu_c.o(.text))
<BR><BR>[Called By]<UL><LI><a href="#[c7edd0]">&gt;&gt;</a>&nbsp;&nbsp;&nbsp;__OSStartHighRdy
<LI><a href="#[c815e0]">&gt;&gt;</a>&nbsp;&nbsp;&nbsp;OSIntCtxSw
</UL>

<P><STRONG><a name="[c7f258]"></a>OSTaskStatHook</STRONG> (ARM, 4 bytes, Stack size 0 bytes, os_cpu_c.o(.text), UNUSED)
<BR><BR>[Called By]<UL><LI><a href="#[c7d7a8]">&gt;&gt;</a>&nbsp;&nbsp;&nbsp;OS_TaskStat
</UL>

<P><STRONG><a name="[c7f210]"></a>OSTCBInitHook</STRONG> (ARM, 8 bytes, Stack size 0 bytes, os_cpu_c.o(.text))
<BR><BR>[Called By]<UL><LI><a href="#[c7d370]">&gt;&gt;</a>&nbsp;&nbsp;&nbsp;OS_TCBInit
</UL>

<P><STRONG><a name="[c7f1c8]"></a>OSTimeTickHook</STRONG> (ARM, 4 bytes, Stack size 0 bytes, os_cpu_c.o(.text))
<BR><BR>[Called By]<UL><LI><a href="#[c81ea0]">&gt;&gt;</a>&nbsp;&nbsp;&nbsp;OSTimeTick
</UL>

<P><STRONG><a name="[c7f180]"></a>OSTaskIdleHook</STRONG> (ARM, 16 bytes, Stack size 8 bytes, os_cpu_c.o(.text), UNUSED)
<BR><BR>[Calls]<UL><LI><a href="#[c81f78]">&gt;&gt;</a>&nbsp;&nbsp;&nbsp;WatchDog
</UL>
<BR>[Called By]<UL><LI><a href="#[c7d760]">&gt;&gt;</a>&nbsp;&nbsp;&nbsp;OS_TaskIdle
</UL>

<P><STRONG><a name="[c7d7a8]"></a>OS_TaskStat</STRONG> (ARM, 220 bytes, Stack size 24 bytes, os_core.o(.text), UNUSED)
<BR><BR>[Calls]<UL><LI><a href="#[c7d2e0]">&gt;&gt;</a>&nbsp;&nbsp;&nbsp;OSTimeDly
<LI><a href="#[c7f258]">&gt;&gt;</a>&nbsp;&nbsp;&nbsp;OSTaskStatHook
<LI><a href="#[196c9c8]">&gt;&gt;</a>&nbsp;&nbsp;&nbsp;__aeabi_uidivmod
</UL>

<P><STRONG><a name="[c7d760]"></a>OS_TaskIdle</STRONG> (ARM, 48 bytes, Stack size 8 bytes, os_core.o(.text), UNUSED)
<BR><BR>[Calls]<UL><LI><a href="#[c7f180]">&gt;&gt;</a>&nbsp;&nbsp;&nbsp;OSTaskIdleHook
</UL>

<P><STRONG><a name="[c7d718]"></a>OSInit</STRONG> (ARM, 56 bytes, Stack size 8 bytes, os_core.o(.text))
<BR><BR>[Stack]<UL><LI>Max Depth = 128<LI>Call Chain = OSInit &rArr; OS_InitTaskIdle &rArr; OSTaskCreateExt &rArr; OS_TCBInit
</UL>
<BR>[Calls]<UL><LI><a href="#[c7d208]">&gt;&gt;</a>&nbsp;&nbsp;&nbsp;OS_QInit
<LI><a href="#[c7d250]">&gt;&gt;</a>&nbsp;&nbsp;&nbsp;OS_MemInit
<LI><a href="#[c7d298]">&gt;&gt;</a>&nbsp;&nbsp;&nbsp;OS_FlagInit
<LI><a href="#[c7e330]">&gt;&gt;</a>&nbsp;&nbsp;&nbsp;OS_InitMisc
<LI><a href="#[c7e378]">&gt;&gt;</a>&nbsp;&nbsp;&nbsp;OS_InitRdyList
<LI><a href="#[c7e3c0]">&gt;&gt;</a>&nbsp;&nbsp;&nbsp;OS_InitTCBList
<LI><a href="#[c7e408]">&gt;&gt;</a>&nbsp;&nbsp;&nbsp;OS_InitEventList
<LI><a href="#[c7e450]">&gt;&gt;</a>&nbsp;&nbsp;&nbsp;OS_InitTaskIdle
<LI><a href="#[c7e498]">&gt;&gt;</a>&nbsp;&nbsp;&nbsp;OS_InitTaskStat
<LI><a href="#[c7f378]">&gt;&gt;</a>&nbsp;&nbsp;&nbsp;OSInitHookEnd
<LI><a href="#[c7f3c0]">&gt;&gt;</a>&nbsp;&nbsp;&nbsp;OSInitHookBegin
</UL>
<BR>[Called By]<UL><LI><a href="#[196f598]">&gt;&gt;</a>&nbsp;&nbsp;&nbsp;main
</UL>

<P><STRONG><a name="[c7d6d0]"></a>OSIntEnter</STRONG> (ARM, 56 bytes, Stack size 0 bytes, os_core.o(.text), UNUSED)

<P><STRONG><a name="[c81598]"></a>OSIntExit</STRONG> (ARM, 240 bytes, Stack size 8 bytes, os_core.o(.text))
<BR><BR>[Stack]<UL><LI>Max Depth = 8<LI>Call Chain = OSIntExit
</UL>
<BR>[Called By]<UL><LI><a href="#[c816b8]">&gt;&gt;</a>&nbsp;&nbsp;&nbsp;IRQ_Handler
<LI><a href="#[c81ca8]">&gt;&gt;</a>&nbsp;&nbsp;&nbsp;Uart3_Handler
<LI><a href="#[c81cf0]">&gt;&gt;</a>&nbsp;&nbsp;&nbsp;Uart2_Handler
<LI><a href="#[c81d38]">&gt;&gt;</a>&nbsp;&nbsp;&nbsp;Uart1_Handler
<LI><a href="#[c81d80]">&gt;&gt;</a>&nbsp;&nbsp;&nbsp;Uart0_Handler
<LI><a href="#[c81dc8]">&gt;&gt;</a>&nbsp;&nbsp;&nbsp;Timer2_Handler
<LI><a href="#[c81e10]">&gt;&gt;</a>&nbsp;&nbsp;&nbsp;Timer1_Handler
<LI><a href="#[c81e58]">&gt;&gt;</a>&nbsp;&nbsp;&nbsp;Timer0_Handler
<LI><a href="#[c81ee8]">&gt;&gt;</a>&nbsp;&nbsp;&nbsp;EINT2_Handler
<LI><a href="#[c81f30]">&gt;&gt;</a>&nbsp;&nbsp;&nbsp;CAN_Handler
</UL>

<P><STRONG><a name="[c7d688]"></a>OSSchedLock</STRONG> (ARM, 72 bytes, Stack size 8 bytes, os_core.o(.text), UNUSED)

<P><STRONG><a name="[c7d640]"></a>OS_Sched</STRONG> (ARM, 168 bytes, Stack size 8 bytes, os_core.o(.text))
<BR><BR>[Stack]<UL><LI>Max Depth = 8<LI>Call Chain = OS_Sched
</UL>
<BR>[Called By]<UL><LI><a href="#[c767c0]">&gt;&gt;</a>&nbsp;&nbsp;&nbsp;OSTimeDlyResume
<LI><a href="#[c77430]">&gt;&gt;</a>&nbsp;&nbsp;&nbsp;OSTaskSuspend
<LI><a href="#[c774c0]">&gt;&gt;</a>&nbsp;&nbsp;&nbsp;OSTaskResume
<LI><a href="#[c77550]">&gt;&gt;</a>&nbsp;&nbsp;&nbsp;OSTaskDel
<LI><a href="#[c77598]">&gt;&gt;</a>&nbsp;&nbsp;&nbsp;OSTaskCreate
<LI><a href="#[c775e0]">&gt;&gt;</a>&nbsp;&nbsp;&nbsp;OSTaskChangePrio
<LI><a href="#[c781e0]">&gt;&gt;</a>&nbsp;&nbsp;&nbsp;OSSemPost
<LI><a href="#[c78228]">&gt;&gt;</a>&nbsp;&nbsp;&nbsp;OSSemPend
<LI><a href="#[c78270]">&gt;&gt;</a>&nbsp;&nbsp;&nbsp;OSSemDel
<LI><a href="#[c78e90]">&gt;&gt;</a>&nbsp;&nbsp;&nbsp;OSQPostOpt
<LI><a href="#[c78ed8]">&gt;&gt;</a>&nbsp;&nbsp;&nbsp;OSQPostFront
<LI><a href="#[c78f20]">&gt;&gt;</a>&nbsp;&nbsp;&nbsp;OSQPost
<LI><a href="#[c78f68]">&gt;&gt;</a>&nbsp;&nbsp;&nbsp;OSQPend
<LI><a href="#[c78ff8]">&gt;&gt;</a>&nbsp;&nbsp;&nbsp;OSQDel
<LI><a href="#[c7b610]">&gt;&gt;</a>&nbsp;&nbsp;&nbsp;OSMboxPostOpt
<LI><a href="#[c7b658]">&gt;&gt;</a>&nbsp;&nbsp;&nbsp;OSMboxPost
<LI><a href="#[c7b6a0]">&gt;&gt;</a>&nbsp;&nbsp;&nbsp;OSMboxPend
<LI><a href="#[c7b6e8]">&gt;&gt;</a>&nbsp;&nbsp;&nbsp;OSMboxDel
<LI><a href="#[c7c358]">&gt;&gt;</a>&nbsp;&nbsp;&nbsp;OSFlagPost
<LI><a href="#[c7c3a0]">&gt;&gt;</a>&nbsp;&nbsp;&nbsp;OSFlagPend
<LI><a href="#[c7c3e8]">&gt;&gt;</a>&nbsp;&nbsp;&nbsp;OSFlagDel
<LI><a href="#[c7d2e0]">&gt;&gt;</a>&nbsp;&nbsp;&nbsp;OSTimeDly
<LI><a href="#[c7d328]">&gt;&gt;</a>&nbsp;&nbsp;&nbsp;OSTaskCreateExt
<LI><a href="#[c7d5f8]">&gt;&gt;</a>&nbsp;&nbsp;&nbsp;OSSchedUnlock
</UL>

<P><STRONG><a name="[c7d5f8]"></a>OSSchedUnlock</STRONG> (ARM, 124 bytes, Stack size 8 bytes, os_core.o(.text), UNUSED)
<BR><BR>[Calls]<UL><LI><a href="#[c7d640]">&gt;&gt;</a>&nbsp;&nbsp;&nbsp;OS_Sched
</UL>

<P><STRONG><a name="[c7d5b0]"></a>OSStart</STRONG> (ARM, 132 bytes, Stack size 16 bytes, os_core.o(.text))
<BR><BR>[Stack]<UL><LI>Max Depth = 24<LI>Call Chain = OSStart &rArr; OSStartHighRdy
</UL>
<BR>[Calls]<UL><LI><a href="#[c7f408]">&gt;&gt;</a>&nbsp;&nbsp;&nbsp;OSStartHighRdy
</UL>
<BR>[Called By]<UL><LI><a href="#[196f598]">&gt;&gt;</a>&nbsp;&nbsp;&nbsp;main
</UL>

<P><STRONG><a name="[c7d568]"></a>OSStatInit</STRONG> (ARM, 84 bytes, Stack size 8 bytes, os_core.o(.text), UNUSED)
<BR><BR>[Calls]<UL><LI><a href="#[c7d2e0]">&gt;&gt;</a>&nbsp;&nbsp;&nbsp;OSTimeDly
</UL>

<P><STRONG><a name="[c81ea0]"></a>OSTimeTick</STRONG> (ARM, 212 bytes, Stack size 8 bytes, os_core.o(.text))
<BR><BR>[Stack]<UL><LI>Max Depth = 8<LI>Call Chain = OSTimeTick
</UL>
<BR>[Calls]<UL><LI><a href="#[c7f1c8]">&gt;&gt;</a>&nbsp;&nbsp;&nbsp;OSTimeTickHook
</UL>
<BR>[Called By]<UL><LI><a href="#[c82098]">&gt;&gt;</a>&nbsp;&nbsp;&nbsp;Timer0_Exception
</UL>

<P><STRONG><a name="[c7d520]"></a>OSVersion</STRONG> (ARM, 8 bytes, Stack size 0 bytes, os_core.o(.text), UNUSED)

<P><STRONG><a name="[c7d4d8]"></a>OS_Dummy</STRONG> (ARM, 4 bytes, Stack size 0 bytes, os_core.o(.text), UNUSED)
<BR><BR>[Called By]<UL><LI><a href="#[c77550]">&gt;&gt;</a>&nbsp;&nbsp;&nbsp;OSTaskDel
</UL>

<P><STRONG><a name="[c7d490]"></a>OS_EventTaskRdy</STRONG> (ARM, 188 bytes, Stack size 24 bytes, os_core.o(.text))
<BR><BR>[Stack]<UL><LI>Max Depth = 24<LI>Call Chain = OS_EventTaskRdy
</UL>
<BR>[Called By]<UL><LI><a href="#[c781e0]">&gt;&gt;</a>&nbsp;&nbsp;&nbsp;OSSemPost
<LI><a href="#[c78270]">&gt;&gt;</a>&nbsp;&nbsp;&nbsp;OSSemDel
<LI><a href="#[c78e90]">&gt;&gt;</a>&nbsp;&nbsp;&nbsp;OSQPostOpt
<LI><a href="#[c78ed8]">&gt;&gt;</a>&nbsp;&nbsp;&nbsp;OSQPostFront
<LI><a href="#[c78f20]">&gt;&gt;</a>&nbsp;&nbsp;&nbsp;OSQPost
<LI><a href="#[c78ff8]">&gt;&gt;</a>&nbsp;&nbsp;&nbsp;OSQDel
<LI><a href="#[c7b610]">&gt;&gt;</a>&nbsp;&nbsp;&nbsp;OSMboxPostOpt
<LI><a href="#[c7b658]">&gt;&gt;</a>&nbsp;&nbsp;&nbsp;OSMboxPost
<LI><a href="#[c7b6e8]">&gt;&gt;</a>&nbsp;&nbsp;&nbsp;OSMboxDel
</UL>

<P><STRONG><a name="[c7d448]"></a>OS_EventTaskWait</STRONG> (ARM, 188 bytes, Stack size 0 bytes, os_core.o(.text))
<BR><BR>[Called By]<UL><LI><a href="#[c78228]">&gt;&gt;</a>&nbsp;&nbsp;&nbsp;OSSemPend
<LI><a href="#[c78f68]">&gt;&gt;</a>&nbsp;&nbsp;&nbsp;OSQPend
<LI><a href="#[c7b6a0]">&gt;&gt;</a>&nbsp;&nbsp;&nbsp;OSMboxPend
</UL>

<P><STRONG><a name="[c7d400]"></a>OS_EventTO</STRONG> (ARM, 116 bytes, Stack size 0 bytes, os_core.o(.text))
<BR><BR>[Called By]<UL><LI><a href="#[c78228]">&gt;&gt;</a>&nbsp;&nbsp;&nbsp;OSSemPend
<LI><a href="#[c78f68]">&gt;&gt;</a>&nbsp;&nbsp;&nbsp;OSQPend
<LI><a href="#[c7b6a0]">&gt;&gt;</a>&nbsp;&nbsp;&nbsp;OSMboxPend
</UL>

<P><STRONG><a name="[c7d3b8]"></a>OS_EventWaitListInit</STRONG> (ARM, 28 bytes, Stack size 0 bytes, os_core.o(.text))
<BR><BR>[Called By]<UL><LI><a href="#[c782b8]">&gt;&gt;</a>&nbsp;&nbsp;&nbsp;OSSemCreate
<LI><a href="#[c79040]">&gt;&gt;</a>&nbsp;&nbsp;&nbsp;OSQCreate
<LI><a href="#[c7b730]">&gt;&gt;</a>&nbsp;&nbsp;&nbsp;OSMboxCreate
</UL>

<P><STRONG><a name="[c7d370]"></a>OS_TCBInit</STRONG> (ARM, 336 bytes, Stack size 40 bytes, os_core.o(.text))
<BR><BR>[Stack]<UL><LI>Max Depth = 40<LI>Call Chain = OS_TCBInit
</UL>
<BR>[Calls]<UL><LI><a href="#[c7f210]">&gt;&gt;</a>&nbsp;&nbsp;&nbsp;OSTCBInitHook
<LI><a href="#[c7f330]">&gt;&gt;</a>&nbsp;&nbsp;&nbsp;OSTaskCreateHook
</UL>
<BR>[Called By]<UL><LI><a href="#[c77598]">&gt;&gt;</a>&nbsp;&nbsp;&nbsp;OSTaskCreate
<LI><a href="#[c7d328]">&gt;&gt;</a>&nbsp;&nbsp;&nbsp;OSTaskCreateExt
</UL>

<P><STRONG><a name="[c7c4c0]"></a>OSFlagAccept</STRONG> (ARM, 440 bytes, Stack size 32 bytes, os_flag.o(.text), UNUSED)

<P><STRONG><a name="[c7c478]"></a>OSFlagCreate</STRONG> (ARM, 144 bytes, Stack size 16 bytes, os_flag.o(.text), UNUSED)

<P><STRONG><a name="[c7c430]"></a>OS_FlagUnlink</STRONG> (ARM, 84 bytes, Stack size 4 bytes, os_flag.o(.text), UNUSED)
<BR><BR>[Called By]<UL><LI><a href="#[c77550]">&gt;&gt;</a>&nbsp;&nbsp;&nbsp;OSTaskDel
<LI><a href="#[c7c3a0]">&gt;&gt;</a>&nbsp;&nbsp;&nbsp;OSFlagPend
<LI><a href="#[c7c8f8]">&gt;&gt;</a>&nbsp;&nbsp;&nbsp;OS_FlagTaskRdy
</UL>

<P><STRONG><a name="[c7c3e8]"></a>OSFlagDel</STRONG> (ARM, 344 bytes, Stack size 24 bytes, os_flag.o(.text), UNUSED)
<BR><BR>[Calls]<UL><LI><a href="#[c7c8f8]">&gt;&gt;</a>&nbsp;&nbsp;&nbsp;OS_FlagTaskRdy
<LI><a href="#[c7d640]">&gt;&gt;</a>&nbsp;&nbsp;&nbsp;OS_Sched
</UL>

<P><STRONG><a name="[c7c3a0]"></a>OSFlagPend</STRONG> (ARM, 816 bytes, Stack size 64 bytes, os_flag.o(.text), UNUSED)
<BR><BR>[Calls]<UL><LI><a href="#[c7c430]">&gt;&gt;</a>&nbsp;&nbsp;&nbsp;OS_FlagUnlink
<LI><a href="#[c7c8b0]">&gt;&gt;</a>&nbsp;&nbsp;&nbsp;OS_FlagBlock
<LI><a href="#[c7d640]">&gt;&gt;</a>&nbsp;&nbsp;&nbsp;OS_Sched
</UL>

<P><STRONG><a name="[c7c358]"></a>OSFlagPost</STRONG> (ARM, 496 bytes, Stack size 40 bytes, os_flag.o(.text), UNUSED)
<BR><BR>[Calls]<UL><LI><a href="#[c7c8f8]">&gt;&gt;</a>&nbsp;&nbsp;&nbsp;OS_FlagTaskRdy
<LI><a href="#[c7d640]">&gt;&gt;</a>&nbsp;&nbsp;&nbsp;OS_Sched
</UL>

<P><STRONG><a name="[c7c310]"></a>OSFlagQuery</STRONG> (ARM, 96 bytes, Stack size 16 bytes, os_flag.o(.text), UNUSED)

<P><STRONG><a name="[c7d298]"></a>OS_FlagInit</STRONG> (ARM, 76 bytes, Stack size 0 bytes, os_flag.o(.text))
<BR><BR>[Called By]<UL><LI><a href="#[c7d718]">&gt;&gt;</a>&nbsp;&nbsp;&nbsp;OSInit
</UL>

<P><STRONG><a name="[c7b778]"></a>OSMboxAccept</STRONG> (ARM, 76 bytes, Stack size 16 bytes, os_mbox.o(.text), UNUSED)

<P><STRONG><a name="[c7b730]"></a>OSMboxCreate</STRONG> (ARM, 128 bytes, Stack size 16 bytes, os_mbox.o(.text))
<BR><BR>[Stack]<UL><LI>Max Depth = 16<LI>Call Chain = OSMboxCreate
</UL>
<BR>[Calls]<UL><LI><a href="#[c7d3b8]">&gt;&gt;</a>&nbsp;&nbsp;&nbsp;OS_EventWaitListInit
</UL>
<BR>[Called By]<UL><LI><a href="#[104ac70]">&gt;&gt;</a>&nbsp;&nbsp;&nbsp;Init
<LI><a href="#[10511b8]">&gt;&gt;</a>&nbsp;&nbsp;&nbsp;Init
<LI><a href="#[14f1ef0]">&gt;&gt;</a>&nbsp;&nbsp;&nbsp;Init
<LI><a href="#[16a24a0]">&gt;&gt;</a>&nbsp;&nbsp;&nbsp;Init
<LI><a href="#[16a7260]">&gt;&gt;</a>&nbsp;&nbsp;&nbsp;WritePhone
<LI><a href="#[18a06d0]">&gt;&gt;</a>&nbsp;&nbsp;&nbsp;Init
<LI><a href="#[18cab78]">&gt;&gt;</a>&nbsp;&nbsp;&nbsp;Init
</UL>

<P><STRONG><a name="[c7b6e8]"></a>OSMboxDel</STRONG> (ARM, 344 bytes, Stack size 24 bytes, os_mbox.o(.text))
<BR><BR>[Stack]<UL><LI>Max Depth = 48<LI>Call Chain = OSMboxDel &rArr; OS_EventTaskRdy
</UL>
<BR>[Calls]<UL><LI><a href="#[c7d490]">&gt;&gt;</a>&nbsp;&nbsp;&nbsp;OS_EventTaskRdy
<LI><a href="#[c7d640]">&gt;&gt;</a>&nbsp;&nbsp;&nbsp;OS_Sched
</UL>
<BR>[Called By]<UL><LI><a href="#[16a7260]">&gt;&gt;</a>&nbsp;&nbsp;&nbsp;WritePhone
</UL>

<P><STRONG><a name="[c7b6a0]"></a>OSMboxPend</STRONG> (ARM, 316 bytes, Stack size 24 bytes, os_mbox.o(.text))
<BR><BR>[Stack]<UL><LI>Max Depth = 32<LI>Call Chain = OSMboxPend &rArr; OS_Sched
</UL>
<BR>[Calls]<UL><LI><a href="#[c7d400]">&gt;&gt;</a>&nbsp;&nbsp;&nbsp;OS_EventTO
<LI><a href="#[c7d448]">&gt;&gt;</a>&nbsp;&nbsp;&nbsp;OS_EventTaskWait
<LI><a href="#[c7d640]">&gt;&gt;</a>&nbsp;&nbsp;&nbsp;OS_Sched
</UL>
<BR>[Called By]<UL><LI><a href="#[14f1f80]">&gt;&gt;</a>&nbsp;&nbsp;&nbsp;ClearSem
<LI><a href="#[14f2178]">&gt;&gt;</a>&nbsp;&nbsp;&nbsp;JudgeFtpAsk
<LI><a href="#[16a24e8]">&gt;&gt;</a>&nbsp;&nbsp;&nbsp;Task
<LI><a href="#[16a7260]">&gt;&gt;</a>&nbsp;&nbsp;&nbsp;WritePhone
<LI><a href="#[18a0718]">&gt;&gt;</a>&nbsp;&nbsp;&nbsp;Task
<LI><a href="#[18ca9c8]">&gt;&gt;</a>&nbsp;&nbsp;&nbsp;OpenGprs
<LI><a href="#[18caa10]">&gt;&gt;</a>&nbsp;&nbsp;&nbsp;ClearSem
</UL>

<P><STRONG><a name="[c7b658]"></a>OSMboxPost</STRONG> (ARM, 156 bytes, Stack size 16 bytes, os_mbox.o(.text))
<BR><BR>[Stack]<UL><LI>Max Depth = 40<LI>Call Chain = OSMboxPost &rArr; OS_EventTaskRdy
</UL>
<BR>[Calls]<UL><LI><a href="#[c7d490]">&gt;&gt;</a>&nbsp;&nbsp;&nbsp;OS_EventTaskRdy
<LI><a href="#[c7d640]">&gt;&gt;</a>&nbsp;&nbsp;&nbsp;OS_Sched
</UL>
<BR>[Called By]<UL><LI><a href="#[14f1ea8]">&gt;&gt;</a>&nbsp;&nbsp;&nbsp;FTP_CtrReceive
<LI><a href="#[14f8838]">&gt;&gt;</a>&nbsp;&nbsp;&nbsp;Task
<LI><a href="#[16a2380]">&gt;&gt;</a>&nbsp;&nbsp;&nbsp;WriteCommand
<LI><a href="#[16a23c8]">&gt;&gt;</a>&nbsp;&nbsp;&nbsp;WriteFlow
<LI><a href="#[16a2410]">&gt;&gt;</a>&nbsp;&nbsp;&nbsp;NoSemSend
<LI><a href="#[18a0718]">&gt;&gt;</a>&nbsp;&nbsp;&nbsp;Task
<LI><a href="#[18c7068]">&gt;&gt;</a>&nbsp;&nbsp;&nbsp;Task
<LI><a href="#[18ca980]">&gt;&gt;</a>&nbsp;&nbsp;&nbsp;CloseGprs
<LI><a href="#[18ca9c8]">&gt;&gt;</a>&nbsp;&nbsp;&nbsp;OpenGprs
</UL>

<P><STRONG><a name="[c7b610]"></a>OSMboxPostOpt</STRONG> (ARM, 204 bytes, Stack size 16 bytes, os_mbox.o(.text), UNUSED)
<BR><BR>[Calls]<UL><LI><a href="#[c7d490]">&gt;&gt;</a>&nbsp;&nbsp;&nbsp;OS_EventTaskRdy
<LI><a href="#[c7d640]">&gt;&gt;</a>&nbsp;&nbsp;&nbsp;OS_Sched
</UL>

<P><STRONG><a name="[c7b5c8]"></a>OSMboxQuery</STRONG> (ARM, 116 bytes, Stack size 24 bytes, os_mbox.o(.text), UNUSED)
<BR><BR>[Called By]<UL><LI><a href="#[14f1f80]">&gt;&gt;</a>&nbsp;&nbsp;&nbsp;ClearSem
</UL>

<P><STRONG><a name="[c7ab18]"></a>OSMemCreate</STRONG> (ARM, 252 bytes, Stack size 40 bytes, os_mem.o(.text), UNUSED)

<P><STRONG><a name="[c7aad0]"></a>OSMemGet</STRONG> (ARM, 120 bytes, Stack size 16 bytes, os_mem.o(.text), UNUSED)

<P><STRONG><a name="[c7aa88]"></a>OSMemPut</STRONG> (ARM, 116 bytes, Stack size 16 bytes, os_mem.o(.text), UNUSED)

<P><STRONG><a name="[c7aa40]"></a>OSMemQuery</STRONG> (ARM, 120 bytes, Stack size 16 bytes, os_mem.o(.text), UNUSED)

<P><STRONG><a name="[c7d250]"></a>OS_MemInit</STRONG> (ARM, 112 bytes, Stack size 0 bytes, os_mem.o(.text))
<BR><BR>[Called By]<UL><LI><a href="#[c7d718]">&gt;&gt;</a>&nbsp;&nbsp;&nbsp;OSInit
</UL>

<P><STRONG><a name="[c79088]"></a>OSQAccept</STRONG> (ARM, 140 bytes, Stack size 16 bytes, os_q.o(.text), UNUSED)

<P><STRONG><a name="[c79040]"></a>OSQCreate</STRONG> (ARM, 240 bytes, Stack size 24 bytes, os_q.o(.text))
<BR><BR>[Stack]<UL><LI>Max Depth = 24<LI>Call Chain = OSQCreate
</UL>
<BR>[Calls]<UL><LI><a href="#[c7d3b8]">&gt;&gt;</a>&nbsp;&nbsp;&nbsp;OS_EventWaitListInit
</UL>
<BR>[Called By]<UL><LI><a href="#[14f1ef0]">&gt;&gt;</a>&nbsp;&nbsp;&nbsp;Init
<LI><a href="#[14f87f0]">&gt;&gt;</a>&nbsp;&nbsp;&nbsp;Init
<LI><a href="#[18c7020]">&gt;&gt;</a>&nbsp;&nbsp;&nbsp;Init
</UL>

<P><STRONG><a name="[c78ff8]"></a>OSQDel</STRONG> (ARM, 392 bytes, Stack size 24 bytes, os_q.o(.text), UNUSED)
<BR><BR>[Calls]<UL><LI><a href="#[c7d490]">&gt;&gt;</a>&nbsp;&nbsp;&nbsp;OS_EventTaskRdy
<LI><a href="#[c7d640]">&gt;&gt;</a>&nbsp;&nbsp;&nbsp;OS_Sched
</UL>

<P><STRONG><a name="[c78fb0]"></a>OSQFlush</STRONG> (ARM, 92 bytes, Stack size 16 bytes, os_q.o(.text), UNUSED)

<P><STRONG><a name="[c78f68]"></a>OSQPend</STRONG> (ARM, 364 bytes, Stack size 24 bytes, os_q.o(.text), UNUSED)
<BR><BR>[Calls]<UL><LI><a href="#[c7d400]">&gt;&gt;</a>&nbsp;&nbsp;&nbsp;OS_EventTO
<LI><a href="#[c7d448]">&gt;&gt;</a>&nbsp;&nbsp;&nbsp;OS_EventTaskWait
<LI><a href="#[c7d640]">&gt;&gt;</a>&nbsp;&nbsp;&nbsp;OS_Sched
</UL>
<BR>[Called By]<UL><LI><a href="#[14f1f38]">&gt;&gt;</a>&nbsp;&nbsp;&nbsp;Task
<LI><a href="#[14f2298]">&gt;&gt;</a>&nbsp;&nbsp;&nbsp;ClearQ
<LI><a href="#[14f8838]">&gt;&gt;</a>&nbsp;&nbsp;&nbsp;Task
<LI><a href="#[18c7068]">&gt;&gt;</a>&nbsp;&nbsp;&nbsp;Task
</UL>

<P><STRONG><a name="[c78f20]"></a>OSQPost</STRONG> (ARM, 216 bytes, Stack size 16 bytes, os_q.o(.text))
<BR><BR>[Stack]<UL><LI>Max Depth = 40<LI>Call Chain = OSQPost &rArr; OS_EventTaskRdy
</UL>
<BR>[Calls]<UL><LI><a href="#[c7d490]">&gt;&gt;</a>&nbsp;&nbsp;&nbsp;OS_EventTaskRdy
<LI><a href="#[c7d640]">&gt;&gt;</a>&nbsp;&nbsp;&nbsp;OS_Sched
</UL>
<BR>[Called By]<UL><LI><a href="#[14f1e60]">&gt;&gt;</a>&nbsp;&nbsp;&nbsp;FTP_DataReceive
<LI><a href="#[14f1f38]">&gt;&gt;</a>&nbsp;&nbsp;&nbsp;Task
<LI><a href="#[16a7260]">&gt;&gt;</a>&nbsp;&nbsp;&nbsp;WritePhone
<LI><a href="#[17532b0]">&gt;&gt;</a>&nbsp;&nbsp;&nbsp;UpdateSoftWare
<LI><a href="#[18c7068]">&gt;&gt;</a>&nbsp;&nbsp;&nbsp;Task
</UL>

<P><STRONG><a name="[c78ed8]"></a>OSQPostFront</STRONG> (ARM, 220 bytes, Stack size 16 bytes, os_q.o(.text), UNUSED)
<BR><BR>[Calls]<UL><LI><a href="#[c7d490]">&gt;&gt;</a>&nbsp;&nbsp;&nbsp;OS_EventTaskRdy
<LI><a href="#[c7d640]">&gt;&gt;</a>&nbsp;&nbsp;&nbsp;OS_Sched
</UL>

<P><STRONG><a name="[c78e90]"></a>OSQPostOpt</STRONG> (ARM, 320 bytes, Stack size 24 bytes, os_q.o(.text), UNUSED)
<BR><BR>[Calls]<UL><LI><a href="#[c7d490]">&gt;&gt;</a>&nbsp;&nbsp;&nbsp;OS_EventTaskRdy
<LI><a href="#[c7d640]">&gt;&gt;</a>&nbsp;&nbsp;&nbsp;OS_Sched
</UL>

<P><STRONG><a name="[c78e48]"></a>OSQQuery</STRONG> (ARM, 164 bytes, Stack size 24 bytes, os_q.o(.text), UNUSED)
<BR><BR>[Called By]<UL><LI><a href="#[14f2298]">&gt;&gt;</a>&nbsp;&nbsp;&nbsp;ClearQ
</UL>

<P><STRONG><a name="[c7d208]"></a>OS_QInit</STRONG> (ARM, 68 bytes, Stack size 0 bytes, os_q.o(.text))
<BR><BR>[Called By]<UL><LI><a href="#[c7d718]">&gt;&gt;</a>&nbsp;&nbsp;&nbsp;OSInit
</UL>

<P><STRONG><a name="[c78300]"></a>OSSemAccept</STRONG> (ARM, 88 bytes, Stack size 16 bytes, os_sem.o(.text), UNUSED)

<P><STRONG><a name="[c782b8]"></a>OSSemCreate</STRONG> (ARM, 128 bytes, Stack size 16 bytes, os_sem.o(.text))
<BR><BR>[Stack]<UL><LI>Max Depth = 16<LI>Call Chain = OSSemCreate
</UL>
<BR>[Calls]<UL><LI><a href="#[c7d3b8]">&gt;&gt;</a>&nbsp;&nbsp;&nbsp;OS_EventWaitListInit
</UL>
<BR>[Called By]<UL><LI><a href="#[1045858]">&gt;&gt;</a>&nbsp;&nbsp;&nbsp;Init
<LI><a href="#[1047dd8]">&gt;&gt;</a>&nbsp;&nbsp;&nbsp;Init
<LI><a href="#[104ac70]">&gt;&gt;</a>&nbsp;&nbsp;&nbsp;Init
<LI><a href="#[104cad8]">&gt;&gt;</a>&nbsp;&nbsp;&nbsp;Open
<LI><a href="#[104ebe8]">&gt;&gt;</a>&nbsp;&nbsp;&nbsp;Init
<LI><a href="#[10511b8]">&gt;&gt;</a>&nbsp;&nbsp;&nbsp;Init
<LI><a href="#[1242b78]">&gt;&gt;</a>&nbsp;&nbsp;&nbsp;Init
<LI><a href="#[1246230]">&gt;&gt;</a>&nbsp;&nbsp;&nbsp;Init
<LI><a href="#[1248e50]">&gt;&gt;</a>&nbsp;&nbsp;&nbsp;Init
<LI><a href="#[124c250]">&gt;&gt;</a>&nbsp;&nbsp;&nbsp;Init
<LI><a href="#[12f0108]">&gt;&gt;</a>&nbsp;&nbsp;&nbsp;Init
<LI><a href="#[12f33c8]">&gt;&gt;</a>&nbsp;&nbsp;&nbsp;Init
<LI><a href="#[12f67f8]">&gt;&gt;</a>&nbsp;&nbsp;&nbsp;Init
<LI><a href="#[12fa9e0]">&gt;&gt;</a>&nbsp;&nbsp;&nbsp;Init
<LI><a href="#[12fec20]">&gt;&gt;</a>&nbsp;&nbsp;&nbsp;Init
<LI><a href="#[13a0fc8]">&gt;&gt;</a>&nbsp;&nbsp;&nbsp;Init
<LI><a href="#[13a3938]">&gt;&gt;</a>&nbsp;&nbsp;&nbsp;Init
<LI><a href="#[13a6330]">&gt;&gt;</a>&nbsp;&nbsp;&nbsp;Init
<LI><a href="#[13a9148]">&gt;&gt;</a>&nbsp;&nbsp;&nbsp;Init
<LI><a href="#[13ac008]">&gt;&gt;</a>&nbsp;&nbsp;&nbsp;Init
<LI><a href="#[1460b20]">&gt;&gt;</a>&nbsp;&nbsp;&nbsp;Init
<LI><a href="#[14642d0]">&gt;&gt;</a>&nbsp;&nbsp;&nbsp;Init
<LI><a href="#[14674f8]">&gt;&gt;</a>&nbsp;&nbsp;&nbsp;Init
<LI><a href="#[146a828]">&gt;&gt;</a>&nbsp;&nbsp;&nbsp;Init1
<LI><a href="#[146d510]">&gt;&gt;</a>&nbsp;&nbsp;&nbsp;Init
<LI><a href="#[14f5600]">&gt;&gt;</a>&nbsp;&nbsp;&nbsp;Init
<LI><a href="#[14fbc08]">&gt;&gt;</a>&nbsp;&nbsp;&nbsp;Init
<LI><a href="#[15d4c30]">&gt;&gt;</a>&nbsp;&nbsp;&nbsp;Init
<LI><a href="#[16a24a0]">&gt;&gt;</a>&nbsp;&nbsp;&nbsp;Init
</UL>

<P><STRONG><a name="[c78270]"></a>OSSemDel</STRONG> (ARM, 344 bytes, Stack size 24 bytes, os_sem.o(.text), UNUSED)
<BR><BR>[Calls]<UL><LI><a href="#[c7d490]">&gt;&gt;</a>&nbsp;&nbsp;&nbsp;OS_EventTaskRdy
<LI><a href="#[c7d640]">&gt;&gt;</a>&nbsp;&nbsp;&nbsp;OS_Sched
</UL>

<P><STRONG><a name="[c78228]"></a>OSSemPend</STRONG> (ARM, 272 bytes, Stack size 16 bytes, os_sem.o(.text))
<BR><BR>[Stack]<UL><LI>Max Depth = 24<LI>Call Chain = OSSemPend &rArr; OS_Sched
</UL>
<BR>[Calls]<UL><LI><a href="#[c7d400]">&gt;&gt;</a>&nbsp;&nbsp;&nbsp;OS_EventTO
<LI><a href="#[c7d448]">&gt;&gt;</a>&nbsp;&nbsp;&nbsp;OS_EventTaskWait
<LI><a href="#[c7d640]">&gt;&gt;</a>&nbsp;&nbsp;&nbsp;OS_Sched
</UL>
<BR>[Called By]<UL><LI><a href="#[10454f8]">&gt;&gt;</a>&nbsp;&nbsp;&nbsp;Close
<LI><a href="#[1045540]">&gt;&gt;</a>&nbsp;&nbsp;&nbsp;Read
<LI><a href="#[1045810]">&gt;&gt;</a>&nbsp;&nbsp;&nbsp;Open
<LI><a href="#[1047d00]">&gt;&gt;</a>&nbsp;&nbsp;&nbsp;Read
<LI><a href="#[1047d48]">&gt;&gt;</a>&nbsp;&nbsp;&nbsp;Close
<LI><a href="#[1047d90]">&gt;&gt;</a>&nbsp;&nbsp;&nbsp;Open
<LI><a href="#[104aac0]">&gt;&gt;</a>&nbsp;&nbsp;&nbsp;Open0
<LI><a href="#[104ab08]">&gt;&gt;</a>&nbsp;&nbsp;&nbsp;Open1
<LI><a href="#[104ab50]">&gt;&gt;</a>&nbsp;&nbsp;&nbsp;Open2
<LI><a href="#[104ab98]">&gt;&gt;</a>&nbsp;&nbsp;&nbsp;Open3
<LI><a href="#[104abe0]">&gt;&gt;</a>&nbsp;&nbsp;&nbsp;Open4
<LI><a href="#[104ac28]">&gt;&gt;</a>&nbsp;&nbsp;&nbsp;ClearSem
<LI><a href="#[104ca48]">&gt;&gt;</a>&nbsp;&nbsp;&nbsp;Start
<LI><a href="#[104eac8]">&gt;&gt;</a>&nbsp;&nbsp;&nbsp;Write
<LI><a href="#[104eb58]">&gt;&gt;</a>&nbsp;&nbsp;&nbsp;Read
<LI><a href="#[10510e0]">&gt;&gt;</a>&nbsp;&nbsp;&nbsp;Open0
<LI><a href="#[1051128]">&gt;&gt;</a>&nbsp;&nbsp;&nbsp;Open1
<LI><a href="#[1051170]">&gt;&gt;</a>&nbsp;&nbsp;&nbsp;ClearSem
<LI><a href="#[1242938]">&gt;&gt;</a>&nbsp;&nbsp;&nbsp;GetID2Par
<LI><a href="#[1242980]">&gt;&gt;</a>&nbsp;&nbsp;&nbsp;GetPar2ID
<LI><a href="#[12429c8]">&gt;&gt;</a>&nbsp;&nbsp;&nbsp;Get
<LI><a href="#[1242a10]">&gt;&gt;</a>&nbsp;&nbsp;&nbsp;GetSi
<LI><a href="#[1242a58]">&gt;&gt;</a>&nbsp;&nbsp;&nbsp;GetState
<LI><a href="#[1242aa0]">&gt;&gt;</a>&nbsp;&nbsp;&nbsp;Read
<LI><a href="#[1242ae8]">&gt;&gt;</a>&nbsp;&nbsp;&nbsp;Close
<LI><a href="#[1242b30]">&gt;&gt;</a>&nbsp;&nbsp;&nbsp;Open
<LI><a href="#[1246110]">&gt;&gt;</a>&nbsp;&nbsp;&nbsp;Read
<LI><a href="#[12461a0]">&gt;&gt;</a>&nbsp;&nbsp;&nbsp;Close
<LI><a href="#[12461e8]">&gt;&gt;</a>&nbsp;&nbsp;&nbsp;Open
<LI><a href="#[1248d30]">&gt;&gt;</a>&nbsp;&nbsp;&nbsp;Read
<LI><a href="#[1248dc0]">&gt;&gt;</a>&nbsp;&nbsp;&nbsp;Close
<LI><a href="#[1248e08]">&gt;&gt;</a>&nbsp;&nbsp;&nbsp;Open
<LI><a href="#[124bcb0]">&gt;&gt;</a>&nbsp;&nbsp;&nbsp;GetState1
<LI><a href="#[124bd40]">&gt;&gt;</a>&nbsp;&nbsp;&nbsp;Read1
<LI><a href="#[124bef0]">&gt;&gt;</a>&nbsp;&nbsp;&nbsp;Close1
<LI><a href="#[124bf80]">&gt;&gt;</a>&nbsp;&nbsp;&nbsp;Open1
<LI><a href="#[12f0030]">&gt;&gt;</a>&nbsp;&nbsp;&nbsp;Read
<LI><a href="#[12f0078]">&gt;&gt;</a>&nbsp;&nbsp;&nbsp;Close
<LI><a href="#[12f00c0]">&gt;&gt;</a>&nbsp;&nbsp;&nbsp;Open
<LI><a href="#[12f3260]">&gt;&gt;</a>&nbsp;&nbsp;&nbsp;Read
<LI><a href="#[12f3338]">&gt;&gt;</a>&nbsp;&nbsp;&nbsp;Close
<LI><a href="#[12f3380]">&gt;&gt;</a>&nbsp;&nbsp;&nbsp;Open
<LI><a href="#[12f66d8]">&gt;&gt;</a>&nbsp;&nbsp;&nbsp;Read
<LI><a href="#[12f6768]">&gt;&gt;</a>&nbsp;&nbsp;&nbsp;Close
<LI><a href="#[12f67b0]">&gt;&gt;</a>&nbsp;&nbsp;&nbsp;Open
<LI><a href="#[12fa7e8]">&gt;&gt;</a>&nbsp;&nbsp;&nbsp;Close
<LI><a href="#[12fa830]">&gt;&gt;</a>&nbsp;&nbsp;&nbsp;Read1
<LI><a href="#[12fa998]">&gt;&gt;</a>&nbsp;&nbsp;&nbsp;Open
<LI><a href="#[12fe758]">&gt;&gt;</a>&nbsp;&nbsp;&nbsp;GetState
<LI><a href="#[12fe7a0]">&gt;&gt;</a>&nbsp;&nbsp;&nbsp;Read
<LI><a href="#[12feb90]">&gt;&gt;</a>&nbsp;&nbsp;&nbsp;Close
<LI><a href="#[12febd8]">&gt;&gt;</a>&nbsp;&nbsp;&nbsp;Open
<LI><a href="#[13a0ef0]">&gt;&gt;</a>&nbsp;&nbsp;&nbsp;Read
<LI><a href="#[13a0f38]">&gt;&gt;</a>&nbsp;&nbsp;&nbsp;Close
<LI><a href="#[13a0f80]">&gt;&gt;</a>&nbsp;&nbsp;&nbsp;Open
<LI><a href="#[13a3860]">&gt;&gt;</a>&nbsp;&nbsp;&nbsp;Read
<LI><a href="#[13a38a8]">&gt;&gt;</a>&nbsp;&nbsp;&nbsp;Close
<LI><a href="#[13a38f0]">&gt;&gt;</a>&nbsp;&nbsp;&nbsp;Open
<LI><a href="#[13a6210]">&gt;&gt;</a>&nbsp;&nbsp;&nbsp;Read
<LI><a href="#[13a62a0]">&gt;&gt;</a>&nbsp;&nbsp;&nbsp;Close
<LI><a href="#[13a62e8]">&gt;&gt;</a>&nbsp;&nbsp;&nbsp;Open
<LI><a href="#[13a8f98]">&gt;&gt;</a>&nbsp;&nbsp;&nbsp;Read
<LI><a href="#[13a90b8]">&gt;&gt;</a>&nbsp;&nbsp;&nbsp;Close
<LI><a href="#[13a9100]">&gt;&gt;</a>&nbsp;&nbsp;&nbsp;Open
<LI><a href="#[13abea0]">&gt;&gt;</a>&nbsp;&nbsp;&nbsp;Read
<LI><a href="#[13abf78]">&gt;&gt;</a>&nbsp;&nbsp;&nbsp;Close
<LI><a href="#[13abfc0]">&gt;&gt;</a>&nbsp;&nbsp;&nbsp;Open
<LI><a href="#[145fde8]">&gt;&gt;</a>&nbsp;&nbsp;&nbsp;JugeIPData
<LI><a href="#[145fe30]">&gt;&gt;</a>&nbsp;&nbsp;&nbsp;GetCurIPState
<LI><a href="#[145fe78]">&gt;&gt;</a>&nbsp;&nbsp;&nbsp;SetVolume1
<LI><a href="#[145ff08]">&gt;&gt;</a>&nbsp;&nbsp;&nbsp;SendPhone1
<LI><a href="#[145ff98]">&gt;&gt;</a>&nbsp;&nbsp;&nbsp;SendIP1
<LI><a href="#[145ffe0]">&gt;&gt;</a>&nbsp;&nbsp;&nbsp;SendMessage1
<LI><a href="#[1460070]">&gt;&gt;</a>&nbsp;&nbsp;&nbsp;CloseCall1
<LI><a href="#[1460100]">&gt;&gt;</a>&nbsp;&nbsp;&nbsp;AgreePhone1
<LI><a href="#[1460190]">&gt;&gt;</a>&nbsp;&nbsp;&nbsp;ReadPhone1
<LI><a href="#[1460220]">&gt;&gt;</a>&nbsp;&nbsp;&nbsp;ReadIP1
<LI><a href="#[14602b0]">&gt;&gt;</a>&nbsp;&nbsp;&nbsp;ReadMessage1
<LI><a href="#[1460340]">&gt;&gt;</a>&nbsp;&nbsp;&nbsp;DNSRIP1
<LI><a href="#[14603d0]">&gt;&gt;</a>&nbsp;&nbsp;&nbsp;GetIpPro1
<LI><a href="#[1460460]">&gt;&gt;</a>&nbsp;&nbsp;&nbsp;GetIPState1
<LI><a href="#[14604f0]">&gt;&gt;</a>&nbsp;&nbsp;&nbsp;GetPhoneState1
<LI><a href="#[1460580]">&gt;&gt;</a>&nbsp;&nbsp;&nbsp;GetMessageState1
<LI><a href="#[1460610]">&gt;&gt;</a>&nbsp;&nbsp;&nbsp;GetSysState1
<LI><a href="#[14606a0]">&gt;&gt;</a>&nbsp;&nbsp;&nbsp;ClosePhone1
<LI><a href="#[14606e8]">&gt;&gt;</a>&nbsp;&nbsp;&nbsp;CloseMessage1
<LI><a href="#[1460730]">&gt;&gt;</a>&nbsp;&nbsp;&nbsp;CloseIP1
<LI><a href="#[1460778]">&gt;&gt;</a>&nbsp;&nbsp;&nbsp;CloseSys1
<LI><a href="#[14607c0]">&gt;&gt;</a>&nbsp;&nbsp;&nbsp;OpenPhone1
<LI><a href="#[1460850]">&gt;&gt;</a>&nbsp;&nbsp;&nbsp;OpenIP1
<LI><a href="#[14608e0]">&gt;&gt;</a>&nbsp;&nbsp;&nbsp;OpenMessage1
<LI><a href="#[1460970]">&gt;&gt;</a>&nbsp;&nbsp;&nbsp;OpenSys1
<LI><a href="#[1460a00]">&gt;&gt;</a>&nbsp;&nbsp;&nbsp;InitGprs1
<LI><a href="#[1460a48]">&gt;&gt;</a>&nbsp;&nbsp;&nbsp;InitPhone1
<LI><a href="#[1460a90]">&gt;&gt;</a>&nbsp;&nbsp;&nbsp;InitMessage1
<LI><a href="#[1460ad8]">&gt;&gt;</a>&nbsp;&nbsp;&nbsp;InitSys1
<LI><a href="#[1460b68]">&gt;&gt;</a>&nbsp;&nbsp;&nbsp;Task
<LI><a href="#[1460bf8]">&gt;&gt;</a>&nbsp;&nbsp;&nbsp;OperIPData
<LI><a href="#[1461030]">&gt;&gt;</a>&nbsp;&nbsp;&nbsp;OperMessage
<LI><a href="#[1461078]">&gt;&gt;</a>&nbsp;&nbsp;&nbsp;OperPhone
<LI><a href="#[1464240]">&gt;&gt;</a>&nbsp;&nbsp;&nbsp;Close
<LI><a href="#[1464288]">&gt;&gt;</a>&nbsp;&nbsp;&nbsp;Open
<LI><a href="#[1464318]">&gt;&gt;</a>&nbsp;&nbsp;&nbsp;Task
<LI><a href="#[1466f58]">&gt;&gt;</a>&nbsp;&nbsp;&nbsp;CleanProperty
<LI><a href="#[1466fe8]">&gt;&gt;</a>&nbsp;&nbsp;&nbsp;SetFileName
<LI><a href="#[1467078]">&gt;&gt;</a>&nbsp;&nbsp;&nbsp;SetFileLength
<LI><a href="#[1467108]">&gt;&gt;</a>&nbsp;&nbsp;&nbsp;GetFileProperty
<LI><a href="#[1467198]">&gt;&gt;</a>&nbsp;&nbsp;&nbsp;Close
<LI><a href="#[1467228]">&gt;&gt;</a>&nbsp;&nbsp;&nbsp;WriteFile
<LI><a href="#[14672b8]">&gt;&gt;</a>&nbsp;&nbsp;&nbsp;ReadFile
<LI><a href="#[1467348]">&gt;&gt;</a>&nbsp;&nbsp;&nbsp;CreateFile
<LI><a href="#[14673d8]">&gt;&gt;</a>&nbsp;&nbsp;&nbsp;Open
<LI><a href="#[1469d78]">&gt;&gt;</a>&nbsp;&nbsp;&nbsp;ReadPor
<LI><a href="#[1469dc0]">&gt;&gt;</a>&nbsp;&nbsp;&nbsp;ReadHeadTail
<LI><a href="#[1469e08]">&gt;&gt;</a>&nbsp;&nbsp;&nbsp;SeekSize1
<LI><a href="#[1469e98]">&gt;&gt;</a>&nbsp;&nbsp;&nbsp;Seek1
<LI><a href="#[1469f28]">&gt;&gt;</a>&nbsp;&nbsp;&nbsp;GetJlNum1
<LI><a href="#[1469f70]">&gt;&gt;</a>&nbsp;&nbsp;&nbsp;WriteRecoder2
<LI><a href="#[146a090]">&gt;&gt;</a>&nbsp;&nbsp;&nbsp;ReadRecoder2
<LI><a href="#[146a168]">&gt;&gt;</a>&nbsp;&nbsp;&nbsp;WriteBin1
<LI><a href="#[146a1f8]">&gt;&gt;</a>&nbsp;&nbsp;&nbsp;ReadBin1
<LI><a href="#[146a288]">&gt;&gt;</a>&nbsp;&nbsp;&nbsp;Close1
<LI><a href="#[146a318]">&gt;&gt;</a>&nbsp;&nbsp;&nbsp;Open1
<LI><a href="#[146a510]">&gt;&gt;</a>&nbsp;&nbsp;&nbsp;CreateRecoder1
<LI><a href="#[146a5a0]">&gt;&gt;</a>&nbsp;&nbsp;&nbsp;CreateBin1
<LI><a href="#[146d3a8]">&gt;&gt;</a>&nbsp;&nbsp;&nbsp;Read
<LI><a href="#[146d480]">&gt;&gt;</a>&nbsp;&nbsp;&nbsp;Close
<LI><a href="#[146d4c8]">&gt;&gt;</a>&nbsp;&nbsp;&nbsp;Open
<LI><a href="#[14f5528]">&gt;&gt;</a>&nbsp;&nbsp;&nbsp;Get
<LI><a href="#[14f5570]">&gt;&gt;</a>&nbsp;&nbsp;&nbsp;Close
<LI><a href="#[14f55b8]">&gt;&gt;</a>&nbsp;&nbsp;&nbsp;Open
<LI><a href="#[14f5648]">&gt;&gt;</a>&nbsp;&nbsp;&nbsp;Task
<LI><a href="#[14f5720]">&gt;&gt;</a>&nbsp;&nbsp;&nbsp;JugeEvent
<LI><a href="#[14fb980]">&gt;&gt;</a>&nbsp;&nbsp;&nbsp;EditPro
<LI><a href="#[14fb9c8]">&gt;&gt;</a>&nbsp;&nbsp;&nbsp;GetPro
<LI><a href="#[14fba10]">&gt;&gt;</a>&nbsp;&nbsp;&nbsp;GetEnable
<LI><a href="#[14fba58]">&gt;&gt;</a>&nbsp;&nbsp;&nbsp;DisEnable
<LI><a href="#[14fbaa0]">&gt;&gt;</a>&nbsp;&nbsp;&nbsp;Enable
<LI><a href="#[14fbae8]">&gt;&gt;</a>&nbsp;&nbsp;&nbsp;Read
<LI><a href="#[14fbb30]">&gt;&gt;</a>&nbsp;&nbsp;&nbsp;Close
<LI><a href="#[14fbb78]">&gt;&gt;</a>&nbsp;&nbsp;&nbsp;Open
<LI><a href="#[14fbce0]">&gt;&gt;</a>&nbsp;&nbsp;&nbsp;JugeEvent
<LI><a href="#[15d49a8]">&gt;&gt;</a>&nbsp;&nbsp;&nbsp;GetPar2ID
<LI><a href="#[15d49f0]">&gt;&gt;</a>&nbsp;&nbsp;&nbsp;Write
<LI><a href="#[15d4b10]">&gt;&gt;</a>&nbsp;&nbsp;&nbsp;Read
<LI><a href="#[15d4b58]">&gt;&gt;</a>&nbsp;&nbsp;&nbsp;Close
<LI><a href="#[15d4ba0]">&gt;&gt;</a>&nbsp;&nbsp;&nbsp;Open
<LI><a href="#[15d4c78]">&gt;&gt;</a>&nbsp;&nbsp;&nbsp;Task
<LI><a href="#[16a2338]">&gt;&gt;</a>&nbsp;&nbsp;&nbsp;Answer
<LI><a href="#[16a2380]">&gt;&gt;</a>&nbsp;&nbsp;&nbsp;WriteCommand
<LI><a href="#[16a23c8]">&gt;&gt;</a>&nbsp;&nbsp;&nbsp;WriteFlow
<LI><a href="#[16a2410]">&gt;&gt;</a>&nbsp;&nbsp;&nbsp;NoSemSend
</UL>

<P><STRONG><a name="[c781e0]"></a>OSSemPost</STRONG> (ARM, 152 bytes, Stack size 8 bytes, os_sem.o(.text))
<BR><BR>[Stack]<UL><LI>Max Depth = 32<LI>Call Chain = OSSemPost &rArr; OS_EventTaskRdy
</UL>
<BR>[Calls]<UL><LI><a href="#[c7d490]">&gt;&gt;</a>&nbsp;&nbsp;&nbsp;OS_EventTaskRdy
<LI><a href="#[c7d640]">&gt;&gt;</a>&nbsp;&nbsp;&nbsp;OS_Sched
</UL>
<BR>[Called By]<UL><LI><a href="#[c81280]">&gt;&gt;</a>&nbsp;&nbsp;&nbsp;UART3_Exception
<LI><a href="#[c812c8]">&gt;&gt;</a>&nbsp;&nbsp;&nbsp;UART2_Exception
<LI><a href="#[c81310]">&gt;&gt;</a>&nbsp;&nbsp;&nbsp;UART1_Exception
<LI><a href="#[c81358]">&gt;&gt;</a>&nbsp;&nbsp;&nbsp;UART0_Exception
<LI><a href="#[c81670]">&gt;&gt;</a>&nbsp;&nbsp;&nbsp;CAN_Exception
<LI><a href="#[10454f8]">&gt;&gt;</a>&nbsp;&nbsp;&nbsp;Close
<LI><a href="#[1045540]">&gt;&gt;</a>&nbsp;&nbsp;&nbsp;Read
<LI><a href="#[1045810]">&gt;&gt;</a>&nbsp;&nbsp;&nbsp;Open
<LI><a href="#[1047d00]">&gt;&gt;</a>&nbsp;&nbsp;&nbsp;Read
<LI><a href="#[1047d48]">&gt;&gt;</a>&nbsp;&nbsp;&nbsp;Close
<LI><a href="#[1047d90]">&gt;&gt;</a>&nbsp;&nbsp;&nbsp;Open
<LI><a href="#[104a910]">&gt;&gt;</a>&nbsp;&nbsp;&nbsp;Close0
<LI><a href="#[104a958]">&gt;&gt;</a>&nbsp;&nbsp;&nbsp;Close1
<LI><a href="#[104a9a0]">&gt;&gt;</a>&nbsp;&nbsp;&nbsp;Close2
<LI><a href="#[104a9e8]">&gt;&gt;</a>&nbsp;&nbsp;&nbsp;Close3
<LI><a href="#[104c898]">&gt;&gt;</a>&nbsp;&nbsp;&nbsp;End
<LI><a href="#[104eac8]">&gt;&gt;</a>&nbsp;&nbsp;&nbsp;Write
<LI><a href="#[104eb58]">&gt;&gt;</a>&nbsp;&nbsp;&nbsp;Read
<LI><a href="#[1051008]">&gt;&gt;</a>&nbsp;&nbsp;&nbsp;Close0
<LI><a href="#[1051050]">&gt;&gt;</a>&nbsp;&nbsp;&nbsp;Close1
<LI><a href="#[1242938]">&gt;&gt;</a>&nbsp;&nbsp;&nbsp;GetID2Par
<LI><a href="#[1242980]">&gt;&gt;</a>&nbsp;&nbsp;&nbsp;GetPar2ID
<LI><a href="#[12429c8]">&gt;&gt;</a>&nbsp;&nbsp;&nbsp;Get
<LI><a href="#[1242a10]">&gt;&gt;</a>&nbsp;&nbsp;&nbsp;GetSi
<LI><a href="#[1242a58]">&gt;&gt;</a>&nbsp;&nbsp;&nbsp;GetState
<LI><a href="#[1242aa0]">&gt;&gt;</a>&nbsp;&nbsp;&nbsp;Read
<LI><a href="#[1242ae8]">&gt;&gt;</a>&nbsp;&nbsp;&nbsp;Close
<LI><a href="#[1242b30]">&gt;&gt;</a>&nbsp;&nbsp;&nbsp;Open
<LI><a href="#[1246110]">&gt;&gt;</a>&nbsp;&nbsp;&nbsp;Read
<LI><a href="#[12461a0]">&gt;&gt;</a>&nbsp;&nbsp;&nbsp;Close
<LI><a href="#[12461e8]">&gt;&gt;</a>&nbsp;&nbsp;&nbsp;Open
<LI><a href="#[1248d30]">&gt;&gt;</a>&nbsp;&nbsp;&nbsp;Read
<LI><a href="#[1248dc0]">&gt;&gt;</a>&nbsp;&nbsp;&nbsp;Close
<LI><a href="#[1248e08]">&gt;&gt;</a>&nbsp;&nbsp;&nbsp;Open
<LI><a href="#[124bcb0]">&gt;&gt;</a>&nbsp;&nbsp;&nbsp;GetState1
<LI><a href="#[124bd40]">&gt;&gt;</a>&nbsp;&nbsp;&nbsp;Read1
<LI><a href="#[124bef0]">&gt;&gt;</a>&nbsp;&nbsp;&nbsp;Close1
<LI><a href="#[124bf80]">&gt;&gt;</a>&nbsp;&nbsp;&nbsp;Open1
<LI><a href="#[12f0030]">&gt;&gt;</a>&nbsp;&nbsp;&nbsp;Read
<LI><a href="#[12f0078]">&gt;&gt;</a>&nbsp;&nbsp;&nbsp;Close
<LI><a href="#[12f00c0]">&gt;&gt;</a>&nbsp;&nbsp;&nbsp;Open
<LI><a href="#[12f3260]">&gt;&gt;</a>&nbsp;&nbsp;&nbsp;Read
<LI><a href="#[12f3338]">&gt;&gt;</a>&nbsp;&nbsp;&nbsp;Close
<LI><a href="#[12f3380]">&gt;&gt;</a>&nbsp;&nbsp;&nbsp;Open
<LI><a href="#[12f6690]">&gt;&gt;</a>&nbsp;&nbsp;&nbsp;GetState
<LI><a href="#[12f66d8]">&gt;&gt;</a>&nbsp;&nbsp;&nbsp;Read
<LI><a href="#[12f6768]">&gt;&gt;</a>&nbsp;&nbsp;&nbsp;Close
<LI><a href="#[12f67b0]">&gt;&gt;</a>&nbsp;&nbsp;&nbsp;Open
<LI><a href="#[12fa7e8]">&gt;&gt;</a>&nbsp;&nbsp;&nbsp;Close
<LI><a href="#[12fa830]">&gt;&gt;</a>&nbsp;&nbsp;&nbsp;Read1
<LI><a href="#[12fa998]">&gt;&gt;</a>&nbsp;&nbsp;&nbsp;Open
<LI><a href="#[12fe758]">&gt;&gt;</a>&nbsp;&nbsp;&nbsp;GetState
<LI><a href="#[12fe7a0]">&gt;&gt;</a>&nbsp;&nbsp;&nbsp;Read
<LI><a href="#[12feb90]">&gt;&gt;</a>&nbsp;&nbsp;&nbsp;Close
<LI><a href="#[12febd8]">&gt;&gt;</a>&nbsp;&nbsp;&nbsp;Open
<LI><a href="#[13a0ef0]">&gt;&gt;</a>&nbsp;&nbsp;&nbsp;Read
<LI><a href="#[13a0f38]">&gt;&gt;</a>&nbsp;&nbsp;&nbsp;Close
<LI><a href="#[13a0f80]">&gt;&gt;</a>&nbsp;&nbsp;&nbsp;Open
<LI><a href="#[13a3860]">&gt;&gt;</a>&nbsp;&nbsp;&nbsp;Read
<LI><a href="#[13a38a8]">&gt;&gt;</a>&nbsp;&nbsp;&nbsp;Close
<LI><a href="#[13a38f0]">&gt;&gt;</a>&nbsp;&nbsp;&nbsp;Open
<LI><a href="#[13a6210]">&gt;&gt;</a>&nbsp;&nbsp;&nbsp;Read
<LI><a href="#[13a62a0]">&gt;&gt;</a>&nbsp;&nbsp;&nbsp;Close
<LI><a href="#[13a62e8]">&gt;&gt;</a>&nbsp;&nbsp;&nbsp;Open
<LI><a href="#[13a8f98]">&gt;&gt;</a>&nbsp;&nbsp;&nbsp;Read
<LI><a href="#[13a90b8]">&gt;&gt;</a>&nbsp;&nbsp;&nbsp;Close
<LI><a href="#[13a9100]">&gt;&gt;</a>&nbsp;&nbsp;&nbsp;Open
<LI><a href="#[13abea0]">&gt;&gt;</a>&nbsp;&nbsp;&nbsp;Read
<LI><a href="#[13abf78]">&gt;&gt;</a>&nbsp;&nbsp;&nbsp;Close
<LI><a href="#[13abfc0]">&gt;&gt;</a>&nbsp;&nbsp;&nbsp;Open
<LI><a href="#[145fde8]">&gt;&gt;</a>&nbsp;&nbsp;&nbsp;JugeIPData
<LI><a href="#[145fe30]">&gt;&gt;</a>&nbsp;&nbsp;&nbsp;GetCurIPState
<LI><a href="#[145fe78]">&gt;&gt;</a>&nbsp;&nbsp;&nbsp;SetVolume1
<LI><a href="#[145ff08]">&gt;&gt;</a>&nbsp;&nbsp;&nbsp;SendPhone1
<LI><a href="#[145ff98]">&gt;&gt;</a>&nbsp;&nbsp;&nbsp;SendIP1
<LI><a href="#[145ffe0]">&gt;&gt;</a>&nbsp;&nbsp;&nbsp;SendMessage1
<LI><a href="#[1460070]">&gt;&gt;</a>&nbsp;&nbsp;&nbsp;CloseCall1
<LI><a href="#[1460100]">&gt;&gt;</a>&nbsp;&nbsp;&nbsp;AgreePhone1
<LI><a href="#[1460190]">&gt;&gt;</a>&nbsp;&nbsp;&nbsp;ReadPhone1
<LI><a href="#[1460220]">&gt;&gt;</a>&nbsp;&nbsp;&nbsp;ReadIP1
<LI><a href="#[14602b0]">&gt;&gt;</a>&nbsp;&nbsp;&nbsp;ReadMessage1
<LI><a href="#[1460340]">&gt;&gt;</a>&nbsp;&nbsp;&nbsp;DNSRIP1
<LI><a href="#[14603d0]">&gt;&gt;</a>&nbsp;&nbsp;&nbsp;GetIpPro1
<LI><a href="#[1460460]">&gt;&gt;</a>&nbsp;&nbsp;&nbsp;GetIPState1
<LI><a href="#[14604f0]">&gt;&gt;</a>&nbsp;&nbsp;&nbsp;GetPhoneState1
<LI><a href="#[1460580]">&gt;&gt;</a>&nbsp;&nbsp;&nbsp;GetMessageState1
<LI><a href="#[1460610]">&gt;&gt;</a>&nbsp;&nbsp;&nbsp;GetSysState1
<LI><a href="#[14606a0]">&gt;&gt;</a>&nbsp;&nbsp;&nbsp;ClosePhone1
<LI><a href="#[14606e8]">&gt;&gt;</a>&nbsp;&nbsp;&nbsp;CloseMessage1
<LI><a href="#[1460730]">&gt;&gt;</a>&nbsp;&nbsp;&nbsp;CloseIP1
<LI><a href="#[1460778]">&gt;&gt;</a>&nbsp;&nbsp;&nbsp;CloseSys1
<LI><a href="#[14607c0]">&gt;&gt;</a>&nbsp;&nbsp;&nbsp;OpenPhone1
<LI><a href="#[1460850]">&gt;&gt;</a>&nbsp;&nbsp;&nbsp;OpenIP1
<LI><a href="#[14608e0]">&gt;&gt;</a>&nbsp;&nbsp;&nbsp;OpenMessage1
<LI><a href="#[1460970]">&gt;&gt;</a>&nbsp;&nbsp;&nbsp;OpenSys1
<LI><a href="#[1460a00]">&gt;&gt;</a>&nbsp;&nbsp;&nbsp;InitGprs1
<LI><a href="#[1460a48]">&gt;&gt;</a>&nbsp;&nbsp;&nbsp;InitPhone1
<LI><a href="#[1460a90]">&gt;&gt;</a>&nbsp;&nbsp;&nbsp;InitMessage1
<LI><a href="#[1460ad8]">&gt;&gt;</a>&nbsp;&nbsp;&nbsp;InitSys1
<LI><a href="#[1460b68]">&gt;&gt;</a>&nbsp;&nbsp;&nbsp;Task
<LI><a href="#[1460bf8]">&gt;&gt;</a>&nbsp;&nbsp;&nbsp;OperIPData
<LI><a href="#[1461030]">&gt;&gt;</a>&nbsp;&nbsp;&nbsp;OperMessage
<LI><a href="#[1461078]">&gt;&gt;</a>&nbsp;&nbsp;&nbsp;OperPhone
<LI><a href="#[1464240]">&gt;&gt;</a>&nbsp;&nbsp;&nbsp;Close
<LI><a href="#[1464288]">&gt;&gt;</a>&nbsp;&nbsp;&nbsp;Open
<LI><a href="#[1464318]">&gt;&gt;</a>&nbsp;&nbsp;&nbsp;Task
<LI><a href="#[1466f58]">&gt;&gt;</a>&nbsp;&nbsp;&nbsp;CleanProperty
<LI><a href="#[1466fe8]">&gt;&gt;</a>&nbsp;&nbsp;&nbsp;SetFileName
<LI><a href="#[1467078]">&gt;&gt;</a>&nbsp;&nbsp;&nbsp;SetFileLength
<LI><a href="#[1467108]">&gt;&gt;</a>&nbsp;&nbsp;&nbsp;GetFileProperty
<LI><a href="#[1467198]">&gt;&gt;</a>&nbsp;&nbsp;&nbsp;Close
<LI><a href="#[1467228]">&gt;&gt;</a>&nbsp;&nbsp;&nbsp;WriteFile
<LI><a href="#[14672b8]">&gt;&gt;</a>&nbsp;&nbsp;&nbsp;ReadFile
<LI><a href="#[1467348]">&gt;&gt;</a>&nbsp;&nbsp;&nbsp;CreateFile
<LI><a href="#[14673d8]">&gt;&gt;</a>&nbsp;&nbsp;&nbsp;Open
<LI><a href="#[1469d78]">&gt;&gt;</a>&nbsp;&nbsp;&nbsp;ReadPor
<LI><a href="#[1469dc0]">&gt;&gt;</a>&nbsp;&nbsp;&nbsp;ReadHeadTail
<LI><a href="#[1469e08]">&gt;&gt;</a>&nbsp;&nbsp;&nbsp;SeekSize1
<LI><a href="#[1469e98]">&gt;&gt;</a>&nbsp;&nbsp;&nbsp;Seek1
<LI><a href="#[1469f28]">&gt;&gt;</a>&nbsp;&nbsp;&nbsp;GetJlNum1
<LI><a href="#[1469f70]">&gt;&gt;</a>&nbsp;&nbsp;&nbsp;WriteRecoder2
<LI><a href="#[146a090]">&gt;&gt;</a>&nbsp;&nbsp;&nbsp;ReadRecoder2
<LI><a href="#[146a168]">&gt;&gt;</a>&nbsp;&nbsp;&nbsp;WriteBin1
<LI><a href="#[146a1f8]">&gt;&gt;</a>&nbsp;&nbsp;&nbsp;ReadBin1
<LI><a href="#[146a288]">&gt;&gt;</a>&nbsp;&nbsp;&nbsp;Close1
<LI><a href="#[146a318]">&gt;&gt;</a>&nbsp;&nbsp;&nbsp;Open1
<LI><a href="#[146a510]">&gt;&gt;</a>&nbsp;&nbsp;&nbsp;CreateRecoder1
<LI><a href="#[146a5a0]">&gt;&gt;</a>&nbsp;&nbsp;&nbsp;CreateBin1
<LI><a href="#[146d3a8]">&gt;&gt;</a>&nbsp;&nbsp;&nbsp;Read
<LI><a href="#[146d480]">&gt;&gt;</a>&nbsp;&nbsp;&nbsp;Close
<LI><a href="#[146d4c8]">&gt;&gt;</a>&nbsp;&nbsp;&nbsp;Open
<LI><a href="#[14f5528]">&gt;&gt;</a>&nbsp;&nbsp;&nbsp;Get
<LI><a href="#[14f5570]">&gt;&gt;</a>&nbsp;&nbsp;&nbsp;Close
<LI><a href="#[14f55b8]">&gt;&gt;</a>&nbsp;&nbsp;&nbsp;Open
<LI><a href="#[14f5648]">&gt;&gt;</a>&nbsp;&nbsp;&nbsp;Task
<LI><a href="#[14f5720]">&gt;&gt;</a>&nbsp;&nbsp;&nbsp;JugeEvent
<LI><a href="#[14fb980]">&gt;&gt;</a>&nbsp;&nbsp;&nbsp;EditPro
<LI><a href="#[14fb9c8]">&gt;&gt;</a>&nbsp;&nbsp;&nbsp;GetPro
<LI><a href="#[14fba10]">&gt;&gt;</a>&nbsp;&nbsp;&nbsp;GetEnable
<LI><a href="#[14fba58]">&gt;&gt;</a>&nbsp;&nbsp;&nbsp;DisEnable
<LI><a href="#[14fbaa0]">&gt;&gt;</a>&nbsp;&nbsp;&nbsp;Enable
<LI><a href="#[14fbae8]">&gt;&gt;</a>&nbsp;&nbsp;&nbsp;Read
<LI><a href="#[14fbb30]">&gt;&gt;</a>&nbsp;&nbsp;&nbsp;Close
<LI><a href="#[14fbb78]">&gt;&gt;</a>&nbsp;&nbsp;&nbsp;Open
<LI><a href="#[14fbce0]">&gt;&gt;</a>&nbsp;&nbsp;&nbsp;JugeEvent
<LI><a href="#[15d49a8]">&gt;&gt;</a>&nbsp;&nbsp;&nbsp;GetPar2ID
<LI><a href="#[15d49f0]">&gt;&gt;</a>&nbsp;&nbsp;&nbsp;Write
<LI><a href="#[15d4b10]">&gt;&gt;</a>&nbsp;&nbsp;&nbsp;Read
<LI><a href="#[15d4b58]">&gt;&gt;</a>&nbsp;&nbsp;&nbsp;Close
<LI><a href="#[15d4ba0]">&gt;&gt;</a>&nbsp;&nbsp;&nbsp;Open
<LI><a href="#[15d4c78]">&gt;&gt;</a>&nbsp;&nbsp;&nbsp;Task
<LI><a href="#[16a2338]">&gt;&gt;</a>&nbsp;&nbsp;&nbsp;Answer
<LI><a href="#[16a2380]">&gt;&gt;</a>&nbsp;&nbsp;&nbsp;WriteCommand
<LI><a href="#[16a23c8]">&gt;&gt;</a>&nbsp;&nbsp;&nbsp;WriteFlow
<LI><a href="#[16a2410]">&gt;&gt;</a>&nbsp;&nbsp;&nbsp;NoSemSend
<LI><a href="#[16a24e8]">&gt;&gt;</a>&nbsp;&nbsp;&nbsp;Task
</UL>

<P><STRONG><a name="[c78198]"></a>OSSemQuery</STRONG> (ARM, 116 bytes, Stack size 24 bytes, os_sem.o(.text))
<BR><BR>[Stack]<UL><LI>Max Depth = 24<LI>Call Chain = OSSemQuery
</UL>
<BR>[Called By]<UL><LI><a href="#[104ac28]">&gt;&gt;</a>&nbsp;&nbsp;&nbsp;ClearSem
<LI><a href="#[1051170]">&gt;&gt;</a>&nbsp;&nbsp;&nbsp;ClearSem
<LI><a href="#[18caa10]">&gt;&gt;</a>&nbsp;&nbsp;&nbsp;ClearSem
</UL>

<P><STRONG><a name="[c775e0]"></a>OSTaskChangePrio</STRONG> (ARM, 460 bytes, Stack size 40 bytes, os_task.o(.text), UNUSED)
<BR><BR>[Calls]<UL><LI><a href="#[c7d640]">&gt;&gt;</a>&nbsp;&nbsp;&nbsp;OS_Sched
</UL>

<P><STRONG><a name="[c77598]"></a>OSTaskCreate</STRONG> (ARM, 236 bytes, Stack size 40 bytes, os_task.o(.text))
<BR><BR>[Stack]<UL><LI>Max Depth = 80<LI>Call Chain = OSTaskCreate &rArr; OS_TCBInit
</UL>
<BR>[Calls]<UL><LI><a href="#[c7d370]">&gt;&gt;</a>&nbsp;&nbsp;&nbsp;OS_TCBInit
<LI><a href="#[c7d640]">&gt;&gt;</a>&nbsp;&nbsp;&nbsp;OS_Sched
<LI><a href="#[c7f498]">&gt;&gt;</a>&nbsp;&nbsp;&nbsp;OSTaskStkInit
</UL>
<BR>[Called By]<UL><LI><a href="#[1460b20]">&gt;&gt;</a>&nbsp;&nbsp;&nbsp;Init
<LI><a href="#[14642d0]">&gt;&gt;</a>&nbsp;&nbsp;&nbsp;Init
<LI><a href="#[14f1ef0]">&gt;&gt;</a>&nbsp;&nbsp;&nbsp;Init
<LI><a href="#[14f5600]">&gt;&gt;</a>&nbsp;&nbsp;&nbsp;Init
<LI><a href="#[14f87f0]">&gt;&gt;</a>&nbsp;&nbsp;&nbsp;Init
<LI><a href="#[14fbc08]">&gt;&gt;</a>&nbsp;&nbsp;&nbsp;Init
<LI><a href="#[15d4c30]">&gt;&gt;</a>&nbsp;&nbsp;&nbsp;Init
<LI><a href="#[16a24a0]">&gt;&gt;</a>&nbsp;&nbsp;&nbsp;Init
<LI><a href="#[18a06d0]">&gt;&gt;</a>&nbsp;&nbsp;&nbsp;Init
<LI><a href="#[18af058]">&gt;&gt;</a>&nbsp;&nbsp;&nbsp;Init
<LI><a href="#[18c7020]">&gt;&gt;</a>&nbsp;&nbsp;&nbsp;Init
<LI><a href="#[196f598]">&gt;&gt;</a>&nbsp;&nbsp;&nbsp;main
</UL>

<P><STRONG><a name="[c7d328]"></a>OSTaskCreateExt</STRONG> (ARM, 288 bytes, Stack size 56 bytes, os_task.o(.text))
<BR><BR>[Stack]<UL><LI>Max Depth = 96<LI>Call Chain = OSTaskCreateExt &rArr; OS_TCBInit
</UL>
<BR>[Calls]<UL><LI><a href="#[c7d370]">&gt;&gt;</a>&nbsp;&nbsp;&nbsp;OS_TCBInit
<LI><a href="#[c7d640]">&gt;&gt;</a>&nbsp;&nbsp;&nbsp;OS_Sched
<LI><a href="#[c7f498]">&gt;&gt;</a>&nbsp;&nbsp;&nbsp;OSTaskStkInit
<LI><a href="#[196d190]">&gt;&gt;</a>&nbsp;&nbsp;&nbsp;__aeabi_memclr4
</UL>
<BR>[Called By]<UL><LI><a href="#[c7e450]">&gt;&gt;</a>&nbsp;&nbsp;&nbsp;OS_InitTaskIdle
<LI><a href="#[c7e498]">&gt;&gt;</a>&nbsp;&nbsp;&nbsp;OS_InitTaskStat
</UL>

<P><STRONG><a name="[c77550]"></a>OSTaskDel</STRONG> (ARM, 508 bytes, Stack size 24 bytes, os_task.o(.text), UNUSED)
<BR><BR>[Calls]<UL><LI><a href="#[c7c430]">&gt;&gt;</a>&nbsp;&nbsp;&nbsp;OS_FlagUnlink
<LI><a href="#[c7d4d8]">&gt;&gt;</a>&nbsp;&nbsp;&nbsp;OS_Dummy
<LI><a href="#[c7d640]">&gt;&gt;</a>&nbsp;&nbsp;&nbsp;OS_Sched
<LI><a href="#[c7f2e8]">&gt;&gt;</a>&nbsp;&nbsp;&nbsp;OSTaskDelHook
</UL>

[...]
<LI><a href="#[18a5ac8]">&gt;&gt;</a>&nbsp;&nbsp;&nbsp;JugeDriver
<LI><a href="#[18a5b10]">&gt;&gt;</a>&nbsp;&nbsp;&nbsp;JugePhone
<LI><a href="#[18a5be8]">&gt;&gt;</a>&nbsp;&nbsp;&nbsp;AgreePhone
</UL>
<BR>[Address Reference Count : 1]<UL><LI> messageandphone.o(.constdata)
</UL>
<P><STRONG><a name="[18a59a8]"></a>ptFunMostPhone</STRONG> (ARM, 112 bytes, Stack size 8 bytes, messageandphone.o(.text))
<BR><BR>[Stack]<UL><LI>Max Depth = 56<LI>Call Chain = ptFunMostPhone &rArr; AgreePhone
</UL>
<BR>[Calls]<UL><LI><a href="#[18a5be8]">&gt;&gt;</a>&nbsp;&nbsp;&nbsp;AgreePhone
</UL>
<BR>[Address Reference Count : 1]<UL><LI> messageandphone.o(.constdata)
</UL>
<P><STRONG><a name="[18a5960]"></a>CloseCall</STRONG> (ARM, 56 bytes, Stack size 16 bytes, messageandphone.o(.text))
<BR><BR>[Stack]<UL><LI>Max Depth = 16<LI>Call Chain = CloseCall
</UL>
<BR>[Address Reference Count : 1]<UL><LI> messageandphone.o(.constdata)
</UL>
<P><STRONG><a name="[18a0a78]"></a>OpenSms</STRONG> (ARM, 296 bytes, Stack size 344 bytes, logonserver.o(.text), UNUSED)
<BR><BR>[Calls]<UL><LI><a href="#[196d450]">&gt;&gt;</a>&nbsp;&nbsp;&nbsp;__aeabi_memcpy4
</UL>
<BR>[Called By]<UL><LI><a href="#[18a0718]">&gt;&gt;</a>&nbsp;&nbsp;&nbsp;Task
</UL>

<P><STRONG><a name="[18a0a30]"></a>CreartAgreeOn</STRONG> (ARM, 272 bytes, Stack size 448 bytes, logonserver.o(.text), UNUSED)
<BR><BR>[Called By]<UL><LI><a href="#[18a07a8]">&gt;&gt;</a>&nbsp;&nbsp;&nbsp;Login
</UL>

<P><STRONG><a name="[18a09e8]"></a>CreatDev</STRONG> (ARM, 168 bytes, Stack size 32 bytes, logonserver.o(.text), UNUSED)
<BR><BR>[Called By]<UL><LI><a href="#[18a07a8]">&gt;&gt;</a>&nbsp;&nbsp;&nbsp;Login
</UL>

<P><STRONG><a name="[18a09a0]"></a>OpenSev</STRONG> (ARM, 324 bytes, Stack size 520 bytes, logonserver.o(.text), UNUSED)
<BR><BR>[Called By]<UL><LI><a href="#[18a07a8]">&gt;&gt;</a>&nbsp;&nbsp;&nbsp;Login
</UL>

<P><STRONG><a name="[18a0958]"></a>GetTimeAdd</STRONG> (ARM, 244 bytes, Stack size 24 bytes, logonserver.o(.text), UNUSED)
<BR><BR>[Called By]<UL><LI><a href="#[18a08c8]">&gt;&gt;</a>&nbsp;&nbsp;&nbsp;GetSevPar
<LI><a href="#[18a0910]">&gt;&gt;</a>&nbsp;&nbsp;&nbsp;GetSevParSigle
</UL>

<P><STRONG><a name="[18a0910]"></a>GetSevParSigle</STRONG> (ARM, 568 bytes, Stack size 168 bytes, logonserver.o(.text), UNUSED)
<BR><BR>[Calls]<UL><LI><a href="#[c7d2e0]">&gt;&gt;</a>&nbsp;&nbsp;&nbsp;OSTimeDly
<LI><a href="#[c81f78]">&gt;&gt;</a>&nbsp;&nbsp;&nbsp;WatchDog
<LI><a href="#[18a0958]">&gt;&gt;</a>&nbsp;&nbsp;&nbsp;GetTimeAdd
</UL>
<BR>[Called By]<UL><LI><a href="#[18a08c8]">&gt;&gt;</a>&nbsp;&nbsp;&nbsp;GetSevPar
</UL>

<P><STRONG><a name="[18a08c8]"></a>GetSevPar</STRONG> (ARM, 212 bytes, Stack size 72 bytes, logonserver.o(.text), UNUSED)
<BR><BR>[Calls]<UL><LI><a href="#[c7d2e0]">&gt;&gt;</a>&nbsp;&nbsp;&nbsp;OSTimeDly
<LI><a href="#[c81f78]">&gt;&gt;</a>&nbsp;&nbsp;&nbsp;WatchDog
<LI><a href="#[18a0910]">&gt;&gt;</a>&nbsp;&nbsp;&nbsp;GetSevParSigle
<LI><a href="#[18a0958]">&gt;&gt;</a>&nbsp;&nbsp;&nbsp;GetTimeAdd
</UL>
<BR>[Called By]<UL><LI><a href="#[18a07a8]">&gt;&gt;</a>&nbsp;&nbsp;&nbsp;Login
</UL>

<P><STRONG><a name="[18a0880]"></a>LoginUDP</STRONG> (ARM, 228 bytes, Stack size 112 bytes, logonserver.o(.text), UNUSED)
<BR><BR>[Called By]<UL><LI><a href="#[18a0838]">&gt;&gt;</a>&nbsp;&nbsp;&nbsp;Dev_Login
</UL>

<P><STRONG><a name="[18a0838]"></a>Dev_Login</STRONG> (ARM, 112 bytes, Stack size 376 bytes, logonserver.o(.text), UNUSED)
<BR><BR>[Calls]<UL><LI><a href="#[18a0880]">&gt;&gt;</a>&nbsp;&nbsp;&nbsp;LoginUDP
</UL>
<BR>[Called By]<UL><LI><a href="#[18a07a8]">&gt;&gt;</a>&nbsp;&nbsp;&nbsp;Login
</UL>

<P><STRONG><a name="[18a07f0]"></a>Dev_APN</STRONG> (ARM, 164 bytes, Stack size 432 bytes, logonserver.o(.text), UNUSED)
<BR><BR>[Called By]<UL><LI><a href="#[18a07a8]">&gt;&gt;</a>&nbsp;&nbsp;&nbsp;Login
</UL>

<P><STRONG><a name="[18a07a8]"></a>Login</STRONG> (ARM, 212 bytes, Stack size 64 bytes, logonserver.o(.text), UNUSED)
<BR><BR>[Calls]<UL><LI><a href="#[18a07f0]">&gt;&gt;</a>&nbsp;&nbsp;&nbsp;Dev_APN
<LI><a href="#[18a0838]">&gt;&gt;</a>&nbsp;&nbsp;&nbsp;Dev_Login
<LI><a href="#[18a08c8]">&gt;&gt;</a>&nbsp;&nbsp;&nbsp;GetSevPar
<LI><a href="#[18a09a0]">&gt;&gt;</a>&nbsp;&nbsp;&nbsp;OpenSev
<LI><a href="#[18a09e8]">&gt;&gt;</a>&nbsp;&nbsp;&nbsp;CreatDev
<LI><a href="#[18a0a30]">&gt;&gt;</a>&nbsp;&nbsp;&nbsp;CreartAgreeOn
</UL>
<BR>[Called By]<UL><LI><a href="#[18a0718]">&gt;&gt;</a>&nbsp;&nbsp;&nbsp;Task
</UL>

<P><STRONG><a name="[18a0760]"></a>CloseSms</STRONG> (ARM, 88 bytes, Stack size 8 bytes, logonserver.o(.text), UNUSED)
<BR><BR>[Called By]<UL><LI><a href="#[18a0718]">&gt;&gt;</a>&nbsp;&nbsp;&nbsp;Task
</UL>

<P><STRONG><a name="[18a0718]"></a>Task</STRONG> (ARM, 652 bytes, Stack size 16 bytes, logonserver.o(.text), UNUSED)
<BR><BR>[Calls]<UL><LI><a href="#[c7b658]">&gt;&gt;</a>&nbsp;&nbsp;&nbsp;OSMboxPost
<LI><a href="#[c7b6a0]">&gt;&gt;</a>&nbsp;&nbsp;&nbsp;OSMboxPend
<LI><a href="#[c7d2e0]">&gt;&gt;</a>&nbsp;&nbsp;&nbsp;OSTimeDly
<LI><a href="#[c81f78]">&gt;&gt;</a>&nbsp;&nbsp;&nbsp;WatchDog
<LI><a href="#[18a0760]">&gt;&gt;</a>&nbsp;&nbsp;&nbsp;CloseSms
<LI><a href="#[18a07a8]">&gt;&gt;</a>&nbsp;&nbsp;&nbsp;Login
<LI><a href="#[18a0a78]">&gt;&gt;</a>&nbsp;&nbsp;&nbsp;OpenSms
</UL>

<P><STRONG><a name="[18a06d0]"></a>Init</STRONG> (ARM, 200 bytes, Stack size 8 bytes, logonserver.o(.text))
<BR><BR>[Stack]<UL><LI>Max Depth = 88<LI>Call Chain = Init &rArr; OSTaskCreate &rArr; OS_TCBInit
</UL>
<BR>[Calls]<UL><LI><a href="#[c77598]">&gt;&gt;</a>&nbsp;&nbsp;&nbsp;OSTaskCreate
<LI><a href="#[c7b730]">&gt;&gt;</a>&nbsp;&nbsp;&nbsp;OSMboxCreate
</UL>
<BR>[Address Reference Count : 1]<UL><LI> logonserver.o(.constdata)
</UL>
<P><STRONG><a name="[18cab78]"></a>Init</STRONG> (ARM, 212 bytes, Stack size 8 bytes, openandclose.o(.text))
<BR><BR>[Stack]<UL><LI>Max Depth = 24<LI>Call Chain = Init &rArr; OSMboxCreate
</UL>
<BR>[Calls]<UL><LI><a href="#[c7b730]">&gt;&gt;</a>&nbsp;&nbsp;&nbsp;OSMboxCreate
</UL>
<BR>[Address Reference Count : 1]<UL><LI> openandclose.o(.constdata)
</UL>
<P><STRONG><a name="[18cab30]"></a>OpenGps</STRONG> (ARM, 116 bytes, Stack size 24 bytes, openandclose.o(.text))
<BR><BR>[Stack]<UL><LI>Max Depth = 24<LI>Call Chain = OpenGps
</UL>
<BR>[Address Reference Count : 1]<UL><LI> openandclose.o(.constdata)
</UL>
<P><STRONG><a name="[18caae8]"></a>CloseGps</STRONG> (ARM, 136 bytes, Stack size 8 bytes, openandclose.o(.text))
<BR><BR>[Stack]<UL><LI>Max Depth = 8<LI>Call Chain = CloseGps
</UL>
<BR>[Address Reference Count : 1]<UL><LI> openandclose.o(.constdata)
</UL>
<P><STRONG><a name="[18caaa0]"></a>LogSucOper</STRONG> (ARM, 156 bytes, Stack size 8 bytes, openandclose.o(.text), UNUSED)
<BR><BR>[Calls]<UL><LI><a href="#[18ca9c8]">&gt;&gt;</a>&nbsp;&nbsp;&nbsp;OpenGprs
</UL>

<P><STRONG><a name="[18caa58]"></a>OpenGprsNo</STRONG> (ARM, 64 bytes, Stack size 8 bytes, openandclose.o(.text))
<BR><BR>[Stack]<UL><LI>Max Depth = 64<LI>Call Chain = OpenGprsNo &rArr; OpenGprs &rArr; ClearSem &rArr; OSMboxPend &rArr; OS_Sched
</UL>
<BR>[Calls]<UL><LI><a href="#[18ca9c8]">&gt;&gt;</a>&nbsp;&nbsp;&nbsp;OpenGprs
</UL>
<BR>[Called By]<UL><LI><a href="#[18ca8a8]">&gt;&gt;</a>&nbsp;&nbsp;&nbsp;ChargeLogin
</UL>
<BR>[Address Reference Count : 1]<UL><LI> openandclose.o(.constdata)
</UL>
<P><STRONG><a name="[18caa10]"></a>ClearSem</STRONG> (ARM, 88 bytes, Stack size 16 bytes, openandclose.o(.text))
<BR><BR>[Stack]<UL><LI>Max Depth = 48<LI>Call Chain = ClearSem &rArr; OSMboxPend &rArr; OS_Sched
</UL>
<BR>[Calls]<UL><LI><a href="#[c78198]">&gt;&gt;</a>&nbsp;&nbsp;&nbsp;OSSemQuery
<LI><a href="#[c7b6a0]">&gt;&gt;</a>&nbsp;&nbsp;&nbsp;OSMboxPend
</UL>
<BR>[Called By]<UL><LI><a href="#[18ca980]">&gt;&gt;</a>&nbsp;&nbsp;&nbsp;CloseGprs
<LI><a href="#[18ca9c8]">&gt;&gt;</a>&nbsp;&nbsp;&nbsp;OpenGprs
</UL>

<P><STRONG><a name="[18ca9c8]"></a>OpenGprs</STRONG> (ARM, 192 bytes, Stack size 8 bytes, openandclose.o(.text))
<BR><BR>[Stack]<UL><LI>Max Depth = 56<LI>Call Chain = OpenGprs &rArr; ClearSem &rArr; OSMboxPend &rArr; OS_Sched
</UL>
<BR>[Calls]<UL><LI><a href="#[c7b658]">&gt;&gt;</a>&nbsp;&nbsp;&nbsp;OSMboxPost
<LI><a href="#[c7b6a0]">&gt;&gt;</a>&nbsp;&nbsp;&nbsp;OSMboxPend
<LI><a href="#[18caa10]">&gt;&gt;</a>&nbsp;&nbsp;&nbsp;ClearSem
</UL>
<BR>[Called By]<UL><LI><a href="#[18caa58]">&gt;&gt;</a>&nbsp;&nbsp;&nbsp;OpenGprsNo
<LI><a href="#[18caaa0]">&gt;&gt;</a>&nbsp;&nbsp;&nbsp;LogSucOper
</UL>
<BR>[Address Reference Count : 1]<UL><LI> openandclose.o(.constdata)
</UL>
<P><STRONG><a name="[18ca980]"></a>CloseGprs</STRONG> (ARM, 124 bytes, Stack size 8 bytes, openandclose.o(.text))
<BR><BR>[Stack]<UL><LI>Max Depth = 56<LI>Call Chain = CloseGprs &rArr; ClearSem &rArr; OSMboxPend &rArr; OS_Sched
</UL>
<BR>[Calls]<UL><LI><a href="#[c7b658]">&gt;&gt;</a>&nbsp;&nbsp;&nbsp;OSMboxPost
<LI><a href="#[18caa10]">&gt;&gt;</a>&nbsp;&nbsp;&nbsp;ClearSem
</UL>
<BR>[Address Reference Count : 1]<UL><LI> openandclose.o(.constdata)
</UL>
<P><STRONG><a name="[18ca938]"></a>ClearTimer</STRONG> (ARM, 20 bytes, Stack size 0 bytes, openandclose.o(.text))
<BR>[Address Reference Count : 1]<UL><LI> openandclose.o(.constdata)
</UL>
<P><STRONG><a name="[18ca8f0]"></a>OpenUart</STRONG> (ARM, 108 bytes, Stack size 40 bytes, openandclose.o(.text))
<BR><BR>[Stack]<UL><LI>Max Depth = 48<LI>Call Chain = OpenUart &rArr; __aeabi_memcpy4
</UL>
<BR>[Calls]<UL><LI><a href="#[196d450]">&gt;&gt;</a>&nbsp;&nbsp;&nbsp;__aeabi_memcpy4
</UL>
<BR>[Address Reference Count : 1]<UL><LI> openandclose.o(.constdata)
</UL>
<P><STRONG><a name="[18ca8a8]"></a>ChargeLogin</STRONG> (ARM, 48 bytes, Stack size 16 bytes, openandclose.o(.text))
<BR><BR>[Stack]<UL><LI>Max Depth = 80<LI>Call Chain = ChargeLogin &rArr; OpenGprsNo &rArr; OpenGprs &rArr; ClearSem &rArr; OSMboxPend &rArr; OS_Sched
</UL>
<BR>[Calls]<UL><LI><a href="#[18caa58]">&gt;&gt;</a>&nbsp;&nbsp;&nbsp;OpenGprsNo
</UL>
<BR>[Address Reference Count : 1]<UL><LI> openandclose.o(.constdata)
</UL>
<P><STRONG><a name="[18ca860]"></a>ChargeLoadDev</STRONG> (ARM, 56 bytes, Stack size 16 bytes, openandclose.o(.text))
<BR><BR>[Stack]<UL><LI>Max Depth = 16<LI>Call Chain = ChargeLoadDev
</UL>
<BR>[Address Reference Count : 1]<UL><LI> openandclose.o(.constdata)
</UL>
<P><STRONG><a name="[18c7068]"></a>Task</STRONG> (ARM, 876 bytes, Stack size 16 bytes, updatesoftware.o(.text), UNUSED)
<BR><BR>[Calls]<UL><LI><a href="#[c78f20]">&gt;&gt;</a>&nbsp;&nbsp;&nbsp;OSQPost
<LI><a href="#[c78f68]">&gt;&gt;</a>&nbsp;&nbsp;&nbsp;OSQPend
<LI><a href="#[c7b658]">&gt;&gt;</a>&nbsp;&nbsp;&nbsp;OSMboxPost
<LI><a href="#[c81f78]">&gt;&gt;</a>&nbsp;&nbsp;&nbsp;WatchDog
</UL>

<P><STRONG><a name="[18c7020]"></a>Init</STRONG> (ARM, 104 bytes, Stack size 8 bytes, updatesoftware.o(.text))
<BR><BR>[Stack]<UL><LI>Max Depth = 88<LI>Call Chain = Init &rArr; OSTaskCreate &rArr; OS_TCBInit
</UL>
<BR>[Calls]<UL><LI><a href="#[c77598]">&gt;&gt;</a>&nbsp;&nbsp;&nbsp;OSTaskCreate
<LI><a href="#[c79040]">&gt;&gt;</a>&nbsp;&nbsp;&nbsp;OSQCreate
</UL>
<BR>[Address Reference Count : 1]<UL><LI> updatesoftware.o(.data)
</UL>
<P><STRONG><a name="[18c24b8]"></a>MODEM_Dly100ms</STRONG> (ARM, 128 bytes, Stack size 4 bytes, _init.o(.text), UNUSED)
<BR><BR>[Called By]<UL><LI><a href="#[18c2470]">&gt;&gt;</a>&nbsp;&nbsp;&nbsp;CheckLed
</UL>

<P><STRONG><a name="[18c2470]"></a>CheckLed</STRONG> (ARM, 452 bytes, Stack size 8 bytes, _init.o(.text), UNUSED)
<BR><BR>[Calls]<UL><LI><a href="#[18c24b8]">&gt;&gt;</a>&nbsp;&nbsp;&nbsp;MODEM_Dly100ms
</UL>
<BR>[Called By]<UL><LI><a href="#[18c2428]">&gt;&gt;</a>&nbsp;&nbsp;&nbsp;Init
</UL>

<P><STRONG><a name="[18c2428]"></a>Init</STRONG> (ARM, 440 bytes, Stack size 24 bytes, _init.o(.text), UNUSED)
<BR><BR>[Calls]<UL><LI><a href="#[c7d2e0]">&gt;&gt;</a>&nbsp;&nbsp;&nbsp;OSTimeDly
<LI><a href="#[16a98d8]">&gt;&gt;</a>&nbsp;&nbsp;&nbsp;FileData_CheckFile
<LI><a href="#[18c2470]">&gt;&gt;</a>&nbsp;&nbsp;&nbsp;CheckLed
</UL>

<P><STRONG><a name="[196cb78]"></a>__arm_div8</STRONG> (ARM, 0 bytes, Stack size unknown bytes, aeabi_sdiv.o(.text))
<BR><BR>[Called By]<UL><LI><a href="#[196c9c8]">&gt;&gt;</a>&nbsp;&nbsp;&nbsp;__aeabi_uidivmod
</UL>

<P><STRONG><a name="[196cb30]"></a>__arm_div4</STRONG> (ARM, 0 bytes, Stack size unknown bytes, aeabi_sdiv.o(.text))
<BR><BR>[Called By]<UL><LI><a href="#[196c9c8]">&gt;&gt;</a>&nbsp;&nbsp;&nbsp;__aeabi_uidivmod
</UL>

<P><STRONG><a name="[196cae8]"></a>__arm_div_large</STRONG> (ARM, 0 bytes, Stack size unknown bytes, aeabi_sdiv.o(.text))
<BR><BR>[Called By]<UL><LI><a href="#[196c9c8]">&gt;&gt;</a>&nbsp;&nbsp;&nbsp;__aeabi_uidivmod
</UL>

<P><STRONG><a name="[196b3d0]"></a>_dadd1</STRONG> (ARM, 0 bytes, Stack size unknown bytes, daddsub_noclz.o(x$fpl$dadd), UNUSED)
<BR><BR>[Called By]<UL><LI><a href="#[196b190]">&gt;&gt;</a>&nbsp;&nbsp;&nbsp;_dsub
<LI><a href="#[196b220]">&gt;&gt;</a>&nbsp;&nbsp;&nbsp;_drsb
</UL>

<P><STRONG><a name="[196b388]"></a>_dsub1</STRONG> (ARM, 0 bytes, Stack size unknown bytes, daddsub_noclz.o(x$fpl$dsub), UNUSED)
<BR><BR>[Called By]<UL><LI><a href="#[196b220]">&gt;&gt;</a>&nbsp;&nbsp;&nbsp;_drsb
<LI><a href="#[196b2f8]">&gt;&gt;</a>&nbsp;&nbsp;&nbsp;_dadd
</UL>

<P><STRONG><a name="[196a5b0]"></a>_fadd1</STRONG> (ARM, 0 bytes, Stack size unknown bytes, faddsub_noclz.o(x$fpl$fadd), UNUSED)
<BR><BR>[Called By]<UL><LI><a href="#[196a370]">&gt;&gt;</a>&nbsp;&nbsp;&nbsp;_fsub
</UL>

<P><STRONG><a name="[196a568]"></a>_fsub1</STRONG> (ARM, 0 bytes, Stack size unknown bytes, faddsub_noclz.o(x$fpl$fsub), UNUSED)
<BR><BR>[Called By]<UL><LI><a href="#[196a4d8]">&gt;&gt;</a>&nbsp;&nbsp;&nbsp;_fadd
</UL>
<P>
<H3>
Undefined Global Symbols
</H3>
<P><STRONG><a name="[19640d0]"></a>__ARM_exceptions_init</STRONG> (Unknown, 0 bytes, Stack size 0 bytes, UNDEFINED)
<BR><BR>[Called By]<UL><LI><a href="#[19641f0]">&gt;&gt;</a>&nbsp;&nbsp;&nbsp;__rt_lib_init (Weak Reference)
</UL>

<P><STRONG><a name="[1964088]"></a>__Heap_DescSize</STRONG> (Unknown, 0 bytes, Stack size 0 bytes, UNDEFINED)
<BR><BR>[Called By]<UL><LI><a href="#[19641f0]">&gt;&gt;</a>&nbsp;&nbsp;&nbsp;__rt_lib_init (Weak Reference)
</UL>

<P><STRONG><a name="[1964040]"></a>__alloca_initialize</STRONG> (Unknown, 0 bytes, Stack size 0 bytes, UNDEFINED)
<BR><BR>[Called By]<UL><LI><a href="#[19641f0]">&gt;&gt;</a>&nbsp;&nbsp;&nbsp;__rt_lib_init (Weak Reference)
</UL>

<P><STRONG><a name="[1963ff8]"></a>__cpp_initialize__aeabi_</STRONG> (Unknown, 0 bytes, Stack size 0 bytes, UNDEFINED)
<BR><BR>[Called By]<UL><LI><a href="#[19641f0]">&gt;&gt;</a>&nbsp;&nbsp;&nbsp;__rt_lib_init (Weak Reference)
</UL>

<P><STRONG><a name="[1963fb0]"></a>__cxa_finalize</STRONG> (Unknown, 0 bytes, Stack size 0 bytes, UNDEFINED)
<BR><BR>[Called By]<UL><LI><a href="#[19641a8]">&gt;&gt;</a>&nbsp;&nbsp;&nbsp;__rt_lib_shutdown (Weak Reference)
</UL>

<P><STRONG><a name="[196b678]"></a>__fpl_infinity</STRONG> (Unknown, 0 bytes, Stack size 0 bytes, UNDEFINED)
<BR><BR>[Called By]<UL><LI><a href="#[19629c0]">&gt;&gt;</a>&nbsp;&nbsp;&nbsp;_drem (Weak Reference)
<LI><a href="#[1963008]">&gt;&gt;</a>&nbsp;&nbsp;&nbsp;_dfix (Weak Reference)
<LI><a href="#[1963330]">&gt;&gt;</a>&nbsp;&nbsp;&nbsp;__fpl_dcmp_InfNaN (Weak Reference)
<LI><a href="#[1965c88]">&gt;&gt;</a>&nbsp;&nbsp;&nbsp;scalbn (Weak Reference)
<LI><a href="#[19666e8]">&gt;&gt;</a>&nbsp;&nbsp;&nbsp;__fpl_fcmp_InfNaN (Weak Reference)
<LI><a href="#[1966d08]">&gt;&gt;</a>&nbsp;&nbsp;&nbsp;_dsqrt (Weak Reference)
<LI><a href="#[1969928]">&gt;&gt;</a>&nbsp;&nbsp;&nbsp;_fmul (Weak Reference)
<LI><a href="#[196a058]">&gt;&gt;</a>&nbsp;&nbsp;&nbsp;_ffixu (Weak Reference)
<LI><a href="#[196a370]">&gt;&gt;</a>&nbsp;&nbsp;&nbsp;_fsub (Weak Reference)
<LI><a href="#[196a4d8]">&gt;&gt;</a>&nbsp;&nbsp;&nbsp;_fadd (Weak Reference)
<LI><a href="#[196a998]">&gt;&gt;</a>&nbsp;&nbsp;&nbsp;_f2d (Weak Reference)
<LI><a href="#[196ab48]">&gt;&gt;</a>&nbsp;&nbsp;&nbsp;_dmul (Weak Reference)
<LI><a href="#[196ade0]">&gt;&gt;</a>&nbsp;&nbsp;&nbsp;_ddiv (Weak Reference)
<LI><a href="#[196b190]">&gt;&gt;</a>&nbsp;&nbsp;&nbsp;_dsub (Weak Reference)
<LI><a href="#[196b2f8]">&gt;&gt;</a>&nbsp;&nbsp;&nbsp;_dadd (Weak Reference)
<LI><a href="#[196b7e0]">&gt;&gt;</a>&nbsp;&nbsp;&nbsp;_d2f (Weak Reference)
</UL>

<P><STRONG><a name="[196bbf8]"></a>__user_heap_extend</STRONG> (Unknown, 0 bytes, Stack size 0 bytes, UNDEFINED, UNUSED)
<BR><BR>[Called By]<UL><LI><a href="#[196bcd0]">&gt;&gt;</a>&nbsp;&nbsp;&nbsp;__rt_heap_extend (Weak Reference)
</UL>

<P><STRONG><a name="[1963f68]"></a>_atexit_init</STRONG> (Unknown, 0 bytes, Stack size 0 bytes, UNDEFINED)
<BR><BR>[Called By]<UL><LI><a href="#[19641f0]">&gt;&gt;</a>&nbsp;&nbsp;&nbsp;__rt_lib_init (Weak Reference)
</UL>

<P><STRONG><a name="[19645e0]"></a>_call_atexit_fns</STRONG> (Unknown, 0 bytes, Stack size 0 bytes, UNDEFINED)
<BR><BR>[Called By]<UL><LI><a href="#[1964670]">&gt;&gt;</a>&nbsp;&nbsp;&nbsp;exit (Weak Reference)
</UL>

<P><STRONG><a name="[1963f20]"></a>_clock_init</STRONG> (Unknown, 0 bytes, Stack size 0 bytes, UNDEFINED)
<BR><BR>[Called By]<UL><LI><a href="#[19641f0]">&gt;&gt;</a>&nbsp;&nbsp;&nbsp;__rt_lib_init (Weak Reference)
</UL>

<P><STRONG><a name="[1963ed8]"></a>_fp_trap_init</STRONG> (Unknown, 0 bytes, Stack size 0 bytes, UNDEFINED)
<BR><BR>[Called By]<UL><LI><a href="#[19641f0]">&gt;&gt;</a>&nbsp;&nbsp;&nbsp;__rt_lib_init (Weak Reference)
</UL>

<P><STRONG><a name="[1963e90]"></a>_get_lc_collate</STRONG> (Unknown, 0 bytes, Stack size 0 bytes, UNDEFINED)
<BR><BR>[Called By]<UL><LI><a href="#[19641f0]">&gt;&gt;</a>&nbsp;&nbsp;&nbsp;__rt_lib_init (Weak Reference)
</UL>

<P><STRONG><a name="[1963e48]"></a>_get_lc_ctype</STRONG> (Unknown, 0 bytes, Stack size 0 bytes, UNDEFINED)
<BR><BR>[Called By]<UL><LI><a href="#[19641f0]">&gt;&gt;</a>&nbsp;&nbsp;&nbsp;__rt_lib_init (Weak Reference)
</UL>

<P><STRONG><a name="[1963e00]"></a>_get_lc_monetary</STRONG> (Unknown, 0 bytes, Stack size 0 bytes, UNDEFINED)
<BR><BR>[Called By]<UL><LI><a href="#[19641f0]">&gt;&gt;</a>&nbsp;&nbsp;&nbsp;__rt_lib_init (Weak Reference)
</UL>

<P><STRONG><a name="[1963db8]"></a>_get_lc_numeric</STRONG> (Unknown, 0 bytes, Stack size 0 bytes, UNDEFINED)
<BR><BR>[Called By]<UL><LI><a href="#[19641f0]">&gt;&gt;</a>&nbsp;&nbsp;&nbsp;__rt_lib_init (Weak Reference)
</UL>

<P><STRONG><a name="[1963d70]"></a>_get_lc_time</STRONG> (Unknown, 0 bytes, Stack size 0 bytes, UNDEFINED)
<BR><BR>[Called By]<UL><LI><a href="#[19641f0]">&gt;&gt;</a>&nbsp;&nbsp;&nbsp;__rt_lib_init (Weak Reference)
</UL>

<P><STRONG><a name="[1963d28]"></a>_getenv_init</STRONG> (Unknown, 0 bytes, Stack size 0 bytes, UNDEFINED)
<BR><BR>[Called By]<UL><LI><a href="#[19641f0]">&gt;&gt;</a>&nbsp;&nbsp;&nbsp;__rt_lib_init (Weak Reference)
</UL>

<P><STRONG><a name="[1963ce0]"></a>_init_alloc</STRONG> (Unknown, 0 bytes, Stack size 0 bytes, UNDEFINED)
<BR><BR>[Called By]<UL><LI><a href="#[19641f0]">&gt;&gt;</a>&nbsp;&nbsp;&nbsp;__rt_lib_init (Weak Reference)
</UL>

<P><STRONG><a name="[1963c98]"></a>_init_user_alloc</STRONG> (Unknown, 0 bytes, Stack size 0 bytes, UNDEFINED)
<BR><BR>[Called By]<UL><LI><a href="#[19641f0]">&gt;&gt;</a>&nbsp;&nbsp;&nbsp;__rt_lib_init (Weak Reference)
</UL>

<P><STRONG><a name="[1963c50]"></a>_initio</STRONG> (Unknown, 0 bytes, Stack size 0 bytes, UNDEFINED)
<BR><BR>[Called By]<UL><LI><a href="#[19641f0]">&gt;&gt;</a>&nbsp;&nbsp;&nbsp;__rt_lib_init (Weak Reference)
</UL>

<P><STRONG><a name="[1963bc0]"></a>_signal_init</STRONG> (Unknown, 0 bytes, Stack size 0 bytes, UNDEFINED)
<BR><BR>[Called By]<UL><LI><a href="#[19641f0]">&gt;&gt;</a>&nbsp;&nbsp;&nbsp;__rt_lib_init (Weak Reference)
</UL>

<P><STRONG><a name="[1963b78]"></a>_terminate_user_alloc</STRONG> (Unknown, 0 bytes, Stack size 0 bytes, UNDEFINED)
<BR><BR>[Called By]<UL><LI><a href="#[19641a8]">&gt;&gt;</a>&nbsp;&nbsp;&nbsp;__rt_lib_shutdown (Weak Reference)
</UL>

<P><STRONG><a name="[1963b30]"></a>_terminateio</STRONG> (Unknown, 0 bytes, Stack size 0 bytes, UNDEFINED)
<BR><BR>[Called By]<UL><LI><a href="#[19641a8]">&gt;&gt;</a>&nbsp;&nbsp;&nbsp;__rt_lib_shutdown (Weak Reference)
</UL>
<HR></body></html>
