<html>
<body>
<pre>
<h1>礦ision3 Build Log</h1>
<h2>Project:</h2>
D:\work\OS流程规范\FTP\wuliu2009-08-01-huawei\lpc2368_port.uv2
Project File Date:  07/31/2009

<h2>Output:</h2>
Build target 'LPC2368Kit'
compiling _Init.c...
AppFunction\main\_Init.c(42): warning:  #223-D: function "CheckFile" declared implicitly
AppFunction\main\_Init.c(44): warning:  #223-D: function "InitCenPhone" declared implicitly
AppFunction\main\_Init.c(33): warning:  #177-D: variable "i" was declared but never referenced
AppFunction\main\_Init.c(33): warning:  #177-D: variable "RecLen1" was declared but never referenced
AppFunction\main\_Init.c(33): warning:  #177-D: variable "RecLen" was declared but never referenced
AppFunction\main\_Init.c(34): warning:  #177-D: variable "AgreeBuf" was declared but never referenced
AppFunction\main\_Init.c(56): error:  #20: identifier "st_FtpDown_Data" is undefined
AppFunction\main\_Init.c(56): error:  #20: identifier "pFtpDown" is undefined
AppFunction\main\_Init.c(70): warning:  #223-D: function "GpsInit" declared implicitly
AppFunction\main\_Init.c(71): warning:  #223-D: function "GprsInit" declared implicitly
AppFunction\main\_Init.c(72): error:  #20: identifier "FTP_Fun" is undefined
AppFunction\main\_Init.c(73): error:  #20: identifier "FTPRecBox" is undefined
Target not created
Build target 'LPC2368Kit'
compiling _Init.c...
AppFunction\main\_Init.c(10): error:  #11-D: unrecognized preprocessing directive
AppFunction\main\_Init.c(43): warning:  #223-D: function "CheckFile" declared implicitly
AppFunction\main\_Init.c(45): warning:  #223-D: function "InitCenPhone" declared implicitly
AppFunction\main\_Init.c(34): warning:  #177-D: variable "i" was declared but never referenced
AppFunction\main\_Init.c(34): warning:  #177-D: variable "RecLen1" was declared but never referenced
AppFunction\main\_Init.c(34): warning:  #177-D: variable "RecLen" was declared but never referenced
AppFunction\main\_Init.c(35): warning:  #177-D: variable "AgreeBuf" was declared but never referenced
AppFunction\main\_Init.c(57): error:  #20: identifier "st_FtpDown_Data" is undefined
AppFunction\main\_Init.c(57): error:  #20: identifier "pFtpDown" is undefined
AppFunction\main\_Init.c(71): warning:  #223-D: function "GpsInit" declared implicitly
AppFunction\main\_Init.c(72): warning:  #223-D: function "GprsInit" declared implicitly
AppFunction\main\_Init.c(73): error:  #20: identifier "FTP_Fun" is undefined
AppFunction\main\_Init.c(74): error:  #20: identifier "FTPRecBox" is undefined
Target not created
Build target 'LPC2368Kit'
compiling _Init.c...
AppFunction\main\_Init.c(43): warning:  #223-D: function "CheckFile" declared implicitly
AppFunction\main\_Init.c(45): warning:  #223-D: function "InitCenPhone" declared implicitly
AppFunction\main\_Init.c(34): warning:  #177-D: variable "i" was declared but never referenced
AppFunction\main\_Init.c(34): warning:  #177-D: variable "RecLen1" was declared but never referenced
AppFunction\main\_Init.c(34): warning:  #177-D: variable "RecLen" was declared but never referenced
AppFunction\main\_Init.c(35): warning:  #177-D: variable "AgreeBuf" was declared but never referenced
AppFunction\main\_Init.c(71): warning:  #223-D: function "GpsInit" declared implicitly
AppFunction\main\_Init.c(72): warning:  #223-D: function "GprsInit" declared implicitly
AppFunction\main\_Init.c(74): error:  #20: identifier "FTPRecBox" is undefined
Target not created
Build target 'LPC2368Kit'
compiling FTP.c...
Control\FTP\FTP.c(120): warning:  #550-D: variable "pFtpData" was set but never used
Control\FTP\FTP.c(25): warning:  #177-D: function "FtpTaskInit" was declared but never referenced
Control\FTP\FTP.c(99): warning:  #177-D: function "FTP_SendCommand" was declared but never referenced
Control\FTP\FTP.c(90): warning:  #177-D: function "FTP_CtrReceive" was declared but never referenced
Control\FTP\FTP.c(136): warning:  #177-D: function "FtpTaskClose" was declared but never referenced
compiling _Init.c...
AppFunction\main\_Init.c(43): warning:  #223-D: function "CheckFile" declared implicitly
AppFunction\main\_Init.c(45): warning:  #223-D: function "InitCenPhone" declared implicitly
AppFunction\main\_Init.c(34): warning:  #177-D: variable "i" was declared but never referenced
AppFunction\main\_Init.c(34): warning:  #177-D: variable "RecLen1" was declared but never referenced
AppFunction\main\_Init.c(34): warning:  #177-D: variable "RecLen" was declared but never referenced
AppFunction\main\_Init.c(35): warning:  #177-D: variable "AgreeBuf" was declared but never referenced
AppFunction\main\_Init.c(71): warning:  #223-D: function "GpsInit" declared implicitly
AppFunction\main\_Init.c(72): warning:  #223-D: function "GprsInit" declared implicitly
linking...
Program Size: Code=101308 RO-data=2292 RW-data=356 ZI-data=28724  
FromELF: creating hex file...
.\obj\lpc2368_port: Error: Q0194E: Could not save output file .\obj\lpc2368_port.hex renaming of temporary file failed: Permission denied
Target not created
Build target 'LPC2368Kit'
compiling target.c...
assembling IRQ.s...
assembling Startup.s...
compiling Os_cpu_c.c...
assembling Os_cpu_a.s...
compiling OS_CORE.C...
compiling OS_FLAG.C...
compiling OS_MBOX.C...
compiling OS_MEM.C...
compiling OS_MUTEX.C...
compiling OS_Q.C...
compiling OS_SEM.C...
compiling OS_TASK.C...
compiling OS_TIME.C...
compiling _Arithmetic.c...
miscellaneous\Arithmetic\_Arithmetic.c(173): warning:  #111-D: statement is unreachable
compiling _AscNumber.c...
miscellaneous\CodeTrans\_AscNumber.c(327): warning:  #177-D: variable "DataLen" was declared but never referenced
compiling _Date.c...
miscellaneous\Date\_Date.c(14): warning:  #1293-D: assignment in condition
miscellaneous\Date\_Date.c(18): warning:  #1293-D: assignment in condition
miscellaneous\Date\_Date.c(22): warning:  #1293-D: assignment in condition
compiling _Can.c...
HardWare\Can\_Can.c(189): warning:  #111-D: statement is unreachable
compiling Gps.c...
compiling _RTC.c...
HardWare\RTC\_RTC.c(137): warning:  #177-D: function "RTCStop" was declared but never referenced
HardWare\RTC\_RTC.c(153): warning:  #177-D: function "RTC_CTCReset" was declared but never referenced
HardWare\RTC\_RTC.c(120): warning:  #177-D: function "RTCStart" was declared but never referenced
compiling _Spi.c...
HardWare\Spi\_Spi.c(84): warning:  #550-D: variable "a" was set but never used
compiling _SpiFlash.c...
compiling _UART.C...
compiling _Acc.c...
compiling adc.c...
compiling CanTask.c...
compiling GPRS.c...
Control\Gprs\GPRS.c(8): warning:  #167-D: argument of type "int16 *" is incompatible with parameter of type "uint16 *"
Control\Gprs\GPRS.c(312): warning:  #177-D: variable "tempfd" was declared but never referenced
Control\Gprs\GPRS.c(312): warning:  #177-D: variable "i" was declared but never referenced
Control\Gprs\GPRS.c(314): warning:  #550-D: variable "CardState" was set but never used
Control\Gprs\GPRS.c(855): warning:  #177-D: variable "temp1" was declared but never referenced
Control\Gprs\GPRS.c(856): warning:  #177-D: variable "DataLength" was declared but never referenced
Control\Gprs\GPRS.c(1281): warning:  #177-D: variable "pTemp" was declared but never referenced
Control\Gprs\GPRS.c(1326): warning:  #177-D: variable "RecLen1" was declared but never referenced
Control\Gprs\GPRS.c(1179): warning:  #177-D: function "GetModermCard" was declared but never referenced
Control\Gprs\GPRS.c(1212): warning:  #177-D: function "GetChipID" was declared but never referenced
Control\Gprs\GPRS.c(1311): warning:  #177-D: function "EnableSync" was declared but never referenced
Control\Gprs\GPRS.c(1450): warning:  #177-D: function "ModermPowerUp" was declared but never referenced
compiling GpsTask.c...
compiling Sleep.c...
compiling Timer.c...
compiling Hand.c...
compiling FTP.c...
Control\FTP\FTP.c(120): warning:  #550-D: variable "pFtpData" was set but never used
Control\FTP\FTP.c(25): warning:  #177-D: function "FtpTaskInit" was declared but never referenced
Control\FTP\FTP.c(99): warning:  #177-D: function "FTP_SendCommand" was declared but never referenced
Control\FTP\FTP.c(90): warning:  #177-D: function "FTP_CtrReceive" was declared but never referenced
Control\FTP\FTP.c(136): warning:  #177-D: function "FtpTaskClose" was declared but never referenced
compiling _rwFile.c...
compiling _rwflashlgc.c...
compiling _DataTrans.c...
compiling _FileData.c...
AppFunction\FilleData\_FileData.c(148): warning:  #223-D: function "Trans_Gps" declared implicitly
AppFunction\FilleData\_FileData.c(159): warning:  #223-D: function "Trans_Gps_Hand" declared implicitly
compiling _Init.c...
AppFunction\main\_Init.c(43): warning:  #223-D: function "CheckFile" declared implicitly
AppFunction\main\_Init.c(45): warning:  #223-D: function "InitCenPhone" declared implicitly
AppFunction\main\_Init.c(34): warning:  #177-D: variable "i" was declared but never referenced
AppFunction\main\_Init.c(34): warning:  #177-D: variable "RecLen1" was declared but never referenced
AppFunction\main\_Init.c(34): warning:  #177-D: variable "RecLen" was declared but never referenced
AppFunction\main\_Init.c(35): warning:  #177-D: variable "AgreeBuf" was declared but never referenced
AppFunction\main\_Init.c(71): warning:  #223-D: function "GpsInit" declared implicitly
AppFunction\main\_Init.c(72): warning:  #223-D: function "GprsInit" declared implicitly
compiling AccEvent.c...
compiling AdcEvent.c...
compiling CheckEvent.c...
compiling SleepEvent.c...
compiling GpsEvent.c...
compiling _MessageEvent.c...
AppFunction\Message\_MessageEvent.c(11): warning:  #1134-D: literal treated as "long long"
AppFunction\Message\_MessageEvent.c(5): warning:  #550-D: variable "Result" was set but never used
AppFunction\Message\_MessageEvent.c(90): warning:  #870-D: invalid multibyte character sequence
AppFunction\Message\_MessageEvent.c(90): warning:  #870-D: invalid multibyte character sequence
AppFunction\Message\_MessageEvent.c(90): warning:  #870-D: invalid multibyte character sequence
AppFunction\Message\_MessageEvent.c(90): warning:  #870-D: invalid multibyte character sequence
AppFunction\Message\_MessageEvent.c(90): warning:  #870-D: invalid multibyte character sequence
AppFunction\Message\_MessageEvent.c(90): warning:  #870-D: invalid multibyte character sequence
AppFunction\Message\_MessageEvent.c(90): warning:  #870-D: invalid multibyte character sequence
AppFunction\Message\_MessageEvent.c(90): warning:  #870-D: invalid multibyte character sequence
AppFunction\Message\_MessageEvent.c(90): warning:  #870-D: invalid multibyte character sequence
AppFunction\Message\_MessageEvent.c(90): warning:  #870-D: invalid multibyte character sequence
AppFunction\Message\_MessageEvent.c(90): warning:  #870-D: invalid multibyte character sequence
AppFunction\Message\_MessageEvent.c(90): warning:  #870-D: invalid multibyte character sequence
AppFunction\Message\_MessageEvent.c(103): warning:  #870-D: invalid multibyte character sequence
AppFunction\Message\_MessageEvent.c(103): warning:  #870-D: invalid multibyte character sequence
AppFunction\Message\_MessageEvent.c(103): warning:  #870-D: invalid multibyte character sequence
AppFunction\Message\_MessageEvent.c(103): warning:  #870-D: invalid multibyte character sequence
AppFunction\Message\_MessageEvent.c(103): warning:  #870-D: invalid multibyte character sequence
AppFunction\Message\_MessageEvent.c(103): warning:  #870-D: invalid multibyte character sequence
AppFunction\Message\_MessageEvent.c(106): warning:  #870-D: invalid multibyte character sequence
AppFunction\Message\_MessageEvent.c(106): warning:  #870-D: invalid multibyte character sequence
AppFunction\Message\_MessageEvent.c(106): warning:  #870-D: invalid multibyte character sequence
AppFunction\Message\_MessageEvent.c(106): warning:  #870-D: invalid multibyte character sequence
AppFunction\Message\_MessageEvent.c(106): warning:  #870-D: invalid multibyte character sequence
AppFunction\Message\_MessageEvent.c(106): warning:  #870-D: invalid multibyte character sequence
AppFunction\Message\_MessageEvent.c(106): warning:  #870-D: invalid multibyte character sequence
AppFunction\Message\_MessageEvent.c(106): warning:  #870-D: invalid multibyte character sequence
AppFunction\Message\_MessageEvent.c(106): warning:  #870-D: invalid multibyte character sequence
AppFunction\Message\_MessageEvent.c(106): warning:  #870-D: invalid multibyte character sequence
AppFunction\Message\_MessageEvent.c(106): warning:  #870-D: invalid multibyte character sequence
AppFunction\Message\_MessageEvent.c(106): warning:  #870-D: invalid multibyte character sequence
AppFunction\Message\_MessageEvent.c(113): warning:  #870-D: invalid multibyte character sequence
AppFunction\Message\_MessageEvent.c(113): warning:  #870-D: invalid multibyte character sequence
AppFunction\Message\_MessageEvent.c(113): warning:  #870-D: invalid multibyte character sequence
AppFunction\Message\_MessageEvent.c(113): warning:  #870-D: invalid multibyte character sequence
AppFunction\Message\_MessageEvent.c(162): warning:  #127-D: expected a statement
compiling CanEvent.c...
compiling HandEvent.c...
linking...
Program Size: Code=101308 RO-data=2292 RW-data=356 ZI-data=28724  
FromELF: creating hex file...
".\obj\lpc2368_port.axf" - 0 Error(s), 74 Warning(s).
Build target 'LPC2368Kit'
compiling FTP.c...
Control\FTP\FTP.c(121): warning:  #550-D: variable "pFtpData" was set but never used
Control\FTP\FTP.c(26): warning:  #177-D: function "FtpTaskInit" was declared but never referenced
Control\FTP\FTP.c(100): warning:  #177-D: function "FTP_SendCommand" was declared but never referenced
Control\FTP\FTP.c(91): warning:  #177-D: function "FTP_CtrReceive" was declared but never referenced
Control\FTP\FTP.c(137): warning:  #177-D: function "FtpTaskClose" was declared but never referenced
linking...
Program Size: Code=101308 RO-data=2292 RW-data=356 ZI-data=28724  
FromELF: creating hex file...
".\obj\lpc2368_port.axf" - 0 Error(s), 5 Warning(s).
Load "D:\\work\\OS流程规范\\FTP\\wuliu2009-08-01-huawei\\obj\\lpc2368_port.AXF" 
Build target 'LPC2368Kit'
compiling GPRS.c...
Control\Gprs\GPRS.c(8): warning:  #167-D: argument of type "int16 *" is incompatible with parameter of type "uint16 *"
Control\Gprs\GPRS.c(312): warning:  #177-D: variable "tempfd" was declared but never referenced
Control\Gprs\GPRS.c(312): warning:  #177-D: variable "i" was declared but never referenced
Control\Gprs\GPRS.c(314): warning:  #550-D: variable "CardState" was set but never used
Control\Gprs\GPRS.c(855): warning:  #177-D: variable "temp1" was declared but never referenced
Control\Gprs\GPRS.c(856): warning:  #177-D: variable "DataLength" was declared but never referenced
Control\Gprs\GPRS.c(1281): warning:  #177-D: variable "pTemp" was declared but never referenced
Control\Gprs\GPRS.c(1326): warning:  #177-D: variable "RecLen1" was declared but never referenced
Control\Gprs\GPRS.c(1179): warning:  #177-D: function "GetModermCard" was declared but never referenced
Control\Gprs\GPRS.c(1212): warning:  #177-D: function "GetChipID" was declared but never referenced
Control\Gprs\GPRS.c(1311): warning:  #177-D: function "EnableSync" was declared but never referenced
Control\Gprs\GPRS.c(1450): warning:  #177-D: function "ModermPowerUp" was declared but never referenced
linking...
Program Size: Code=101276 RO-data=2292 RW-data=356 ZI-data=28724  
FromELF: creating hex file...
".\obj\lpc2368_port.axf" - 0 Error(s), 12 Warning(s).
Load "D:\\work\\OS流程规范\\FTP\\wuliu2009-08-01-huawei\\obj\\lpc2368_port.AXF" 
Build target 'LPC2368Kit'
compiling GPRS.c...
Control\Gprs\GPRS.c(8): warning:  #167-D: argument of type "int16 *" is incompatible with parameter of type "uint16 *"
Control\Gprs\GPRS.c(312): warning:  #177-D: variable "tempfd" was declared but never referenced
Control\Gprs\GPRS.c(312): warning:  #177-D: variable "i" was declared but never referenced
Control\Gprs\GPRS.c(314): warning:  #550-D: variable "CardState" was set but never used
Control\Gprs\GPRS.c(855): warning:  #177-D: variable "temp1" was declared but never referenced
Control\Gprs\GPRS.c(856): warning:  #177-D: variable "DataLength" was declared but never referenced
Control\Gprs\GPRS.c(1281): warning:  #177-D: variable "pTemp" was declared but never referenced
Control\Gprs\GPRS.c(1326): warning:  #177-D: variable "RecLen1" was declared but never referenced
Control\Gprs\GPRS.c(1179): warning:  #177-D: function "GetModermCard" was declared but never referenced
Control\Gprs\GPRS.c(1212): warning:  #177-D: function "GetChipID" was declared but never referenced
Control\Gprs\GPRS.c(1311): warning:  #177-D: function "EnableSync" was declared but never referenced
Control\Gprs\GPRS.c(1450): warning:  #177-D: function "ModermPowerUp" was declared but never referenced
linking...
Program Size: Code=101144 RO-data=2292 RW-data=356 ZI-data=28724  
FromELF: creating hex file...
.\obj\lpc2368_port: Error: Q0194E: Could not save output file .\obj\lpc2368_port.hex renaming of temporary file failed: Permission denied
Target not created
Build target 'LPC2368Kit'
compiling target.c...
assembling IRQ.s...
assembling Startup.s...
compiling Os_cpu_c.c...
assembling Os_cpu_a.s...
compiling OS_CORE.C...
compiling OS_FLAG.C...
compiling OS_MBOX.C...
compiling OS_MEM.C...
compiling OS_MUTEX.C...
compiling OS_Q.C...
compiling OS_SEM.C...
compiling OS_TASK.C...
compiling OS_TIME.C...
compiling _Arithmetic.c...
miscellaneous\Arithmetic\_Arithmetic.c(173): warning:  #111-D: statement is unreachable
compiling _AscNumber.c...
miscellaneous\CodeTrans\_AscNumber.c(327): warning:  #177-D: variable "DataLen" was declared but never referenced
compiling _Date.c...
miscellaneous\Date\_Date.c(14): warning:  #1293-D: assignment in condition
miscellaneous\Date\_Date.c(18): warning:  #1293-D: assignment in condition
miscellaneous\Date\_Date.c(22): warning:  #1293-D: assignment in condition
compiling _Can.c...
HardWare\Can\_Can.c(189): warning:  #111-D: statement is unreachable
compiling Gps.c...
compiling _RTC.c...
HardWare\RTC\_RTC.c(137): warning:  #177-D: function "RTCStop" was declared but never referenced
HardWare\RTC\_RTC.c(153): warning:  #177-D: function "RTC_CTCReset" was declared but never referenced
HardWare\RTC\_RTC.c(120): warning:  #177-D: function "RTCStart" was declared but never referenced
compiling _Spi.c...
HardWare\Spi\_Spi.c(84): warning:  #550-D: variable "a" was set but never used
compiling _SpiFlash.c...
compiling _UART.C...
compiling _Acc.c...
compiling adc.c...
compiling CanTask.c...
compiling GPRS.c...
Control\Gprs\GPRS.c(8): warning:  #167-D: argument of type "int16 *" is incompatible with parameter of type "uint16 *"
Control\Gprs\GPRS.c(312): warning:  #177-D: variable "tempfd" was declared but never referenced
Control\Gprs\GPRS.c(312): warning:  #177-D: variable "i" was declared but never referenced
Control\Gprs\GPRS.c(314): warning:  #550-D: variable "CardState" was set but never used
Control\Gprs\GPRS.c(855): warning:  #177-D: variable "temp1" was declared but never referenced
Control\Gprs\GPRS.c(856): warning:  #177-D: variable "DataLength" was declared but never referenced
Control\Gprs\GPRS.c(1281): warning:  #177-D: variable "pTemp" was declared but never referenced
Control\Gprs\GPRS.c(1326): warning:  #177-D: variable "RecLen1" was declared but never referenced
Control\Gprs\GPRS.c(1179): warning:  #177-D: function "GetModermCard" was declared but never referenced
Control\Gprs\GPRS.c(1212): warning:  #177-D: function "GetChipID" was declared but never referenced
Control\Gprs\GPRS.c(1311): warning:  #177-D: function "EnableSync" was declared but never referenced
Control\Gprs\GPRS.c(1450): warning:  #177-D: function "ModermPowerUp" was declared but never referenced
compiling GpsTask.c...
compiling Sleep.c...
compiling Timer.c...
compiling Hand.c...
compiling FTP.c...
Control\FTP\FTP.c(121): warning:  #550-D: variable "pFtpData" was set but never used
Control\FTP\FTP.c(26): warning:  #177-D: function "FtpTaskInit" was declared but never referenced
Control\FTP\FTP.c(100): warning:  #177-D: function "FTP_SendCommand" was declared but never referenced
Control\FTP\FTP.c(91): warning:  #177-D: function "FTP_CtrReceive" was declared but never referenced
Control\FTP\FTP.c(137): warning:  #177-D: function "FtpTaskClose" was declared but never referenced
compiling _rwFile.c...
compiling _rwflashlgc.c...
compiling _DataTrans.c...
compiling _FileData.c...
AppFunction\FilleData\_FileData.c(148): warning:  #223-D: function "Trans_Gps" declared implicitly
AppFunction\FilleData\_FileData.c(159): warning:  #223-D: function "Trans_Gps_Hand" declared implicitly
compiling _Init.c...
AppFunction\main\_Init.c(43): warning:  #223-D: function "CheckFile" declared implicitly
AppFunction\main\_Init.c(45): warning:  #223-D: function "InitCenPhone" declared implicitly
AppFunction\main\_Init.c(34): warning:  #177-D: variable "i" was declared but never referenced
AppFunction\main\_Init.c(34): warning:  #177-D: variable "RecLen1" was declared but never referenced
AppFunction\main\_Init.c(34): warning:  #177-D: variable "RecLen" was declared but never referenced
AppFunction\main\_Init.c(35): warning:  #177-D: variable "AgreeBuf" was declared but never referenced
AppFunction\main\_Init.c(71): warning:  #223-D: function "GpsInit" declared implicitly
AppFunction\main\_Init.c(72): warning:  #223-D: function "GprsInit" declared implicitly
compiling AccEvent.c...
compiling AdcEvent.c...
compiling CheckEvent.c...
compiling SleepEvent.c...
compiling GpsEvent.c...
compiling _MessageEvent.c...
AppFunction\Message\_MessageEvent.c(11): warning:  #1134-D: literal treated as "long long"
AppFunction\Message\_MessageEvent.c(5): warning:  #550-D: variable "Result" was set but never used
AppFunction\Message\_MessageEvent.c(90): warning:  #870-D: invalid multibyte character sequence
AppFunction\Message\_MessageEvent.c(90): warning:  #870-D: invalid multibyte character sequence
AppFunction\Message\_MessageEvent.c(90): warning:  #870-D: invalid multibyte character sequence
AppFunction\Message\_MessageEvent.c(90): warning:  #870-D: invalid multibyte character sequence
AppFunction\Message\_MessageEvent.c(90): warning:  #870-D: invalid multibyte character sequence
AppFunction\Message\_MessageEvent.c(90): warning:  #870-D: invalid multibyte character sequence
AppFunction\Message\_MessageEvent.c(90): warning:  #870-D: invalid multibyte character sequence
AppFunction\Message\_MessageEvent.c(90): warning:  #870-D: invalid multibyte character sequence
AppFunction\Message\_MessageEvent.c(90): warning:  #870-D: invalid multibyte character sequence
AppFunction\Message\_MessageEvent.c(90): warning:  #870-D: invalid multibyte character sequence
AppFunction\Message\_MessageEvent.c(90): warning:  #870-D: invalid multibyte character sequence
AppFunction\Message\_MessageEvent.c(90): warning:  #870-D: invalid multibyte character sequence
AppFunction\Message\_MessageEvent.c(103): warning:  #870-D: invalid multibyte character sequence
AppFunction\Message\_MessageEvent.c(103): warning:  #870-D: invalid multibyte character sequence
AppFunction\Message\_MessageEvent.c(103): warning:  #870-D: invalid multibyte character sequence
AppFunction\Message\_MessageEvent.c(103): warning:  #870-D: invalid multibyte character sequence
AppFunction\Message\_MessageEvent.c(103): warning:  #870-D: invalid multibyte character sequence
AppFunction\Message\_MessageEvent.c(103): warning:  #870-D: invalid multibyte character sequence
AppFunction\Message\_MessageEvent.c(106): warning:  #870-D: invalid multibyte character sequence
AppFunction\Message\_MessageEvent.c(106): warning:  #870-D: invalid multibyte character sequence
AppFunction\Message\_MessageEvent.c(106): warning:  #870-D: invalid multibyte character sequence
AppFunction\Message\_MessageEvent.c(106): warning:  #870-D: invalid multibyte character sequence
AppFunction\Message\_MessageEvent.c(106): warning:  #870-D: invalid multibyte character sequence
AppFunction\Message\_MessageEvent.c(106): warning:  #870-D: invalid multibyte character sequence
AppFunction\Message\_MessageEvent.c(106): warning:  #870-D: invalid multibyte character sequence
AppFunction\Message\_MessageEvent.c(106): warning:  #870-D: invalid multibyte character sequence
AppFunction\Message\_MessageEvent.c(106): warning:  #870-D: invalid multibyte character sequence
AppFunction\Message\_MessageEvent.c(106): warning:  #870-D: invalid multibyte character sequence
AppFunction\Message\_MessageEvent.c(106): warning:  #870-D: invalid multibyte character sequence
AppFunction\Message\_MessageEvent.c(106): warning:  #870-D: invalid multibyte character sequence
AppFunction\Message\_MessageEvent.c(113): warning:  #870-D: invalid multibyte character sequence
AppFunction\Message\_MessageEvent.c(113): warning:  #870-D: invalid multibyte character sequence
AppFunction\Message\_MessageEvent.c(113): warning:  #870-D: invalid multibyte character sequence
AppFunction\Message\_MessageEvent.c(113): warning:  #870-D: invalid multibyte character sequence
AppFunction\Message\_MessageEvent.c(162): warning:  #127-D: expected a statement
compiling CanEvent.c...
compiling HandEvent.c...
linking...
Program Size: Code=101144 RO-data=2292 RW-data=356 ZI-data=28724  
FromELF: creating hex file...
".\obj\lpc2368_port.axf" - 0 Error(s), 74 Warning(s).
Build target 'LPC2368Kit'
linking...
Program Size: Code=101144 RO-data=2292 RW-data=356 ZI-data=28724  
FromELF: creating hex file...
".\obj\lpc2368_port.axf" - 0 Error(s), 0 Warning(s).
Load "D:\\work\\OS流程规范\\FTP\\wuliu2009-08-01-huawei\\obj\\lpc2368_port.AXF" 
Build target 'LPC2368Kit'
linking...
Program Size: Code=101144 RO-data=2292 RW-data=356 ZI-data=28724  
FromELF: creating hex file...
.\obj\lpc2368_port: Error: Q0194E: Could not save output file .\obj\lpc2368_port.hex renaming of temporary file failed: Permission denied
Target not created
Build target 'LPC2368Kit'
compiling target.c...
assembling IRQ.s...
assembling Startup.s...
compiling Os_cpu_c.c...
assembling Os_cpu_a.s...
compiling OS_CORE.C...
compiling OS_FLAG.C...
compiling OS_MBOX.C...
compiling OS_MEM.C...
compiling OS_MUTEX.C...
compiling OS_Q.C...
compiling OS_SEM.C...
compiling OS_TASK.C...
compiling OS_TIME.C...
compiling _Arithmetic.c...
miscellaneous\Arithmetic\_Arithmetic.c(173): warning:  #111-D: statement is unreachable
compiling _AscNumber.c...
miscellaneous\CodeTrans\_AscNumber.c(327): warning:  #177-D: variable "DataLen" was declared but never referenced
compiling _Date.c...
miscellaneous\Date\_Date.c(14): warning:  #1293-D: assignment in condition
miscellaneous\Date\_Date.c(18): warning:  #1293-D: assignment in condition
miscellaneous\Date\_Date.c(22): warning:  #1293-D: assignment in condition
compiling _Can.c...
HardWare\Can\_Can.c(189): warning:  #111-D: statement is unreachable
compiling Gps.c...
compiling _RTC.c...
HardWare\RTC\_RTC.c(137): warning:  #177-D: function "RTCStop" was declared but never referenced
HardWare\RTC\_RTC.c(153): warning:  #177-D: function "RTC_CTCReset" was declared but never referenced
HardWare\RTC\_RTC.c(120): warning:  #177-D: function "RTCStart" was declared but never referenced
compiling _Spi.c...
HardWare\Spi\_Spi.c(84): warning:  #550-D: variable "a" was set but never used
compiling _SpiFlash.c...
compiling _UART.C...
compiling _Acc.c...
compiling adc.c...
compiling CanTask.c...
compiling GPRS.c...
Control\Gprs\GPRS.c(8): warning:  #167-D: argument of type "int16 *" is incompatible with parameter of type "uint16 *"
Control\Gprs\GPRS.c(312): warning:  #177-D: variable "tempfd" was declared but never referenced
Control\Gprs\GPRS.c(312): warning:  #177-D: variable "i" was declared but never referenced
Control\Gprs\GPRS.c(314): warning:  #550-D: variable "CardState" was set but never used
Control\Gprs\GPRS.c(855): warning:  #177-D: variable "temp1" was declared but never referenced
Control\Gprs\GPRS.c(856): warning:  #177-D: variable "DataLength" was declared but never referenced
Control\Gprs\GPRS.c(1281): warning:  #177-D: variable "pTemp" was declared but never referenced
Control\Gprs\GPRS.c(1326): warning:  #177-D: variable "RecLen1" was declared but never referenced
Control\Gprs\GPRS.c(1179): warning:  #177-D: function "GetModermCard" was declared but never referenced
Control\Gprs\GPRS.c(1212): warning:  #177-D: function "GetChipID" was declared but never referenced
Control\Gprs\GPRS.c(1311): warning:  #177-D: function "EnableSync" was declared but never referenced
Control\Gprs\GPRS.c(1450): warning:  #177-D: function "ModermPowerUp" was declared but never referenced
compiling GpsTask.c...
compiling Sleep.c...
compiling Timer.c...
compiling Hand.c...
compiling FTP.c...
Control\FTP\FTP.c(121): warning:  #550-D: variable "pFtpData" was set but never used
Control\FTP\FTP.c(26): warning:  #177-D: function "FtpTaskInit" was declared but never referenced
Control\FTP\FTP.c(100): warning:  #177-D: function "FTP_SendCommand" was declared but never referenced
Control\FTP\FTP.c(91): warning:  #177-D: function "FTP_CtrReceive" was declared but never referenced
Control\FTP\FTP.c(137): warning:  #177-D: function "FtpTaskClose" was declared but never referenced
compiling _rwFile.c...
compiling _rwflashlgc.c...
compiling _DataTrans.c...
compiling _FileData.c...
AppFunction\FilleData\_FileData.c(148): warning:  #223-D: function "Trans_Gps" declared implicitly
AppFunction\FilleData\_FileData.c(159): warning:  #223-D: function "Trans_Gps_Hand" declared implicitly
compiling _Init.c...
AppFunction\main\_Init.c(43): warning:  #223-D: function "CheckFile" declared implicitly
AppFunction\main\_Init.c(45): warning:  #223-D: function "InitCenPhone" declared implicitly
AppFunction\main\_Init.c(34): warning:  #177-D: variable "i" was declared but never referenced
AppFunction\main\_Init.c(34): warning:  #177-D: variable "RecLen1" was declared but never referenced
AppFunction\main\_Init.c(34): warning:  #177-D: variable "RecLen" was declared but never referenced
AppFunction\main\_Init.c(35): warning:  #177-D: variable "AgreeBuf" was declared but never referenced
AppFunction\main\_Init.c(71): warning:  #223-D: function "GpsInit" declared implicitly
AppFunction\main\_Init.c(72): warning:  #223-D: function "GprsInit" declared implicitly
compiling AccEvent.c...
compiling AdcEvent.c...
compiling CheckEvent.c...
compiling SleepEvent.c...
compiling GpsEvent.c...
compiling _MessageEvent.c...
AppFunction\Message\_MessageEvent.c(11): warning:  #1134-D: literal treated as "long long"
AppFunction\Message\_MessageEvent.c(5): warning:  #550-D: variable "Result" was set but never used
AppFunction\Message\_MessageEvent.c(90): warning:  #870-D: invalid multibyte character sequence
AppFunction\Message\_MessageEvent.c(90): warning:  #870-D: invalid multibyte character sequence
AppFunction\Message\_MessageEvent.c(90): warning:  #870-D: invalid multibyte character sequence
AppFunction\Message\_MessageEvent.c(90): warning:  #870-D: invalid multibyte character sequence
AppFunction\Message\_MessageEvent.c(90): warning:  #870-D: invalid multibyte character sequence
AppFunction\Message\_MessageEvent.c(90): warning:  #870-D: invalid multibyte character sequence
AppFunction\Message\_MessageEvent.c(90): warning:  #870-D: invalid multibyte character sequence
AppFunction\Message\_MessageEvent.c(90): warning:  #870-D: invalid multibyte character sequence
AppFunction\Message\_MessageEvent.c(90): warning:  #870-D: invalid multibyte character sequence
AppFunction\Message\_MessageEvent.c(90): warning:  #870-D: invalid multibyte character sequence
AppFunction\Message\_MessageEvent.c(90): warning:  #870-D: invalid multibyte character sequence
AppFunction\Message\_MessageEvent.c(90): warning:  #870-D: invalid multibyte character sequence
AppFunction\Message\_MessageEvent.c(103): warning:  #870-D: invalid multibyte character sequence
AppFunction\Message\_MessageEvent.c(103): warning:  #870-D: invalid multibyte character sequence
AppFunction\Message\_MessageEvent.c(103): warning:  #870-D: invalid multibyte character sequence
AppFunction\Message\_MessageEvent.c(103): warning:  #870-D: invalid multibyte character sequence
AppFunction\Message\_MessageEvent.c(103): warning:  #870-D: invalid multibyte character sequence
AppFunction\Message\_MessageEvent.c(103): warning:  #870-D: invalid multibyte character sequence
AppFunction\Message\_MessageEvent.c(106): warning:  #870-D: invalid multibyte character sequence
AppFunction\Message\_MessageEvent.c(106): warning:  #870-D: invalid multibyte character sequence
AppFunction\Message\_MessageEvent.c(106): warning:  #870-D: invalid multibyte character sequence
AppFunction\Message\_MessageEvent.c(106): warning:  #870-D: invalid multibyte character sequence
AppFunction\Message\_MessageEvent.c(106): warning:  #870-D: invalid multibyte character sequence
AppFunction\Message\_MessageEvent.c(106): warning:  #870-D: invalid multibyte character sequence
AppFunction\Message\_MessageEvent.c(106): warning:  #870-D: invalid multibyte character sequence
AppFunction\Message\_MessageEvent.c(106): warning:  #870-D: invalid multibyte character sequence
AppFunction\Message\_MessageEvent.c(106): warning:  #870-D: invalid multibyte character sequence
AppFunction\Message\_MessageEvent.c(106): warning:  #870-D: invalid multibyte character sequence
AppFunction\Message\_MessageEvent.c(106): warning:  #870-D: invalid multibyte character sequence
AppFunction\Message\_MessageEvent.c(106): warning:  #870-D: invalid multibyte character sequence
AppFunction\Message\_MessageEvent.c(113): warning:  #870-D: invalid multibyte character sequence
AppFunction\Message\_MessageEvent.c(113): warning:  #870-D: invalid multibyte character sequence
AppFunction\Message\_MessageEvent.c(113): warning:  #870-D: invalid multibyte character sequence
AppFunction\Message\_MessageEvent.c(113): warning:  #870-D: invalid multibyte character sequence
AppFunction\Message\_MessageEvent.c(162): warning:  #127-D: expected a statement
compiling CanEvent.c...
compiling HandEvent.c...
linking...
Program Size: Code=101144 RO-data=2292 RW-data=356 ZI-data=28724  
FromELF: creating hex file...
.\obj\lpc2368_port: Error: Q0194E: Could not save output file .\obj\lpc2368_port.hex renaming of temporary file failed: Permission denied
Target not created
Clean started: Project: 'lpc2368_port'
   deleting intermediate output files for target 'LPC2368Kit'
Build target 'LPC2368Kit'
compiling target.c...
assembling IRQ.s...
assembling Startup.s...
compiling Os_cpu_c.c...
assembling Os_cpu_a.s...
compiling OS_CORE.C...
compiling OS_FLAG.C...
compiling OS_MBOX.C...
compiling OS_MEM.C...
compiling OS_MUTEX.C...
compiling OS_Q.C...
compiling OS_SEM.C...
compiling OS_TASK.C...
compiling OS_TIME.C...
compiling _Arithmetic.c...
miscellaneous\Arithmetic\_Arithmetic.c(173): warning:  #111-D: statement is unreachable
compiling _AscNumber.c...
miscellaneous\CodeTrans\_AscNumber.c(327): warning:  #177-D: variable "DataLen" was declared but never referenced
compiling _Date.c...
miscellaneous\Date\_Date.c(14): warning:  #1293-D: assignment in condition
miscellaneous\Date\_Date.c(18): warning:  #1293-D: assignment in condition
miscellaneous\Date\_Date.c(22): warning:  #1293-D: assignment in condition
compiling _Can.c...
HardWare\Can\_Can.c(189): warning:  #111-D: statement is unreachable
compiling Gps.c...
compiling _RTC.c...
HardWare\RTC\_RTC.c(137): warning:  #177-D: function "RTCStop" was declared but never referenced
HardWare\RTC\_RTC.c(153): warning:  #177-D: function "RTC_CTCReset" was declared but never referenced
HardWare\RTC\_RTC.c(120): warning:  #177-D: function "RTCStart" was declared but never referenced
compiling _Spi.c...
HardWare\Spi\_Spi.c(84): warning:  #550-D: variable "a" was set but never used
compiling _SpiFlash.c...
compiling _UART.C...
compiling _Acc.c...
compiling adc.c...
compiling CanTask.c...
compiling GPRS.c...
Control\Gprs\GPRS.c(8): warning:  #167-D: argument of type "int16 *" is incompatible with parameter of type "uint16 *"
Control\Gprs\GPRS.c(312): warning:  #177-D: variable "tempfd" was declared but never referenced
Control\Gprs\GPRS.c(312): warning:  #177-D: variable "i" was declared but never referenced
Control\Gprs\GPRS.c(314): warning:  #550-D: variable "CardState" was set but never used
Control\Gprs\GPRS.c(855): warning:  #177-D: variable "temp1" was declared but never referenced
Control\Gprs\GPRS.c(856): warning:  #177-D: variable "DataLength" was declared but never referenced
Control\Gprs\GPRS.c(1281): warning:  #177-D: variable "pTemp" was declared but never referenced
Control\Gprs\GPRS.c(1326): warning:  #177-D: variable "RecLen1" was declared but never referenced
Control\Gprs\GPRS.c(1179): warning:  #177-D: function "GetModermCard" was declared but never referenced
Control\Gprs\GPRS.c(1212): warning:  #177-D: function "GetChipID" was declared but never referenced
Control\Gprs\GPRS.c(1311): warning:  #177-D: function "EnableSync" was declared but never referenced
Control\Gprs\GPRS.c(1450): warning:  #177-D: function "ModermPowerUp" was declared but never referenced
compiling GpsTask.c...
compiling Sleep.c...
compiling Timer.c...
compiling Hand.c...
compiling FTP.c...
Control\FTP\FTP.c(121): warning:  #550-D: variable "pFtpData" was set but never used
Control\FTP\FTP.c(26): warning:  #177-D: function "FtpTaskInit" was declared but never referenced
Control\FTP\FTP.c(100): warning:  #177-D: function "FTP_SendCommand" was declared but never referenced
Control\FTP\FTP.c(91): warning:  #177-D: function "FTP_CtrReceive" was declared but never referenced
Control\FTP\FTP.c(137): warning:  #177-D: function "FtpTaskClose" was declared but never referenced
compiling _rwFile.c...
compiling _rwflashlgc.c...
compiling _DataTrans.c...
compiling _FileData.c...
AppFunction\FilleData\_FileData.c(148): warning:  #223-D: function "Trans_Gps" declared implicitly
AppFunction\FilleData\_FileData.c(159): warning:  #223-D: function "Trans_Gps_Hand" declared implicitly
compiling _Init.c...
AppFunction\main\_Init.c(43): warning:  #223-D: function "CheckFile" declared implicitly
AppFunction\main\_Init.c(45): warning:  #223-D: function "InitCenPhone" declared implicitly
AppFunction\main\_Init.c(34): warning:  #177-D: variable "i" was declared but never referenced
AppFunction\main\_Init.c(34): warning:  #177-D: variable "RecLen1" was declared but never referenced
AppFunction\main\_Init.c(34): warning:  #177-D: variable "RecLen" was declared but never referenced
AppFunction\main\_Init.c(35): warning:  #177-D: variable "AgreeBuf" was declared but never referenced
AppFunction\main\_Init.c(71): warning:  #223-D: function "GpsInit" declared implicitly
AppFunction\main\_Init.c(72): warning:  #223-D: function "GprsInit" declared implicitly
compiling AccEvent.c...
compiling AdcEvent.c...
compiling CheckEvent.c...
compiling SleepEvent.c...
compiling GpsEvent.c...
compiling _MessageEvent.c...
AppFunction\Message\_MessageEvent.c(11): warning:  #1134-D: literal treated as "long long"
AppFunction\Message\_MessageEvent.c(5): warning:  #550-D: variable "Result" was set but never used
AppFunction\Message\_MessageEvent.c(90): warning:  #870-D: invalid multibyte character sequence
AppFunction\Message\_MessageEvent.c(90): warning:  #870-D: invalid multibyte character sequence
AppFunction\Message\_MessageEvent.c(90): warning:  #870-D: invalid multibyte character sequence
AppFunction\Message\_MessageEvent.c(90): warning:  #870-D: invalid multibyte character sequence
AppFunction\Message\_MessageEvent.c(90): warning:  #870-D: invalid multibyte character sequence
AppFunction\Message\_MessageEvent.c(90): warning:  #870-D: invalid multibyte character sequence
AppFunction\Message\_MessageEvent.c(90): warning:  #870-D: invalid multibyte character sequence
AppFunction\Message\_MessageEvent.c(90): warning:  #870-D: invalid multibyte character sequence
AppFunction\Message\_MessageEvent.c(90): warning:  #870-D: invalid multibyte character sequence
AppFunction\Message\_MessageEvent.c(90): warning:  #870-D: invalid multibyte character sequence
AppFunction\Message\_MessageEvent.c(90): warning:  #870-D: invalid multibyte character sequence
AppFunction\Message\_MessageEvent.c(90): warning:  #870-D: invalid multibyte character sequence
AppFunction\Message\_MessageEvent.c(103): warning:  #870-D: invalid multibyte character sequence
AppFunction\Message\_MessageEvent.c(103): warning:  #870-D: invalid multibyte character sequence
AppFunction\Message\_MessageEvent.c(103): warning:  #870-D: invalid multibyte character sequence
AppFunction\Message\_MessageEvent.c(103): warning:  #870-D: invalid multibyte character sequence
AppFunction\Message\_MessageEvent.c(103): warning:  #870-D: invalid multibyte character sequence
AppFunction\Message\_MessageEvent.c(103): warning:  #870-D: invalid multibyte character sequence
AppFunction\Message\_MessageEvent.c(106): warning:  #870-D: invalid multibyte character sequence
AppFunction\Message\_MessageEvent.c(106): warning:  #870-D: invalid multibyte character sequence
AppFunction\Message\_MessageEvent.c(106): warning:  #870-D: invalid multibyte character sequence
AppFunction\Message\_MessageEvent.c(106): warning:  #870-D: invalid multibyte character sequence
AppFunction\Message\_MessageEvent.c(106): warning:  #870-D: invalid multibyte character sequence
AppFunction\Message\_MessageEvent.c(106): warning:  #870-D: invalid multibyte character sequence
AppFunction\Message\_MessageEvent.c(106): warning:  #870-D: invalid multibyte character sequence
AppFunction\Message\_MessageEvent.c(106): warning:  #870-D: invalid multibyte character sequence
AppFunction\Message\_MessageEvent.c(106): warning:  #870-D: invalid multibyte character sequence
AppFunction\Message\_MessageEvent.c(106): warning:  #870-D: invalid multibyte character sequence
AppFunction\Message\_MessageEvent.c(106): warning:  #870-D: invalid multibyte character sequence
AppFunction\Message\_MessageEvent.c(106): warning:  #870-D: invalid multibyte character sequence
AppFunction\Message\_MessageEvent.c(113): warning:  #870-D: invalid multibyte character sequence
AppFunction\Message\_MessageEvent.c(113): warning:  #870-D: invalid multibyte character sequence
AppFunction\Message\_MessageEvent.c(113): warning:  #870-D: invalid multibyte character sequence
AppFunction\Message\_MessageEvent.c(113): warning:  #870-D: invalid multibyte character sequence
AppFunction\Message\_MessageEvent.c(162): warning:  #127-D: expected a statement
compiling CanEvent.c...
compiling HandEvent.c...
linking...
Program Size: Code=101144 RO-data=2292 RW-data=356 ZI-data=28724  
FromELF: creating hex file...
.\obj\lpc2368_port: Error: Q0194E: Could not save output file .\obj\lpc2368_port.hex renaming of temporary file failed: Permission denied
Target not created
Build target 'LPC2368Kit'
compiling target.c...
assembling IRQ.s...
assembling Startup.s...
compiling Os_cpu_c.c...
assembling Os_cpu_a.s...
compiling OS_CORE.C...
compiling OS_FLAG.C...
compiling OS_MBOX.C...
compiling OS_MEM.C...
compiling OS_MUTEX.C...
compiling OS_Q.C...
compiling OS_SEM.C...
compiling OS_TASK.C...
compiling OS_TIME.C...
compiling _Arithmetic.c...
miscellaneous\Arithmetic\_Arithmetic.c(173): warning:  #111-D: statement is unreachable
compiling _AscNumber.c...
miscellaneous\CodeTrans\_AscNumber.c(327): warning:  #177-D: variable "DataLen" was declared but never referenced
compiling _Date.c...
miscellaneous\Date\_Date.c(14): warning:  #1293-D: assignment in condition
miscellaneous\Date\_Date.c(18): warning:  #1293-D: assignment in condition
miscellaneous\Date\_Date.c(22): warning:  #1293-D: assignment in condition
compiling _Can.c...
HardWare\Can\_Can.c(189): warning:  #111-D: statement is unreachable
compiling Gps.c...
compiling _RTC.c...
HardWare\RTC\_RTC.c(137): warning:  #177-D: function "RTCStop" was declared but never referenced
HardWare\RTC\_RTC.c(153): warning:  #177-D: function "RTC_CTCReset" was declared but never referenced
HardWare\RTC\_RTC.c(120): warning:  #177-D: function "RTCStart" was declared but never referenced
compiling _Spi.c...
HardWare\Spi\_Spi.c(84): warning:  #550-D: variable "a" was set but never used
compiling _SpiFlash.c...
compiling _UART.C...
compiling _Acc.c...
compiling adc.c...
compiling CanTask.c...
compiling GPRS.c...
Control\Gprs\GPRS.c(8): warning:  #167-D: argument of type "int16 *" is incompatible with parameter of type "uint16 *"
Control\Gprs\GPRS.c(312): warning:  #177-D: variable "tempfd" was declared but never referenced
Control\Gprs\GPRS.c(312): warning:  #177-D: variable "i" was declared but never referenced
Control\Gprs\GPRS.c(314): warning:  #550-D: variable "CardState" was set but never used
Control\Gprs\GPRS.c(855): warning:  #177-D: variable "temp1" was declared but never referenced
Control\Gprs\GPRS.c(856): warning:  #177-D: variable "DataLength" was declared but never referenced
Control\Gprs\GPRS.c(1281): warning:  #177-D: variable "pTemp" was declared but never referenced
Control\Gprs\GPRS.c(1326): warning:  #177-D: variable "RecLen1" was declared but never referenced
Control\Gprs\GPRS.c(1179): warning:  #177-D: function "GetModermCard" was declared but never referenced
Control\Gprs\GPRS.c(1212): warning:  #177-D: function "GetChipID" was declared but never referenced
Control\Gprs\GPRS.c(1311): warning:  #177-D: function "EnableSync" was declared but never referenced
Control\Gprs\GPRS.c(1450): warning:  #177-D: function "ModermPowerUp" was declared but never referenced
compiling GpsTask.c...
compiling Sleep.c...
compiling Timer.c...
compiling Hand.c...
compiling FTP.c...
Control\FTP\FTP.c(121): warning:  #550-D: variable "pFtpData" was set but never used
Control\FTP\FTP.c(26): warning:  #177-D: function "FtpTaskInit" was declared but never referenced
Control\FTP\FTP.c(100): warning:  #177-D: function "FTP_SendCommand" was declared but never referenced
Control\FTP\FTP.c(91): warning:  #177-D: function "FTP_CtrReceive" was declared but never referenced
Control\FTP\FTP.c(137): warning:  #177-D: function "FtpTaskClose" was declared but never referenced
compiling _rwFile.c...
compiling _rwflashlgc.c...
compiling _DataTrans.c...
compiling _FileData.c...
AppFunction\FilleData\_FileData.c(148): warning:  #223-D: function "Trans_Gps" declared implicitly
AppFunction\FilleData\_FileData.c(159): warning:  #223-D: function "Trans_Gps_Hand" declared implicitly
compiling _Init.c...
AppFunction\main\_Init.c(43): warning:  #223-D: function "CheckFile" declared implicitly
AppFunction\main\_Init.c(45): warning:  #223-D: function "InitCenPhone" declared implicitly
AppFunction\main\_Init.c(34): warning:  #177-D: variable "i" was declared but never referenced
AppFunction\main\_Init.c(34): warning:  #177-D: variable "RecLen1" was declared but never referenced
AppFunction\main\_Init.c(34): warning:  #177-D: variable "RecLen" was declared but never referenced
AppFunction\main\_Init.c(35): warning:  #177-D: variable "AgreeBuf" was declared but never referenced
AppFunction\main\_Init.c(71): warning:  #223-D: function "GpsInit" declared implicitly
AppFunction\main\_Init.c(72): warning:  #223-D: function "GprsInit" declared implicitly
compiling AccEvent.c...
compiling AdcEvent.c...
compiling CheckEvent.c...
compiling SleepEvent.c...
compiling GpsEvent.c...
compiling _MessageEvent.c...
AppFunction\Message\_MessageEvent.c(11): warning:  #1134-D: literal treated as "long long"
AppFunction\Message\_MessageEvent.c(5): warning:  #550-D: variable "Result" was set but never used
AppFunction\Message\_MessageEvent.c(90): warning:  #870-D: invalid multibyte character sequence
AppFunction\Message\_MessageEvent.c(90): warning:  #870-D: invalid multibyte character sequence
AppFunction\Message\_MessageEvent.c(90): warning:  #870-D: invalid multibyte character sequence
AppFunction\Message\_MessageEvent.c(90): warning:  #870-D: invalid multibyte character sequence
AppFunction\Message\_MessageEvent.c(90): warning:  #870-D: invalid multibyte character sequence
AppFunction\Message\_MessageEvent.c(90): warning:  #870-D: invalid multibyte character sequence
AppFunction\Message\_MessageEvent.c(90): warning:  #870-D: invalid multibyte character sequence
AppFunction\Message\_MessageEvent.c(90): warning:  #870-D: invalid multibyte character sequence
AppFunction\Message\_MessageEvent.c(90): warning:  #870-D: invalid multibyte character sequence
AppFunction\Message\_MessageEvent.c(90): warning:  #870-D: invalid multibyte character sequence
AppFunction\Message\_MessageEvent.c(90): warning:  #870-D: invalid multibyte character sequence
AppFunction\Message\_MessageEvent.c(90): warning:  #870-D: invalid multibyte character sequence
AppFunction\Message\_MessageEvent.c(103): warning:  #870-D: invalid multibyte character sequence
AppFunction\Message\_MessageEvent.c(103): warning:  #870-D: invalid multibyte character sequence
AppFunction\Message\_MessageEvent.c(103): warning:  #870-D: invalid multibyte character sequence
AppFunction\Message\_MessageEvent.c(103): warning:  #870-D: invalid multibyte character sequence
AppFunction\Message\_MessageEvent.c(103): warning:  #870-D: invalid multibyte character sequence
AppFunction\Message\_MessageEvent.c(103): warning:  #870-D: invalid multibyte character sequence
AppFunction\Message\_MessageEvent.c(106): warning:  #870-D: invalid multibyte character sequence
AppFunction\Message\_MessageEvent.c(106): warning:  #870-D: invalid multibyte character sequence
AppFunction\Message\_MessageEvent.c(106): warning:  #870-D: invalid multibyte character sequence
AppFunction\Message\_MessageEvent.c(106): warning:  #870-D: invalid multibyte character sequence
AppFunction\Message\_MessageEvent.c(106): warning:  #870-D: invalid multibyte character sequence
AppFunction\Message\_MessageEvent.c(106): warning:  #870-D: invalid multibyte character sequence
AppFunction\Message\_MessageEvent.c(106): warning:  #870-D: invalid multibyte character sequence
AppFunction\Message\_MessageEvent.c(106): warning:  #870-D: invalid multibyte character sequence
AppFunction\Message\_MessageEvent.c(106): warning:  #870-D: invalid multibyte character sequence
AppFunction\Message\_MessageEvent.c(106): warning:  #870-D: invalid multibyte character sequence
AppFunction\Message\_MessageEvent.c(106): warning:  #870-D: invalid multibyte character sequence
AppFunction\Message\_MessageEvent.c(106): warning:  #870-D: invalid multibyte character sequence
AppFunction\Message\_MessageEvent.c(113): warning:  #870-D: invalid multibyte character sequence
AppFunction\Message\_MessageEvent.c(113): warning:  #870-D: invalid multibyte character sequence
AppFunction\Message\_MessageEvent.c(113): warning:  #870-D: invalid multibyte character sequence
AppFunction\Message\_MessageEvent.c(113): warning:  #870-D: invalid multibyte character sequence
AppFunction\Message\_MessageEvent.c(162): warning:  #127-D: expected a statement
compiling CanEvent.c...
compiling HandEvent.c...
linking...
Program Size: Code=101144 RO-data=2292 RW-data=356 ZI-data=28724  
FromELF: creating hex file...
User command #1: C:\Keil\ARM\BIN30\fromelf.exe  .\obj\lpc2368_port.axf -z
--- Error: User Command terminated, Exit-Code = 1
".\obj\lpc2368_port.axf" - 1 Error(s), 74 Warning(s).
Build target 'LPC2368Kit'
linking...
Program Size: Code=101144 RO-data=2292 RW-data=356 ZI-data=28724  
FromELF: creating hex file...
User command #1: C:\Keil\ARM\BIN30\fromelf.exe  .\obj\lpc2368_port.axf -z
--- Error: User Command terminated, Exit-Code = 1
".\obj\lpc2368_port.axf" - 1 Error(s), 0 Warning(s).
Build target 'LPC2368Kit'
linking...
Program Size: Code=101144 RO-data=2292 RW-data=356 ZI-data=28724  
FromELF: creating hex file...
".\obj\lpc2368_port.axf" - 0 Error(s), 0 Warning(s).
Build target 'LPC2368Kit'
compiling target.c...
assembling IRQ.s...
assembling Startup.s...
compiling Os_cpu_c.c...
assembling Os_cpu_a.s...
compiling OS_CORE.C...
compiling OS_FLAG.C...
compiling OS_MBOX.C...
compiling OS_MEM.C...
compiling OS_MUTEX.C...
compiling OS_Q.C...
compiling OS_SEM.C...
compiling OS_TASK.C...
compiling OS_TIME.C...
compiling _Arithmetic.c...
miscellaneous\Arithmetic\_Arithmetic.c(173): warning:  #111-D: statement is unreachable
compiling _AscNumber.c...
miscellaneous\CodeTrans\_AscNumber.c(327): warning:  #177-D: variable "DataLen" was declared but never referenced
compiling _Date.c...
miscellaneous\Date\_Date.c(14): warning:  #1293-D: assignment in condition
miscellaneous\Date\_Date.c(18): warning:  #1293-D: assignment in condition
miscellaneous\Date\_Date.c(22): warning:  #1293-D: assignment in condition
compiling _Can.c...
HardWare\Can\_Can.c(189): warning:  #111-D: statement is unreachable
compiling Gps.c...
compiling _RTC.c...
HardWare\RTC\_RTC.c(137): warning:  #177-D: function "RTCStop" was declared but never referenced
HardWare\RTC\_RTC.c(153): warning:  #177-D: function "RTC_CTCReset" was declared but never referenced
HardWare\RTC\_RTC.c(120): warning:  #177-D: function "RTCStart" was declared but never referenced
compiling _Spi.c...
HardWare\Spi\_Spi.c(84): warning:  #550-D: variable "a" was set but never used
compiling _SpiFlash.c...
compiling _UART.C...
compiling _Acc.c...
compiling adc.c...
compiling CanTask.c...
compiling GPRS.c...
Control\Gprs\GPRS.c(8): warning:  #167-D: argument of type "int16 *" is incompatible with parameter of type "uint16 *"
Control\Gprs\GPRS.c(312): warning:  #177-D: variable "tempfd" was declared but never referenced
Control\Gprs\GPRS.c(312): warning:  #177-D: variable "i" was declared but never referenced
Control\Gprs\GPRS.c(314): warning:  #550-D: variable "CardState" was set but never used
Control\Gprs\GPRS.c(855): warning:  #177-D: variable "temp1" was declared but never referenced
Control\Gprs\GPRS.c(856): warning:  #177-D: variable "DataLength" was declared but never referenced
Control\Gprs\GPRS.c(1281): warning:  #177-D: variable "pTemp" was declared but never referenced
Control\Gprs\GPRS.c(1326): warning:  #177-D: variable "RecLen1" was declared but never referenced
Control\Gprs\GPRS.c(1179): warning:  #177-D: function "GetModermCard" was declared but never referenced
Control\Gprs\GPRS.c(1212): warning:  #177-D: function "GetChipID" was declared but never referenced
Control\Gprs\GPRS.c(1311): warning:  #177-D: function "EnableSync" was declared but never referenced
Control\Gprs\GPRS.c(1450): warning:  #177-D: function "ModermPowerUp" was declared but never referenced
compiling GpsTask.c...
compiling Sleep.c...
compiling Timer.c...
compiling Hand.c...
compiling FTP.c...
Control\FTP\FTP.c(121): warning:  #550-D: variable "pFtpData" was set but never used
Control\FTP\FTP.c(26): warning:  #177-D: function "FtpTaskInit" was declared but never referenced
Control\FTP\FTP.c(100): warning:  #177-D: function "FTP_SendCommand" was declared but never referenced
Control\FTP\FTP.c(91): warning:  #177-D: function "FTP_CtrReceive" was declared but never referenced
Control\FTP\FTP.c(137): warning:  #177-D: function "FtpTaskClose" was declared but never referenced
compiling _rwFile.c...
compiling _rwflashlgc.c...
compiling _DataTrans.c...
compiling _FileData.c...
AppFunction\FilleData\_FileData.c(148): warning:  #223-D: function "Trans_Gps" declared implicitly
AppFunction\FilleData\_FileData.c(159): warning:  #223-D: function "Trans_Gps_Hand" declared implicitly
compiling _Init.c...
AppFunction\main\_Init.c(43): warning:  #223-D: function "CheckFile" declared implicitly
AppFunction\main\_Init.c(45): warning:  #223-D: function "InitCenPhone" declared implicitly
AppFunction\main\_Init.c(34): warning:  #177-D: variable "i" was declared but never referenced
AppFunction\main\_Init.c(34): warning:  #177-D: variable "RecLen1" was declared but never referenced
AppFunction\main\_Init.c(34): warning:  #177-D: variable "RecLen" was declared but never referenced
AppFunction\main\_Init.c(35): warning:  #177-D: variable "AgreeBuf" was declared but never referenced
AppFunction\main\_Init.c(71): warning:  #223-D: function "GpsInit" declared implicitly
AppFunction\main\_Init.c(72): warning:  #223-D: function "GprsInit" declared implicitly
compiling AccEvent.c...
compiling AdcEvent.c...
compiling CheckEvent.c...
compiling SleepEvent.c...
compiling GpsEvent.c...
compiling _MessageEvent.c...
AppFunction\Message\_MessageEvent.c(11): warning:  #1134-D: literal treated as "long long"
AppFunction\Message\_MessageEvent.c(5): warning:  #550-D: variable "Result" was set but never used
AppFunction\Message\_MessageEvent.c(90): warning:  #870-D: invalid multibyte character sequence
AppFunction\Message\_MessageEvent.c(90): warning:  #870-D: invalid multibyte character sequence
AppFunction\Message\_MessageEvent.c(90): warning:  #870-D: invalid multibyte character sequence
AppFunction\Message\_MessageEvent.c(90): warning:  #870-D: invalid multibyte character sequence
AppFunction\Message\_MessageEvent.c(90): warning:  #870-D: invalid multibyte character sequence
AppFunction\Message\_MessageEvent.c(90): warning:  #870-D: invalid multibyte character sequence
AppFunction\Message\_MessageEvent.c(90): warning:  #870-D: invalid multibyte character sequence
AppFunction\Message\_MessageEvent.c(90): warning:  #870-D: invalid multibyte character sequence
AppFunction\Message\_MessageEvent.c(90): warning:  #870-D: invalid multibyte character sequence
AppFunction\Message\_MessageEvent.c(90): warning:  #870-D: invalid multibyte character sequence
AppFunction\Message\_MessageEvent.c(90): warning:  #870-D: invalid multibyte character sequence
AppFunction\Message\_MessageEvent.c(90): warning:  #870-D: invalid multibyte character sequence
AppFunction\Message\_MessageEvent.c(103): warning:  #870-D: invalid multibyte character sequence
AppFunction\Message\_MessageEvent.c(103): warning:  #870-D: invalid multibyte character sequence
AppFunction\Message\_MessageEvent.c(103): warning:  #870-D: invalid multibyte character sequence
AppFunction\Message\_MessageEvent.c(103): warning:  #870-D: invalid multibyte character sequence
AppFunction\Message\_MessageEvent.c(103): warning:  #870-D: invalid multibyte character sequence
AppFunction\Message\_MessageEvent.c(103): warning:  #870-D: invalid multibyte character sequence
AppFunction\Message\_MessageEvent.c(106): warning:  #870-D: invalid multibyte character sequence
AppFunction\Message\_MessageEvent.c(106): warning:  #870-D: invalid multibyte character sequence
AppFunction\Message\_MessageEvent.c(106): warning:  #870-D: invalid multibyte character sequence
AppFunction\Message\_MessageEvent.c(106): warning:  #870-D: invalid multibyte character sequence
AppFunction\Message\_MessageEvent.c(106): warning:  #870-D: invalid multibyte character sequence
AppFunction\Message\_MessageEvent.c(106): warning:  #870-D: invalid multibyte character sequence
AppFunction\Message\_MessageEvent.c(106): warning:  #870-D: invalid multibyte character sequence
AppFunction\Message\_MessageEvent.c(106): warning:  #870-D: invalid multibyte character sequence
AppFunction\Message\_MessageEvent.c(106): warning:  #870-D: invalid multibyte character sequence
AppFunction\Message\_MessageEvent.c(106): warning:  #870-D: invalid multibyte character sequence
AppFunction\Message\_MessageEvent.c(106): warning:  #870-D: invalid multibyte character sequence
AppFunction\Message\_MessageEvent.c(106): warning:  #870-D: invalid multibyte character sequence
AppFunction\Message\_MessageEvent.c(113): warning:  #870-D: invalid multibyte character sequence
AppFunction\Message\_MessageEvent.c(113): warning:  #870-D: invalid multibyte character sequence
AppFunction\Message\_MessageEvent.c(113): warning:  #870-D: invalid multibyte character sequence
AppFunction\Message\_MessageEvent.c(113): warning:  #870-D: invalid multibyte character sequence
AppFunction\Message\_MessageEvent.c(162): warning:  #127-D: expected a statement
compiling CanEvent.c...
compiling HandEvent.c...
linking...
Program Size: Code=101144 RO-data=2292 RW-data=356 ZI-data=28724  
FromELF: creating hex file...
".\obj\lpc2368_port.axf" - 0 Error(s), 74 Warning(s).
Load "D:\\work\\OS流程规范\\FTP\\wuliu2009-08-01-huawei\\obj\\lpc2368_port.AXF" 
Build target 'LPC2368Kit'
compiling FTP.c...
Control\FTP\FTP.c(121): warning:  #550-D: variable "pFtpData" was set but never used
Control\FTP\FTP.c(123): warning:  #177-D: variable "err" was declared but never referenced
Control\FTP\FTP.c(26): warning:  #177-D: function "FtpTaskInit" was declared but never referenced
Control\FTP\FTP.c(100): warning:  #177-D: function "FTP_SendCommand" was declared but never referenced
Control\FTP\FTP.c(91): warning:  #177-D: function "FTP_CtrReceive" was declared but never referenced
Control\FTP\FTP.c(137): warning:  #177-D: function "FtpTaskClose" was declared but never referenced
linking...
Program Size: Code=101124 RO-data=2292 RW-data=356 ZI-data=28724  
FromELF: creating hex file...
".\obj\lpc2368_port.axf" - 0 Error(s), 6 Warning(s).
Load "D:\\work\\OS流程规范\\FTP\\wuliu2009-08-01-huawei\\obj\\lpc2368_port.AXF" 
Build target 'LPC2368Kit'
compiling FTP.c...
Control\FTP\FTP.c(121): warning:  #550-D: variable "pFtpData" was set but never used
Control\FTP\FTP.c(26): warning:  #177-D: function "FtpTaskInit" was declared but never referenced
Control\FTP\FTP.c(100): warning:  #177-D: function "FTP_SendCommand" was declared but never referenced
Control\FTP\FTP.c(91): warning:  #177-D: function "FTP_CtrReceive" was declared but never referenced
Control\FTP\FTP.c(137): warning:  #177-D: function "FtpTaskClose" was declared but never referenced
linking...
Program Size: Code=101144 RO-data=2292 RW-data=356 ZI-data=28724  
FromELF: creating hex file...
".\obj\lpc2368_port.axf" - 0 Error(s), 5 Warning(s).
Load "D:\\work\\OS流程规范\\FTP\\wuliu2009-08-01-huawei\\obj\\lpc2368_port.AXF" 
Build target 'LPC2368Kit'
compiling _Init.c...
AppFunction\main\_Init.c(43): warning:  #223-D: function "CheckFile" declared implicitly
AppFunction\main\_Init.c(45): warning:  #223-D: function "InitCenPhone" declared implicitly
AppFunction\main\_Init.c(34): warning:  #177-D: variable "i" was declared but never referenced
AppFunction\main\_Init.c(34): warning:  #177-D: variable "RecLen1" was declared but never referenced
AppFunction\main\_Init.c(34): warning:  #177-D: variable "RecLen" was declared but never referenced
AppFunction\main\_Init.c(35): warning:  #177-D: variable "AgreeBuf" was declared but never referenced
AppFunction\main\_Init.c(71): warning:  #223-D: function "GpsInit" declared implicitly
AppFunction\main\_Init.c(72): warning:  #223-D: function "GprsInit" declared implicitly
AppFunction\main\_Init.c(75): error:  #20: identifier "pFtpDown" is undefined
AppFunction\main\_Init.c(57): warning:  #550-D: variable "FtpDown" was set but never used
Target not created
Build target 'LPC2368Kit'
compiling _Init.c...
AppFunction\main\_Init.c(43): warning:  #223-D: function "CheckFile" declared implicitly
AppFunction\main\_Init.c(45): warning:  #223-D: function "InitCenPhone" declared implicitly
AppFunction\main\_Init.c(34): warning:  #177-D: variable "i" was declared but never referenced
AppFunction\main\_Init.c(34): warning:  #177-D: variable "RecLen1" was declared but never referenced
AppFunction\main\_Init.c(34): warning:  #177-D: variable "RecLen" was declared but never referenced
AppFunction\main\_Init.c(35): warning:  #177-D: variable "AgreeBuf" was declared but never referenced
AppFunction\main\_Init.c(71): warning:  #223-D: function "GpsInit" declared implicitly
AppFunction\main\_Init.c(72): warning:  #223-D: function "GprsInit" declared implicitly
linking...
Program Size: Code=101164 RO-data=2292 RW-data=356 ZI-data=28724  
FromELF: creating hex file...
.\obj\lpc2368_port: Error: Q0194E: Could not save output file .\obj\lpc2368_port.hex renaming of temporary file failed: Permission denied
Target not created
Build target 'LPC2368Kit'
compiling target.c...
assembling IRQ.s...
assembling Startup.s...
compiling Os_cpu_c.c...
assembling Os_cpu_a.s...
compiling OS_CORE.C...
compiling OS_FLAG.C...
compiling OS_MBOX.C...
compiling OS_MEM.C...
compiling OS_MUTEX.C...
compiling OS_Q.C...
compiling OS_SEM.C...
compiling OS_TASK.C...
compiling OS_TIME.C...
compiling _Arithmetic.c...
miscellaneous\Arithmetic\_Arithmetic.c(173): warning:  #111-D: statement is unreachable
compiling _AscNumber.c...
miscellaneous\CodeTrans\_AscNumber.c(327): warning:  #177-D: variable "DataLen" was declared but never referenced
compiling _Date.c...
miscellaneous\Date\_Date.c(14): warning:  #1293-D: assignment in condition
miscellaneous\Date\_Date.c(18): warning:  #1293-D: assignment in condition
miscellaneous\Date\_Date.c(22): warning:  #1293-D: assignment in condition
compiling _Can.c...
HardWare\Can\_Can.c(189): warning:  #111-D: statement is unreachable
compiling Gps.c...
compiling _RTC.c...
HardWare\RTC\_RTC.c(137): warning:  #177-D: function "RTCStop" was declared but never referenced
HardWare\RTC\_RTC.c(153): warning:  #177-D: function "RTC_CTCReset" was declared but never referenced
HardWare\RTC\_RTC.c(120): warning:  #177-D: function "RTCStart" was declared but never referenced
compiling _Spi.c...
HardWare\Spi\_Spi.c(84): warning:  #550-D: variable "a" was set but never used
compiling _SpiFlash.c...
compiling _UART.C...
compiling _Acc.c...
compiling adc.c...
compiling CanTask.c...
compiling GPRS.c...
Control\Gprs\GPRS.c(8): warning:  #167-D: argument of type "int16 *" is incompatible with parameter of type "uint16 *"
Control\Gprs\GPRS.c(312): warning:  #177-D: variable "tempfd" was declared but never referenced
Control\Gprs\GPRS.c(312): warning:  #177-D: variable "i" was declared but never referenced
Control\Gprs\GPRS.c(314): warning:  #550-D: variable "CardState" was set but never used
Control\Gprs\GPRS.c(855): warning:  #177-D: variable "temp1" was declared but never referenced
Control\Gprs\GPRS.c(856): warning:  #177-D: variable "DataLength" was declared but never referenced
Control\Gprs\GPRS.c(1281): warning:  #177-D: variable "pTemp" was declared but never referenced
Control\Gprs\GPRS.c(1326): warning:  #177-D: variable "RecLen1" was declared but never referenced
Control\Gprs\GPRS.c(1179): warning:  #177-D: function "GetModermCard" was declared but never referenced
Control\Gprs\GPRS.c(1212): warning:  #177-D: function "GetChipID" was declared but never referenced
Control\Gprs\GPRS.c(1311): warning:  #177-D: function "EnableSync" was declared but never referenced
Control\Gprs\GPRS.c(1450): warning:  #177-D: function "ModermPowerUp" was declared but never referenced
compiling GpsTask.c...
compiling Sleep.c...
compiling Timer.c...
compiling Hand.c...
compiling FTP.c...
Control\FTP\FTP.c(121): warning:  #550-D: variable "pFtpData" was set but never used
Control\FTP\FTP.c(26): warning:  #177-D: function "FtpTaskInit" was declared but never referenced
Control\FTP\FTP.c(100): warning:  #177-D: function "FTP_SendCommand" was declared but never referenced
Control\FTP\FTP.c(91): warning:  #177-D: function "FTP_CtrReceive" was declared but never referenced
Control\FTP\FTP.c(137): warning:  #177-D: function "FtpTaskClose" was declared but never referenced
compiling _rwFile.c...
compiling _rwflashlgc.c...
compiling _DataTrans.c...
compiling _FileData.c...
AppFunction\FilleData\_FileData.c(148): warning:  #223-D: function "Trans_Gps" declared implicitly
AppFunction\FilleData\_FileData.c(159): warning:  #223-D: function "Trans_Gps_Hand" declared implicitly
compiling _Init.c...
AppFunction\main\_Init.c(43): warning:  #223-D: function "CheckFile" declared implicitly
AppFunction\main\_Init.c(45): warning:  #223-D: function "InitCenPhone" declared implicitly
AppFunction\main\_Init.c(34): warning:  #177-D: variable "i" was declared but never referenced
AppFunction\main\_Init.c(34): warning:  #177-D: variable "RecLen1" was declared but never referenced
AppFunction\main\_Init.c(34): warning:  #177-D: variable "RecLen" was declared but never referenced
AppFunction\main\_Init.c(35): warning:  #177-D: variable "AgreeBuf" was declared but never referenced
AppFunction\main\_Init.c(71): warning:  #223-D: function "GpsInit" declared implicitly
AppFunction\main\_Init.c(72): warning:  #223-D: function "GprsInit" declared implicitly
compiling AccEvent.c...
compiling AdcEvent.c...
compiling CheckEvent.c...
compiling SleepEvent.c...
compiling GpsEvent.c...
compiling _MessageEvent.c...
AppFunction\Message\_MessageEvent.c(11): warning:  #1134-D: literal treated as "long long"
AppFunction\Message\_MessageEvent.c(5): warning:  #550-D: variable "Result" was set but never used
AppFunction\Message\_MessageEvent.c(90): warning:  #870-D: invalid multibyte character sequence
AppFunction\Message\_MessageEvent.c(90): warning:  #870-D: invalid multibyte character sequence
AppFunction\Message\_MessageEvent.c(90): warning:  #870-D: invalid multibyte character sequence
AppFunction\Message\_MessageEvent.c(90): warning:  #870-D: invalid multibyte character sequence
AppFunction\Message\_MessageEvent.c(90): warning:  #870-D: invalid multibyte character sequence
AppFunction\Message\_MessageEvent.c(90): warning:  #870-D: invalid multibyte character sequence
AppFunction\Message\_MessageEvent.c(90): warning:  #870-D: invalid multibyte character sequence
AppFunction\Message\_MessageEvent.c(90): warning:  #870-D: invalid multibyte character sequence
AppFunction\Message\_MessageEvent.c(90): warning:  #870-D: invalid multibyte character sequence
AppFunction\Message\_MessageEvent.c(90): warning:  #870-D: invalid multibyte character sequence
AppFunction\Message\_MessageEvent.c(90): warning:  #870-D: invalid multibyte character sequence
AppFunction\Message\_MessageEvent.c(90): warning:  #870-D: invalid multibyte character sequence
AppFunction\Message\_MessageEvent.c(103): warning:  #870-D: invalid multibyte character sequence
AppFunction\Message\_MessageEvent.c(103): warning:  #870-D: invalid multibyte character sequence
AppFunction\Message\_MessageEvent.c(103): warning:  #870-D: invalid multibyte character sequence
AppFunction\Message\_MessageEvent.c(103): warning:  #870-D: invalid multibyte character sequence
AppFunction\Message\_MessageEvent.c(103): warning:  #870-D: invalid multibyte character sequence
AppFunction\Message\_MessageEvent.c(103): warning:  #870-D: invalid multibyte character sequence
AppFunction\Message\_MessageEvent.c(106): warning:  #870-D: invalid multibyte character sequence
AppFunction\Message\_MessageEvent.c(106): warning:  #870-D: invalid multibyte character sequence
AppFunction\Message\_MessageEvent.c(106): warning:  #870-D: invalid multibyte character sequence
AppFunction\Message\_MessageEvent.c(106): warning:  #870-D: invalid multibyte character sequence
AppFunction\Message\_MessageEvent.c(106): warning:  #870-D: invalid multibyte character sequence
AppFunction\Message\_MessageEvent.c(106): warning:  #870-D: invalid multibyte character sequence
AppFunction\Message\_MessageEvent.c(106): warning:  #870-D: invalid multibyte character sequence
AppFunction\Message\_MessageEvent.c(106): warning:  #870-D: invalid multibyte character sequence
AppFunction\Message\_MessageEvent.c(106): warning:  #870-D: invalid multibyte character sequence
AppFunction\Message\_MessageEvent.c(106): warning:  #870-D: invalid multibyte character sequence
AppFunction\Message\_MessageEvent.c(106): warning:  #870-D: invalid multibyte character sequence
AppFunction\Message\_MessageEvent.c(106): warning:  #870-D: invalid multibyte character sequence
AppFunction\Message\_MessageEvent.c(113): warning:  #870-D: invalid multibyte character sequence
AppFunction\Message\_MessageEvent.c(113): warning:  #870-D: invalid multibyte character sequence
AppFunction\Message\_MessageEvent.c(113): warning:  #870-D: invalid multibyte character sequence
AppFunction\Message\_MessageEvent.c(113): warning:  #870-D: invalid multibyte character sequence
AppFunction\Message\_MessageEvent.c(162): warning:  #127-D: expected a statement
compiling CanEvent.c...
compiling HandEvent.c...
linking...
Program Size: Code=101164 RO-data=2292 RW-data=356 ZI-data=28724  
FromELF: creating hex file...
.\obj\lpc2368_port: Error: Q0194E: Could not save output file .\obj\lpc2368_port.hex renaming of temporary file failed: Permission denied
Target not created
Clean started: Project: 'lpc2368_port'
   deleting intermediate output files for target 'LPC2368Kit'
Build target 'LPC2368Kit'
compiling target.c...
assembling IRQ.s...
assembling Startup.s...
compiling Os_cpu_c.c...
assembling Os_cpu_a.s...
compiling OS_CORE.C...
compiling OS_FLAG.C...
compiling OS_MBOX.C...
compiling OS_MEM.C...
compiling OS_MUTEX.C...
compiling OS_Q.C...
compiling OS_SEM.C...
compiling OS_TASK.C...
compiling OS_TIME.C...
compiling _Arithmetic.c...
miscellaneous\Arithmetic\_Arithmetic.c(173): warning:  #111-D: statement is unreachable
compiling _AscNumber.c...
miscellaneous\CodeTrans\_AscNumber.c(327): warning:  #177-D: variable "DataLen" was declared but never referenced
compiling _Date.c...
miscellaneous\Date\_Date.c(14): warning:  #1293-D: assignment in condition
miscellaneous\Date\_Date.c(18): warning:  #1293-D: assignment in condition
miscellaneous\Date\_Date.c(22): warning:  #1293-D: assignment in condition
compiling _Can.c...
HardWare\Can\_Can.c(189): warning:  #111-D: statement is unreachable
compiling Gps.c...
compiling _RTC.c...
HardWare\RTC\_RTC.c(137): warning:  #177-D: function "RTCStop" was declared but never referenced
HardWare\RTC\_RTC.c(153): warning:  #177-D: function "RTC_CTCReset" was declared but never referenced
HardWare\RTC\_RTC.c(120): warning:  #177-D: function "RTCStart" was declared but never referenced
compiling _Spi.c...
HardWare\Spi\_Spi.c(84): warning:  #550-D: variable "a" was set but never used
compiling _SpiFlash.c...
compiling _UART.C...
compiling _Acc.c...
compiling adc.c...
compiling CanTask.c...
compiling GPRS.c...
Control\Gprs\GPRS.c(8): warning:  #167-D: argument of type "int16 *" is incompatible with parameter of type "uint16 *"
Control\Gprs\GPRS.c(312): warning:  #177-D: variable "tempfd" was declared but never referenced
Control\Gprs\GPRS.c(312): warning:  #177-D: variable "i" was declared but never referenced
Control\Gprs\GPRS.c(314): warning:  #550-D: variable "CardState" was set but never used
Control\Gprs\GPRS.c(855): warning:  #177-D: variable "temp1" was declared but never referenced
Control\Gprs\GPRS.c(856): warning:  #177-D: variable "DataLength" was declared but never referenced
Control\Gprs\GPRS.c(1281): warning:  #177-D: variable "pTemp" was declared but never referenced
Control\Gprs\GPRS.c(1326): warning:  #177-D: variable "RecLen1" was declared but never referenced
Control\Gprs\GPRS.c(1179): warning:  #177-D: function "GetModermCard" was declared but never referenced
Control\Gprs\GPRS.c(1212): warning:  #177-D: function "GetChipID" was declared but never referenced
Control\Gprs\GPRS.c(1311): warning:  #177-D: function "EnableSync" was declared but never referenced
Control\Gprs\GPRS.c(1450): warning:  #177-D: function "ModermPowerUp" was declared but never referenced
compiling GpsTask.c...
compiling Sleep.c...
compiling Timer.c...
compiling Hand.c...
compiling FTP.c...
Control\FTP\FTP.c(121): warning:  #550-D: variable "pFtpData" was set but never used
Control\FTP\FTP.c(26): warning:  #177-D: function "FtpTaskInit" was declared but never referenced
Control\FTP\FTP.c(100): warning:  #177-D: function "FTP_SendCommand" was declared but never referenced
Control\FTP\FTP.c(91): warning:  #177-D: function "FTP_CtrReceive" was declared but never referenced
Control\FTP\FTP.c(137): warning:  #177-D: function "FtpTaskClose" was declared but never referenced
compiling _rwFile.c...
compiling _rwflashlgc.c...
compiling _DataTrans.c...
compiling _FileData.c...
AppFunction\FilleData\_FileData.c(148): warning:  #223-D: function "Trans_Gps" declared implicitly
AppFunction\FilleData\_FileData.c(159): warning:  #223-D: function "Trans_Gps_Hand" declared implicitly
compiling _Init.c...
AppFunction\main\_Init.c(43): warning:  #223-D: function "CheckFile" declared implicitly
AppFunction\main\_Init.c(45): warning:  #223-D: function "InitCenPhone" declared implicitly
AppFunction\main\_Init.c(34): warning:  #177-D: variable "i" was declared but never referenced
AppFunction\main\_Init.c(34): warning:  #177-D: variable "RecLen1" was declared but never referenced
AppFunction\main\_Init.c(34): warning:  #177-D: variable "RecLen" was declared but never referenced
AppFunction\main\_Init.c(35): warning:  #177-D: variable "AgreeBuf" was declared but never referenced
AppFunction\main\_Init.c(71): warning:  #223-D: function "GpsInit" declared implicitly
AppFunction\main\_Init.c(72): warning:  #223-D: function "GprsInit" declared implicitly
compiling AccEvent.c...
compiling AdcEvent.c...
compiling CheckEvent.c...
compiling SleepEvent.c...
compiling GpsEvent.c...
compiling _MessageEvent.c...
AppFunction\Message\_MessageEvent.c(11): warning:  #1134-D: literal treated as "long long"
AppFunction\Message\_MessageEvent.c(5): warning:  #550-D: variable "Result" was set but never used
AppFunction\Message\_MessageEvent.c(90): warning:  #870-D: invalid multibyte character sequence
AppFunction\Message\_MessageEvent.c(90): warning:  #870-D: invalid multibyte character sequence
AppFunction\Message\_MessageEvent.c(90): warning:  #870-D: invalid multibyte character sequence
AppFunction\Message\_MessageEvent.c(90): warning:  #870-D: invalid multibyte character sequence
AppFunction\Message\_MessageEvent.c(90): warning:  #870-D: invalid multibyte character sequence
AppFunction\Message\_MessageEvent.c(90): warning:  #870-D: invalid multibyte character sequence
AppFunction\Message\_MessageEvent.c(90): warning:  #870-D: invalid multibyte character sequence
AppFunction\Message\_MessageEvent.c(90): warning:  #870-D: invalid multibyte character sequence
AppFunction\Message\_MessageEvent.c(90): warning:  #870-D: invalid multibyte character sequence
AppFunction\Message\_MessageEvent.c(90): warning:  #870-D: invalid multibyte character sequence
AppFunction\Message\_MessageEvent.c(90): warning:  #870-D: invalid multibyte character sequence
AppFunction\Message\_MessageEvent.c(90): warning:  #870-D: invalid multibyte character sequence
AppFunction\Message\_MessageEvent.c(103): warning:  #870-D: invalid multibyte character sequence
AppFunction\Message\_MessageEvent.c(103): warning:  #870-D: invalid multibyte character sequence
AppFunction\Message\_MessageEvent.c(103): warning:  #870-D: invalid multibyte character sequence
AppFunction\Message\_MessageEvent.c(103): warning:  #870-D: invalid multibyte character sequence
AppFunction\Message\_MessageEvent.c(103): warning:  #870-D: invalid multibyte character sequence
AppFunction\Message\_MessageEvent.c(103): warning:  #870-D: invalid multibyte character sequence
AppFunction\Message\_MessageEvent.c(106): warning:  #870-D: invalid multibyte character sequence
AppFunction\Message\_MessageEvent.c(106): warning:  #870-D: invalid multibyte character sequence
AppFunction\Message\_MessageEvent.c(106): warning:  #870-D: invalid multibyte character sequence
AppFunction\Message\_MessageEvent.c(106): warning:  #870-D: invalid multibyte character sequence
AppFunction\Message\_MessageEvent.c(106): warning:  #870-D: invalid multibyte character sequence
AppFunction\Message\_MessageEvent.c(106): warning:  #870-D: invalid multibyte character sequence
AppFunction\Message\_MessageEvent.c(106): warning:  #870-D: invalid multibyte character sequence
AppFunction\Message\_MessageEvent.c(106): warning:  #870-D: invalid multibyte character sequence
AppFunction\Message\_MessageEvent.c(106): warning:  #870-D: invalid multibyte character sequence
AppFunction\Message\_MessageEvent.c(106): warning:  #870-D: invalid multibyte character sequence
AppFunction\Message\_MessageEvent.c(106): warning:  #870-D: invalid multibyte character sequence
AppFunction\Message\_MessageEvent.c(106): warning:  #870-D: invalid multibyte character sequence
AppFunction\Message\_MessageEvent.c(113): warning:  #870-D: invalid multibyte character sequence
AppFunction\Message\_MessageEvent.c(113): warning:  #870-D: invalid multibyte character sequence
[...]
AppFunction\Message\_MessageEvent.c(90): warning:  #870-D: invalid multibyte character sequence
AppFunction\Message\_MessageEvent.c(90): warning:  #870-D: invalid multibyte character sequence
AppFunction\Message\_MessageEvent.c(90): warning:  #870-D: invalid multibyte character sequence
AppFunction\Message\_MessageEvent.c(90): warning:  #870-D: invalid multibyte character sequence
AppFunction\Message\_MessageEvent.c(90): warning:  #870-D: invalid multibyte character sequence
AppFunction\Message\_MessageEvent.c(90): warning:  #870-D: invalid multibyte character sequence
AppFunction\Message\_MessageEvent.c(103): warning:  #870-D: invalid multibyte character sequence
AppFunction\Message\_MessageEvent.c(103): warning:  #870-D: invalid multibyte character sequence
AppFunction\Message\_MessageEvent.c(103): warning:  #870-D: invalid multibyte character sequence
AppFunction\Message\_MessageEvent.c(103): warning:  #870-D: invalid multibyte character sequence
AppFunction\Message\_MessageEvent.c(103): warning:  #870-D: invalid multibyte character sequence
AppFunction\Message\_MessageEvent.c(103): warning:  #870-D: invalid multibyte character sequence
AppFunction\Message\_MessageEvent.c(106): warning:  #870-D: invalid multibyte character sequence
AppFunction\Message\_MessageEvent.c(106): warning:  #870-D: invalid multibyte character sequence
AppFunction\Message\_MessageEvent.c(106): warning:  #870-D: invalid multibyte character sequence
AppFunction\Message\_MessageEvent.c(106): warning:  #870-D: invalid multibyte character sequence
AppFunction\Message\_MessageEvent.c(106): warning:  #870-D: invalid multibyte character sequence
AppFunction\Message\_MessageEvent.c(106): warning:  #870-D: invalid multibyte character sequence
AppFunction\Message\_MessageEvent.c(106): warning:  #870-D: invalid multibyte character sequence
AppFunction\Message\_MessageEvent.c(106): warning:  #870-D: invalid multibyte character sequence
AppFunction\Message\_MessageEvent.c(106): warning:  #870-D: invalid multibyte character sequence
AppFunction\Message\_MessageEvent.c(106): warning:  #870-D: invalid multibyte character sequence
AppFunction\Message\_MessageEvent.c(106): warning:  #870-D: invalid multibyte character sequence
AppFunction\Message\_MessageEvent.c(106): warning:  #870-D: invalid multibyte character sequence
AppFunction\Message\_MessageEvent.c(113): warning:  #870-D: invalid multibyte character sequence
AppFunction\Message\_MessageEvent.c(113): warning:  #870-D: invalid multibyte character sequence
AppFunction\Message\_MessageEvent.c(113): warning:  #870-D: invalid multibyte character sequence
AppFunction\Message\_MessageEvent.c(113): warning:  #870-D: invalid multibyte character sequence
AppFunction\Message\_MessageEvent.c(162): warning:  #127-D: expected a statement
compiling CanEvent.c...
compiling HandEvent.c...
linking...
Program Size: Code=87384 RO-data=1960 RW-data=340 ZI-data=25652  
FromELF: creating hex file...
".\obj\lpc2368_port.axf" - 0 Error(s), 71 Warning(s).
Load "D:\\work\\OS流程规范\\FTP\\wuliu2009-08-01-huawei\\obj\\lpc2368_port.AXF" 
Build target 'LPC2368Kit'
compiling FTP.c...
Control\FTP\FTP.c(26): warning:  #177-D: function "FtpTaskInit" was declared but never referenced
Control\FTP\FTP.c(97): warning:  #177-D: function "FTP_SendCommand" was declared but never referenced
Control\FTP\FTP.c(88): warning:  #177-D: function "FTP_CtrReceive" was declared but never referenced
Control\FTP\FTP.c(140): warning:  #177-D: function "FtpTaskClose" was declared but never referenced
linking...
Program Size: Code=87380 RO-data=1960 RW-data=340 ZI-data=25652  
FromELF: creating hex file...
".\obj\lpc2368_port.axf" - 0 Error(s), 4 Warning(s).
Load "D:\\work\\OS流程规范\\FTP\\wuliu2009-08-01-huawei\\obj\\lpc2368_port.AXF" 
Build target 'LPC2368Kit'
compiling GPRS.c...
Control\Gprs\GPRS.c(8): warning:  #167-D: argument of type "int16 *" is incompatible with parameter of type "uint16 *"
Control\Gprs\GPRS.c(312): warning:  #177-D: variable "tempfd" was declared but never referenced
Control\Gprs\GPRS.c(312): warning:  #177-D: variable "i" was declared but never referenced
Control\Gprs\GPRS.c(314): warning:  #550-D: variable "CardState" was set but never used
Control\Gprs\GPRS.c(855): warning:  #177-D: variable "temp1" was declared but never referenced
Control\Gprs\GPRS.c(856): warning:  #177-D: variable "DataLength" was declared but never referenced
Control\Gprs\GPRS.c(1281): warning:  #177-D: variable "pTemp" was declared but never referenced
Control\Gprs\GPRS.c(1326): warning:  #177-D: variable "RecLen1" was declared but never referenced
Control\Gprs\GPRS.c(1179): warning:  #177-D: function "GetModermCard" was declared but never referenced
Control\Gprs\GPRS.c(1212): warning:  #177-D: function "GetChipID" was declared but never referenced
Control\Gprs\GPRS.c(1311): warning:  #177-D: function "EnableSync" was declared but never referenced
Control\Gprs\GPRS.c(1450): warning:  #177-D: function "ModermPowerUp" was declared but never referenced
compiling FTP.c...
Control\FTP\FTP.c(97): warning:  #177-D: function "FTP_SendCommand" was declared but never referenced
Control\FTP\FTP.c(88): warning:  #177-D: function "FTP_CtrReceive" was declared but never referenced
Control\FTP\FTP.c(140): warning:  #177-D: function "FtpTaskClose" was declared but never referenced
linking...
Program Size: Code=87384 RO-data=1960 RW-data=340 ZI-data=25652  
FromELF: creating hex file...
".\obj\lpc2368_port.axf" - 0 Error(s), 15 Warning(s).
Load "D:\\work\\OS流程规范\\FTP\\wuliu2009-08-01-huawei\\obj\\lpc2368_port.AXF" 
Build target 'LPC2368Kit'
compiling FTP.c...
Control\FTP\FTP.c(98): warning:  #177-D: function "FTP_SendCommand" was declared but never referenced
Control\FTP\FTP.c(89): warning:  #177-D: function "FTP_CtrReceive" was declared but never referenced
Control\FTP\FTP.c(141): warning:  #177-D: function "FtpTaskClose" was declared but never referenced
linking...
Program Size: Code=87392 RO-data=1960 RW-data=340 ZI-data=25652  
FromELF: creating hex file...
".\obj\lpc2368_port.axf" - 0 Error(s), 3 Warning(s).
Load "D:\\work\\OS流程规范\\FTP\\wuliu2009-08-01-huawei\\obj\\lpc2368_port.AXF" 
Build target 'LPC2368Kit'
compiling GPRS.c...
Control\Gprs\GPRS.c(8): warning:  #167-D: argument of type "int16 *" is incompatible with parameter of type "uint16 *"
Control\Gprs\GPRS.c(312): warning:  #177-D: variable "tempfd" was declared but never referenced
Control\Gprs\GPRS.c(312): warning:  #177-D: variable "i" was declared but never referenced
Control\Gprs\GPRS.c(314): warning:  #550-D: variable "CardState" was set but never used
Control\Gprs\GPRS.c(858): warning:  #177-D: variable "temp1" was declared but never referenced
Control\Gprs\GPRS.c(859): warning:  #177-D: variable "DataLength" was declared but never referenced
Control\Gprs\GPRS.c(1284): warning:  #177-D: variable "pTemp" was declared but never referenced
Control\Gprs\GPRS.c(1329): warning:  #177-D: variable "RecLen1" was declared but never referenced
Control\Gprs\GPRS.c(1182): warning:  #177-D: function "GetModermCard" was declared but never referenced
Control\Gprs\GPRS.c(1215): warning:  #177-D: function "GetChipID" was declared but never referenced
Control\Gprs\GPRS.c(1314): warning:  #177-D: function "EnableSync" was declared but never referenced
Control\Gprs\GPRS.c(1453): warning:  #177-D: function "ModermPowerUp" was declared but never referenced
compiling FTP.c...
Control\FTP\FTP.c(66): error:  #20: identifier "FTP_CtrReceive" is undefined
Control\FTP\FTP.c(101): warning:  #177-D: function "FTP_SendCommand" was declared but never referenced
Control\FTP\FTP.c(89): warning:  #177-D: function "FTP_CtrReceive" was declared but never referenced
Control\FTP\FTP.c(146): warning:  #177-D: function "FtpTaskClose" was declared but never referenced
Target not created
Build target 'LPC2368Kit'
compiling FTP.c...
Control\FTP\FTP.c(66): error:  #167: argument of type "void (*)(uint8 *, uint8 *, uint16)" is incompatible with parameter of type "st_Affair_UDPTCP *"
Control\FTP\FTP.c(101): warning:  #177-D: function "FTP_SendCommand" was declared but never referenced
Control\FTP\FTP.c(146): warning:  #177-D: function "FtpTaskClose" was declared but never referenced
compiling _Init.c...
AppFunction\main\_Init.c(43): warning:  #223-D: function "CheckFile" declared implicitly
AppFunction\main\_Init.c(45): warning:  #223-D: function "InitCenPhone" declared implicitly
AppFunction\main\_Init.c(34): warning:  #177-D: variable "i" was declared but never referenced
AppFunction\main\_Init.c(34): warning:  #177-D: variable "RecLen1" was declared but never referenced
AppFunction\main\_Init.c(34): warning:  #177-D: variable "RecLen" was declared but never referenced
AppFunction\main\_Init.c(35): warning:  #177-D: variable "AgreeBuf" was declared but never referenced
AppFunction\main\_Init.c(71): warning:  #223-D: function "GpsInit" declared implicitly
Target not created
Build target 'LPC2368Kit'
compiling FTP.c...
Control\FTP\FTP.c(67): error:  #167: argument of type "const st_Affair_UDPTCP *" is incompatible with parameter of type "st_Affair_UDPTCP *"
Control\FTP\FTP.c(102): warning:  #177-D: function "FTP_SendCommand" was declared but never referenced
Control\FTP\FTP.c(147): warning:  #177-D: function "FtpTaskClose" was declared but never referenced
Target not created
Build target 'LPC2368Kit'
compiling FTP.c...
Control\FTP\FTP.c(102): warning:  #177-D: function "FTP_SendCommand" was declared but never referenced
Control\FTP\FTP.c(147): warning:  #177-D: function "FtpTaskClose" was declared but never referenced
linking...
Program Size: Code=87568 RO-data=1964 RW-data=340 ZI-data=25652  
FromELF: creating hex file...
".\obj\lpc2368_port.axf" - 0 Error(s), 2 Warning(s).
Build target 'LPC2368Kit'
linking...
Program Size: Code=87568 RO-data=1964 RW-data=340 ZI-data=25652  
FromELF: creating hex file...
.\obj\lpc2368_port: Error: Q0194E: Could not save output file .\obj\lpc2368_port.hex renaming of temporary file failed: Permission denied
Target not created
Build target 'LPC2368Kit'
compiling target.c...
assembling IRQ.s...
assembling Startup.s...
compiling Os_cpu_c.c...
assembling Os_cpu_a.s...
compiling OS_CORE.C...
compiling OS_FLAG.C...
compiling OS_MBOX.C...
compiling OS_MEM.C...
compiling OS_MUTEX.C...
compiling OS_Q.C...
compiling OS_SEM.C...
compiling OS_TASK.C...
compiling OS_TIME.C...
compiling _Arithmetic.c...
miscellaneous\Arithmetic\_Arithmetic.c(173): warning:  #111-D: statement is unreachable
compiling _AscNumber.c...
miscellaneous\CodeTrans\_AscNumber.c(327): warning:  #177-D: variable "DataLen" was declared but never referenced
compiling _Date.c...
miscellaneous\Date\_Date.c(14): warning:  #1293-D: assignment in condition
miscellaneous\Date\_Date.c(18): warning:  #1293-D: assignment in condition
miscellaneous\Date\_Date.c(22): warning:  #1293-D: assignment in condition
compiling _Can.c...
HardWare\Can\_Can.c(189): warning:  #111-D: statement is unreachable
compiling Gps.c...
compiling _RTC.c...
HardWare\RTC\_RTC.c(137): warning:  #177-D: function "RTCStop" was declared but never referenced
HardWare\RTC\_RTC.c(153): warning:  #177-D: function "RTC_CTCReset" was declared but never referenced
HardWare\RTC\_RTC.c(120): warning:  #177-D: function "RTCStart" was declared but never referenced
compiling _Spi.c...
HardWare\Spi\_Spi.c(84): warning:  #550-D: variable "a" was set but never used
compiling _SpiFlash.c...
compiling _UART.C...
compiling _Acc.c...
compiling adc.c...
compiling CanTask.c...
compiling GPRS.c...
Control\Gprs\GPRS.c(8): warning:  #167-D: argument of type "int16 *" is incompatible with parameter of type "uint16 *"
Control\Gprs\GPRS.c(312): warning:  #177-D: variable "tempfd" was declared but never referenced
Control\Gprs\GPRS.c(312): warning:  #177-D: variable "i" was declared but never referenced
Control\Gprs\GPRS.c(314): warning:  #550-D: variable "CardState" was set but never used
Control\Gprs\GPRS.c(858): warning:  #177-D: variable "temp1" was declared but never referenced
Control\Gprs\GPRS.c(859): warning:  #177-D: variable "DataLength" was declared but never referenced
Control\Gprs\GPRS.c(1284): warning:  #177-D: variable "pTemp" was declared but never referenced
Control\Gprs\GPRS.c(1329): warning:  #177-D: variable "RecLen1" was declared but never referenced
Control\Gprs\GPRS.c(1182): warning:  #177-D: function "GetModermCard" was declared but never referenced
Control\Gprs\GPRS.c(1215): warning:  #177-D: function "GetChipID" was declared but never referenced
Control\Gprs\GPRS.c(1314): warning:  #177-D: function "EnableSync" was declared but never referenced
Control\Gprs\GPRS.c(1453): warning:  #177-D: function "ModermPowerUp" was declared but never referenced
compiling GpsTask.c...
compiling Sleep.c...
compiling Timer.c...
compiling Hand.c...
compiling FTP.c...
Control\FTP\FTP.c(102): warning:  #177-D: function "FTP_SendCommand" was declared but never referenced
Control\FTP\FTP.c(147): warning:  #177-D: function "FtpTaskClose" was declared but never referenced
compiling _rwFile.c...
compiling _rwflashlgc.c...
compiling _DataTrans.c...
compiling _FileData.c...
AppFunction\FilleData\_FileData.c(148): warning:  #223-D: function "Trans_Gps" declared implicitly
AppFunction\FilleData\_FileData.c(159): warning:  #223-D: function "Trans_Gps_Hand" declared implicitly
compiling _Init.c...
AppFunction\main\_Init.c(43): warning:  #223-D: function "CheckFile" declared implicitly
AppFunction\main\_Init.c(45): warning:  #223-D: function "InitCenPhone" declared implicitly
AppFunction\main\_Init.c(34): warning:  #177-D: variable "i" was declared but never referenced
AppFunction\main\_Init.c(34): warning:  #177-D: variable "RecLen1" was declared but never referenced
AppFunction\main\_Init.c(34): warning:  #177-D: variable "RecLen" was declared but never referenced
AppFunction\main\_Init.c(35): warning:  #177-D: variable "AgreeBuf" was declared but never referenced
AppFunction\main\_Init.c(71): warning:  #223-D: function "GpsInit" declared implicitly
compiling AccEvent.c...
compiling AdcEvent.c...
compiling CheckEvent.c...
compiling SleepEvent.c...
compiling GpsEvent.c...
compiling _MessageEvent.c...
AppFunction\Message\_MessageEvent.c(11): warning:  #1134-D: literal treated as "long long"
AppFunction\Message\_MessageEvent.c(5): warning:  #550-D: variable "Result" was set but never used
AppFunction\Message\_MessageEvent.c(90): warning:  #870-D: invalid multibyte character sequence
AppFunction\Message\_MessageEvent.c(90): warning:  #870-D: invalid multibyte character sequence
AppFunction\Message\_MessageEvent.c(90): warning:  #870-D: invalid multibyte character sequence
AppFunction\Message\_MessageEvent.c(90): warning:  #870-D: invalid multibyte character sequence
AppFunction\Message\_MessageEvent.c(90): warning:  #870-D: invalid multibyte character sequence
AppFunction\Message\_MessageEvent.c(90): warning:  #870-D: invalid multibyte character sequence
AppFunction\Message\_MessageEvent.c(90): warning:  #870-D: invalid multibyte character sequence
AppFunction\Message\_MessageEvent.c(90): warning:  #870-D: invalid multibyte character sequence
AppFunction\Message\_MessageEvent.c(90): warning:  #870-D: invalid multibyte character sequence
AppFunction\Message\_MessageEvent.c(90): warning:  #870-D: invalid multibyte character sequence
AppFunction\Message\_MessageEvent.c(90): warning:  #870-D: invalid multibyte character sequence
AppFunction\Message\_MessageEvent.c(90): warning:  #870-D: invalid multibyte character sequence
AppFunction\Message\_MessageEvent.c(103): warning:  #870-D: invalid multibyte character sequence
AppFunction\Message\_MessageEvent.c(103): warning:  #870-D: invalid multibyte character sequence
AppFunction\Message\_MessageEvent.c(103): warning:  #870-D: invalid multibyte character sequence
AppFunction\Message\_MessageEvent.c(103): warning:  #870-D: invalid multibyte character sequence
AppFunction\Message\_MessageEvent.c(103): warning:  #870-D: invalid multibyte character sequence
AppFunction\Message\_MessageEvent.c(103): warning:  #870-D: invalid multibyte character sequence
AppFunction\Message\_MessageEvent.c(106): warning:  #870-D: invalid multibyte character sequence
AppFunction\Message\_MessageEvent.c(106): warning:  #870-D: invalid multibyte character sequence
AppFunction\Message\_MessageEvent.c(106): warning:  #870-D: invalid multibyte character sequence
AppFunction\Message\_MessageEvent.c(106): warning:  #870-D: invalid multibyte character sequence
AppFunction\Message\_MessageEvent.c(106): warning:  #870-D: invalid multibyte character sequence
AppFunction\Message\_MessageEvent.c(106): warning:  #870-D: invalid multibyte character sequence
AppFunction\Message\_MessageEvent.c(106): warning:  #870-D: invalid multibyte character sequence
AppFunction\Message\_MessageEvent.c(106): warning:  #870-D: invalid multibyte character sequence
AppFunction\Message\_MessageEvent.c(106): warning:  #870-D: invalid multibyte character sequence
AppFunction\Message\_MessageEvent.c(106): warning:  #870-D: invalid multibyte character sequence
AppFunction\Message\_MessageEvent.c(106): warning:  #870-D: invalid multibyte character sequence
AppFunction\Message\_MessageEvent.c(106): warning:  #870-D: invalid multibyte character sequence
AppFunction\Message\_MessageEvent.c(113): warning:  #870-D: invalid multibyte character sequence
AppFunction\Message\_MessageEvent.c(113): warning:  #870-D: invalid multibyte character sequence
AppFunction\Message\_MessageEvent.c(113): warning:  #870-D: invalid multibyte character sequence
AppFunction\Message\_MessageEvent.c(113): warning:  #870-D: invalid multibyte character sequence
AppFunction\Message\_MessageEvent.c(162): warning:  #127-D: expected a statement
compiling CanEvent.c...
compiling HandEvent.c...
linking...
Program Size: Code=87568 RO-data=1964 RW-data=340 ZI-data=25652  
FromELF: creating hex file...
".\obj\lpc2368_port.axf" - 0 Error(s), 70 Warning(s).
Load "D:\\work\\OS流程规范\\FTP\\wuliu2009-08-01-huawei\\obj\\lpc2368_port.AXF" 
Build target 'LPC2368Kit'
compiling GPRS.c...
Control\Gprs\GPRS.c(8): warning:  #167-D: argument of type "int16 *" is incompatible with parameter of type "uint16 *"
Control\Gprs\GPRS.c(312): warning:  #177-D: variable "tempfd" was declared but never referenced
Control\Gprs\GPRS.c(312): warning:  #177-D: variable "i" was declared but never referenced
Control\Gprs\GPRS.c(314): warning:  #550-D: variable "CardState" was set but never used
Control\Gprs\GPRS.c(858): warning:  #177-D: variable "temp1" was declared but never referenced
Control\Gprs\GPRS.c(859): warning:  #177-D: variable "DataLength" was declared but never referenced
Control\Gprs\GPRS.c(1284): warning:  #177-D: variable "pTemp" was declared but never referenced
Control\Gprs\GPRS.c(1329): warning:  #177-D: variable "RecLen1" was declared but never referenced
Control\Gprs\GPRS.c(1182): warning:  #177-D: function "GetModermCard" was declared but never referenced
Control\Gprs\GPRS.c(1215): warning:  #177-D: function "GetChipID" was declared but never referenced
Control\Gprs\GPRS.c(1314): warning:  #177-D: function "EnableSync" was declared but never referenced
Control\Gprs\GPRS.c(1453): warning:  #177-D: function "ModermPowerUp" was declared but never referenced
linking...
Program Size: Code=87364 RO-data=1964 RW-data=340 ZI-data=25652  
FromELF: creating hex file...
".\obj\lpc2368_port.axf" - 0 Error(s), 12 Warning(s).
Load "D:\\work\\OS流程规范\\FTP\\wuliu2009-08-01-huawei\\obj\\lpc2368_port.AXF" 
Build target 'LPC2368Kit'
compiling FTP.c...
Control\FTP\FTP.c(102): warning:  #177-D: function "FTP_SendCommand" was declared but never referenced
Control\FTP\FTP.c(156): warning:  #177-D: function "FtpTaskClose" was declared but never referenced
linking...
Program Size: Code=87464 RO-data=1964 RW-data=340 ZI-data=25652  
FromELF: creating hex file...
.\obj\lpc2368_port: Error: Q0194E: Could not save output file .\obj\lpc2368_port.hex renaming of temporary file failed: Permission denied
Target not created
