<!doctype html public "-//w3c//dtd html 4.0 transitional//en">
<html><head>
<title>Static Call Graph - [.\obj\lpc2368_port.axf]</title></head>
<body><HR>
<H1>Static Call Graph for image .\obj\lpc2368_port.axf</H1><HR>
<BR><P>#&#060CALLGRAPH&#062# ARM Linker, RVCT3.1 [Build 942]: Last Updated: Mon Aug 03 11:36:36 2009
<BR><P>
<H3>Maximum Stack Usage =        288 bytes + Unknown(Functions without stacksize, Cycles, Untraceable Function Pointers)</H3><H3>
Call chain for Maximum Stack Depth:</H3>
CreateRecoder1 &rArr; CreateRecoder &rArr; LookSpace &rArr; ReadRecode &rArr; WriteRecode &rArr; Crc
<P>
<H3>
Functions with no stack information
</H3><UL>
 <LI><a href="#[c80e08]">Reset_Handler</a>
 <LI><a href="#[c80e50]">__user_initial_stackheap</a>
 <LI><a href="#[c817d8]">IRQ_Handler</a>
 <LI><a href="#[c81ea0]">Timer0_Handler</a>
 <LI><a href="#[c81e58]">Uart0_Handler</a>
 <LI><a href="#[c81e10]">Uart1_Handler</a>
 <LI><a href="#[c81dc8]">Uart2_Handler</a>
 <LI><a href="#[c81d80]">Uart3_Handler</a>
 <LI><a href="#[c81f30]">CAN_Handler</a>
 <LI><a href="#[c80dc0]">SoftwareInterrupt</a>
 <LI><a href="#[c81748]">OSIntCtxSw</a>
 <LI><a href="#[c7ef50]">__OSStartHighRdy</a>
 <LI><a href="#[c81048]">Undef_Handler</a>
 <LI><a href="#[c81000]">PAbt_Handler</a>
 <LI><a href="#[c80fb8]">DAbt_Handler</a>
 <LI><a href="#[c80f70]">FIQ_Handler</a>
</UL>
</UL>
<P>
<H3>
Mutually Recursive functions
</H3> <LI><a href="#[c81048]">Undef_Handler</a>&nbsp;&nbsp;&nbsp;&rArr;&nbsp;&nbsp;&nbsp;<a href="#[c81048]">Undef_Handler</a><BR>
 <LI><a href="#[c81000]">PAbt_Handler</a>&nbsp;&nbsp;&nbsp;&rArr;&nbsp;&nbsp;&nbsp;<a href="#[c81000]">PAbt_Handler</a><BR>
 <LI><a href="#[c80fb8]">DAbt_Handler</a>&nbsp;&nbsp;&nbsp;&rArr;&nbsp;&nbsp;&nbsp;<a href="#[c80fb8]">DAbt_Handler</a><BR>
</UL>
<P>
<H3>
Function Pointers
</H3><UL>
 <LI><a href="#[1051000]">Init</a>
 <LI><a href="#[1050ee0]">Open</a>
 <LI><a href="#[1050e08]">Close</a>
 <LI><a href="#[1050c58]">Write</a>
 <LI><a href="#[1050d30]">Read</a>
 <LI><a href="#[c80e08]">Reset_Handler</a>
 <LI><a href="#[c81048]">Undef_Handler</a>
 <LI><a href="#[c80dc0]">SoftwareInterrupt</a>
 <LI><a href="#[c81000]">PAbt_Handler</a>
 <LI><a href="#[c80fb8]">DAbt_Handler</a>
 <LI><a href="#[c80f70]">FIQ_Handler</a>
 <LI><a href="#[15068c0]">__main</a>
 <LI><a href="#[1502d48]">__ARM_get_argv</a>
 <LI><a href="#[c81ea0]">Timer0_Handler</a>
 <LI><a href="#[c81e58]">Uart0_Handler</a>
 <LI><a href="#[c81e10]">Uart1_Handler</a>
 <LI><a href="#[c81dc8]">Uart2_Handler</a>
 <LI><a href="#[c81d80]">Uart3_Handler</a>
 <LI><a href="#[c81f30]">CAN_Handler</a>
 <LI><a href="#[1047718]">CE_High</a>
 <LI><a href="#[10476d0]">CE_Low</a>
 <LI><a href="#[1398770]">main</a>
 <LI><a href="#[1503ab0]">__I_use_semihosting</a>
 <LI><a href="#[c81748]">OSIntCtxSw</a>
 <LI><a href="#[c81748]">OSIntCtxSw</a>
 <LI><a href="#[c7ef50]">__OSStartHighRdy</a>
 <LI><a href="#[c757a8]">nand_calculate_ecc</a>
 <LI><a href="#[c75760]">nand_correct_data</a>
 <LI><a href="#[c75718]">Crc</a>
 <LI><a href="#[c756d0]">CheckSum</a>
 <LI><a href="#[c75688]">CheckAdd</a>
 <LI><a href="#[10562e0]">Asc2Bcd</a>
 <LI><a href="#[1056298]">Bcd2Asc</a>
 <LI><a href="#[1056250]">Asc2Algorism</a>
 <LI><a href="#[1056208]">Algorism2Asc</a>
 <LI><a href="#[1056178]">Asc2HexBuf</a>
 <LI><a href="#[10560e8]">HexBuf2Asc</a>
 <LI><a href="#[10560a0]">Asc2Hex</a>
 <LI><a href="#[1056058]">Hex2Asc</a>
 <LI><a href="#[1055ea8]">Asc2Float</a>
 <LI><a href="#[1056010]">Bcd2Hex</a>
 <LI><a href="#[1055fc8]">Hex2Bcd</a>
 <LI><a href="#[1055f80]">JugeAscBcd</a>
 <LI><a href="#[1055ef0]">JugeAscHex</a>
 <LI><a href="#[1055e60]">JugeAscFloat</a>
 <LI><a href="#[1055f38]">JugeHexBcd</a>
 <LI><a href="#[1055e18]">ClsArray</a>
 <LI><a href="#[1055dd0]">MoveByte</a>
 <LI><a href="#[1055d88]">CompareBuf</a>
 <LI><a href="#[1055d40]">CompareVa</a>
 <LI><a href="#[1055cf8]">Strsize</a>
 <LI><a href="#[1055c68]">Strsize16</a>
 <LI><a href="#[1055cb0]">StrATChar</a>
 <LI><a href="#[1055c20]">LookStr</a>
 <LI><a href="#[1055b48]">LookEnable</a>
 <LI><a href="#[1055bd8]">LookStrInLength</a>
 <LI><a href="#[1055b90]">LookStrDown</a>
 <LI><a href="#[1055b00]">LookShowChar</a>
 <LI><a href="#[1055ab8]">MemSpace</a>
 <LI><a href="#[10559e0]">JugeBufType</a>
 <LI><a href="#[1055878]">PhoPdu</a>
 <LI><a href="#[1055908]">gsmEncode7bit</a>
 <LI><a href="#[10558c0]">PduNumber</a>
 <LI><a href="#[1055758]">ExpPdu</a>
 <LI><a href="#[1055830]">Bit72Bit8</a>
 <LI><a href="#[1055710]">GetCsq</a>
 <LI><a href="#[1055950]">StrToUni</a>
 <LI><a href="#[10557a0]">UniToStr</a>
 <LI><a href="#[1055a28]">INT322IPAsc</a>
 <LI><a href="#[1055a70]">IPAsc2INT32</a>
 <LI><a href="#[1053050]">Juge</a>
 <LI><a href="#[1052ea0]">Next</a>
 <LI><a href="#[1052d38]">Back</a>
 <LI><a href="#[1052cf0]">GetWeek</a>
 <LI><a href="#[104e6c8]">Init</a>
 <LI><a href="#[104e680]">Open</a>
 <LI><a href="#[104e638]">Close</a>
 <LI><a href="#[104e290]">Read</a>
 <LI><a href="#[104ba28]">Init</a>
 <LI><a href="#[104b998]">Read</a>
 <LI><a href="#[104b908]">Write</a>
 <LI><a href="#[1049980]">Open</a>
 <LI><a href="#[10498f0]">Start</a>
 <LI><a href="#[10498a8]">RwSpi</a>
 <LI><a href="#[1049860]">Write</a>
 <LI><a href="#[1049818]">Read</a>
 <LI><a href="#[1049788]">JugeByte</a>
 <LI><a href="#[10497d0]">JugeBuf</a>
 <LI><a href="#[1049740]">End</a>
 <LI><a href="#[10496f8]">Close</a>
 <LI><a href="#[1047760]">Init1</a>
 <LI><a href="#[1047208]">Open1</a>
 <LI><a href="#[10471c0]">Close1</a>
 <LI><a href="#[1047130]">Read1</a>
 <LI><a href="#[1047058]">Write1</a>
 <LI><a href="#[1046f80]">Ease1</a>
 <LI><a href="#[1046ef0]">Juge1</a>
 <LI><a href="#[1046ea8]">CreartBad1</a>
 <LI><a href="#[1044f70]">Init</a>
 <LI><a href="#[1044dc0]">Open</a>
 <LI><a href="#[1044c58]">Close</a>
 <LI><a href="#[10449d0]">Read</a>
 <LI><a href="#[1044868]">Write</a>
 <LI><a href="#[11eac48]">Init</a>
 <LI><a href="#[11eac00]">OpenMessage</a>
 <LI><a href="#[11eabb8]">ReadMessage</a>
 <LI><a href="#[11eab70]">ReadPhone</a>
 <LI><a href="#[11eaa50]">SendMessage</a>
 <LI><a href="#[11eaa08]">CloseMessage</a>
 <LI><a href="#[11ea978]">CallPhone</a>
 <LI><a href="#[11ea8e8]">HangPhone</a>
 <LI><a href="#[11ea858]">AnswerPhone</a>
 <LI><a href="#[11ea810]">InitTCPIP</a>
 <LI><a href="#[11ea780]">OpenUDPTCP</a>
 <LI><a href="#[11ea738]">CloseUDPTCP</a>
 <LI><a href="#[11eb350]">SendTCPUDP</a>
 <LI><a href="#[11ea618]">ReadIpData</a>
 <LI><a href="#[11ea660]">DNSRIP</a>
 <LI><a href="#[11ea5d0]">EditUDPTCPPro</a>
 <LI><a href="#[11ea588]">GetUDPTCPPro</a>
 <LI><a href="#[11ea540]">Enable</a>
 <LI><a href="#[11ea4f8]">DisEnable</a>
 <LI><a href="#[11ea4b0]">GetEnable</a>
 <LI><a href="#[11ea468]">GetPro</a>
 <LI><a href="#[11ea420]">EditCen</a>
 <LI><a href="#[11e6e40]">Init</a>
 <LI><a href="#[11e6db0]">Open</a>
 <LI><a href="#[11e6d68]">Close</a>
 <LI><a href="#[11e6d20]">Read</a>
 <LI><a href="#[11e6cd8]">PowerOpen</a>
 <LI><a href="#[11e6c90]">PowerClose</a>
 <LI><a href="#[12df748]">Init</a>
 <LI><a href="#[12df6b8]">Open</a>
 <LI><a href="#[12df670]">Close</a>
 <LI><a href="#[12df628]">Read</a>
 <LI><a href="#[12df5e0]">Enable</a>
 <LI><a href="#[12df598]">DisEnable</a>
 <LI><a href="#[12df550]">GetEnable</a>
 <LI><a href="#[12df508]">GetPro</a>
 <LI><a href="#[12df4c0]">EditPro</a>
 <LI><a href="#[12da2e0]">Init</a>
 <LI><a href="#[12da1c0]">GetState</a>
 <LI><a href="#[12da298]">FTP_CtrReceive</a>
 <LI><a href="#[12d78f8]">Init1</a>
 <LI><a href="#[12d7670]">CreateBin1</a>
 <LI><a href="#[12d75e0]">CreateRecoder1</a>
 <LI><a href="#[12d73e8]">Open1</a>
 <LI><a href="#[12d7358]">Close1</a>
 <LI><a href="#[12d72c8]">ReadBin1</a>
 <LI><a href="#[12d7238]">WriteBin1</a>
 <LI><a href="#[12d7160]">ReadRecoder2</a>
 <LI><a href="#[12d7040]">WriteRecoder2</a>
 <LI><a href="#[12d6ff8]">GetJlNum1</a>
 <LI><a href="#[12d6f68]">Seek1</a>
 <LI><a href="#[12d6ed8]">SeekSize1</a>
 <LI><a href="#[12d6e90]">ReadHeadTail</a>
 <LI><a href="#[12d6e48]">ReadPor</a>
 <LI><a href="#[12d49c0]">Open</a>
 <LI><a href="#[12d4930]">Read</a>
 <LI><a href="#[12d4858]">Write</a>
 <LI><a href="#[12d4810]">Ease</a>
 <LI><a href="#[1468168]">GpsSem</a>
 <LI><a href="#[1468120]">GpsNoSem</a>
 <LI><a href="#[14680d8]">GpsErro</a>
 <LI><a href="#[1051000]">Init</a>
 <LI><a href="#[1050ee0]">Open</a>
 <LI><a href="#[1050e08]">Close</a>
 <LI><a href="#[1050c58]">Write</a>
 <LI><a href="#[1050d30]">Read</a>
</UL>
<P>
<H3>
Global Symbols
</H3>
<P><STRONG><a name="[c80e08]"></a>Reset_Handler</STRONG> (ARM, 0 bytes, Stack size unknown bytes, startup.o(RESET))
<BR><BR>[Stack]<UL><LI>Max Depth = 4 + Unknown Stack Size
<LI>Call Chain = Reset_Handler &rArr; TargetResetInit
</UL>
<BR>[Calls]<UL><LI><a href="#[c82200]">&gt;&gt;</a>&nbsp;&nbsp;&nbsp;TargetResetInit
</UL>
<BR>[Address Reference Count : 1]<UL><LI> startup.o(RESET)
</UL>
<P><STRONG><a name="[15068c0]"></a>__main</STRONG> (ARM, 8 bytes, Stack size 0 bytes, __main.o(!!!main))
<BR><BR>[Stack]<UL><LI>Max Depth = 64 + Unknown Stack Size
<LI>Call Chain = __main &rArr; __rt_entry &rArr; __rt_lib_init &rArr; _fp_init
</UL>
<BR>[Calls]<UL><LI><a href="#[14ff448]">&gt;&gt;</a>&nbsp;&nbsp;&nbsp;__scatterload
<LI><a href="#[1506600]">&gt;&gt;</a>&nbsp;&nbsp;&nbsp;__rt_entry
</UL>

<P><STRONG><a name="[14ff448]"></a>__scatterload</STRONG> (ARM, 0 bytes, Stack size unknown bytes, __scatter.o(!!!scatter))
<BR><BR>[Called By]<UL><LI><a href="#[15068c0]">&gt;&gt;</a>&nbsp;&nbsp;&nbsp;__main
</UL>

<P><STRONG><a name="[14ff400]"></a>__scatterload_rt2</STRONG> (ARM, 52 bytes, Stack size unknown bytes, __scatter.o(!!!scatter), UNUSED)
<BR><BR>[Calls]<UL><LI><a href="#[1506600]">&gt;&gt;</a>&nbsp;&nbsp;&nbsp;__rt_entry
</UL>

<P><STRONG><a name="[14ff3b8]"></a>__scatterload_null</STRONG> (ARM, 0 bytes, Stack size unknown bytes, __scatter.o(!!!scatter), UNUSED)

<P><STRONG><a name="[14ff640]"></a>__decompress</STRONG> (ARM, 68 bytes, Stack size unknown bytes, __dczerorl.o(!!dczerorl), UNUSED)

<P><STRONG><a name="[14ff5f8]"></a>__decompress0</STRONG> (ARM, 0 bytes, Stack size unknown bytes, __dczerorl.o(!!dczerorl), UNUSED)

<P><STRONG><a name="[14ff178]"></a>__scatterload_zeroinit</STRONG> (ARM, 44 bytes, Stack size unknown bytes, __scatter_zi.o(!!handler_zi), UNUSED)

<P><STRONG><a name="[1504a00]"></a>__ARM_argv_veneer</STRONG> (ARM, 16 bytes, Stack size 0 bytes, lib_init.o(.emb_text))
<BR><BR>[Called By]<UL><LI><a href="#[1504970]">&gt;&gt;</a>&nbsp;&nbsp;&nbsp;__rt_lib_init (via Veneer)
</UL>

<P><STRONG><a name="[c822d8]"></a>ConfigurePLL</STRONG> (ARM, 304 bytes, Stack size 0 bytes, target.o(.text))
<BR><BR>[Called By]<UL><LI><a href="#[c82200]">&gt;&gt;</a>&nbsp;&nbsp;&nbsp;TargetResetInit
</UL>

<P><STRONG><a name="[c82290]"></a>GPIOResetInit</STRONG> (ARM, 120 bytes, Stack size 0 bytes, target.o(.text))
<BR><BR>[Called By]<UL><LI><a href="#[c82200]">&gt;&gt;</a>&nbsp;&nbsp;&nbsp;TargetResetInit
</UL>

<P><STRONG><a name="[c82248]"></a>init_VIC</STRONG> (ARM, 88 bytes, Stack size 0 bytes, target.o(.text))
<BR><BR>[Called By]<UL><LI><a href="#[c82200]">&gt;&gt;</a>&nbsp;&nbsp;&nbsp;TargetResetInit
</UL>

<P><STRONG><a name="[c82200]"></a>TargetResetInit</STRONG> (ARM, 92 bytes, Stack size 4 bytes, target.o(.text))
<BR><BR>[Stack]<UL><LI>Max Depth = 4<LI>Call Chain = TargetResetInit
</UL>
<BR>[Calls]<UL><LI><a href="#[c82248]">&gt;&gt;</a>&nbsp;&nbsp;&nbsp;init_VIC
<LI><a href="#[c82290]">&gt;&gt;</a>&nbsp;&nbsp;&nbsp;GPIOResetInit
<LI><a href="#[c822d8]">&gt;&gt;</a>&nbsp;&nbsp;&nbsp;ConfigurePLL
</UL>
<BR>[Called By]<UL><LI><a href="#[c80e08]">&gt;&gt;</a>&nbsp;&nbsp;&nbsp;Reset_Handler
</UL>

<P><STRONG><a name="[c821b8]"></a>Install_IRQ</STRONG> (ARM, 92 bytes, Stack size 8 bytes, target.o(.text))
<BR><BR>[Stack]<UL><LI>Max Depth = 8<LI>Call Chain = Install_IRQ
</UL>
<BR>[Called By]<UL><LI><a href="#[c82008]">&gt;&gt;</a>&nbsp;&nbsp;&nbsp;VIC_Setup
</UL>

<P><STRONG><a name="[c82170]"></a>init_port</STRONG> (ARM, 40 bytes, Stack size 0 bytes, target.o(.text))
<BR><BR>[Called By]<UL><LI><a href="#[c81fc0]">&gt;&gt;</a>&nbsp;&nbsp;&nbsp;TargetInit
</UL>

<P><STRONG><a name="[c82128]"></a>IRQ_Exception</STRONG> (ARM, 8 bytes, Stack size 0 bytes, target.o(.text), UNUSED)
<BR><BR>[Called By]<UL><LI><a href="#[c817d8]">&gt;&gt;</a>&nbsp;&nbsp;&nbsp;IRQ_Handler
</UL>

<P><STRONG><a name="[c820e0]"></a>FIQ_Exception</STRONG> (ARM, 8 bytes, Stack size 0 bytes, target.o(.text))
<BR><BR>[Called By]<UL><LI><a href="#[c80f70]">&gt;&gt;</a>&nbsp;&nbsp;&nbsp;FIQ_Handler
</UL>

<P><STRONG><a name="[c82098]"></a>Timer0_Exception</STRONG> (ARM, 36 bytes, Stack size 8 bytes, target.o(.text))
<BR><BR>[Stack]<UL><LI>Max Depth = 16<LI>Call Chain = Timer0_Exception &rArr; OSTimeTick
</UL>
<BR>[Calls]<UL><LI><a href="#[c81ee8]">&gt;&gt;</a>&nbsp;&nbsp;&nbsp;OSTimeTick
</UL>
<BR>[Called By]<UL><LI><a href="#[c81ea0]">&gt;&gt;</a>&nbsp;&nbsp;&nbsp;Timer0_Handler
</UL>

<P><STRONG><a name="[c82050]"></a>Timer0Init</STRONG> (ARM, 48 bytes, Stack size 0 bytes, target.o(.text))
<BR><BR>[Called By]<UL><LI><a href="#[c81fc0]">&gt;&gt;</a>&nbsp;&nbsp;&nbsp;TargetInit
</UL>

<P><STRONG><a name="[c82008]"></a>VIC_Setup</STRONG> (ARM, 108 bytes, Stack size 4 bytes, target.o(.text))
<BR><BR>[Stack]<UL><LI>Max Depth = 12<LI>Call Chain = VIC_Setup &rArr; Install_IRQ
</UL>
<BR>[Calls]<UL><LI><a href="#[c821b8]">&gt;&gt;</a>&nbsp;&nbsp;&nbsp;Install_IRQ
</UL>
<BR>[Called By]<UL><LI><a href="#[c81fc0]">&gt;&gt;</a>&nbsp;&nbsp;&nbsp;TargetInit
</UL>

<P><STRONG><a name="[c81fc0]"></a>TargetInit</STRONG> (ARM, 44 bytes, Stack size 8 bytes, target.o(.text))
<BR><BR>[Stack]<UL><LI>Max Depth = 20<LI>Call Chain = TargetInit &rArr; VIC_Setup &rArr; Install_IRQ
</UL>
<BR>[Calls]<UL><LI><a href="#[c82008]">&gt;&gt;</a>&nbsp;&nbsp;&nbsp;VIC_Setup
<LI><a href="#[c82050]">&gt;&gt;</a>&nbsp;&nbsp;&nbsp;Timer0Init
<LI><a href="#[c82170]">&gt;&gt;</a>&nbsp;&nbsp;&nbsp;init_port
<LI><a href="#[c82bd8]">&gt;&gt;</a>&nbsp;&nbsp;&nbsp;InitWTD
<LI><a href="#[1508718]">&gt;&gt;</a>&nbsp;&nbsp;&nbsp;srand (via Veneer)
</UL>
<BR>[Called By]<UL><LI><a href="#[1398770]">&gt;&gt;</a>&nbsp;&nbsp;&nbsp;main
</UL>

<P><STRONG><a name="[c81f78]"></a>WatchDog</STRONG> (ARM, 72 bytes, Stack size 0 bytes, target.o(.text))
<BR><BR>[Called By]<UL><LI><a href="#[c7f300]">&gt;&gt;</a>&nbsp;&nbsp;&nbsp;OSTaskIdleHook
<LI><a href="#[104e320]">&gt;&gt;</a>&nbsp;&nbsp;&nbsp;JugeOrder
<LI><a href="#[1050ca0]">&gt;&gt;</a>&nbsp;&nbsp;&nbsp;Write0
<LI><a href="#[11e6e88]">&gt;&gt;</a>&nbsp;&nbsp;&nbsp;GpsTask
<LI><a href="#[11eafa8]">&gt;&gt;</a>&nbsp;&nbsp;&nbsp;ModelState
<LI><a href="#[11eb620]">&gt;&gt;</a>&nbsp;&nbsp;&nbsp;ModermCom
<LI><a href="#[12da328]">&gt;&gt;</a>&nbsp;&nbsp;&nbsp;FTP_Downloard_Task
<LI><a href="#[12df790]">&gt;&gt;</a>&nbsp;&nbsp;&nbsp;Task
</UL>

<P><STRONG><a name="[c80e50]"></a>__user_initial_stackheap</STRONG> (ARM, 0 bytes, Stack size unknown bytes, startup.o(.text))
<BR><BR>[Called By]<UL><LI><a href="#[1505fd8]">&gt;&gt;</a>&nbsp;&nbsp;&nbsp;__user_setup_stackheap
</UL>

<P><STRONG><a name="[c7f618]"></a>OSTaskStkInit</STRONG> (ARM, 232 bytes, Stack size 8 bytes, os_cpu_c.o(.text))
<BR><BR>[Stack]<UL><LI>Max Depth = 8<LI>Call Chain = OSTaskStkInit
</UL>
<BR>[Called By]<UL><LI><a href="#[c77708]">&gt;&gt;</a>&nbsp;&nbsp;&nbsp;OSTaskCreate
<LI><a href="#[c7d4a8]">&gt;&gt;</a>&nbsp;&nbsp;&nbsp;OSTaskCreateExt
</UL>

<P><STRONG><a name="[c7f5d0]"></a>SWI_Exception</STRONG> (ARM, 336 bytes, Stack size 4 bytes, os_cpu_c.o(.text))
<BR><BR>[Stack]<UL><LI>Max Depth = 4<LI>Call Chain = SWI_Exception
</UL>
<BR>[Called By]<UL><LI><a href="#[c80dc0]">&gt;&gt;</a>&nbsp;&nbsp;&nbsp;SoftwareInterrupt
</UL>

<P><STRONG><a name="[c7f588]"></a>OSStartHighRdy</STRONG> (ARM, 16 bytes, Stack size 8 bytes, os_cpu_c.o(.text))
<BR><BR>[Stack]<UL><LI>Max Depth = 8<LI>Call Chain = OSStartHighRdy
</UL>
<BR>[Called By]<UL><LI><a href="#[c7d730]">&gt;&gt;</a>&nbsp;&nbsp;&nbsp;OSStart
</UL>

<P><STRONG><a name="[c7f540]"></a>OSInitHookBegin</STRONG> (ARM, 4 bytes, Stack size 0 bytes, os_cpu_c.o(.text))
<BR><BR>[Called By]<UL><LI><a href="#[c7d898]">&gt;&gt;</a>&nbsp;&nbsp;&nbsp;OSInit
</UL>

<P><STRONG><a name="[c7f4f8]"></a>OSInitHookEnd</STRONG> (ARM, 4 bytes, Stack size 0 bytes, os_cpu_c.o(.text))
<BR><BR>[Called By]<UL><LI><a href="#[c7d898]">&gt;&gt;</a>&nbsp;&nbsp;&nbsp;OSInit
</UL>

<P><STRONG><a name="[c7f4b0]"></a>OSTaskCreateHook</STRONG> (ARM, 8 bytes, Stack size 0 bytes, os_cpu_c.o(.text))
<BR><BR>[Called By]<UL><LI><a href="#[c7d4f0]">&gt;&gt;</a>&nbsp;&nbsp;&nbsp;OS_TCBInit
</UL>

<P><STRONG><a name="[c7f468]"></a>OSTaskDelHook</STRONG> (ARM, 8 bytes, Stack size 0 bytes, os_cpu_c.o(.text), UNUSED)
<BR><BR>[Called By]<UL><LI><a href="#[c776c0]">&gt;&gt;</a>&nbsp;&nbsp;&nbsp;OSTaskDel
</UL>

<P><STRONG><a name="[c7f420]"></a>OSTaskSwHook</STRONG> (ARM, 4 bytes, Stack size 0 bytes, os_cpu_c.o(.text))
<BR><BR>[Called By]<UL><LI><a href="#[c7ef50]">&gt;&gt;</a>&nbsp;&nbsp;&nbsp;__OSStartHighRdy
<LI><a href="#[c81748]">&gt;&gt;</a>&nbsp;&nbsp;&nbsp;OSIntCtxSw
</UL>

<P><STRONG><a name="[c7f3d8]"></a>OSTaskStatHook</STRONG> (ARM, 4 bytes, Stack size 0 bytes, os_cpu_c.o(.text), UNUSED)
<BR><BR>[Called By]<UL><LI><a href="#[c7d928]">&gt;&gt;</a>&nbsp;&nbsp;&nbsp;OS_TaskStat
</UL>

<P><STRONG><a name="[c7f390]"></a>OSTCBInitHook</STRONG> (ARM, 8 bytes, Stack size 0 bytes, os_cpu_c.o(.text))
<BR><BR>[Called By]<UL><LI><a href="#[c7d4f0]">&gt;&gt;</a>&nbsp;&nbsp;&nbsp;OS_TCBInit
</UL>

<P><STRONG><a name="[c7f348]"></a>OSTimeTickHook</STRONG> (ARM, 4 bytes, Stack size 0 bytes, os_cpu_c.o(.text))
<BR><BR>[Called By]<UL><LI><a href="#[c81ee8]">&gt;&gt;</a>&nbsp;&nbsp;&nbsp;OSTimeTick
</UL>

<P><STRONG><a name="[c7f300]"></a>OSTaskIdleHook</STRONG> (ARM, 16 bytes, Stack size 8 bytes, os_cpu_c.o(.text), UNUSED)
<BR><BR>[Calls]<UL><LI><a href="#[c81f78]">&gt;&gt;</a>&nbsp;&nbsp;&nbsp;WatchDog
</UL>
<BR>[Called By]<UL><LI><a href="#[c7d8e0]">&gt;&gt;</a>&nbsp;&nbsp;&nbsp;OS_TaskIdle
</UL>

<P><STRONG><a name="[c7d928]"></a>OS_TaskStat</STRONG> (ARM, 220 bytes, Stack size 24 bytes, os_core.o(.text), UNUSED)
<BR><BR>[Calls]<UL><LI><a href="#[c7d460]">&gt;&gt;</a>&nbsp;&nbsp;&nbsp;OSTimeDly
<LI><a href="#[c7f3d8]">&gt;&gt;</a>&nbsp;&nbsp;&nbsp;OSTaskStatHook
<LI><a href="#[15077f8]">&gt;&gt;</a>&nbsp;&nbsp;&nbsp;__aeabi_uidivmod
</UL>

<P><STRONG><a name="[c7d8e0]"></a>OS_TaskIdle</STRONG> (ARM, 48 bytes, Stack size 8 bytes, os_core.o(.text), UNUSED)
<BR><BR>[Calls]<UL><LI><a href="#[c7f300]">&gt;&gt;</a>&nbsp;&nbsp;&nbsp;OSTaskIdleHook
</UL>

<P><STRONG><a name="[c7d898]"></a>OSInit</STRONG> (ARM, 56 bytes, Stack size 8 bytes, os_core.o(.text))
<BR><BR>[Stack]<UL><LI>Max Depth = 128<LI>Call Chain = OSInit &rArr; OS_InitTaskIdle &rArr; OSTaskCreateExt &rArr; OS_TCBInit
</UL>
<BR>[Calls]<UL><LI><a href="#[c7d388]">&gt;&gt;</a>&nbsp;&nbsp;&nbsp;OS_QInit
<LI><a href="#[c7d3d0]">&gt;&gt;</a>&nbsp;&nbsp;&nbsp;OS_MemInit
<LI><a href="#[c7d418]">&gt;&gt;</a>&nbsp;&nbsp;&nbsp;OS_FlagInit
<LI><a href="#[c7e4b0]">&gt;&gt;</a>&nbsp;&nbsp;&nbsp;OS_InitMisc
<LI><a href="#[c7e4f8]">&gt;&gt;</a>&nbsp;&nbsp;&nbsp;OS_InitRdyList
<LI><a href="#[c7e540]">&gt;&gt;</a>&nbsp;&nbsp;&nbsp;OS_InitTCBList
<LI><a href="#[c7e588]">&gt;&gt;</a>&nbsp;&nbsp;&nbsp;OS_InitEventList
<LI><a href="#[c7e5d0]">&gt;&gt;</a>&nbsp;&nbsp;&nbsp;OS_InitTaskIdle
<LI><a href="#[c7e618]">&gt;&gt;</a>&nbsp;&nbsp;&nbsp;OS_InitTaskStat
<LI><a href="#[c7f4f8]">&gt;&gt;</a>&nbsp;&nbsp;&nbsp;OSInitHookEnd
<LI><a href="#[c7f540]">&gt;&gt;</a>&nbsp;&nbsp;&nbsp;OSInitHookBegin
</UL>
<BR>[Called By]<UL><LI><a href="#[1398770]">&gt;&gt;</a>&nbsp;&nbsp;&nbsp;main
</UL>

<P><STRONG><a name="[c7d850]"></a>OSIntEnter</STRONG> (ARM, 56 bytes, Stack size 0 bytes, os_core.o(.text), UNUSED)

<P><STRONG><a name="[c81700]"></a>OSIntExit</STRONG> (ARM, 240 bytes, Stack size 8 bytes, os_core.o(.text))
<BR><BR>[Stack]<UL><LI>Max Depth = 8<LI>Call Chain = OSIntExit
</UL>
<BR>[Called By]<UL><LI><a href="#[c817d8]">&gt;&gt;</a>&nbsp;&nbsp;&nbsp;IRQ_Handler
<LI><a href="#[c81d80]">&gt;&gt;</a>&nbsp;&nbsp;&nbsp;Uart3_Handler
<LI><a href="#[c81dc8]">&gt;&gt;</a>&nbsp;&nbsp;&nbsp;Uart2_Handler
<LI><a href="#[c81e10]">&gt;&gt;</a>&nbsp;&nbsp;&nbsp;Uart1_Handler
<LI><a href="#[c81e58]">&gt;&gt;</a>&nbsp;&nbsp;&nbsp;Uart0_Handler
<LI><a href="#[c81ea0]">&gt;&gt;</a>&nbsp;&nbsp;&nbsp;Timer0_Handler
<LI><a href="#[c81f30]">&gt;&gt;</a>&nbsp;&nbsp;&nbsp;CAN_Handler
</UL>

<P><STRONG><a name="[c7d808]"></a>OSSchedLock</STRONG> (ARM, 72 bytes, Stack size 8 bytes, os_core.o(.text), UNUSED)

<P><STRONG><a name="[c7d7c0]"></a>OS_Sched</STRONG> (ARM, 168 bytes, Stack size 8 bytes, os_core.o(.text))
<BR><BR>[Stack]<UL><LI>Max Depth = 8<LI>Call Chain = OS_Sched
</UL>
<BR>[Called By]<UL><LI><a href="#[c76930]">&gt;&gt;</a>&nbsp;&nbsp;&nbsp;OSTimeDlyResume
<LI><a href="#[c775a0]">&gt;&gt;</a>&nbsp;&nbsp;&nbsp;OSTaskSuspend
<LI><a href="#[c77630]">&gt;&gt;</a>&nbsp;&nbsp;&nbsp;OSTaskResume
<LI><a href="#[c776c0]">&gt;&gt;</a>&nbsp;&nbsp;&nbsp;OSTaskDel
<LI><a href="#[c77708]">&gt;&gt;</a>&nbsp;&nbsp;&nbsp;OSTaskCreate
<LI><a href="#[c77750]">&gt;&gt;</a>&nbsp;&nbsp;&nbsp;OSTaskChangePrio
<LI><a href="#[c78350]">&gt;&gt;</a>&nbsp;&nbsp;&nbsp;OSSemPost
<LI><a href="#[c78398]">&gt;&gt;</a>&nbsp;&nbsp;&nbsp;OSSemPend
<LI><a href="#[c783e0]">&gt;&gt;</a>&nbsp;&nbsp;&nbsp;OSSemDel
<LI><a href="#[c79000]">&gt;&gt;</a>&nbsp;&nbsp;&nbsp;OSQPostOpt
<LI><a href="#[c79048]">&gt;&gt;</a>&nbsp;&nbsp;&nbsp;OSQPostFront
<LI><a href="#[c79090]">&gt;&gt;</a>&nbsp;&nbsp;&nbsp;OSQPost
<LI><a href="#[c790d8]">&gt;&gt;</a>&nbsp;&nbsp;&nbsp;OSQPend
<LI><a href="#[c79168]">&gt;&gt;</a>&nbsp;&nbsp;&nbsp;OSQDel
<LI><a href="#[c7b820]">&gt;&gt;</a>&nbsp;&nbsp;&nbsp;OSMboxPostOpt
<LI><a href="#[c7b868]">&gt;&gt;</a>&nbsp;&nbsp;&nbsp;OSMboxPost
<LI><a href="#[c7b8b0]">&gt;&gt;</a>&nbsp;&nbsp;&nbsp;OSMboxPend
<LI><a href="#[c7b8f8]">&gt;&gt;</a>&nbsp;&nbsp;&nbsp;OSMboxDel
<LI><a href="#[c7c568]">&gt;&gt;</a>&nbsp;&nbsp;&nbsp;OSFlagPost
<LI><a href="#[c7c5b0]">&gt;&gt;</a>&nbsp;&nbsp;&nbsp;OSFlagPend
<LI><a href="#[c7c5f8]">&gt;&gt;</a>&nbsp;&nbsp;&nbsp;OSFlagDel
<LI><a href="#[c7d460]">&gt;&gt;</a>&nbsp;&nbsp;&nbsp;OSTimeDly
<LI><a href="#[c7d4a8]">&gt;&gt;</a>&nbsp;&nbsp;&nbsp;OSTaskCreateExt
<LI><a href="#[c7d778]">&gt;&gt;</a>&nbsp;&nbsp;&nbsp;OSSchedUnlock
</UL>

<P><STRONG><a name="[c7d778]"></a>OSSchedUnlock</STRONG> (ARM, 124 bytes, Stack size 8 bytes, os_core.o(.text), UNUSED)
<BR><BR>[Calls]<UL><LI><a href="#[c7d7c0]">&gt;&gt;</a>&nbsp;&nbsp;&nbsp;OS_Sched
</UL>

<P><STRONG><a name="[c7d730]"></a>OSStart</STRONG> (ARM, 132 bytes, Stack size 16 bytes, os_core.o(.text))
<BR><BR>[Stack]<UL><LI>Max Depth = 24<LI>Call Chain = OSStart &rArr; OSStartHighRdy
</UL>
<BR>[Calls]<UL><LI><a href="#[c7f588]">&gt;&gt;</a>&nbsp;&nbsp;&nbsp;OSStartHighRdy
</UL>
<BR>[Called By]<UL><LI><a href="#[1398770]">&gt;&gt;</a>&nbsp;&nbsp;&nbsp;main
</UL>

<P><STRONG><a name="[c7d6e8]"></a>OSStatInit</STRONG> (ARM, 84 bytes, Stack size 8 bytes, os_core.o(.text), UNUSED)
<BR><BR>[Calls]<UL><LI><a href="#[c7d460]">&gt;&gt;</a>&nbsp;&nbsp;&nbsp;OSTimeDly
</UL>

<P><STRONG><a name="[c81ee8]"></a>OSTimeTick</STRONG> (ARM, 212 bytes, Stack size 8 bytes, os_core.o(.text))
<BR><BR>[Stack]<UL><LI>Max Depth = 8<LI>Call Chain = OSTimeTick
</UL>
<BR>[Calls]<UL><LI><a href="#[c7f348]">&gt;&gt;</a>&nbsp;&nbsp;&nbsp;OSTimeTickHook
</UL>
<BR>[Called By]<UL><LI><a href="#[c82098]">&gt;&gt;</a>&nbsp;&nbsp;&nbsp;Timer0_Exception
</UL>

<P><STRONG><a name="[c7d6a0]"></a>OSVersion</STRONG> (ARM, 8 bytes, Stack size 0 bytes, os_core.o(.text), UNUSED)

<P><STRONG><a name="[c7d658]"></a>OS_Dummy</STRONG> (ARM, 4 bytes, Stack size 0 bytes, os_core.o(.text), UNUSED)
<BR><BR>[Called By]<UL><LI><a href="#[c776c0]">&gt;&gt;</a>&nbsp;&nbsp;&nbsp;OSTaskDel
</UL>

<P><STRONG><a name="[c7d610]"></a>OS_EventTaskRdy</STRONG> (ARM, 188 bytes, Stack size 24 bytes, os_core.o(.text))
<BR><BR>[Stack]<UL><LI>Max Depth = 24<LI>Call Chain = OS_EventTaskRdy
</UL>
<BR>[Called By]<UL><LI><a href="#[c78350]">&gt;&gt;</a>&nbsp;&nbsp;&nbsp;OSSemPost
<LI><a href="#[c783e0]">&gt;&gt;</a>&nbsp;&nbsp;&nbsp;OSSemDel
<LI><a href="#[c79000]">&gt;&gt;</a>&nbsp;&nbsp;&nbsp;OSQPostOpt
<LI><a href="#[c79048]">&gt;&gt;</a>&nbsp;&nbsp;&nbsp;OSQPostFront
<LI><a href="#[c79090]">&gt;&gt;</a>&nbsp;&nbsp;&nbsp;OSQPost
<LI><a href="#[c79168]">&gt;&gt;</a>&nbsp;&nbsp;&nbsp;OSQDel
<LI><a href="#[c7b820]">&gt;&gt;</a>&nbsp;&nbsp;&nbsp;OSMboxPostOpt
<LI><a href="#[c7b868]">&gt;&gt;</a>&nbsp;&nbsp;&nbsp;OSMboxPost
<LI><a href="#[c7b8f8]">&gt;&gt;</a>&nbsp;&nbsp;&nbsp;OSMboxDel
</UL>

<P><STRONG><a name="[c7d5c8]"></a>OS_EventTaskWait</STRONG> (ARM, 188 bytes, Stack size 0 bytes, os_core.o(.text))
<BR><BR>[Called By]<UL><LI><a href="#[c78398]">&gt;&gt;</a>&nbsp;&nbsp;&nbsp;OSSemPend
<LI><a href="#[c790d8]">&gt;&gt;</a>&nbsp;&nbsp;&nbsp;OSQPend
<LI><a href="#[c7b8b0]">&gt;&gt;</a>&nbsp;&nbsp;&nbsp;OSMboxPend
</UL>

<P><STRONG><a name="[c7d580]"></a>OS_EventTO</STRONG> (ARM, 116 bytes, Stack size 0 bytes, os_core.o(.text))
<BR><BR>[Called By]<UL><LI><a href="#[c78398]">&gt;&gt;</a>&nbsp;&nbsp;&nbsp;OSSemPend
<LI><a href="#[c790d8]">&gt;&gt;</a>&nbsp;&nbsp;&nbsp;OSQPend
<LI><a href="#[c7b8b0]">&gt;&gt;</a>&nbsp;&nbsp;&nbsp;OSMboxPend
</UL>

<P><STRONG><a name="[c7d538]"></a>OS_EventWaitListInit</STRONG> (ARM, 28 bytes, Stack size 0 bytes, os_core.o(.text))
<BR><BR>[Called By]<UL><LI><a href="#[c78428]">&gt;&gt;</a>&nbsp;&nbsp;&nbsp;OSSemCreate
<LI><a href="#[c791b0]">&gt;&gt;</a>&nbsp;&nbsp;&nbsp;OSQCreate
<LI><a href="#[c7b940]">&gt;&gt;</a>&nbsp;&nbsp;&nbsp;OSMboxCreate
</UL>

<P><STRONG><a name="[c7d4f0]"></a>OS_TCBInit</STRONG> (ARM, 336 bytes, Stack size 40 bytes, os_core.o(.text))
<BR><BR>[Stack]<UL><LI>Max Depth = 40<LI>Call Chain = OS_TCBInit
</UL>
<BR>[Calls]<UL><LI><a href="#[c7f390]">&gt;&gt;</a>&nbsp;&nbsp;&nbsp;OSTCBInitHook
<LI><a href="#[c7f4b0]">&gt;&gt;</a>&nbsp;&nbsp;&nbsp;OSTaskCreateHook
</UL>
<BR>[Called By]<UL><LI><a href="#[c77708]">&gt;&gt;</a>&nbsp;&nbsp;&nbsp;OSTaskCreate
<LI><a href="#[c7d4a8]">&gt;&gt;</a>&nbsp;&nbsp;&nbsp;OSTaskCreateExt
</UL>

<P><STRONG><a name="[c7c6d0]"></a>OSFlagAccept</STRONG> (ARM, 440 bytes, Stack size 32 bytes, os_flag.o(.text), UNUSED)

<P><STRONG><a name="[c7c688]"></a>OSFlagCreate</STRONG> (ARM, 144 bytes, Stack size 16 bytes, os_flag.o(.text), UNUSED)

<P><STRONG><a name="[c7c640]"></a>OS_FlagUnlink</STRONG> (ARM, 84 bytes, Stack size 4 bytes, os_flag.o(.text), UNUSED)
<BR><BR>[Called By]<UL><LI><a href="#[c776c0]">&gt;&gt;</a>&nbsp;&nbsp;&nbsp;OSTaskDel
<LI><a href="#[c7c5b0]">&gt;&gt;</a>&nbsp;&nbsp;&nbsp;OSFlagPend
<LI><a href="#[c7cb08]">&gt;&gt;</a>&nbsp;&nbsp;&nbsp;OS_FlagTaskRdy
</UL>

<P><STRONG><a name="[c7c5f8]"></a>OSFlagDel</STRONG> (ARM, 344 bytes, Stack size 24 bytes, os_flag.o(.text), UNUSED)
<BR><BR>[Calls]<UL><LI><a href="#[c7cb08]">&gt;&gt;</a>&nbsp;&nbsp;&nbsp;OS_FlagTaskRdy
<LI><a href="#[c7d7c0]">&gt;&gt;</a>&nbsp;&nbsp;&nbsp;OS_Sched
</UL>

<P><STRONG><a name="[c7c5b0]"></a>OSFlagPend</STRONG> (ARM, 816 bytes, Stack size 64 bytes, os_flag.o(.text), UNUSED)
<BR><BR>[Calls]<UL><LI><a href="#[c7c640]">&gt;&gt;</a>&nbsp;&nbsp;&nbsp;OS_FlagUnlink
<LI><a href="#[c7cac0]">&gt;&gt;</a>&nbsp;&nbsp;&nbsp;OS_FlagBlock
<LI><a href="#[c7d7c0]">&gt;&gt;</a>&nbsp;&nbsp;&nbsp;OS_Sched
</UL>

<P><STRONG><a name="[c7c568]"></a>OSFlagPost</STRONG> (ARM, 496 bytes, Stack size 40 bytes, os_flag.o(.text), UNUSED)
<BR><BR>[Calls]<UL><LI><a href="#[c7cb08]">&gt;&gt;</a>&nbsp;&nbsp;&nbsp;OS_FlagTaskRdy
<LI><a href="#[c7d7c0]">&gt;&gt;</a>&nbsp;&nbsp;&nbsp;OS_Sched
</UL>

<P><STRONG><a name="[c7c520]"></a>OSFlagQuery</STRONG> (ARM, 96 bytes, Stack size 16 bytes, os_flag.o(.text), UNUSED)

<P><STRONG><a name="[c7d418]"></a>OS_FlagInit</STRONG> (ARM, 76 bytes, Stack size 0 bytes, os_flag.o(.text))
<BR><BR>[Called By]<UL><LI><a href="#[c7d898]">&gt;&gt;</a>&nbsp;&nbsp;&nbsp;OSInit
</UL>

<P><STRONG><a name="[c7b988]"></a>OSMboxAccept</STRONG> (ARM, 76 bytes, Stack size 16 bytes, os_mbox.o(.text), UNUSED)

<P><STRONG><a name="[c7b940]"></a>OSMboxCreate</STRONG> (ARM, 128 bytes, Stack size 16 bytes, os_mbox.o(.text))
<BR><BR>[Stack]<UL><LI>Max Depth = 16<LI>Call Chain = OSMboxCreate
</UL>
<BR>[Calls]<UL><LI><a href="#[c7d538]">&gt;&gt;</a>&nbsp;&nbsp;&nbsp;OS_EventWaitListInit
</UL>
<BR>[Called By]<UL><LI><a href="#[1044f70]">&gt;&gt;</a>&nbsp;&nbsp;&nbsp;Init
<LI><a href="#[1051000]">&gt;&gt;</a>&nbsp;&nbsp;&nbsp;Init
<LI><a href="#[12da2e0]">&gt;&gt;</a>&nbsp;&nbsp;&nbsp;Init
</UL>

<P><STRONG><a name="[c7b8f8]"></a>OSMboxDel</STRONG> (ARM, 344 bytes, Stack size 24 bytes, os_mbox.o(.text), UNUSED)
<BR><BR>[Calls]<UL><LI><a href="#[c7d610]">&gt;&gt;</a>&nbsp;&nbsp;&nbsp;OS_EventTaskRdy
<LI><a href="#[c7d7c0]">&gt;&gt;</a>&nbsp;&nbsp;&nbsp;OS_Sched
</UL>

<P><STRONG><a name="[c7b8b0]"></a>OSMboxPend</STRONG> (ARM, 316 bytes, Stack size 24 bytes, os_mbox.o(.text), UNUSED)
<BR><BR>[Calls]<UL><LI><a href="#[c7d580]">&gt;&gt;</a>&nbsp;&nbsp;&nbsp;OS_EventTO
<LI><a href="#[c7d5c8]">&gt;&gt;</a>&nbsp;&nbsp;&nbsp;OS_EventTaskWait
<LI><a href="#[c7d7c0]">&gt;&gt;</a>&nbsp;&nbsp;&nbsp;OS_Sched
</UL>
<BR>[Called By]<UL><LI><a href="#[12da328]">&gt;&gt;</a>&nbsp;&nbsp;&nbsp;FTP_Downloard_Task
</UL>

<P><STRONG><a name="[c7b868]"></a>OSMboxPost</STRONG> (ARM, 156 bytes, Stack size 16 bytes, os_mbox.o(.text))
<BR><BR>[Stack]<UL><LI>Max Depth = 40<LI>Call Chain = OSMboxPost &rArr; OS_EventTaskRdy
</UL>
<BR>[Calls]<UL><LI><a href="#[c7d610]">&gt;&gt;</a>&nbsp;&nbsp;&nbsp;OS_EventTaskRdy
<LI><a href="#[c7d7c0]">&gt;&gt;</a>&nbsp;&nbsp;&nbsp;OS_Sched
</UL>
<BR>[Called By]<UL><LI><a href="#[12da298]">&gt;&gt;</a>&nbsp;&nbsp;&nbsp;FTP_CtrReceive
<LI><a href="#[139a0c0]">&gt;&gt;</a>&nbsp;&nbsp;&nbsp;InitContrl
</UL>

<P><STRONG><a name="[c7b820]"></a>OSMboxPostOpt</STRONG> (ARM, 204 bytes, Stack size 16 bytes, os_mbox.o(.text), UNUSED)
<BR><BR>[Calls]<UL><LI><a href="#[c7d610]">&gt;&gt;</a>&nbsp;&nbsp;&nbsp;OS_EventTaskRdy
<LI><a href="#[c7d7c0]">&gt;&gt;</a>&nbsp;&nbsp;&nbsp;OS_Sched
</UL>

<P><STRONG><a name="[c7b7d8]"></a>OSMboxQuery</STRONG> (ARM, 116 bytes, Stack size 24 bytes, os_mbox.o(.text), UNUSED)

<P><STRONG><a name="[c7ac88]"></a>OSMemCreate</STRONG> (ARM, 252 bytes, Stack size 40 bytes, os_mem.o(.text), UNUSED)

<P><STRONG><a name="[c7ac40]"></a>OSMemGet</STRONG> (ARM, 120 bytes, Stack size 16 bytes, os_mem.o(.text), UNUSED)

<P><STRONG><a name="[c7abf8]"></a>OSMemPut</STRONG> (ARM, 116 bytes, Stack size 16 bytes, os_mem.o(.text), UNUSED)

<P><STRONG><a name="[c7abb0]"></a>OSMemQuery</STRONG> (ARM, 120 bytes, Stack size 16 bytes, os_mem.o(.text), UNUSED)

<P><STRONG><a name="[c7d3d0]"></a>OS_MemInit</STRONG> (ARM, 112 bytes, Stack size 0 bytes, os_mem.o(.text))
<BR><BR>[Called By]<UL><LI><a href="#[c7d898]">&gt;&gt;</a>&nbsp;&nbsp;&nbsp;OSInit
</UL>

<P><STRONG><a name="[c791f8]"></a>OSQAccept</STRONG> (ARM, 140 bytes, Stack size 16 bytes, os_q.o(.text), UNUSED)

<P><STRONG><a name="[c791b0]"></a>OSQCreate</STRONG> (ARM, 240 bytes, Stack size 24 bytes, os_q.o(.text), UNUSED)
<BR><BR>[Calls]<UL><LI><a href="#[c7d538]">&gt;&gt;</a>&nbsp;&nbsp;&nbsp;OS_EventWaitListInit
</UL>

<P><STRONG><a name="[c79168]"></a>OSQDel</STRONG> (ARM, 392 bytes, Stack size 24 bytes, os_q.o(.text), UNUSED)
<BR><BR>[Calls]<UL><LI><a href="#[c7d610]">&gt;&gt;</a>&nbsp;&nbsp;&nbsp;OS_EventTaskRdy
<LI><a href="#[c7d7c0]">&gt;&gt;</a>&nbsp;&nbsp;&nbsp;OS_Sched
</UL>

<P><STRONG><a name="[c79120]"></a>OSQFlush</STRONG> (ARM, 92 bytes, Stack size 16 bytes, os_q.o(.text), UNUSED)

<P><STRONG><a name="[c790d8]"></a>OSQPend</STRONG> (ARM, 364 bytes, Stack size 24 bytes, os_q.o(.text), UNUSED)
<BR><BR>[Calls]<UL><LI><a href="#[c7d580]">&gt;&gt;</a>&nbsp;&nbsp;&nbsp;OS_EventTO
<LI><a href="#[c7d5c8]">&gt;&gt;</a>&nbsp;&nbsp;&nbsp;OS_EventTaskWait
<LI><a href="#[c7d7c0]">&gt;&gt;</a>&nbsp;&nbsp;&nbsp;OS_Sched
</UL>

<P><STRONG><a name="[c79090]"></a>OSQPost</STRONG> (ARM, 216 bytes, Stack size 16 bytes, os_q.o(.text), UNUSED)
<BR><BR>[Calls]<UL><LI><a href="#[c7d610]">&gt;&gt;</a>&nbsp;&nbsp;&nbsp;OS_EventTaskRdy
<LI><a href="#[c7d7c0]">&gt;&gt;</a>&nbsp;&nbsp;&nbsp;OS_Sched
</UL>

<P><STRONG><a name="[c79048]"></a>OSQPostFront</STRONG> (ARM, 220 bytes, Stack size 16 bytes, os_q.o(.text), UNUSED)
<BR><BR>[Calls]<UL><LI><a href="#[c7d610]">&gt;&gt;</a>&nbsp;&nbsp;&nbsp;OS_EventTaskRdy
<LI><a href="#[c7d7c0]">&gt;&gt;</a>&nbsp;&nbsp;&nbsp;OS_Sched
</UL>

<P><STRONG><a name="[c79000]"></a>OSQPostOpt</STRONG> (ARM, 320 bytes, Stack size 24 bytes, os_q.o(.text), UNUSED)
<BR><BR>[Calls]<UL><LI><a href="#[c7d610]">&gt;&gt;</a>&nbsp;&nbsp;&nbsp;OS_EventTaskRdy
<LI><a href="#[c7d7c0]">&gt;&gt;</a>&nbsp;&nbsp;&nbsp;OS_Sched
</UL>

<P><STRONG><a name="[c78fb8]"></a>OSQQuery</STRONG> (ARM, 164 bytes, Stack size 24 bytes, os_q.o(.text), UNUSED)

<P><STRONG><a name="[c7d388]"></a>OS_QInit</STRONG> (ARM, 68 bytes, Stack size 0 bytes, os_q.o(.text))
<BR><BR>[Called By]<UL><LI><a href="#[c7d898]">&gt;&gt;</a>&nbsp;&nbsp;&nbsp;OSInit
</UL>

<P><STRONG><a name="[c78470]"></a>OSSemAccept</STRONG> (ARM, 88 bytes, Stack size 16 bytes, os_sem.o(.text), UNUSED)

<P><STRONG><a name="[c78428]"></a>OSSemCreate</STRONG> (ARM, 128 bytes, Stack size 16 bytes, os_sem.o(.text))
<BR><BR>[Stack]<UL><LI>Max Depth = 16<LI>Call Chain = OSSemCreate
</UL>
<BR>[Calls]<UL><LI><a href="#[c7d538]">&gt;&gt;</a>&nbsp;&nbsp;&nbsp;OS_EventWaitListInit
</UL>
<BR>[Called By]<UL><LI><a href="#[1044f70]">&gt;&gt;</a>&nbsp;&nbsp;&nbsp;Init
<LI><a href="#[1047760]">&gt;&gt;</a>&nbsp;&nbsp;&nbsp;Init1
<LI><a href="#[1049980]">&gt;&gt;</a>&nbsp;&nbsp;&nbsp;Open
<LI><a href="#[104ba28]">&gt;&gt;</a>&nbsp;&nbsp;&nbsp;Init
<LI><a href="#[104e6c8]">&gt;&gt;</a>&nbsp;&nbsp;&nbsp;Init
<LI><a href="#[1051000]">&gt;&gt;</a>&nbsp;&nbsp;&nbsp;Init
<LI><a href="#[11e6e40]">&gt;&gt;</a>&nbsp;&nbsp;&nbsp;Init
<LI><a href="#[11eac48]">&gt;&gt;</a>&nbsp;&nbsp;&nbsp;Init
<LI><a href="#[12d78f8]">&gt;&gt;</a>&nbsp;&nbsp;&nbsp;Init1
<LI><a href="#[12df748]">&gt;&gt;</a>&nbsp;&nbsp;&nbsp;Init
<LI><a href="#[139cc28]">&gt;&gt;</a>&nbsp;&nbsp;&nbsp;CheckFile
</UL>

<P><STRONG><a name="[c783e0]"></a>OSSemDel</STRONG> (ARM, 344 bytes, Stack size 24 bytes, os_sem.o(.text), UNUSED)
<BR><BR>[Calls]<UL><LI><a href="#[c7d610]">&gt;&gt;</a>&nbsp;&nbsp;&nbsp;OS_EventTaskRdy
<LI><a href="#[c7d7c0]">&gt;&gt;</a>&nbsp;&nbsp;&nbsp;OS_Sched
</UL>

<P><STRONG><a name="[c78398]"></a>OSSemPend</STRONG> (ARM, 272 bytes, Stack size 16 bytes, os_sem.o(.text))
<BR><BR>[Stack]<UL><LI>Max Depth = 24<LI>Call Chain = OSSemPend &rArr; OS_Sched
</UL>
<BR>[Calls]<UL><LI><a href="#[c7d580]">&gt;&gt;</a>&nbsp;&nbsp;&nbsp;OS_EventTO
<LI><a href="#[c7d5c8]">&gt;&gt;</a>&nbsp;&nbsp;&nbsp;OS_EventTaskWait
<LI><a href="#[c7d7c0]">&gt;&gt;</a>&nbsp;&nbsp;&nbsp;OS_Sched
</UL>
<BR>[Called By]<UL><LI><a href="#[1044e08]">&gt;&gt;</a>&nbsp;&nbsp;&nbsp;Open0
<LI><a href="#[1044e50]">&gt;&gt;</a>&nbsp;&nbsp;&nbsp;Open1
<LI><a href="#[1044e98]">&gt;&gt;</a>&nbsp;&nbsp;&nbsp;Open2
<LI><a href="#[1044ee0]">&gt;&gt;</a>&nbsp;&nbsp;&nbsp;Open3
<LI><a href="#[1044f28]">&gt;&gt;</a>&nbsp;&nbsp;&nbsp;ClearSem
<LI><a href="#[1046ea8]">&gt;&gt;</a>&nbsp;&nbsp;&nbsp;CreartBad1
<LI><a href="#[1046ef0]">&gt;&gt;</a>&nbsp;&nbsp;&nbsp;Juge1
<LI><a href="#[1046f80]">&gt;&gt;</a>&nbsp;&nbsp;&nbsp;Ease1
<LI><a href="#[1047058]">&gt;&gt;</a>&nbsp;&nbsp;&nbsp;Write1
<LI><a href="#[1047130]">&gt;&gt;</a>&nbsp;&nbsp;&nbsp;Read1
<LI><a href="#[10471c0]">&gt;&gt;</a>&nbsp;&nbsp;&nbsp;Close1
<LI><a href="#[1047208]">&gt;&gt;</a>&nbsp;&nbsp;&nbsp;Open1
<LI><a href="#[10498f0]">&gt;&gt;</a>&nbsp;&nbsp;&nbsp;Start
<LI><a href="#[104b908]">&gt;&gt;</a>&nbsp;&nbsp;&nbsp;Write
<LI><a href="#[104b998]">&gt;&gt;</a>&nbsp;&nbsp;&nbsp;Read
<LI><a href="#[104e290]">&gt;&gt;</a>&nbsp;&nbsp;&nbsp;Read
<LI><a href="#[104e638]">&gt;&gt;</a>&nbsp;&nbsp;&nbsp;Close
<LI><a href="#[104e680]">&gt;&gt;</a>&nbsp;&nbsp;&nbsp;Open
<LI><a href="#[1050f28]">&gt;&gt;</a>&nbsp;&nbsp;&nbsp;Open0
<LI><a href="#[1050f70]">&gt;&gt;</a>&nbsp;&nbsp;&nbsp;Open1
<LI><a href="#[1050fb8]">&gt;&gt;</a>&nbsp;&nbsp;&nbsp;ClearSem
<LI><a href="#[11e6c90]">&gt;&gt;</a>&nbsp;&nbsp;&nbsp;PowerClose
<LI><a href="#[11e6cd8]">&gt;&gt;</a>&nbsp;&nbsp;&nbsp;PowerOpen
<LI><a href="#[11e6d20]">&gt;&gt;</a>&nbsp;&nbsp;&nbsp;Read
<LI><a href="#[11e6d68]">&gt;&gt;</a>&nbsp;&nbsp;&nbsp;Close
<LI><a href="#[11e6db0]">&gt;&gt;</a>&nbsp;&nbsp;&nbsp;Open
<LI><a href="#[11e6e88]">&gt;&gt;</a>&nbsp;&nbsp;&nbsp;GpsTask
<LI><a href="#[11ea468]">&gt;&gt;</a>&nbsp;&nbsp;&nbsp;GetPro
<LI><a href="#[11ea4b0]">&gt;&gt;</a>&nbsp;&nbsp;&nbsp;GetEnable
<LI><a href="#[11ea4f8]">&gt;&gt;</a>&nbsp;&nbsp;&nbsp;DisEnable
<LI><a href="#[11ea540]">&gt;&gt;</a>&nbsp;&nbsp;&nbsp;Enable
<LI><a href="#[11ea588]">&gt;&gt;</a>&nbsp;&nbsp;&nbsp;GetUDPTCPPro
<LI><a href="#[11ea5d0]">&gt;&gt;</a>&nbsp;&nbsp;&nbsp;EditUDPTCPPro
<LI><a href="#[11ea618]">&gt;&gt;</a>&nbsp;&nbsp;&nbsp;ReadIpData
<LI><a href="#[11ea660]">&gt;&gt;</a>&nbsp;&nbsp;&nbsp;DNSRIP
<LI><a href="#[11ea738]">&gt;&gt;</a>&nbsp;&nbsp;&nbsp;CloseUDPTCP
<LI><a href="#[11ea780]">&gt;&gt;</a>&nbsp;&nbsp;&nbsp;OpenUDPTCP
<LI><a href="#[11ea810]">&gt;&gt;</a>&nbsp;&nbsp;&nbsp;InitTCPIP
<LI><a href="#[11ea858]">&gt;&gt;</a>&nbsp;&nbsp;&nbsp;AnswerPhone
<LI><a href="#[11ea8e8]">&gt;&gt;</a>&nbsp;&nbsp;&nbsp;HangPhone
<LI><a href="#[11ea978]">&gt;&gt;</a>&nbsp;&nbsp;&nbsp;CallPhone
<LI><a href="#[11eaa08]">&gt;&gt;</a>&nbsp;&nbsp;&nbsp;CloseMessage
<LI><a href="#[11eaa50]">&gt;&gt;</a>&nbsp;&nbsp;&nbsp;SendMessage
<LI><a href="#[11eab70]">&gt;&gt;</a>&nbsp;&nbsp;&nbsp;ReadPhone
<LI><a href="#[11eabb8]">&gt;&gt;</a>&nbsp;&nbsp;&nbsp;ReadMessage
<LI><a href="#[11eac00]">&gt;&gt;</a>&nbsp;&nbsp;&nbsp;OpenMessage
<LI><a href="#[11eac90]">&gt;&gt;</a>&nbsp;&nbsp;&nbsp;Task
<LI><a href="#[11eafa8]">&gt;&gt;</a>&nbsp;&nbsp;&nbsp;ModelState
<LI><a href="#[11eb278]">&gt;&gt;</a>&nbsp;&nbsp;&nbsp;JugeEvent
<LI><a href="#[11eb2c0]">&gt;&gt;</a>&nbsp;&nbsp;&nbsp;HeartAffair
<LI><a href="#[11eb350]">&gt;&gt;</a>&nbsp;&nbsp;&nbsp;SendTCPUDP
<LI><a href="#[12d6e48]">&gt;&gt;</a>&nbsp;&nbsp;&nbsp;ReadPor
<LI><a href="#[12d6e90]">&gt;&gt;</a>&nbsp;&nbsp;&nbsp;ReadHeadTail
<LI><a href="#[12d6ed8]">&gt;&gt;</a>&nbsp;&nbsp;&nbsp;SeekSize1
<LI><a href="#[12d6f68]">&gt;&gt;</a>&nbsp;&nbsp;&nbsp;Seek1
<LI><a href="#[12d6ff8]">&gt;&gt;</a>&nbsp;&nbsp;&nbsp;GetJlNum1
<LI><a href="#[12d7040]">&gt;&gt;</a>&nbsp;&nbsp;&nbsp;WriteRecoder2
<LI><a href="#[12d7160]">&gt;&gt;</a>&nbsp;&nbsp;&nbsp;ReadRecoder2
<LI><a href="#[12d7238]">&gt;&gt;</a>&nbsp;&nbsp;&nbsp;WriteBin1
<LI><a href="#[12d72c8]">&gt;&gt;</a>&nbsp;&nbsp;&nbsp;ReadBin1
<LI><a href="#[12d7358]">&gt;&gt;</a>&nbsp;&nbsp;&nbsp;Close1
<LI><a href="#[12d73e8]">&gt;&gt;</a>&nbsp;&nbsp;&nbsp;Open1
<LI><a href="#[12d75e0]">&gt;&gt;</a>&nbsp;&nbsp;&nbsp;CreateRecoder1
<LI><a href="#[12d7670]">&gt;&gt;</a>&nbsp;&nbsp;&nbsp;CreateBin1
<LI><a href="#[12df4c0]">&gt;&gt;</a>&nbsp;&nbsp;&nbsp;EditPro
<LI><a href="#[12df508]">&gt;&gt;</a>&nbsp;&nbsp;&nbsp;GetPro
<LI><a href="#[12df550]">&gt;&gt;</a>&nbsp;&nbsp;&nbsp;GetEnable
<LI><a href="#[12df598]">&gt;&gt;</a>&nbsp;&nbsp;&nbsp;DisEnable
<LI><a href="#[12df5e0]">&gt;&gt;</a>&nbsp;&nbsp;&nbsp;Enable
<LI><a href="#[12df628]">&gt;&gt;</a>&nbsp;&nbsp;&nbsp;Read
<LI><a href="#[12df670]">&gt;&gt;</a>&nbsp;&nbsp;&nbsp;Close
<LI><a href="#[12df6b8]">&gt;&gt;</a>&nbsp;&nbsp;&nbsp;Open
<LI><a href="#[12df820]">&gt;&gt;</a>&nbsp;&nbsp;&nbsp;JugeEvent
<LI><a href="#[139cb50]">&gt;&gt;</a>&nbsp;&nbsp;&nbsp;Get_Gps_Data
</UL>

<P><STRONG><a name="[c78350]"></a>OSSemPost</STRONG> (ARM, 152 bytes, Stack size 8 bytes, os_sem.o(.text))
<BR><BR>[Stack]<UL><LI>Max Depth = 32<LI>Call Chain = OSSemPost &rArr; OS_EventTaskRdy
</UL>
<BR>[Calls]<UL><LI><a href="#[c7d610]">&gt;&gt;</a>&nbsp;&nbsp;&nbsp;OS_EventTaskRdy
<LI><a href="#[c7d7c0]">&gt;&gt;</a>&nbsp;&nbsp;&nbsp;OS_Sched
</UL>
<BR>[Called By]<UL><LI><a href="#[c81478]">&gt;&gt;</a>&nbsp;&nbsp;&nbsp;UART3_Exception
<LI><a href="#[c814c0]">&gt;&gt;</a>&nbsp;&nbsp;&nbsp;UART2_Exception
<LI><a href="#[c81508]">&gt;&gt;</a>&nbsp;&nbsp;&nbsp;UART1_Exception
<LI><a href="#[c81550]">&gt;&gt;</a>&nbsp;&nbsp;&nbsp;UART0_Exception
<LI><a href="#[c81790]">&gt;&gt;</a>&nbsp;&nbsp;&nbsp;CAN_Exception
<LI><a href="#[1044ca0]">&gt;&gt;</a>&nbsp;&nbsp;&nbsp;Close0
<LI><a href="#[1044ce8]">&gt;&gt;</a>&nbsp;&nbsp;&nbsp;Close1
<LI><a href="#[1044d30]">&gt;&gt;</a>&nbsp;&nbsp;&nbsp;Close2
<LI><a href="#[1044d78]">&gt;&gt;</a>&nbsp;&nbsp;&nbsp;Close3
<LI><a href="#[1046ea8]">&gt;&gt;</a>&nbsp;&nbsp;&nbsp;CreartBad1
<LI><a href="#[1046ef0]">&gt;&gt;</a>&nbsp;&nbsp;&nbsp;Juge1
<LI><a href="#[1046f80]">&gt;&gt;</a>&nbsp;&nbsp;&nbsp;Ease1
<LI><a href="#[1047058]">&gt;&gt;</a>&nbsp;&nbsp;&nbsp;Write1
<LI><a href="#[1047130]">&gt;&gt;</a>&nbsp;&nbsp;&nbsp;Read1
<LI><a href="#[10471c0]">&gt;&gt;</a>&nbsp;&nbsp;&nbsp;Close1
<LI><a href="#[1047208]">&gt;&gt;</a>&nbsp;&nbsp;&nbsp;Open1
<LI><a href="#[1049740]">&gt;&gt;</a>&nbsp;&nbsp;&nbsp;End
<LI><a href="#[104b908]">&gt;&gt;</a>&nbsp;&nbsp;&nbsp;Write
<LI><a href="#[104b998]">&gt;&gt;</a>&nbsp;&nbsp;&nbsp;Read
<LI><a href="#[104e290]">&gt;&gt;</a>&nbsp;&nbsp;&nbsp;Read
<LI><a href="#[104e638]">&gt;&gt;</a>&nbsp;&nbsp;&nbsp;Close
<LI><a href="#[104e680]">&gt;&gt;</a>&nbsp;&nbsp;&nbsp;Open
<LI><a href="#[1050e50]">&gt;&gt;</a>&nbsp;&nbsp;&nbsp;Close0
<LI><a href="#[1050e98]">&gt;&gt;</a>&nbsp;&nbsp;&nbsp;Close1
<LI><a href="#[11e6c90]">&gt;&gt;</a>&nbsp;&nbsp;&nbsp;PowerClose
<LI><a href="#[11e6cd8]">&gt;&gt;</a>&nbsp;&nbsp;&nbsp;PowerOpen
<LI><a href="#[11e6d20]">&gt;&gt;</a>&nbsp;&nbsp;&nbsp;Read
<LI><a href="#[11e6d68]">&gt;&gt;</a>&nbsp;&nbsp;&nbsp;Close
<LI><a href="#[11e6db0]">&gt;&gt;</a>&nbsp;&nbsp;&nbsp;Open
<LI><a href="#[11e6e88]">&gt;&gt;</a>&nbsp;&nbsp;&nbsp;GpsTask
<LI><a href="#[11ea468]">&gt;&gt;</a>&nbsp;&nbsp;&nbsp;GetPro
<LI><a href="#[11ea4b0]">&gt;&gt;</a>&nbsp;&nbsp;&nbsp;GetEnable
<LI><a href="#[11ea4f8]">&gt;&gt;</a>&nbsp;&nbsp;&nbsp;DisEnable
<LI><a href="#[11ea540]">&gt;&gt;</a>&nbsp;&nbsp;&nbsp;Enable
<LI><a href="#[11ea588]">&gt;&gt;</a>&nbsp;&nbsp;&nbsp;GetUDPTCPPro
<LI><a href="#[11ea5d0]">&gt;&gt;</a>&nbsp;&nbsp;&nbsp;EditUDPTCPPro
<LI><a href="#[11ea618]">&gt;&gt;</a>&nbsp;&nbsp;&nbsp;ReadIpData
<LI><a href="#[11ea660]">&gt;&gt;</a>&nbsp;&nbsp;&nbsp;DNSRIP
<LI><a href="#[11ea738]">&gt;&gt;</a>&nbsp;&nbsp;&nbsp;CloseUDPTCP
<LI><a href="#[11ea780]">&gt;&gt;</a>&nbsp;&nbsp;&nbsp;OpenUDPTCP
<LI><a href="#[11ea810]">&gt;&gt;</a>&nbsp;&nbsp;&nbsp;InitTCPIP
<LI><a href="#[11ea858]">&gt;&gt;</a>&nbsp;&nbsp;&nbsp;AnswerPhone
<LI><a href="#[11ea8e8]">&gt;&gt;</a>&nbsp;&nbsp;&nbsp;HangPhone
<LI><a href="#[11ea978]">&gt;&gt;</a>&nbsp;&nbsp;&nbsp;CallPhone
<LI><a href="#[11eaa08]">&gt;&gt;</a>&nbsp;&nbsp;&nbsp;CloseMessage
<LI><a href="#[11eaa50]">&gt;&gt;</a>&nbsp;&nbsp;&nbsp;SendMessage
<LI><a href="#[11eab70]">&gt;&gt;</a>&nbsp;&nbsp;&nbsp;ReadPhone
<LI><a href="#[11eabb8]">&gt;&gt;</a>&nbsp;&nbsp;&nbsp;ReadMessage
<LI><a href="#[11eac00]">&gt;&gt;</a>&nbsp;&nbsp;&nbsp;OpenMessage
<LI><a href="#[11eac90]">&gt;&gt;</a>&nbsp;&nbsp;&nbsp;Task
<LI><a href="#[11eafa8]">&gt;&gt;</a>&nbsp;&nbsp;&nbsp;ModelState
<LI><a href="#[11eb278]">&gt;&gt;</a>&nbsp;&nbsp;&nbsp;JugeEvent
<LI><a href="#[11eb2c0]">&gt;&gt;</a>&nbsp;&nbsp;&nbsp;HeartAffair
<LI><a href="#[11eb350]">&gt;&gt;</a>&nbsp;&nbsp;&nbsp;SendTCPUDP
<LI><a href="#[12d6e48]">&gt;&gt;</a>&nbsp;&nbsp;&nbsp;ReadPor
<LI><a href="#[12d6e90]">&gt;&gt;</a>&nbsp;&nbsp;&nbsp;ReadHeadTail
<LI><a href="#[12d6ed8]">&gt;&gt;</a>&nbsp;&nbsp;&nbsp;SeekSize1
<LI><a href="#[12d6f68]">&gt;&gt;</a>&nbsp;&nbsp;&nbsp;Seek1
<LI><a href="#[12d6ff8]">&gt;&gt;</a>&nbsp;&nbsp;&nbsp;GetJlNum1
<LI><a href="#[12d7040]">&gt;&gt;</a>&nbsp;&nbsp;&nbsp;WriteRecoder2
<LI><a href="#[12d7160]">&gt;&gt;</a>&nbsp;&nbsp;&nbsp;ReadRecoder2
<LI><a href="#[12d7238]">&gt;&gt;</a>&nbsp;&nbsp;&nbsp;WriteBin1
<LI><a href="#[12d72c8]">&gt;&gt;</a>&nbsp;&nbsp;&nbsp;ReadBin1
<LI><a href="#[12d7358]">&gt;&gt;</a>&nbsp;&nbsp;&nbsp;Close1
<LI><a href="#[12d73e8]">&gt;&gt;</a>&nbsp;&nbsp;&nbsp;Open1
<LI><a href="#[12d75e0]">&gt;&gt;</a>&nbsp;&nbsp;&nbsp;CreateRecoder1
<LI><a href="#[12d7670]">&gt;&gt;</a>&nbsp;&nbsp;&nbsp;CreateBin1
<LI><a href="#[12df4c0]">&gt;&gt;</a>&nbsp;&nbsp;&nbsp;EditPro
<LI><a href="#[12df508]">&gt;&gt;</a>&nbsp;&nbsp;&nbsp;GetPro
<LI><a href="#[12df550]">&gt;&gt;</a>&nbsp;&nbsp;&nbsp;GetEnable
<LI><a href="#[12df598]">&gt;&gt;</a>&nbsp;&nbsp;&nbsp;DisEnable
<LI><a href="#[12df5e0]">&gt;&gt;</a>&nbsp;&nbsp;&nbsp;Enable
<LI><a href="#[12df628]">&gt;&gt;</a>&nbsp;&nbsp;&nbsp;Read
<LI><a href="#[12df670]">&gt;&gt;</a>&nbsp;&nbsp;&nbsp;Close
<LI><a href="#[12df6b8]">&gt;&gt;</a>&nbsp;&nbsp;&nbsp;Open
<LI><a href="#[12df820]">&gt;&gt;</a>&nbsp;&nbsp;&nbsp;JugeEvent
<LI><a href="#[139cb50]">&gt;&gt;</a>&nbsp;&nbsp;&nbsp;Get_Gps_Data
</UL>

<P><STRONG><a name="[c78308]"></a>OSSemQuery</STRONG> (ARM, 116 bytes, Stack size 24 bytes, os_sem.o(.text))
<BR><BR>[Stack]<UL><LI>Max Depth = 24<LI>Call Chain = OSSemQuery
</UL>
<BR>[Called By]<UL><LI><a href="#[1044f28]">&gt;&gt;</a>&nbsp;&nbsp;&nbsp;ClearSem
<LI><a href="#[1050fb8]">&gt;&gt;</a>&nbsp;&nbsp;&nbsp;ClearSem
</UL>

<P><STRONG><a name="[c77750]"></a>OSTaskChangePrio</STRONG> (ARM, 460 bytes, Stack size 40 bytes, os_task.o(.text), UNUSED)
<BR><BR>[Calls]<UL><LI><a href="#[c7d7c0]">&gt;&gt;</a>&nbsp;&nbsp;&nbsp;OS_Sched
</UL>

<P><STRONG><a name="[c77708]"></a>OSTaskCreate</STRONG> (ARM, 236 bytes, Stack size 40 bytes, os_task.o(.text))
<BR><BR>[Stack]<UL><LI>Max Depth = 80<LI>Call Chain = OSTaskCreate &rArr; OS_TCBInit
</UL>
<BR>[Calls]<UL><LI><a href="#[c7d4f0]">&gt;&gt;</a>&nbsp;&nbsp;&nbsp;OS_TCBInit
<LI><a href="#[c7d7c0]">&gt;&gt;</a>&nbsp;&nbsp;&nbsp;OS_Sched
<LI><a href="#[c7f618]">&gt;&gt;</a>&nbsp;&nbsp;&nbsp;OSTaskStkInit
</UL>
<BR>[Called By]<UL><LI><a href="#[11e6e40]">&gt;&gt;</a>&nbsp;&nbsp;&nbsp;Init
<LI><a href="#[11eac48]">&gt;&gt;</a>&nbsp;&nbsp;&nbsp;Init
<LI><a href="#[12da2e0]">&gt;&gt;</a>&nbsp;&nbsp;&nbsp;Init
<LI><a href="#[12df748]">&gt;&gt;</a>&nbsp;&nbsp;&nbsp;Init
<LI><a href="#[1398770]">&gt;&gt;</a>&nbsp;&nbsp;&nbsp;main
</UL>

<P><STRONG><a name="[c7d4a8]"></a>OSTaskCreateExt</STRONG> (ARM, 288 bytes, Stack size 56 bytes, os_task.o(.text))
<BR><BR>[Stack]<UL><LI>Max Depth = 96<LI>Call Chain = OSTaskCreateExt &rArr; OS_TCBInit
</UL>
<BR>[Calls]<UL><LI><a href="#[c7d4f0]">&gt;&gt;</a>&nbsp;&nbsp;&nbsp;OS_TCBInit
<LI><a href="#[c7d7c0]">&gt;&gt;</a>&nbsp;&nbsp;&nbsp;OS_Sched
<LI><a href="#[c7f618]">&gt;&gt;</a>&nbsp;&nbsp;&nbsp;OSTaskStkInit
<LI><a href="#[1507fc0]">&gt;&gt;</a>&nbsp;&nbsp;&nbsp;__aeabi_memclr4
</UL>
<BR>[Called By]<UL><LI><a href="#[c7e5d0]">&gt;&gt;</a>&nbsp;&nbsp;&nbsp;OS_InitTaskIdle
<LI><a href="#[c7e618]">&gt;&gt;</a>&nbsp;&nbsp;&nbsp;OS_InitTaskStat
</UL>

<P><STRONG><a name="[c776c0]"></a>OSTaskDel</STRONG> (ARM, 508 bytes, Stack size 24 bytes, os_task.o(.text), UNUSED)
<BR><BR>[Calls]<UL><LI><a href="#[c7c640]">&gt;&gt;</a>&nbsp;&nbsp;&nbsp;OS_FlagUnlink
<LI><a href="#[c7d658]">&gt;&gt;</a>&nbsp;&nbsp;&nbsp;OS_Dummy
<LI><a href="#[c7d7c0]">&gt;&gt;</a>&nbsp;&nbsp;&nbsp;OS_Sched
<LI><a href="#[c7f468]">&gt;&gt;</a>&nbsp;&nbsp;&nbsp;OSTaskDelHook
</UL>

<P><STRONG><a name="[c77678]"></a>OSTaskDelReq</STRONG> (ARM, 140 bytes, Stack size 24 bytes, os_task.o(.text), UNUSED)

<P><STRONG><a name="[c77630]"></a>OSTaskResume</STRONG> (ARM, 192 bytes, Stack size 16 bytes, os_task.o(.text), UNUSED)
<BR><BR>[Calls]<UL><LI><a href="#[c7d7c0]">&gt;&gt;</a>&nbsp;&nbsp;&nbsp;OS_Sched
</UL>

<P><STRONG><a name="[c775e8]"></a>OSTaskStkChk</STRONG> (ARM, 192 bytes, Stack size 32 bytes, os_task.o(.text), UNUSED)

<P><STRONG><a name="[c775a0]"></a>OSTaskSuspend</STRONG> (ARM, 240 bytes, Stack size 16 bytes, os_task.o(.text), UNUSED)
<BR><BR>[Calls]<UL><LI><a href="#[c7d7c0]">&gt;&gt;</a>&nbsp;&nbsp;&nbsp;OS_Sched
</UL>

<P><STRONG><a name="[c77558]"></a>OSTaskQuery</STRONG> (ARM, 120 bytes, Stack size 16 bytes, os_task.o(.text), UNUSED)
<BR><BR>[Calls]<UL><LI><a href="#[1508280]">&gt;&gt;</a>&nbsp;&nbsp;&nbsp;__aeabi_memcpy4
</UL>

<P><STRONG><a name="[c7d460]"></a>OSTimeDly</STRONG> (ARM, 140 bytes, Stack size 8 bytes, os_time.o(.text))
<BR><BR>[Stack]<UL><LI>Max Depth = 16<LI>Call Chain = OSTimeDly &rArr; OS_Sched
</UL>
<BR>[Calls]<UL><LI><a href="#[c7d7c0]">&gt;&gt;</a>&nbsp;&nbsp;&nbsp;OS_Sched
</UL>
<BR>[Called By]<UL><LI><a href="#[c76978]">&gt;&gt;</a>&nbsp;&nbsp;&nbsp;OSTimeDlyHMSM
<LI><a href="#[c7d6e8]">&gt;&gt;</a>&nbsp;&nbsp;&nbsp;OSStatInit
<LI><a href="#[c7d928]">&gt;&gt;</a>&nbsp;&nbsp;&nbsp;OS_TaskStat
<LI><a href="#[11e6e88]">&gt;&gt;</a>&nbsp;&nbsp;&nbsp;GpsTask
<LI><a href="#[11eac90]">&gt;&gt;</a>&nbsp;&nbsp;&nbsp;Task
<LI><a href="#[11eacd8]">&gt;&gt;</a>&nbsp;&nbsp;&nbsp;InitModel
<LI><a href="#[11ead20]">&gt;&gt;</a>&nbsp;&nbsp;&nbsp;ModermPowerDown
<LI><a href="#[11eafa8]">&gt;&gt;</a>&nbsp;&nbsp;&nbsp;ModelState
<LI><a href="#[12da328]">&gt;&gt;</a>&nbsp;&nbsp;&nbsp;FTP_Downloard_Task
<LI><a href="#[12df790]">&gt;&gt;</a>&nbsp;&nbsp;&nbsp;Task
<LI><a href="#[139a078]">&gt;&gt;</a>&nbsp;&nbsp;&nbsp;Init
<LI><a href="#[139cb50]">&gt;&gt;</a>&nbsp;&nbsp;&nbsp;Get_Gps_Data
</UL>

<P><STRONG><a name="[c76978]"></a>OSTimeDlyHMSM</STRONG> (ARM, 232 bytes, Stack size 32 bytes, os_time.o(.text), UNUSED)
<BR><BR>[Calls]<UL><LI><a href="#[c7d460]">&gt;&gt;</a>&nbsp;&nbsp;&nbsp;OSTimeDly
<LI><a href="#[15077f8]">&gt;&gt;</a>&nbsp;&nbsp;&nbsp;__aeabi_uidivmod
</UL>

<P><STRONG><a name="[c76930]"></a>OSTimeDlyResume</STRONG> (ARM, 184 bytes, Stack size 16 bytes, os_time.o(.text), UNUSED)
<BR><BR>[Calls]<UL><LI><a href="#[c7d7c0]">&gt;&gt;</a>&nbsp;&nbsp;&nbsp;OS_Sched
</UL>

<P><STRONG><a name="[c768e8]"></a>OSTimeGet</STRONG> (ARM, 32 bytes, Stack size 8 bytes, os_time.o(.text), UNUSED)

<P><STRONG><a name="[c768a0]"></a>OSTimeSet</STRONG> (ARM, 32 bytes, Stack size 8 bytes, os_time.o(.text), UNUSED)

<P><STRONG><a name="[c81790]"></a>CAN_Exception</STRONG> (ARM, 404 bytes, Stack size 8 bytes, _can.o(.text))
<BR><BR>[Stack]<UL><LI>Max Depth = 40<LI>Call Chain = CAN_Exception &rArr; OSSemPost &rArr; OS_EventTaskRdy
</UL>
<BR>[Calls]<UL><LI><a href="#[c78350]">&gt;&gt;</a>&nbsp;&nbsp;&nbsp;OSSemPost
</UL>
<BR>[Called By]<UL><LI><a href="#[c81f30]">&gt;&gt;</a>&nbsp;&nbsp;&nbsp;CAN_Handler
</UL>

<P><STRONG><a name="[c81550]"></a>UART0_Exception</STRONG> (ARM, 244 bytes, Stack size 16 bytes, _uart.o(.text))
<BR><BR>[Stack]<UL><LI>Max Depth = 48<LI>Call Chain = UART0_Exception &rArr; OSSemPost &rArr; OS_EventTaskRdy
</UL>
<BR>[Calls]<UL><LI><a href="#[c78350]">&gt;&gt;</a>&nbsp;&nbsp;&nbsp;OSSemPost
</UL>
<BR>[Called By]<UL><LI><a href="#[c81e58]">&gt;&gt;</a>&nbsp;&nbsp;&nbsp;Uart0_Handler
</UL>

<P><STRONG><a name="[c81508]"></a>UART1_Exception</STRONG> (ARM, 244 bytes, Stack size 16 bytes, _uart.o(.text))
<BR><BR>[Stack]<UL><LI>Max Depth = 48<LI>Call Chain = UART1_Exception &rArr; OSSemPost &rArr; OS_EventTaskRdy
</UL>
<BR>[Calls]<UL><LI><a href="#[c78350]">&gt;&gt;</a>&nbsp;&nbsp;&nbsp;OSSemPost
</UL>
<BR>[Called By]<UL><LI><a href="#[c81e10]">&gt;&gt;</a>&nbsp;&nbsp;&nbsp;Uart1_Handler
</UL>

<P><STRONG><a name="[c814c0]"></a>UART2_Exception</STRONG> (ARM, 244 bytes, Stack size 16 bytes, _uart.o(.text))
<BR><BR>[Stack]<UL><LI>Max Depth = 48<LI>Call Chain = UART2_Exception &rArr; OSSemPost &rArr; OS_EventTaskRdy
</UL>
<BR>[Calls]<UL><LI><a href="#[c78350]">&gt;&gt;</a>&nbsp;&nbsp;&nbsp;OSSemPost
</UL>
<BR>[Called By]<UL><LI><a href="#[c81dc8]">&gt;&gt;</a>&nbsp;&nbsp;&nbsp;Uart2_Handler
</UL>

<P><STRONG><a name="[c81478]"></a>UART3_Exception</STRONG> (ARM, 244 bytes, Stack size 16 bytes, _uart.o(.text))
<BR><BR>[Stack]<UL><LI>Max Depth = 48<LI>Call Chain = UART3_Exception &rArr; OSSemPost &rArr; OS_EventTaskRdy
</UL>
<BR>[Calls]<UL><LI><a href="#[c78350]">&gt;&gt;</a>&nbsp;&nbsp;&nbsp;OSSemPost
</UL>
<BR>[Called By]<UL><LI><a href="#[c81d80]">&gt;&gt;</a>&nbsp;&nbsp;&nbsp;Uart3_Handler
</UL>

<P><STRONG><a name="[12d1750]"></a>Trans_Gps</STRONG> (ARM, 140 bytes, Stack size 16 bytes, _datatrans.o(.text), UNUSED)
<BR><BR>[Calls]<UL><LI><a href="#[12d24d0]">&gt;&gt;</a>&nbsp;&nbsp;&nbsp;Trans_Gps_Timer
<LI><a href="#[12d2518]">&gt;&gt;</a>&nbsp;&nbsp;&nbsp;Trans_Gps_Latitude
<LI><a href="#[12d2560]">&gt;&gt;</a>&nbsp;&nbsp;&nbsp;Trans_Gps_LongHem
<LI><a href="#[12d25a8]">&gt;&gt;</a>&nbsp;&nbsp;&nbsp;Trans_Gps_Location
<LI><a href="#[12d25f0]">&gt;&gt;</a>&nbsp;&nbsp;&nbsp;Trans_Gps_Speed
<LI><a href="#[12d2638]">&gt;&gt;</a>&nbsp;&nbsp;&nbsp;Trans_Gps_Angle
<LI><a href="#[12d2680]">&gt;&gt;</a>&nbsp;&nbsp;&nbsp;Trans_Gps_Year
<LI><a href="#[12d26c8]">&gt;&gt;</a>&nbsp;&nbsp;&nbsp;Trans_Gps_State
</UL>
<BR>[Called By]<UL><LI><a href="#[139cb50]">&gt;&gt;</a>&nbsp;&nbsp;&nbsp;Get_Gps_Data
</UL>

<P><STRONG><a name="[12d1708]"></a>Trans_Gps_Hand</STRONG> (ARM, 176 bytes, Stack size 16 bytes, _datatrans.o(.text), UNUSED)
<BR><BR>[Calls]<UL><LI><a href="#[12d24d0]">&gt;&gt;</a>&nbsp;&nbsp;&nbsp;Trans_Gps_Timer
<LI><a href="#[12d2518]">&gt;&gt;</a>&nbsp;&nbsp;&nbsp;Trans_Gps_Latitude
<LI><a href="#[12d2560]">&gt;&gt;</a>&nbsp;&nbsp;&nbsp;Trans_Gps_LongHem
<LI><a href="#[12d25a8]">&gt;&gt;</a>&nbsp;&nbsp;&nbsp;Trans_Gps_Location
<LI><a href="#[12d25f0]">&gt;&gt;</a>&nbsp;&nbsp;&nbsp;Trans_Gps_Speed
<LI><a href="#[12d2638]">&gt;&gt;</a>&nbsp;&nbsp;&nbsp;Trans_Gps_Angle
<LI><a href="#[12d2680]">&gt;&gt;</a>&nbsp;&nbsp;&nbsp;Trans_Gps_Year
<LI><a href="#[12d26c8]">&gt;&gt;</a>&nbsp;&nbsp;&nbsp;Trans_Gps_State
</UL>
<BR>[Called By]<UL><LI><a href="#[139cb08]">&gt;&gt;</a>&nbsp;&nbsp;&nbsp;Get_Gps_DataHand
</UL>

<P><STRONG><a name="[139cc28]"></a>CheckFile</STRONG> (ARM, 104 bytes, Stack size 8 bytes, _filedata.o(.text), UNUSED)
<BR><BR>[Calls]<UL><LI><a href="#[c78428]">&gt;&gt;</a>&nbsp;&nbsp;&nbsp;OSSemCreate
<LI><a href="#[139e4e8]">&gt;&gt;</a>&nbsp;&nbsp;&nbsp;CheckFile_Basic
<LI><a href="#[139e578]">&gt;&gt;</a>&nbsp;&nbsp;&nbsp;CheckFile_CanID
<LI><a href="#[139e608]">&gt;&gt;</a>&nbsp;&nbsp;&nbsp;CheckFile_Parameter
<LI><a href="#[139e698]">&gt;&gt;</a>&nbsp;&nbsp;&nbsp;CheckFile_Acc
<LI><a href="#[139e728]">&gt;&gt;</a>&nbsp;&nbsp;&nbsp;CheckFile_UpLoader
<LI><a href="#[139e7b8]">&gt;&gt;</a>&nbsp;&nbsp;&nbsp;CheckFile_MessageState
<LI><a href="#[139e800]">&gt;&gt;</a>&nbsp;&nbsp;&nbsp;CheckFile_Message
<LI><a href="#[139e848]">&gt;&gt;</a>&nbsp;&nbsp;&nbsp;CheckFile_GpsMessage
<LI><a href="#[139e890]">&gt;&gt;</a>&nbsp;&nbsp;&nbsp;Get_Sys_State
<LI><a href="#[1508430]">&gt;&gt;</a>&nbsp;&nbsp;&nbsp;__aeabi_memset
</UL>
<BR>[Called By]<UL><LI><a href="#[139a078]">&gt;&gt;</a>&nbsp;&nbsp;&nbsp;Init
</UL>

<P><STRONG><a name="[139cbe0]"></a>InitCenPhone</STRONG> (ARM, 192 bytes, Stack size 184 bytes, _filedata.o(.text), UNUSED)
<BR><BR>[Called By]<UL><LI><a href="#[139a078]">&gt;&gt;</a>&nbsp;&nbsp;&nbsp;Init
</UL>

<P><STRONG><a name="[139cb98]"></a>BackInit</STRONG> (ARM, 44 bytes, Stack size 8 bytes, _filedata.o(.text), UNUSED)
<BR><BR>[Calls]<UL><LI><a href="#[139e5c0]">&gt;&gt;</a>&nbsp;&nbsp;&nbsp;BackCan
<LI><a href="#[139e650]">&gt;&gt;</a>&nbsp;&nbsp;&nbsp;BackPareameter
<LI><a href="#[139e6e0]">&gt;&gt;</a>&nbsp;&nbsp;&nbsp;BackAccTimer
<LI><a href="#[139e770]">&gt;&gt;</a>&nbsp;&nbsp;&nbsp;BackUpLoader
<LI><a href="#[139e890]">&gt;&gt;</a>&nbsp;&nbsp;&nbsp;Get_Sys_State
</UL>

<P><STRONG><a name="[139cb50]"></a>Get_Gps_Data</STRONG> (ARM, 588 bytes, Stack size 56 bytes, _filedata.o(.text), UNUSED)
<BR><BR>[Calls]<UL><LI><a href="#[c78350]">&gt;&gt;</a>&nbsp;&nbsp;&nbsp;OSSemPost
<LI><a href="#[c78398]">&gt;&gt;</a>&nbsp;&nbsp;&nbsp;OSSemPend
<LI><a href="#[c7d460]">&gt;&gt;</a>&nbsp;&nbsp;&nbsp;OSTimeDly
<LI><a href="#[12d1750]">&gt;&gt;</a>&nbsp;&nbsp;&nbsp;Trans_Gps
</UL>

<P><STRONG><a name="[139cb08]"></a>Get_Gps_DataHand</STRONG> (ARM, 60 bytes, Stack size 40 bytes, _filedata.o(.text), UNUSED)
<BR><BR>[Calls]<UL><LI><a href="#[12d1708]">&gt;&gt;</a>&nbsp;&nbsp;&nbsp;Trans_Gps_Hand
</UL>

<P><STRONG><a name="[139cac0]"></a>GetPhone</STRONG> (ARM, 480 bytes, Stack size 112 bytes, _filedata.o(.text), UNUSED)

<P><STRONG><a name="[139ca78]"></a>SendMessage</STRONG> (ARM, 416 bytes, Stack size 248 bytes, _filedata.o(.text), UNUSED)

<P><STRONG><a name="[1398770]"></a>main</STRONG> (ARM, 48 bytes, Stack size 8 bytes, _init.o(.text))
<BR><BR>[Stack]<UL><LI>Max Depth = 136<LI>Call Chain = main &rArr; OSInit &rArr; OS_InitTaskIdle &rArr; OSTaskCreateExt &rArr; OS_TCBInit
</UL>
<BR>[Calls]<UL><LI><a href="#[c77708]">&gt;&gt;</a>&nbsp;&nbsp;&nbsp;OSTaskCreate
<LI><a href="#[c7d730]">&gt;&gt;</a>&nbsp;&nbsp;&nbsp;OSStart
<LI><a href="#[c7d898]">&gt;&gt;</a>&nbsp;&nbsp;&nbsp;OSInit
<LI><a href="#[c81fc0]">&gt;&gt;</a>&nbsp;&nbsp;&nbsp;TargetInit
</UL>
<BR>[Address Reference Count : 1]<UL><LI> kernel.o(.text)
</UL>
<P><STRONG><a name="[1398728]"></a>GpsInit</STRONG> (ARM, 52 bytes, Stack size 24 bytes, gpsevent.o(.text), UNUSED)
<BR><BR>[Called By]<UL><LI><a href="#[139a0c0]">&gt;&gt;</a>&nbsp;&nbsp;&nbsp;InitContrl
</UL>

<P><STRONG><a name="[1508718]"></a>srand</STRONG> (Thumb, 42 bytes, Stack size 8 bytes, rand.o(.text))
<BR><BR>[Stack]<UL><LI>Max Depth = 8<LI>Call Chain = srand
</UL>
<BR>[Called By]<UL><LI><a href="#[c81fc0]">&gt;&gt;</a>&nbsp;&nbsp;&nbsp;TargetInit (via Veneer)
<LI><a href="#[15086d0]">&gt;&gt;</a>&nbsp;&nbsp;&nbsp;_rand_init
</UL>

<P><STRONG><a name="[15086d0]"></a>_rand_init</STRONG> (Thumb, 4 bytes, Stack size 0 bytes, rand.o(.text))
<BR><BR>[Stack]<UL><LI>Max Depth = 8<LI>Call Chain = _rand_init &rArr; srand
</UL>
<BR>[Calls]<UL><LI><a href="#[1508718]">&gt;&gt;</a>&nbsp;&nbsp;&nbsp;srand
</UL>
<BR>[Called By]<UL><LI><a href="#[1504970]">&gt;&gt;</a>&nbsp;&nbsp;&nbsp;__rt_lib_init
</UL>

<P><STRONG><a name="[1508688]"></a>rand</STRONG> (Thumb, 56 bytes, Stack size 12 bytes, rand.o(.text), UNUSED)

<P><STRONG><a name="[1508430]"></a>__aeabi_memset</STRONG> (ARM, 16 bytes, Stack size 0 bytes, aeabi_memset.o(.text))
<BR><BR>[Calls]<UL><LI><a href="#[1505600]">&gt;&gt;</a>&nbsp;&nbsp;&nbsp;_memset
</UL>
<BR>[Called By]<UL><LI><a href="#[12d2518]">&gt;&gt;</a>&nbsp;&nbsp;&nbsp;Trans_Gps_Latitude
<LI><a href="#[12d2560]">&gt;&gt;</a>&nbsp;&nbsp;&nbsp;Trans_Gps_LongHem
<LI><a href="#[12d25f0]">&gt;&gt;</a>&nbsp;&nbsp;&nbsp;Trans_Gps_Speed
<LI><a href="#[12d2638]">&gt;&gt;</a>&nbsp;&nbsp;&nbsp;Trans_Gps_Angle
<LI><a href="#[12d7118]">&gt;&gt;</a>&nbsp;&nbsp;&nbsp;fWriteHeadTail
<LI><a href="#[139cc28]">&gt;&gt;</a>&nbsp;&nbsp;&nbsp;CheckFile
</UL>

<P><STRONG><a name="[1508280]"></a>__aeabi_memcpy4</STRONG> (ARM, 0 bytes, Stack size 8 bytes, rt_memcpy_w.o(.text), UNUSED)
<BR><BR>[Called By]<UL><LI><a href="#[c77558]">&gt;&gt;</a>&nbsp;&nbsp;&nbsp;OSTaskQuery
</UL>

<P><STRONG><a name="[1508238]"></a>__aeabi_memcpy8</STRONG> (ARM, 0 bytes, Stack size 8 bytes, rt_memcpy_w.o(.text), UNUSED)

<P><STRONG><a name="[15081f0]"></a>__rt_memcpy_w</STRONG> (ARM, 100 bytes, Stack size 8 bytes, rt_memcpy_w.o(.text), UNUSED)

<P><STRONG><a name="[15081a8]"></a>_memcpy_lastbytes_aligned</STRONG> (ARM, 0 bytes, Stack size unknown bytes, rt_memcpy_w.o(.text), UNUSED)

<P><STRONG><a name="[1507fc0]"></a>__aeabi_memclr4</STRONG> (ARM, 0 bytes, Stack size 4 bytes, rt_memclr_w.o(.text))
<BR><BR>[Stack]<UL><LI>Max Depth = 4<LI>Call Chain = __aeabi_memclr4
</UL>
<BR>[Called By]<UL><LI><a href="#[c7d4a8]">&gt;&gt;</a>&nbsp;&nbsp;&nbsp;OSTaskCreateExt
<LI><a href="#[12d7628]">&gt;&gt;</a>&nbsp;&nbsp;&nbsp;CreateRecoder
<LI><a href="#[12d76b8]">&gt;&gt;</a>&nbsp;&nbsp;&nbsp;CreateBin
</UL>

<P><STRONG><a name="[1507f78]"></a>__aeabi_memclr8</STRONG> (ARM, 0 bytes, Stack size 4 bytes, rt_memclr_w.o(.text), UNUSED)

<P><STRONG><a name="[1507f30]"></a>__rt_memclr_w</STRONG> (ARM, 84 bytes, Stack size 4 bytes, rt_memclr_w.o(.text), UNUSED)

<P><STRONG><a name="[1507ee8]"></a>_memset_w</STRONG> (ARM, 0 bytes, Stack size unknown bytes, rt_memclr_w.o(.text), UNUSED)
<BR><BR>[Called By]<UL><LI><a href="#[1505648]">&gt;&gt;</a>&nbsp;&nbsp;&nbsp;__rt_memclr
</UL>

<P><STRONG><a name="[1507d10]"></a>strlen</STRONG> (Thumb, 68 bytes, Stack size 8 bytes, strlen.o(.text))
<BR><BR>[Stack]<UL><LI>Max Depth = 8<LI>Call Chain = strlen
</UL>
<BR>[Called By]<UL><LI><a href="#[104e320]">&gt;&gt;</a>&nbsp;&nbsp;&nbsp;JugeOrder (via Veneer)
<LI><a href="#[12d2518]">&gt;&gt;</a>&nbsp;&nbsp;&nbsp;Trans_Gps_Latitude (via Veneer)
<LI><a href="#[12d2560]">&gt;&gt;</a>&nbsp;&nbsp;&nbsp;Trans_Gps_LongHem (via Veneer)
<LI><a href="#[12d25f0]">&gt;&gt;</a>&nbsp;&nbsp;&nbsp;Trans_Gps_Speed (via Veneer)
<LI><a href="#[12d2638]">&gt;&gt;</a>&nbsp;&nbsp;&nbsp;Trans_Gps_Angle (via Veneer)
<LI><a href="#[12d7430]">&gt;&gt;</a>&nbsp;&nbsp;&nbsp;Open (via Veneer)
<LI><a href="#[12d74c0]">&gt;&gt;</a>&nbsp;&nbsp;&nbsp;LookFileNameAgain (via Veneer)
<LI><a href="#[12d7628]">&gt;&gt;</a>&nbsp;&nbsp;&nbsp;CreateRecoder (via Veneer)
<LI><a href="#[12d76b8]">&gt;&gt;</a>&nbsp;&nbsp;&nbsp;CreateBin (via Veneer)
</UL>

<P><STRONG><a name="[1507b58]"></a>memchr</STRONG> (Thumb, 34 bytes, Stack size 0 bytes, memchr.o(.text))
<BR><BR>[Called By]<UL><LI><a href="#[104e320]">&gt;&gt;</a>&nbsp;&nbsp;&nbsp;JugeOrder (via Veneer)
<LI><a href="#[1055ea8]">&gt;&gt;</a>&nbsp;&nbsp;&nbsp;Asc2Float (via Veneer)
</UL>

<P><STRONG><a name="[15078d0]"></a>__aeabi_idiv</STRONG> (ARM, 0 bytes, Stack size 8 bytes, aeabi_sdiv.o(.text), UNUSED)

<P><STRONG><a name="[1507888]"></a>__aeabi_idivmod</STRONG> (ARM, 384 bytes, Stack size 8 bytes, aeabi_sdiv.o(.text))
<BR><BR>[Stack]<UL><LI>Max Depth = 8<LI>Call Chain = __aeabi_idivmod
</UL>
<BR>[Called By]<UL><LI><a href="#[1047250]">&gt;&gt;</a>&nbsp;&nbsp;&nbsp;Open
<LI><a href="#[1052cf0]">&gt;&gt;</a>&nbsp;&nbsp;&nbsp;GetWeek
<LI><a href="#[1053008]">&gt;&gt;</a>&nbsp;&nbsp;&nbsp;Hex2Bcd
<LI><a href="#[1055fc8]">&gt;&gt;</a>&nbsp;&nbsp;&nbsp;Hex2Bcd
<LI><a href="#[12d7088]">&gt;&gt;</a>&nbsp;&nbsp;&nbsp;WriteRecoder1
<LI><a href="#[12d70d0]">&gt;&gt;</a>&nbsp;&nbsp;&nbsp;UpdateHeadTailPoint
<LI><a href="#[12d71a8]">&gt;&gt;</a>&nbsp;&nbsp;&nbsp;ReadRecoder1
<LI><a href="#[12d7628]">&gt;&gt;</a>&nbsp;&nbsp;&nbsp;CreateRecoder
</UL>

<P><STRONG><a name="[1506b90]"></a>__use_two_region_memory</STRONG> (ARM, 4 bytes, Stack size 0 bytes, stkheap2.o(.text), UNUSED)

<P><STRONG><a name="[1506b48]"></a>__rt_stackheap_init</STRONG> (ARM, 36 bytes, Stack size 16 bytes, stkheap2.o(.text))
<BR><BR>[Stack]<UL><LI>Max Depth = 24 + Unknown Stack Size
<LI>Call Chain = __rt_stackheap_init &rArr; __user_setup_stackheap
</UL>
<BR>[Calls]<UL><LI><a href="#[1505848]">&gt;&gt;</a>&nbsp;&nbsp;&nbsp;__rt_stackheap_storage
<LI><a href="#[1505fd8]">&gt;&gt;</a>&nbsp;&nbsp;&nbsp;__user_setup_stackheap
</UL>
<BR>[Called By]<UL><LI><a href="#[1506600]">&gt;&gt;</a>&nbsp;&nbsp;&nbsp;__rt_entry
</UL>

<P><STRONG><a name="[1506b00]"></a>__rt_heap_extend</STRONG> (ARM, 24 bytes, Stack size 8 bytes, stkheap2.o(.text), UNUSED)
<BR><BR>[Calls]<UL><LI><a href="#[1506a28]">&gt;&gt;</a>&nbsp;&nbsp;&nbsp;__user_heap_extend (Weak Reference)
</UL>

<P><STRONG><a name="[1506600]"></a>__rt_entry</STRONG> (ARM, 76 bytes, Stack size 16 bytes, kernel.o(.text))
<BR><BR>[Stack]<UL><LI>Max Depth = 64 + Unknown Stack Size
<LI>Call Chain = __rt_entry &rArr; __rt_lib_init &rArr; _fp_init
</UL>
<BR>[Calls]<UL><LI><a href="#[1503de8]">&gt;&gt;</a>&nbsp;&nbsp;&nbsp;_platform_post_lib_init
<LI><a href="#[1503f58]">&gt;&gt;</a>&nbsp;&nbsp;&nbsp;_platform_post_stackheap_init
<LI><a href="#[1504970]">&gt;&gt;</a>&nbsp;&nbsp;&nbsp;__rt_lib_init (via Veneer)
<LI><a href="#[1504df0]">&gt;&gt;</a>&nbsp;&nbsp;&nbsp;exit (via BX)
<LI><a href="#[1506b48]">&gt;&gt;</a>&nbsp;&nbsp;&nbsp;__rt_stackheap_init
</UL>
<BR>[Called By]<UL><LI><a href="#[14ff400]">&gt;&gt;</a>&nbsp;&nbsp;&nbsp;__scatterload_rt2
<LI><a href="#[15068c0]">&gt;&gt;</a>&nbsp;&nbsp;&nbsp;__main
</UL>

<P><STRONG><a name="[15065b8]"></a>__rt_exit</STRONG> (ARM, 20 bytes, Stack size 8 bytes, kernel.o(.text))
<BR><BR>[Stack]<UL><LI>Max Depth = 16<LI>Call Chain = __rt_exit &rArr; __rt_lib_shutdown
</UL>
<BR>[Calls]<UL><LI><a href="#[1504928]">&gt;&gt;</a>&nbsp;&nbsp;&nbsp;__rt_lib_shutdown (via Veneer)
</UL>
<BR>[Called By]<UL><LI><a href="#[1504df0]">&gt;&gt;</a>&nbsp;&nbsp;&nbsp;exit (via Veneer)
</UL>

<P><STRONG><a name="[1506570]"></a>__rt_abort</STRONG> (ARM, 8 bytes, Stack size 0 bytes, kernel.o(.text), UNUSED)
<BR><BR>[Calls]<UL><LI><a href="#[1505448]">&gt;&gt;</a>&nbsp;&nbsp;&nbsp;_sys_exit
</UL>

<P><STRONG><a name="[1505fd8]"></a>__user_setup_stackheap</STRONG> (ARM, 96 bytes, Stack size 8 bytes, sys_stackheap_outer.o(.text))
<BR><BR>[Stack]<UL><LI>Max Depth = 8 + Unknown Stack Size
<LI>Call Chain = __user_setup_stackheap
</UL>
<BR>[Calls]<UL><LI><a href="#[c80e50]">&gt;&gt;</a>&nbsp;&nbsp;&nbsp;__user_initial_stackheap
<LI><a href="#[1505170]">&gt;&gt;</a>&nbsp;&nbsp;&nbsp;__user_perproc_libspace
</UL>
<BR>[Called By]<UL><LI><a href="#[1506b48]">&gt;&gt;</a>&nbsp;&nbsp;&nbsp;__rt_stackheap_init
</UL>

<P><STRONG><a name="[1505848]"></a>__rt_stackheap_storage</STRONG> (ARM, 12 bytes, Stack size 0 bytes, rt_stackheap_storage_intlibspace.o(.text))
<BR><BR>[Called By]<UL><LI><a href="#[1506b48]">&gt;&gt;</a>&nbsp;&nbsp;&nbsp;__rt_stackheap_init
</UL>

<P><STRONG><a name="[1505690]"></a>__aeabi_memclr</STRONG> (ARM, 0 bytes, Stack size 0 bytes, rt_memclr.o(.text), UNUSED)

<P><STRONG><a name="[1505648]"></a>__rt_memclr</STRONG> (ARM, 64 bytes, Stack size 0 bytes, rt_memclr.o(.text), UNUSED)
<BR><BR>[Calls]<UL><LI><a href="#[1507ee8]">&gt;&gt;</a>&nbsp;&nbsp;&nbsp;_memset_w
</UL>

<P><STRONG><a name="[1505600]"></a>_memset</STRONG> (ARM, 0 bytes, Stack size unknown bytes, rt_memclr.o(.text))
<BR><BR>[Called By]<UL><LI><a href="#[1508430]">&gt;&gt;</a>&nbsp;&nbsp;&nbsp;__aeabi_memset
</UL>

<P><STRONG><a name="[1505448]"></a>_sys_exit</STRONG> (ARM, 20 bytes, Stack size 0 bytes, sys_exit.o(.text), UNUSED)
<BR><BR>[Called By]<UL><LI><a href="#[1506570]">&gt;&gt;</a>&nbsp;&nbsp;&nbsp;__rt_abort
</UL>

<P><STRONG><a name="[15051b8]"></a>__user_libspace</STRONG> (ARM, 8 bytes, Stack size 0 bytes, libspace.o(.text), UNUSED)

<P><STRONG><a name="[1505170]"></a>__user_perproc_libspace</STRONG> (ARM, 0 bytes, Stack size 0 bytes, libspace.o(.text))
<BR><BR>[Called By]<UL><LI><a href="#[1505fd8]">&gt;&gt;</a>&nbsp;&nbsp;&nbsp;__user_setup_stackheap
</UL>

<P><STRONG><a name="[1505128]"></a>__user_perthread_libspace</STRONG> (ARM, 0 bytes, Stack size 0 bytes, libspace.o(.text), UNUSED)

<P><STRONG><a name="[1504df0]"></a>exit</STRONG> (Thumb, 12 bytes, Stack size 0 bytes, exit.o(.text))
<BR><BR>[Stack]<UL><LI>Max Depth = 16<LI>Call Chain = exit &rArr; __rt_exit &rArr; __rt_lib_shutdown
</UL>
<BR>[Calls]<UL><LI><a href="#[1504d60]">&gt;&gt;</a>&nbsp;&nbsp;&nbsp;_call_atexit_fns (Weak Reference)
<LI><a href="#[15065b8]">&gt;&gt;</a>&nbsp;&nbsp;&nbsp;__rt_exit (via Veneer)
</UL>
<BR>[Called By]<UL><LI><a href="#[1506600]">&gt;&gt;</a>&nbsp;&nbsp;&nbsp;__rt_entry
</UL>

<P><STRONG><a name="[1504970]"></a>__rt_lib_init</STRONG> (Thumb, 184 bytes, Stack size 40 bytes, lib_init.o(.text))
<BR><BR>[Stack]<UL><LI>Max Depth = 48<LI>Call Chain = __rt_lib_init &rArr; _fp_init
</UL>
<BR>[Calls]<UL><LI><a href="#[1502b70]">&gt;&gt;</a>&nbsp;&nbsp;&nbsp;_fp_init (via Veneer)
<LI><a href="#[15036f8]">&gt;&gt;</a>&nbsp;&nbsp;&nbsp;__rt_locale (via Veneer)
<LI><a href="#[1504340]">&gt;&gt;</a>&nbsp;&nbsp;&nbsp;_signal_init (Weak Reference)
<LI><a href="#[15043d0]">&gt;&gt;</a>&nbsp;&nbsp;&nbsp;_initio (Weak Reference)
<LI><a href="#[1504418]">&gt;&gt;</a>&nbsp;&nbsp;&nbsp;_init_user_alloc (Weak Reference)
<LI><a href="#[1504460]">&gt;&gt;</a>&nbsp;&nbsp;&nbsp;_init_alloc (Weak Reference)
<LI><a href="#[15044a8]">&gt;&gt;</a>&nbsp;&nbsp;&nbsp;_getenv_init (Weak Reference)
<LI><a href="#[15044f0]">&gt;&gt;</a>&nbsp;&nbsp;&nbsp;_get_lc_time (Weak Reference)
<LI><a href="#[1504538]">&gt;&gt;</a>&nbsp;&nbsp;&nbsp;_get_lc_numeric (Weak Reference)
<LI><a href="#[1504580]">&gt;&gt;</a>&nbsp;&nbsp;&nbsp;_get_lc_monetary (Weak Reference)
<LI><a href="#[15045c8]">&gt;&gt;</a>&nbsp;&nbsp;&nbsp;_get_lc_ctype (Weak Reference)
<LI><a href="#[1504610]">&gt;&gt;</a>&nbsp;&nbsp;&nbsp;_get_lc_collate (Weak Reference)
<LI><a href="#[1504658]">&gt;&gt;</a>&nbsp;&nbsp;&nbsp;_fp_trap_init (Weak Reference)
<LI><a href="#[15046a0]">&gt;&gt;</a>&nbsp;&nbsp;&nbsp;_clock_init (Weak Reference)
<LI><a href="#[15046e8]">&gt;&gt;</a>&nbsp;&nbsp;&nbsp;_atexit_init (Weak Reference)
<LI><a href="#[1504778]">&gt;&gt;</a>&nbsp;&nbsp;&nbsp;__cpp_initialize__aeabi_ (Weak Reference)
<LI><a href="#[15047c0]">&gt;&gt;</a>&nbsp;&nbsp;&nbsp;__alloca_initialize (Weak Reference)
<LI><a href="#[1504808]">&gt;&gt;</a>&nbsp;&nbsp;&nbsp;__Heap_DescSize (Weak Reference)
<LI><a href="#[1504850]">&gt;&gt;</a>&nbsp;&nbsp;&nbsp;__ARM_exceptions_init (Weak Reference)
<LI><a href="#[1504a00]">&gt;&gt;</a>&nbsp;&nbsp;&nbsp;__ARM_argv_veneer (via Veneer)
<LI><a href="#[15086d0]">&gt;&gt;</a>&nbsp;&nbsp;&nbsp;_rand_init
</UL>
<BR>[Called By]<UL><LI><a href="#[1506600]">&gt;&gt;</a>&nbsp;&nbsp;&nbsp;__rt_entry (via Veneer)
</UL>

<P><STRONG><a name="[1504928]"></a>__rt_lib_shutdown</STRONG> (Thumb, 22 bytes, Stack size 8 bytes, lib_init.o(.text))
<BR><BR>[Stack]<UL><LI>Max Depth = 8<LI>Call Chain = __rt_lib_shutdown
</UL>
<BR>[Calls]<UL><LI><a href="#[15042b0]">&gt;&gt;</a>&nbsp;&nbsp;&nbsp;_terminateio (Weak Reference)
<LI><a href="#[15042f8]">&gt;&gt;</a>&nbsp;&nbsp;&nbsp;_terminate_user_alloc (Weak Reference)
<LI><a href="#[1504730]">&gt;&gt;</a>&nbsp;&nbsp;&nbsp;__cxa_finalize (Weak Reference)
</UL>
<BR>[Called By]<UL><LI><a href="#[15065b8]">&gt;&gt;</a>&nbsp;&nbsp;&nbsp;__rt_exit (via Veneer)
</UL>

<P><STRONG><a name="[1503f58]"></a>_platform_post_stackheap_init</STRONG> (ARM, 12 bytes, Stack size 0 bytes, boardinit2.o(.text))
<BR><BR>[Called By]<UL><LI><a href="#[1506600]">&gt;&gt;</a>&nbsp;&nbsp;&nbsp;__rt_entry
</UL>

<P><STRONG><a name="[1503de8]"></a>_platform_post_lib_init</STRONG> (ARM, 16 bytes, Stack size 8 bytes, boardinit3.o(.text))
<BR><BR>[Stack]<UL><LI>Max Depth = 8<LI>Call Chain = _platform_post_lib_init
</UL>
<BR>[Called By]<UL><LI><a href="#[1506600]">&gt;&gt;</a>&nbsp;&nbsp;&nbsp;__rt_entry
</UL>

<P><STRONG><a name="[1503ab0]"></a>__I_use_semihosting</STRONG> (ARM, 0 bytes, Stack size 0 bytes, use_no_semi.o(.text))
<BR>[Address Reference Count : 1]<UL><LI> sys_exit.o(.text)
</UL>
<P><STRONG><a name="[1503a68]"></a>__use_no_semihosting_swi</STRONG> (ARM, 4 bytes, Stack size 0 bytes, use_no_semi.o(.text), UNUSED)

<P><STRONG><a name="[15036f8]"></a>__rt_locale</STRONG> (ARM, 12 bytes, Stack size 0 bytes, rt_locale_intlibspace.o(.text))
<BR><BR>[Called By]<UL><LI><a href="#[1504970]">&gt;&gt;</a>&nbsp;&nbsp;&nbsp;__rt_lib_init (via Veneer)
</UL>

<P><STRONG><a name="[1502d48]"></a>__ARM_get_argv</STRONG> (Thumb, 6 bytes, Stack size 4 bytes, no_argv.o(.text))
<BR><BR>[Stack]<UL><LI>Max Depth = 4<LI>Call Chain = __ARM_get_argv
</UL>
<BR>[Address Reference Count : 1]<UL><LI> lib_init.o(.emb_text)
</UL>
<P><STRONG><a name="[1502420]"></a>__rt_fp_status_addr</STRONG> (ARM, 12 bytes, Stack size 0 bytes, rt_fp_status_addr_intlibspace.o(.text))
<BR><BR>[Called By]<UL><LI><a href="#[1502b70]">&gt;&gt;</a>&nbsp;&nbsp;&nbsp;_fp_init
</UL>

<P><STRONG><a name="[1507840]"></a>__aeabi_uidiv</STRONG> (ARM, 0 bytes, Stack size 0 bytes, aeabi_sdiv.o(.text_udiv), UNUSED)

<P><STRONG><a name="[15077f8]"></a>__aeabi_uidivmod</STRONG> (ARM, 28 bytes, Stack size 0 bytes, aeabi_sdiv.o(.text_udiv))
<BR><BR>[Calls]<UL><LI><a href="#[1507918]">&gt;&gt;</a>&nbsp;&nbsp;&nbsp;__arm_div_large
<LI><a href="#[1507960]">&gt;&gt;</a>&nbsp;&nbsp;&nbsp;__arm_div4
<LI><a href="#[15079a8]">&gt;&gt;</a>&nbsp;&nbsp;&nbsp;__arm_div8
</UL>
<BR>[Called By]<UL><LI><a href="#[c76978]">&gt;&gt;</a>&nbsp;&nbsp;&nbsp;OSTimeDlyHMSM
<LI><a href="#[c7d928]">&gt;&gt;</a>&nbsp;&nbsp;&nbsp;OS_TaskStat
<LI><a href="#[1044e08]">&gt;&gt;</a>&nbsp;&nbsp;&nbsp;Open0
<LI><a href="#[1044e50]">&gt;&gt;</a>&nbsp;&nbsp;&nbsp;Open1
<LI><a href="#[1044e98]">&gt;&gt;</a>&nbsp;&nbsp;&nbsp;Open2
<LI><a href="#[1044ee0]">&gt;&gt;</a>&nbsp;&nbsp;&nbsp;Open3
<LI><a href="#[1047010]">&gt;&gt;</a>&nbsp;&nbsp;&nbsp;CreartBad
<LI><a href="#[10470a0]">&gt;&gt;</a>&nbsp;&nbsp;&nbsp;Write
<LI><a href="#[104b9e0]">&gt;&gt;</a>&nbsp;&nbsp;&nbsp;Read1
<LI><a href="#[1056208]">&gt;&gt;</a>&nbsp;&nbsp;&nbsp;Algorism2Asc
<LI><a href="#[11eb620]">&gt;&gt;</a>&nbsp;&nbsp;&nbsp;ModermCom
<LI><a href="#[12d2638]">&gt;&gt;</a>&nbsp;&nbsp;&nbsp;Trans_Gps_Angle
<LI><a href="#[12d4810]">&gt;&gt;</a>&nbsp;&nbsp;&nbsp;Ease
<LI><a href="#[12d4858]">&gt;&gt;</a>&nbsp;&nbsp;&nbsp;Write
<LI><a href="#[12d48a0]">&gt;&gt;</a>&nbsp;&nbsp;&nbsp;WriteBlock
<LI><a href="#[12d4930]">&gt;&gt;</a>&nbsp;&nbsp;&nbsp;Read
<LI><a href="#[12d7088]">&gt;&gt;</a>&nbsp;&nbsp;&nbsp;WriteRecoder1
<LI><a href="#[12d70d0]">&gt;&gt;</a>&nbsp;&nbsp;&nbsp;UpdateHeadTailPoint
<LI><a href="#[12d71a8]">&gt;&gt;</a>&nbsp;&nbsp;&nbsp;ReadRecoder1
<LI><a href="#[12d76b8]">&gt;&gt;</a>&nbsp;&nbsp;&nbsp;CreateBin
</UL>

<P><STRONG><a name="[c817d8]"></a>IRQ_Handler</STRONG> (ARM, 0 bytes, Stack size unknown bytes, irq.o(IRQ), UNUSED)
<BR><BR>[Calls]<UL><LI><a href="#[c81700]">&gt;&gt;</a>&nbsp;&nbsp;&nbsp;OSIntExit
<LI><a href="#[c82128]">&gt;&gt;</a>&nbsp;&nbsp;&nbsp;IRQ_Exception
</UL>

<P><STRONG><a name="[c81ea0]"></a>Timer0_Handler</STRONG> (ARM, 0 bytes, Stack size unknown bytes, irq.o(IRQ))
<BR><BR>[Stack]<UL><LI>Max Depth = 16 + Unknown Stack Size
<LI>Call Chain = Timer0_Handler &rArr; Timer0_Exception &rArr; OSTimeTick
</UL>
<BR>[Calls]<UL><LI><a href="#[c81700]">&gt;&gt;</a>&nbsp;&nbsp;&nbsp;OSIntExit
<LI><a href="#[c82098]">&gt;&gt;</a>&nbsp;&nbsp;&nbsp;Timer0_Exception
</UL>
<BR>[Address Reference Count : 1]<UL><LI> target.o(.text)
</UL>
<P><STRONG><a name="[c81e58]"></a>Uart0_Handler</STRONG> (ARM, 0 bytes, Stack size unknown bytes, irq.o(IRQ))
<BR><BR>[Stack]<UL><LI>Max Depth = 48 + Unknown Stack Size
<LI>Call Chain = Uart0_Handler &rArr; UART0_Exception &rArr; OSSemPost &rArr; OS_EventTaskRdy
</UL>
<BR>[Calls]<UL><LI><a href="#[c81550]">&gt;&gt;</a>&nbsp;&nbsp;&nbsp;UART0_Exception
<LI><a href="#[c81700]">&gt;&gt;</a>&nbsp;&nbsp;&nbsp;OSIntExit
</UL>
<BR>[Address Reference Count : 1]<UL><LI> target.o(.text)
</UL>
<P><STRONG><a name="[c81e10]"></a>Uart1_Handler</STRONG> (ARM, 0 bytes, Stack size unknown bytes, irq.o(IRQ))
<BR><BR>[Stack]<UL><LI>Max Depth = 48 + Unknown Stack Size
<LI>Call Chain = Uart1_Handler &rArr; UART1_Exception &rArr; OSSemPost &rArr; OS_EventTaskRdy
</UL>
<BR>[Calls]<UL><LI><a href="#[c81508]">&gt;&gt;</a>&nbsp;&nbsp;&nbsp;UART1_Exception
<LI><a href="#[c81700]">&gt;&gt;</a>&nbsp;&nbsp;&nbsp;OSIntExit
</UL>
<BR>[Address Reference Count : 1]<UL><LI> target.o(.text)
</UL>
<P><STRONG><a name="[c81dc8]"></a>Uart2_Handler</STRONG> (ARM, 0 bytes, Stack size unknown bytes, irq.o(IRQ))
<BR><BR>[Stack]<UL><LI>Max Depth = 48 + Unknown Stack Size
<LI>Call Chain = Uart2_Handler &rArr; UART2_Exception &rArr; OSSemPost &rArr; OS_EventTaskRdy
</UL>
<BR>[Calls]<UL><LI><a href="#[c814c0]">&gt;&gt;</a>&nbsp;&nbsp;&nbsp;UART2_Exception
<LI><a href="#[c81700]">&gt;&gt;</a>&nbsp;&nbsp;&nbsp;OSIntExit
</UL>
<BR>[Address Reference Count : 1]<UL><LI> target.o(.text)
</UL>
<P><STRONG><a name="[c81d80]"></a>Uart3_Handler</STRONG> (ARM, 0 bytes, Stack size unknown bytes, irq.o(IRQ))
<BR><BR>[Stack]<UL><LI>Max Depth = 48 + Unknown Stack Size
<LI>Call Chain = Uart3_Handler &rArr; UART3_Exception &rArr; OSSemPost &rArr; OS_EventTaskRdy
</UL>
<BR>[Calls]<UL><LI><a href="#[c81478]">&gt;&gt;</a>&nbsp;&nbsp;&nbsp;UART3_Exception
<LI><a href="#[c81700]">&gt;&gt;</a>&nbsp;&nbsp;&nbsp;OSIntExit
</UL>
<BR>[Address Reference Count : 1]<UL><LI> target.o(.text)
</UL>
<P><STRONG><a name="[c81f30]"></a>CAN_Handler</STRONG> (ARM, 0 bytes, Stack size unknown bytes, irq.o(IRQ))
<BR><BR>[Stack]<UL><LI>Max Depth = 40 + Unknown Stack Size
<LI>Call Chain = CAN_Handler &rArr; CAN_Exception &rArr; OSSemPost &rArr; OS_EventTaskRdy
</UL>
<BR>[Calls]<UL><LI><a href="#[c81700]">&gt;&gt;</a>&nbsp;&nbsp;&nbsp;OSIntExit
<LI><a href="#[c81790]">&gt;&gt;</a>&nbsp;&nbsp;&nbsp;CAN_Exception
</UL>
<BR>[Address Reference Count : 1]<UL><LI> target.o(.text)
</UL>
<P><STRONG><a name="[c80dc0]"></a>SoftwareInterrupt</STRONG> (ARM, 0 bytes, Stack size unknown bytes, os_cpu_a.o(subr))
<BR><BR>[Stack]<UL><LI>Max Depth = 4 + Unknown Stack Size
<LI>Call Chain = SoftwareInterrupt &rArr; SWI_Exception
</UL>
<BR>[Calls]<UL><LI><a href="#[c7f5d0]">&gt;&gt;</a>&nbsp;&nbsp;&nbsp;SWI_Exception
</UL>
<BR>[Address Reference Count : 1]<UL><LI> startup.o(RESET)
</UL>
<P><STRONG><a name="[c81748]"></a>OSIntCtxSw</STRONG> (ARM, 0 bytes, Stack size unknown bytes, os_cpu_a.o(subr))
<BR><BR>[Calls]<UL><LI><a href="#[c7f420]">&gt;&gt;</a>&nbsp;&nbsp;&nbsp;OSTaskSwHook
</UL>
<BR>[Address Reference Count : 2]<UL><LI> os_cpu_a.o(subr)
<LI> irq.o(IRQ)
</UL>
<P><STRONG><a name="[c7ef50]"></a>__OSStartHighRdy</STRONG> (ARM, 0 bytes, Stack size unknown bytes, os_cpu_a.o(subr))
<BR><BR>[Calls]<UL><LI><a href="#[c7f420]">&gt;&gt;</a>&nbsp;&nbsp;&nbsp;OSTaskSwHook
</UL>
<BR>[Address Reference Count : 1]<UL><LI> os_cpu_a.o(subr)
</UL>
<P><STRONG><a name="[1502b70]"></a>_fp_init</STRONG> (ARM, 24 bytes, Stack size 8 bytes, fpinit.o(x$fpl$fpinit))
<BR><BR>[Stack]<UL><LI>Max Depth = 8<LI>Call Chain = _fp_init
</UL>
<BR>[Calls]<UL><LI><a href="#[1502420]">&gt;&gt;</a>&nbsp;&nbsp;&nbsp;__rt_fp_status_addr
</UL>
<BR>[Called By]<UL><LI><a href="#[1504970]">&gt;&gt;</a>&nbsp;&nbsp;&nbsp;__rt_lib_init (via Veneer)
</UL>

<P><STRONG><a name="[1502b28]"></a>__fplib_config_pureend_doubles</STRONG> (ARM, 0 bytes, Stack size unknown bytes, fpinit.o(x$fpl$fpinit), UNUSED)
<P>
<H3>
Local Symbols
</H3>
<P><STRONG><a name="[c82bd8]"></a>InitWTD</STRONG> (ARM, 24 bytes, Stack size 0 bytes, target.o(.text))
<BR><BR>[Called By]<UL><LI><a href="#[c81fc0]">&gt;&gt;</a>&nbsp;&nbsp;&nbsp;TargetInit
</UL>

<P><STRONG><a name="[c81048]"></a>Undef_Handler</STRONG> (ARM, 4 bytes, Stack size unknown bytes, startup.o(RESET))
<BR><BR>[Calls]<UL><LI><a href="#[c81048]">&gt;&gt;</a>&nbsp;&nbsp;&nbsp;Undef_Handler
</UL>
<BR>[Called By]<UL><LI><a href="#[c81048]">&gt;&gt;</a>&nbsp;&nbsp;&nbsp;Undef_Handler
</UL>
<BR>[Address Reference Count : 1]<UL><LI> startup.o(RESET)
</UL>
<P><STRONG><a name="[c81000]"></a>PAbt_Handler</STRONG> (ARM, 4 bytes, Stack size unknown bytes, startup.o(RESET))
<BR><BR>[Calls]<UL><LI><a href="#[c81000]">&gt;&gt;</a>&nbsp;&nbsp;&nbsp;PAbt_Handler
</UL>
<BR>[Called By]<UL><LI><a href="#[c81000]">&gt;&gt;</a>&nbsp;&nbsp;&nbsp;PAbt_Handler
</UL>
<BR>[Address Reference Count : 1]<UL><LI> startup.o(RESET)
</UL>
<P><STRONG><a name="[c80fb8]"></a>DAbt_Handler</STRONG> (ARM, 4 bytes, Stack size unknown bytes, startup.o(RESET))
<BR><BR>[Calls]<UL><LI><a href="#[c80fb8]">&gt;&gt;</a>&nbsp;&nbsp;&nbsp;DAbt_Handler
</UL>
<BR>[Called By]<UL><LI><a href="#[c80fb8]">&gt;&gt;</a>&nbsp;&nbsp;&nbsp;DAbt_Handler
</UL>
<BR>[Address Reference Count : 1]<UL><LI> startup.o(RESET)
</UL>
<P><STRONG><a name="[c80f70]"></a>FIQ_Handler</STRONG> (ARM, 0 bytes, Stack size unknown bytes, startup.o(RESET))
<BR><BR>[Calls]<UL><LI><a href="#[c820e0]">&gt;&gt;</a>&nbsp;&nbsp;&nbsp;FIQ_Exception
</UL>
<BR>[Address Reference Count : 1]<UL><LI> startup.o(RESET)
</UL>
<P><STRONG><a name="[c7e618]"></a>OS_InitTaskStat</STRONG> (ARM, 68 bytes, Stack size 24 bytes, os_core.o(.text))
<BR><BR>[Stack]<UL><LI>Max Depth = 120<LI>Call Chain = OS_InitTaskStat &rArr; OSTaskCreateExt &rArr; OS_TCBInit
</UL>
<BR>[Calls]<UL><LI><a href="#[c7d4a8]">&gt;&gt;</a>&nbsp;&nbsp;&nbsp;OSTaskCreateExt
</UL>
<BR>[Called By]<UL><LI><a href="#[c7d898]">&gt;&gt;</a>&nbsp;&nbsp;&nbsp;OSInit
</UL>

<P><STRONG><a name="[c7e5d0]"></a>OS_InitTaskIdle</STRONG> (ARM, 68 bytes, Stack size 24 bytes, os_core.o(.text))
<BR><BR>[Stack]<UL><LI>Max Depth = 120<LI>Call Chain = OS_InitTaskIdle &rArr; OSTaskCreateExt &rArr; OS_TCBInit
</UL>
<BR>[Calls]<UL><LI><a href="#[c7d4a8]">&gt;&gt;</a>&nbsp;&nbsp;&nbsp;OSTaskCreateExt
</UL>
<BR>[Called By]<UL><LI><a href="#[c7d898]">&gt;&gt;</a>&nbsp;&nbsp;&nbsp;OSInit
</UL>

[...]
</UL>
<BR>[Calls]<UL><LI><a href="#[c78350]">&gt;&gt;</a>&nbsp;&nbsp;&nbsp;OSSemPost
<LI><a href="#[c78398]">&gt;&gt;</a>&nbsp;&nbsp;&nbsp;OSSemPend
<LI><a href="#[12d7088]">&gt;&gt;</a>&nbsp;&nbsp;&nbsp;WriteRecoder1
</UL>
<BR>[Address Reference Count : 1]<UL><LI> _rwfile.o(.constdata)
</UL>
<P><STRONG><a name="[12d6ff8]"></a>GetJlNum1</STRONG> (ARM, 64 bytes, Stack size 16 bytes, _rwfile.o(.text))
<BR><BR>[Stack]<UL><LI>Max Depth = 48<LI>Call Chain = GetJlNum1 &rArr; OSSemPost &rArr; OS_EventTaskRdy
</UL>
<BR>[Calls]<UL><LI><a href="#[c78350]">&gt;&gt;</a>&nbsp;&nbsp;&nbsp;OSSemPost
<LI><a href="#[c78398]">&gt;&gt;</a>&nbsp;&nbsp;&nbsp;OSSemPend
<LI><a href="#[12d71f0]">&gt;&gt;</a>&nbsp;&nbsp;&nbsp;GetJlNum
</UL>
<BR>[Address Reference Count : 1]<UL><LI> _rwfile.o(.constdata)
</UL>
<P><STRONG><a name="[12d6fb0]"></a>Seek</STRONG> (ARM, 12 bytes, Stack size 0 bytes, _rwfile.o(.text))
<BR><BR>[Called By]<UL><LI><a href="#[12d6f68]">&gt;&gt;</a>&nbsp;&nbsp;&nbsp;Seek1
</UL>

<P><STRONG><a name="[12d6f68]"></a>Seek1</STRONG> (ARM, 88 bytes, Stack size 32 bytes, _rwfile.o(.text))
<BR><BR>[Stack]<UL><LI>Max Depth = 64<LI>Call Chain = Seek1 &rArr; OSSemPost &rArr; OS_EventTaskRdy
</UL>
<BR>[Calls]<UL><LI><a href="#[c78350]">&gt;&gt;</a>&nbsp;&nbsp;&nbsp;OSSemPost
<LI><a href="#[c78398]">&gt;&gt;</a>&nbsp;&nbsp;&nbsp;OSSemPend
<LI><a href="#[12d6fb0]">&gt;&gt;</a>&nbsp;&nbsp;&nbsp;Seek
</UL>
<BR>[Address Reference Count : 1]<UL><LI> _rwfile.o(.constdata)
</UL>
<P><STRONG><a name="[12d6f20]"></a>SeekSize</STRONG> (ARM, 36 bytes, Stack size 16 bytes, _rwfile.o(.text))
<BR><BR>[Stack]<UL><LI>Max Depth = 16<LI>Call Chain = SeekSize
</UL>
<BR>[Called By]<UL><LI><a href="#[12d6ed8]">&gt;&gt;</a>&nbsp;&nbsp;&nbsp;SeekSize1
</UL>

<P><STRONG><a name="[12d6ed8]"></a>SeekSize1</STRONG> (ARM, 108 bytes, Stack size 64 bytes, _rwfile.o(.text))
<BR><BR>[Stack]<UL><LI>Max Depth = 96<LI>Call Chain = SeekSize1 &rArr; OSSemPost &rArr; OS_EventTaskRdy
</UL>
<BR>[Calls]<UL><LI><a href="#[c78350]">&gt;&gt;</a>&nbsp;&nbsp;&nbsp;OSSemPost
<LI><a href="#[c78398]">&gt;&gt;</a>&nbsp;&nbsp;&nbsp;OSSemPend
<LI><a href="#[12d6f20]">&gt;&gt;</a>&nbsp;&nbsp;&nbsp;SeekSize
</UL>
<BR>[Address Reference Count : 1]<UL><LI> _rwfile.o(.constdata)
</UL>
<P><STRONG><a name="[12d6e90]"></a>ReadHeadTail</STRONG> (ARM, 120 bytes, Stack size 24 bytes, _rwfile.o(.text))
<BR><BR>[Stack]<UL><LI>Max Depth = 56<LI>Call Chain = ReadHeadTail &rArr; OSSemPost &rArr; OS_EventTaskRdy
</UL>
<BR>[Calls]<UL><LI><a href="#[c78350]">&gt;&gt;</a>&nbsp;&nbsp;&nbsp;OSSemPost
<LI><a href="#[c78398]">&gt;&gt;</a>&nbsp;&nbsp;&nbsp;OSSemPend
</UL>
<BR>[Address Reference Count : 1]<UL><LI> _rwfile.o(.constdata)
</UL>
<P><STRONG><a name="[12d6e48]"></a>ReadPor</STRONG> (ARM, 84 bytes, Stack size 16 bytes, _rwfile.o(.text))
<BR><BR>[Stack]<UL><LI>Max Depth = 48<LI>Call Chain = ReadPor &rArr; OSSemPost &rArr; OS_EventTaskRdy
</UL>
<BR>[Calls]<UL><LI><a href="#[c78350]">&gt;&gt;</a>&nbsp;&nbsp;&nbsp;OSSemPost
<LI><a href="#[c78398]">&gt;&gt;</a>&nbsp;&nbsp;&nbsp;OSSemPend
<LI><a href="#[12d7820]">&gt;&gt;</a>&nbsp;&nbsp;&nbsp;MoveByte
</UL>
<BR>[Address Reference Count : 1]<UL><LI> _rwfile.o(.constdata)
</UL>
<P><STRONG><a name="[12d49c0]"></a>Open</STRONG> (ARM, 156 bytes, Stack size 16 bytes, _rwflashlgc.o(.text))
<BR><BR>[Stack]<UL><LI>Max Depth = 16<LI>Call Chain = Open
</UL>
<BR>[Address Reference Count : 1]<UL><LI> _rwflashlgc.o(.constdata)
</UL>
<P><STRONG><a name="[12d4978]"></a>Lgc2Phy</STRONG> (ARM, 120 bytes, Stack size 4 bytes, _rwflashlgc.o(.text))
<BR><BR>[Stack]<UL><LI>Max Depth = 4<LI>Call Chain = Lgc2Phy
</UL>
<BR>[Called By]<UL><LI><a href="#[12d4810]">&gt;&gt;</a>&nbsp;&nbsp;&nbsp;Ease
<LI><a href="#[12d48a0]">&gt;&gt;</a>&nbsp;&nbsp;&nbsp;WriteBlock
<LI><a href="#[12d4930]">&gt;&gt;</a>&nbsp;&nbsp;&nbsp;Read
</UL>

<P><STRONG><a name="[12d4930]"></a>Read</STRONG> (ARM, 364 bytes, Stack size 40 bytes, _rwflashlgc.o(.text))
<BR><BR>[Stack]<UL><LI>Max Depth = 44 + Unknown Stack Size
<LI>Call Chain = Read &rArr; Lgc2Phy
</UL>
<BR>[Calls]<UL><LI><a href="#[12d4978]">&gt;&gt;</a>&nbsp;&nbsp;&nbsp;Lgc2Phy
<LI><a href="#[15077f8]">&gt;&gt;</a>&nbsp;&nbsp;&nbsp;__aeabi_uidivmod
</UL>
<BR>[Address Reference Count : 1]<UL><LI> _rwflashlgc.o(.constdata)
</UL>
<P><STRONG><a name="[12d48e8]"></a>MoveByte</STRONG> (ARM, 36 bytes, Stack size 0 bytes, _rwflashlgc.o(.text))
<BR><BR>[Called By]<UL><LI><a href="#[12d48a0]">&gt;&gt;</a>&nbsp;&nbsp;&nbsp;WriteBlock
</UL>

<P><STRONG><a name="[12d48a0]"></a>WriteBlock</STRONG> (ARM, 676 bytes, Stack size 40 bytes, _rwflashlgc.o(.text))
<BR><BR>[Stack]<UL><LI>Max Depth = 44 + Unknown Stack Size
<LI>Call Chain = WriteBlock &rArr; Lgc2Phy
</UL>
<BR>[Calls]<UL><LI><a href="#[12d48e8]">&gt;&gt;</a>&nbsp;&nbsp;&nbsp;MoveByte
<LI><a href="#[12d4978]">&gt;&gt;</a>&nbsp;&nbsp;&nbsp;Lgc2Phy
<LI><a href="#[15077f8]">&gt;&gt;</a>&nbsp;&nbsp;&nbsp;__aeabi_uidivmod
</UL>
<BR>[Called By]<UL><LI><a href="#[12d4858]">&gt;&gt;</a>&nbsp;&nbsp;&nbsp;Write
</UL>

<P><STRONG><a name="[12d4858]"></a>Write</STRONG> (ARM, 252 bytes, Stack size 32 bytes, _rwflashlgc.o(.text))
<BR><BR>[Stack]<UL><LI>Max Depth = 76 + Unknown Stack Size
<LI>Call Chain = Write &rArr; WriteBlock &rArr; Lgc2Phy
</UL>
<BR>[Calls]<UL><LI><a href="#[12d48a0]">&gt;&gt;</a>&nbsp;&nbsp;&nbsp;WriteBlock
<LI><a href="#[15077f8]">&gt;&gt;</a>&nbsp;&nbsp;&nbsp;__aeabi_uidivmod
</UL>
<BR>[Address Reference Count : 1]<UL><LI> _rwflashlgc.o(.constdata)
</UL>
<P><STRONG><a name="[12d4810]"></a>Ease</STRONG> (ARM, 216 bytes, Stack size 16 bytes, _rwflashlgc.o(.text))
<BR><BR>[Stack]<UL><LI>Max Depth = 20 + Unknown Stack Size
<LI>Call Chain = Ease &rArr; Lgc2Phy
</UL>
<BR>[Calls]<UL><LI><a href="#[12d4978]">&gt;&gt;</a>&nbsp;&nbsp;&nbsp;Lgc2Phy
<LI><a href="#[15077f8]">&gt;&gt;</a>&nbsp;&nbsp;&nbsp;__aeabi_uidivmod
</UL>
<BR>[Address Reference Count : 1]<UL><LI> _rwflashlgc.o(.constdata)
</UL>
<P><STRONG><a name="[12d26c8]"></a>Trans_Gps_State</STRONG> (ARM, 160 bytes, Stack size 16 bytes, _datatrans.o(.text), UNUSED)
<BR><BR>[Called By]<UL><LI><a href="#[12d1708]">&gt;&gt;</a>&nbsp;&nbsp;&nbsp;Trans_Gps_Hand
<LI><a href="#[12d1750]">&gt;&gt;</a>&nbsp;&nbsp;&nbsp;Trans_Gps
</UL>

<P><STRONG><a name="[12d2680]"></a>Trans_Gps_Year</STRONG> (ARM, 104 bytes, Stack size 16 bytes, _datatrans.o(.text), UNUSED)
<BR><BR>[Called By]<UL><LI><a href="#[12d1708]">&gt;&gt;</a>&nbsp;&nbsp;&nbsp;Trans_Gps_Hand
<LI><a href="#[12d1750]">&gt;&gt;</a>&nbsp;&nbsp;&nbsp;Trans_Gps
</UL>

<P><STRONG><a name="[12d2638]"></a>Trans_Gps_Angle</STRONG> (ARM, 156 bytes, Stack size 32 bytes, _datatrans.o(.text), UNUSED)
<BR><BR>[Calls]<UL><LI><a href="#[15077f8]">&gt;&gt;</a>&nbsp;&nbsp;&nbsp;__aeabi_uidivmod
<LI><a href="#[1507d10]">&gt;&gt;</a>&nbsp;&nbsp;&nbsp;strlen (via Veneer)
<LI><a href="#[1508430]">&gt;&gt;</a>&nbsp;&nbsp;&nbsp;__aeabi_memset
</UL>
<BR>[Called By]<UL><LI><a href="#[12d1708]">&gt;&gt;</a>&nbsp;&nbsp;&nbsp;Trans_Gps_Hand
<LI><a href="#[12d1750]">&gt;&gt;</a>&nbsp;&nbsp;&nbsp;Trans_Gps
</UL>

<P><STRONG><a name="[12d25f0]"></a>Trans_Gps_Speed</STRONG> (ARM, 144 bytes, Stack size 32 bytes, _datatrans.o(.text), UNUSED)
<BR><BR>[Calls]<UL><LI><a href="#[1507d10]">&gt;&gt;</a>&nbsp;&nbsp;&nbsp;strlen (via Veneer)
<LI><a href="#[1508430]">&gt;&gt;</a>&nbsp;&nbsp;&nbsp;__aeabi_memset
</UL>
<BR>[Called By]<UL><LI><a href="#[12d1708]">&gt;&gt;</a>&nbsp;&nbsp;&nbsp;Trans_Gps_Hand
<LI><a href="#[12d1750]">&gt;&gt;</a>&nbsp;&nbsp;&nbsp;Trans_Gps
</UL>

<P><STRONG><a name="[12d25a8]"></a>Trans_Gps_Location</STRONG> (ARM, 288 bytes, Stack size 0 bytes, _datatrans.o(.text), UNUSED)
<BR><BR>[Called By]<UL><LI><a href="#[12d1708]">&gt;&gt;</a>&nbsp;&nbsp;&nbsp;Trans_Gps_Hand
<LI><a href="#[12d1750]">&gt;&gt;</a>&nbsp;&nbsp;&nbsp;Trans_Gps
</UL>

<P><STRONG><a name="[12d2560]"></a>Trans_Gps_LongHem</STRONG> (ARM, 140 bytes, Stack size 32 bytes, _datatrans.o(.text), UNUSED)
<BR><BR>[Calls]<UL><LI><a href="#[1507d10]">&gt;&gt;</a>&nbsp;&nbsp;&nbsp;strlen (via Veneer)
<LI><a href="#[1508430]">&gt;&gt;</a>&nbsp;&nbsp;&nbsp;__aeabi_memset
</UL>
<BR>[Called By]<UL><LI><a href="#[12d1708]">&gt;&gt;</a>&nbsp;&nbsp;&nbsp;Trans_Gps_Hand
<LI><a href="#[12d1750]">&gt;&gt;</a>&nbsp;&nbsp;&nbsp;Trans_Gps
</UL>

<P><STRONG><a name="[12d2518]"></a>Trans_Gps_Latitude</STRONG> (ARM, 140 bytes, Stack size 32 bytes, _datatrans.o(.text), UNUSED)
<BR><BR>[Calls]<UL><LI><a href="#[1507d10]">&gt;&gt;</a>&nbsp;&nbsp;&nbsp;strlen (via Veneer)
<LI><a href="#[1508430]">&gt;&gt;</a>&nbsp;&nbsp;&nbsp;__aeabi_memset
</UL>
<BR>[Called By]<UL><LI><a href="#[12d1708]">&gt;&gt;</a>&nbsp;&nbsp;&nbsp;Trans_Gps_Hand
<LI><a href="#[12d1750]">&gt;&gt;</a>&nbsp;&nbsp;&nbsp;Trans_Gps
</UL>

<P><STRONG><a name="[12d24d0]"></a>Trans_Gps_Timer</STRONG> (ARM, 48 bytes, Stack size 16 bytes, _datatrans.o(.text), UNUSED)
<BR><BR>[Called By]<UL><LI><a href="#[12d1708]">&gt;&gt;</a>&nbsp;&nbsp;&nbsp;Trans_Gps_Hand
<LI><a href="#[12d1750]">&gt;&gt;</a>&nbsp;&nbsp;&nbsp;Trans_Gps
</UL>

<P><STRONG><a name="[139e890]"></a>Get_Sys_State</STRONG> (ARM, 296 bytes, Stack size 16 bytes, _filedata.o(.text), UNUSED)
<BR><BR>[Called By]<UL><LI><a href="#[139cb98]">&gt;&gt;</a>&nbsp;&nbsp;&nbsp;BackInit
<LI><a href="#[139cc28]">&gt;&gt;</a>&nbsp;&nbsp;&nbsp;CheckFile
</UL>

<P><STRONG><a name="[139e848]"></a>CheckFile_GpsMessage</STRONG> (ARM, 104 bytes, Stack size 8 bytes, _filedata.o(.text), UNUSED)
<BR><BR>[Called By]<UL><LI><a href="#[139cc28]">&gt;&gt;</a>&nbsp;&nbsp;&nbsp;CheckFile
</UL>

<P><STRONG><a name="[139e800]"></a>CheckFile_Message</STRONG> (ARM, 184 bytes, Stack size 48 bytes, _filedata.o(.text), UNUSED)
<BR><BR>[Called By]<UL><LI><a href="#[139cc28]">&gt;&gt;</a>&nbsp;&nbsp;&nbsp;CheckFile
</UL>

<P><STRONG><a name="[139e7b8]"></a>CheckFile_MessageState</STRONG> (ARM, 288 bytes, Stack size 8 bytes, _filedata.o(.text), UNUSED)
<BR><BR>[Called By]<UL><LI><a href="#[139cc28]">&gt;&gt;</a>&nbsp;&nbsp;&nbsp;CheckFile
</UL>

<P><STRONG><a name="[139e770]"></a>BackUpLoader</STRONG> (ARM, 60 bytes, Stack size 16 bytes, _filedata.o(.text), UNUSED)
<BR><BR>[Called By]<UL><LI><a href="#[139cb98]">&gt;&gt;</a>&nbsp;&nbsp;&nbsp;BackInit
<LI><a href="#[139e728]">&gt;&gt;</a>&nbsp;&nbsp;&nbsp;CheckFile_UpLoader
</UL>

<P><STRONG><a name="[139e728]"></a>CheckFile_UpLoader</STRONG> (ARM, 144 bytes, Stack size 8 bytes, _filedata.o(.text), UNUSED)
<BR><BR>[Calls]<UL><LI><a href="#[139e770]">&gt;&gt;</a>&nbsp;&nbsp;&nbsp;BackUpLoader
</UL>
<BR>[Called By]<UL><LI><a href="#[139cc28]">&gt;&gt;</a>&nbsp;&nbsp;&nbsp;CheckFile
</UL>

<P><STRONG><a name="[139e6e0]"></a>BackAccTimer</STRONG> (ARM, 52 bytes, Stack size 8 bytes, _filedata.o(.text), UNUSED)
<BR><BR>[Called By]<UL><LI><a href="#[139cb98]">&gt;&gt;</a>&nbsp;&nbsp;&nbsp;BackInit
<LI><a href="#[139e698]">&gt;&gt;</a>&nbsp;&nbsp;&nbsp;CheckFile_Acc
</UL>

<P><STRONG><a name="[139e698]"></a>CheckFile_Acc</STRONG> (ARM, 144 bytes, Stack size 8 bytes, _filedata.o(.text), UNUSED)
<BR><BR>[Calls]<UL><LI><a href="#[139e6e0]">&gt;&gt;</a>&nbsp;&nbsp;&nbsp;BackAccTimer
</UL>
<BR>[Called By]<UL><LI><a href="#[139cc28]">&gt;&gt;</a>&nbsp;&nbsp;&nbsp;CheckFile
</UL>

<P><STRONG><a name="[139e650]"></a>BackPareameter</STRONG> (ARM, 364 bytes, Stack size 104 bytes, _filedata.o(.text), UNUSED)
<BR><BR>[Called By]<UL><LI><a href="#[139cb98]">&gt;&gt;</a>&nbsp;&nbsp;&nbsp;BackInit
<LI><a href="#[139e608]">&gt;&gt;</a>&nbsp;&nbsp;&nbsp;CheckFile_Parameter
</UL>

<P><STRONG><a name="[139e608]"></a>CheckFile_Parameter</STRONG> (ARM, 144 bytes, Stack size 8 bytes, _filedata.o(.text), UNUSED)
<BR><BR>[Calls]<UL><LI><a href="#[139e650]">&gt;&gt;</a>&nbsp;&nbsp;&nbsp;BackPareameter
</UL>
<BR>[Called By]<UL><LI><a href="#[139cc28]">&gt;&gt;</a>&nbsp;&nbsp;&nbsp;CheckFile
</UL>

<P><STRONG><a name="[139e5c0]"></a>BackCan</STRONG> (ARM, 116 bytes, Stack size 24 bytes, _filedata.o(.text), UNUSED)
<BR><BR>[Called By]<UL><LI><a href="#[139cb98]">&gt;&gt;</a>&nbsp;&nbsp;&nbsp;BackInit
<LI><a href="#[139e578]">&gt;&gt;</a>&nbsp;&nbsp;&nbsp;CheckFile_CanID
</UL>

<P><STRONG><a name="[139e578]"></a>CheckFile_CanID</STRONG> (ARM, 144 bytes, Stack size 8 bytes, _filedata.o(.text), UNUSED)
<BR><BR>[Calls]<UL><LI><a href="#[139e5c0]">&gt;&gt;</a>&nbsp;&nbsp;&nbsp;BackCan
</UL>
<BR>[Called By]<UL><LI><a href="#[139cc28]">&gt;&gt;</a>&nbsp;&nbsp;&nbsp;CheckFile
</UL>

<P><STRONG><a name="[139e530]"></a>BackBasic</STRONG> (ARM, 268 bytes, Stack size 40 bytes, _filedata.o(.text), UNUSED)
<BR><BR>[Called By]<UL><LI><a href="#[139e4e8]">&gt;&gt;</a>&nbsp;&nbsp;&nbsp;CheckFile_Basic
</UL>

<P><STRONG><a name="[139e4e8]"></a>CheckFile_Basic</STRONG> (ARM, 144 bytes, Stack size 8 bytes, _filedata.o(.text), UNUSED)
<BR><BR>[Calls]<UL><LI><a href="#[139e530]">&gt;&gt;</a>&nbsp;&nbsp;&nbsp;BackBasic
</UL>
<BR>[Called By]<UL><LI><a href="#[139cc28]">&gt;&gt;</a>&nbsp;&nbsp;&nbsp;CheckFile
</UL>

<P><STRONG><a name="[139a0c0]"></a>InitContrl</STRONG> (ARM, 164 bytes, Stack size 304 bytes, _init.o(.text), UNUSED)
<BR><BR>[Calls]<UL><LI><a href="#[c7b868]">&gt;&gt;</a>&nbsp;&nbsp;&nbsp;OSMboxPost
<LI><a href="#[1398728]">&gt;&gt;</a>&nbsp;&nbsp;&nbsp;GpsInit
</UL>
<BR>[Called By]<UL><LI><a href="#[139a078]">&gt;&gt;</a>&nbsp;&nbsp;&nbsp;Init
</UL>

<P><STRONG><a name="[139a078]"></a>Init</STRONG> (ARM, 156 bytes, Stack size 8 bytes, _init.o(.text), UNUSED)
<BR><BR>[Calls]<UL><LI><a href="#[c7d460]">&gt;&gt;</a>&nbsp;&nbsp;&nbsp;OSTimeDly
<LI><a href="#[139a0c0]">&gt;&gt;</a>&nbsp;&nbsp;&nbsp;InitContrl
<LI><a href="#[139cbe0]">&gt;&gt;</a>&nbsp;&nbsp;&nbsp;InitCenPhone
<LI><a href="#[139cc28]">&gt;&gt;</a>&nbsp;&nbsp;&nbsp;CheckFile
</UL>

<P><STRONG><a name="[1468168]"></a>GpsSem</STRONG> (ARM, 84 bytes, Stack size 16 bytes, gpsevent.o(.text))
<BR><BR>[Stack]<UL><LI>Max Depth = 16<LI>Call Chain = GpsSem
</UL>
<BR>[Address Reference Count : 1]<UL><LI> gpsevent.o(.constdata)
</UL>
<P><STRONG><a name="[1468120]"></a>GpsNoSem</STRONG> (ARM, 80 bytes, Stack size 16 bytes, gpsevent.o(.text))
<BR><BR>[Stack]<UL><LI>Max Depth = 16<LI>Call Chain = GpsNoSem
</UL>
<BR>[Address Reference Count : 1]<UL><LI> gpsevent.o(.constdata)
</UL>
<P><STRONG><a name="[14680d8]"></a>GpsErro</STRONG> (ARM, 16 bytes, Stack size 0 bytes, gpsevent.o(.text))
<BR>[Address Reference Count : 1]<UL><LI> gpsevent.o(.constdata)
</UL>
<P><STRONG><a name="[15079a8]"></a>__arm_div8</STRONG> (ARM, 0 bytes, Stack size unknown bytes, aeabi_sdiv.o(.text))
<BR><BR>[Called By]<UL><LI><a href="#[15077f8]">&gt;&gt;</a>&nbsp;&nbsp;&nbsp;__aeabi_uidivmod
</UL>

<P><STRONG><a name="[1507960]"></a>__arm_div4</STRONG> (ARM, 0 bytes, Stack size unknown bytes, aeabi_sdiv.o(.text))
<BR><BR>[Called By]<UL><LI><a href="#[15077f8]">&gt;&gt;</a>&nbsp;&nbsp;&nbsp;__aeabi_uidivmod
</UL>

<P><STRONG><a name="[1507918]"></a>__arm_div_large</STRONG> (ARM, 0 bytes, Stack size unknown bytes, aeabi_sdiv.o(.text))
<BR><BR>[Called By]<UL><LI><a href="#[15077f8]">&gt;&gt;</a>&nbsp;&nbsp;&nbsp;__aeabi_uidivmod
</UL>
<P>
<H3>
Undefined Global Symbols
</H3>
<P><STRONG><a name="[1504850]"></a>__ARM_exceptions_init</STRONG> (Unknown, 0 bytes, Stack size 0 bytes, UNDEFINED)
<BR><BR>[Called By]<UL><LI><a href="#[1504970]">&gt;&gt;</a>&nbsp;&nbsp;&nbsp;__rt_lib_init (Weak Reference)
</UL>

<P><STRONG><a name="[1504808]"></a>__Heap_DescSize</STRONG> (Unknown, 0 bytes, Stack size 0 bytes, UNDEFINED)
<BR><BR>[Called By]<UL><LI><a href="#[1504970]">&gt;&gt;</a>&nbsp;&nbsp;&nbsp;__rt_lib_init (Weak Reference)
</UL>

<P><STRONG><a name="[15047c0]"></a>__alloca_initialize</STRONG> (Unknown, 0 bytes, Stack size 0 bytes, UNDEFINED)
<BR><BR>[Called By]<UL><LI><a href="#[1504970]">&gt;&gt;</a>&nbsp;&nbsp;&nbsp;__rt_lib_init (Weak Reference)
</UL>

<P><STRONG><a name="[1504778]"></a>__cpp_initialize__aeabi_</STRONG> (Unknown, 0 bytes, Stack size 0 bytes, UNDEFINED)
<BR><BR>[Called By]<UL><LI><a href="#[1504970]">&gt;&gt;</a>&nbsp;&nbsp;&nbsp;__rt_lib_init (Weak Reference)
</UL>

<P><STRONG><a name="[1504730]"></a>__cxa_finalize</STRONG> (Unknown, 0 bytes, Stack size 0 bytes, UNDEFINED)
<BR><BR>[Called By]<UL><LI><a href="#[1504928]">&gt;&gt;</a>&nbsp;&nbsp;&nbsp;__rt_lib_shutdown (Weak Reference)
</UL>

<P><STRONG><a name="[1506a28]"></a>__user_heap_extend</STRONG> (Unknown, 0 bytes, Stack size 0 bytes, UNDEFINED, UNUSED)
<BR><BR>[Called By]<UL><LI><a href="#[1506b00]">&gt;&gt;</a>&nbsp;&nbsp;&nbsp;__rt_heap_extend (Weak Reference)
</UL>

<P><STRONG><a name="[15046e8]"></a>_atexit_init</STRONG> (Unknown, 0 bytes, Stack size 0 bytes, UNDEFINED)
<BR><BR>[Called By]<UL><LI><a href="#[1504970]">&gt;&gt;</a>&nbsp;&nbsp;&nbsp;__rt_lib_init (Weak Reference)
</UL>

<P><STRONG><a name="[1504d60]"></a>_call_atexit_fns</STRONG> (Unknown, 0 bytes, Stack size 0 bytes, UNDEFINED)
<BR><BR>[Called By]<UL><LI><a href="#[1504df0]">&gt;&gt;</a>&nbsp;&nbsp;&nbsp;exit (Weak Reference)
</UL>

<P><STRONG><a name="[15046a0]"></a>_clock_init</STRONG> (Unknown, 0 bytes, Stack size 0 bytes, UNDEFINED)
<BR><BR>[Called By]<UL><LI><a href="#[1504970]">&gt;&gt;</a>&nbsp;&nbsp;&nbsp;__rt_lib_init (Weak Reference)
</UL>

<P><STRONG><a name="[1504658]"></a>_fp_trap_init</STRONG> (Unknown, 0 bytes, Stack size 0 bytes, UNDEFINED)
<BR><BR>[Called By]<UL><LI><a href="#[1504970]">&gt;&gt;</a>&nbsp;&nbsp;&nbsp;__rt_lib_init (Weak Reference)
</UL>

<P><STRONG><a name="[1504610]"></a>_get_lc_collate</STRONG> (Unknown, 0 bytes, Stack size 0 bytes, UNDEFINED)
<BR><BR>[Called By]<UL><LI><a href="#[1504970]">&gt;&gt;</a>&nbsp;&nbsp;&nbsp;__rt_lib_init (Weak Reference)
</UL>

<P><STRONG><a name="[15045c8]"></a>_get_lc_ctype</STRONG> (Unknown, 0 bytes, Stack size 0 bytes, UNDEFINED)
<BR><BR>[Called By]<UL><LI><a href="#[1504970]">&gt;&gt;</a>&nbsp;&nbsp;&nbsp;__rt_lib_init (Weak Reference)
</UL>

<P><STRONG><a name="[1504580]"></a>_get_lc_monetary</STRONG> (Unknown, 0 bytes, Stack size 0 bytes, UNDEFINED)
<BR><BR>[Called By]<UL><LI><a href="#[1504970]">&gt;&gt;</a>&nbsp;&nbsp;&nbsp;__rt_lib_init (Weak Reference)
</UL>

<P><STRONG><a name="[1504538]"></a>_get_lc_numeric</STRONG> (Unknown, 0 bytes, Stack size 0 bytes, UNDEFINED)
<BR><BR>[Called By]<UL><LI><a href="#[1504970]">&gt;&gt;</a>&nbsp;&nbsp;&nbsp;__rt_lib_init (Weak Reference)
</UL>

<P><STRONG><a name="[15044f0]"></a>_get_lc_time</STRONG> (Unknown, 0 bytes, Stack size 0 bytes, UNDEFINED)
<BR><BR>[Called By]<UL><LI><a href="#[1504970]">&gt;&gt;</a>&nbsp;&nbsp;&nbsp;__rt_lib_init (Weak Reference)
</UL>

<P><STRONG><a name="[15044a8]"></a>_getenv_init</STRONG> (Unknown, 0 bytes, Stack size 0 bytes, UNDEFINED)
<BR><BR>[Called By]<UL><LI><a href="#[1504970]">&gt;&gt;</a>&nbsp;&nbsp;&nbsp;__rt_lib_init (Weak Reference)
</UL>

<P><STRONG><a name="[1504460]"></a>_init_alloc</STRONG> (Unknown, 0 bytes, Stack size 0 bytes, UNDEFINED)
<BR><BR>[Called By]<UL><LI><a href="#[1504970]">&gt;&gt;</a>&nbsp;&nbsp;&nbsp;__rt_lib_init (Weak Reference)
</UL>

<P><STRONG><a name="[1504418]"></a>_init_user_alloc</STRONG> (Unknown, 0 bytes, Stack size 0 bytes, UNDEFINED)
<BR><BR>[Called By]<UL><LI><a href="#[1504970]">&gt;&gt;</a>&nbsp;&nbsp;&nbsp;__rt_lib_init (Weak Reference)
</UL>

<P><STRONG><a name="[15043d0]"></a>_initio</STRONG> (Unknown, 0 bytes, Stack size 0 bytes, UNDEFINED)
<BR><BR>[Called By]<UL><LI><a href="#[1504970]">&gt;&gt;</a>&nbsp;&nbsp;&nbsp;__rt_lib_init (Weak Reference)
</UL>

<P><STRONG><a name="[1504340]"></a>_signal_init</STRONG> (Unknown, 0 bytes, Stack size 0 bytes, UNDEFINED)
<BR><BR>[Called By]<UL><LI><a href="#[1504970]">&gt;&gt;</a>&nbsp;&nbsp;&nbsp;__rt_lib_init (Weak Reference)
</UL>

<P><STRONG><a name="[15042f8]"></a>_terminate_user_alloc</STRONG> (Unknown, 0 bytes, Stack size 0 bytes, UNDEFINED)
<BR><BR>[Called By]<UL><LI><a href="#[1504928]">&gt;&gt;</a>&nbsp;&nbsp;&nbsp;__rt_lib_shutdown (Weak Reference)
</UL>

<P><STRONG><a name="[15042b0]"></a>_terminateio</STRONG> (Unknown, 0 bytes, Stack size 0 bytes, UNDEFINED)
<BR><BR>[Called By]<UL><LI><a href="#[1504928]">&gt;&gt;</a>&nbsp;&nbsp;&nbsp;__rt_lib_shutdown (Weak Reference)
</UL>
<HR></body></html>
